04-14 11:01:05.470 D/RuimRecords( 3342): [RuimRecords] RuimRecords X ctor this=RuimRecords: mDestroyed=false mContext=com.android.phone.PhoneGlobals@420957e8 mCi=com.android.internal.telephony.RIL@42099c20 mFh=Handler (com.android.internal.telephony.uicc.RuimFileHandler) {420a11b0} mParentApp=com.android.internal.telephony.uicc.UiccCardApplication@42081448 recordsLoadedRegistrants=android.os.RegistrantList@42087aa0 mImsiReadyRegistrants=android.os.RegistrantList@4210bd88 mRecordsEventsRegistrants=android.os.RegistrantList@421511a0 mNewSmsRegistrants=android.os.RegistrantList@421071b8 mNetworkSelectionModeAutomaticRegistrants=android.os.RegistrantList@42314410 recordsToLoad=0 adnCache=Handler (com.android.internal.telephony.uicc.AdnRecordCache) {42147140} recordsRequested=false iccid=null msisdn=null msisdnTag=null voiceMailNum=null voiceMailTag=null newVoiceMailNum=null newVoiceMailTag=null isVoiceMailFixed=false countVoiceMessages=0 mImsi=null mncLength=-1 mailboxIndex=0 spn=null m_ota_commitedfalse mMyMobileNumber=xxxx mMin2Min1=null mPrlVersion=null mEFpl=null mEFli=null mCsimSpnDisplayCondition=false mMdn=null mMin=null mHomeSystemId=null mHomeNetworkId=null
04-14 11:01:05.470 D/RILJ    ( 3342): [8821]> QUERY_FACILITY_LOCK [FD 7 null]
04-14 11:01:05.470 D/RILJ    ( 3342): [8822]> QUERY_FACILITY_LOCK [SC 7 null]
04-14 11:01:05.480 D/CAT     ( 3342): CatService: Reinitialize the Service with SIMRecords and UiccCardApplication
04-14 11:01:05.480 D/UiccCardApplication( 3342): Notifying 1 registrant: READY
04-14 11:01:05.480 D/CAT     ( 3342): CatService: sr changed reinitialize and return current sInstance
04-14 11:01:05.480 E/UiccCard( 3342): App index 8 is invalid since there are no applications
04-14 11:01:05.480 D/UiccCard( 3342): update: radioState=RADIO_ON mLastRadioState=RADIO_ON
04-14 11:01:05.480 D/UiccCard( 3342): update: notify card added
04-14 11:01:05.480 D/UiccController( 3342): Notifying IccChangedRegistrants
04-14 11:01:05.480 D/SIMRecords( 3342): [SIMRecords] fetchSimRecords 0
04-14 11:01:05.480 D/RILJ    ( 3342): [8823]> getIMSI: GET_IMSI aid: null
04-14 11:01:05.480 D/RILJ    ( 3342): [8824]> iccIO: SIM_IO 0xc0 0x2fe2  path: 3F00,0,0,15 aid: null
04-14 11:01:05.490 D/RILJ    ( 3342): [8825]> iccIO: SIM_IO 0xc0 0x6f40  path: 3F007F10,0,0,15 aid: null
04-14 11:01:05.490 D/RILJ    ( 3342): [8826]> iccIO: SIM_IO 0xc0 0x6fc9  path: 3F007F20,0,0,15 aid: null
04-14 11:01:05.490 D/RILJ    ( 3342): [8827]> iccIO: SIM_IO 0xc0 0x6fad  path: 3F007F20,0,0,15 aid: null
04-14 11:01:05.500 D/RILJ    ( 3342): [8828]> iccIO: SIM_IO 0xc0 0x6fca  path: 3F007F20,0,0,15 aid: null
04-14 11:01:05.520 D/RILJ    ( 3342): [8829]> iccIO: SIM_IO 0xc0 0x6f11  path: 3F007F20,0,0,15 aid: null
04-14 11:01:05.520 D/RILJ    ( 3342): [8830]> iccIO: SIM_IO 0xc0 0x6fcb  path: 3F007F20,0,0,15 aid: null
04-14 11:01:05.520 D/RILJ    ( 3342): [8831]> iccIO: SIM_IO 0xc0 0x6f13  path: 3F007F20,0,0,15 aid: null
04-14 11:01:05.530 D/RILJ    ( 3342): [8832]> iccIO: SIM_IO 0xc0 0x6f46  path: 3F007F20,0,0,15 aid: null
04-14 11:01:05.530 D/RILJ    ( 3342): [8833]> iccIO: SIM_IO 0xc0 0x6fcd  path: 3F007F20,0,0,15 aid: null
04-14 11:01:05.530 D/RILJ    ( 3342): [8834]> iccIO: SIM_IO 0xc0 0x6fc5  path: 3F007F20,0,0,15 aid: null
04-14 11:01:05.530 I/RILJ    ( 3342): 'rild' socket closed
04-14 11:01:05.530 I/RILJ    ( 3342): java.io.IOException: Connection reset by peer
04-14 11:01:05.530 I/RILJ    ( 3342): 	at android.net.LocalSocketImpl.readba_native(Native Method)
04-14 11:01:05.530 I/RILJ    ( 3342): 	at android.net.LocalSocketImpl.access$400(LocalSocketImpl.java:33)
04-14 11:01:05.530 I/RILJ    ( 3342): 	at android.net.LocalSocketImpl$SocketInputStream.read(LocalSocketImpl.java:98)
04-14 11:01:05.530 I/RILJ    ( 3342): 	at com.android.internal.telephony.RIL.readRilMessage(RIL.java:421)
04-14 11:01:05.530 I/RILJ    ( 3342): 	at com.android.internal.telephony.RIL.access$400(RIL.java:215)
04-14 11:01:05.530 I/RILJ    ( 3342): 	at com.android.internal.telephony.RIL$RILReceiver.run(RIL.java:521)
04-14 11:01:05.530 I/RILJ    ( 3342): 	at java.lang.Thread.run(Thread.java:841)
04-14 11:01:05.530 I/RILJ    ( 3342): Disconnected from 'rild' socket
04-14 11:01:05.530 D/RilRequest( 3342): [8809]< SCREEN_STATE error: com.android.internal.telephony.CommandException: RADIO_NOT_AVAILABLE ret=
04-14 11:01:05.550 D/RilRequest( 3342): [8815]< GET_CURRENT_CALLS error: com.android.internal.telephony.CommandException: RADIO_NOT_AVAILABLE ret=
04-14 11:01:05.550 D/RILJ    ( 3342): [6125]> iccIO: SIM_IO 0xc0 0x6f38  path: 3F007F20,0,0,15 aid: null
04-14 11:01:05.550 D/RilRequest( 3342): [6125]< SIM_IO error: com.android.internal.telephony.CommandException: RADIO_NOT_AVAILABLE ret=
04-14 11:01:05.550 D/RilRequest( 3342): [8816]< RIL_REQUEST_IMS_REGISTRATION_STATE error: com.android.internal.telephony.CommandException: RADIO_NOT_AVAILABLE ret=
04-14 11:01:05.550 D/RilRequest( 3342): [8817]< RIL_REQUEST_VOICE_RADIO_TECH error: com.android.internal.telephony.CommandException: RADIO_NOT_AVAILABLE ret=
04-14 11:01:05.550 D/RILJ    ( 3342): [6126]> iccIO: SIM_IO 0xc0 0x6f16  path: 3F007F20,0,0,15 aid: null
04-14 11:01:05.550 D/RilRequest( 3342): [8818]< RIL_REQUEST_CDMA_GET_SUBSCRIPTION_SOURCE error: com.android.internal.telephony.CommandException: RADIO_NOT_AVAILABLE ret=
04-14 11:01:05.550 D/RilRequest( 3342): [8819]< QUERY_FACILITY_LOCK error: com.android.internal.telephony.CommandException: RADIO_NOT_AVAILABLE ret=
04-14 11:01:05.550 D/RilRequest( 3342): [8820]< QUERY_FACILITY_LOCK error: com.android.internal.telephony.CommandException: RADIO_NOT_AVAILABLE ret=
04-14 11:01:05.550 D/RilRequest( 3342): [6126]< SIM_IO error: com.android.internal.telephony.CommandException: RADIO_NOT_AVAILABLE ret=
04-14 11:01:05.550 D/RilRequest( 3342): [8821]< QUERY_FACILITY_LOCK error: com.android.internal.telephony.CommandException: RADIO_NOT_AVAILABLE ret=
04-14 11:01:05.550 D/RILJ    ( 3342): [6127]> iccIO: SIM_IO 0xc0 0x6f15  path: 3F007F20,0,0,15 aid: null
04-14 11:01:05.550 D/RilRequest( 3342): [8822]< QUERY_FACILITY_LOCK error: com.android.internal.telephony.CommandException: RADIO_NOT_AVAILABLE ret=
04-14 11:01:05.550 D/RilRequest( 3342): [6127]< SIM_IO error: com.android.internal.telephony.CommandException: RADIO_NOT_AVAILABLE ret=
04-14 11:01:05.550 D/RilRequest( 3342): [8834]< SIM_IO error: com.android.internal.telephony.CommandException: RADIO_NOT_AVAILABLE ret=
04-14 11:01:05.550 D/RILJ    ( 3342): [6128]> iccIO: SIM_IO 0xc0 0x6f3e  path: 3F007F20,0,0,15 aid: null
04-14 11:01:05.550 D/RilRequest( 3342): [6128]< SIM_IO error: com.android.internal.telephony.CommandException: RADIO_NOT_AVAILABLE ret=
04-14 11:01:05.550 D/RilRequest( 3342): [8823]< GET_IMSI error: com.android.internal.telephony.CommandException: RADIO_NOT_AVAILABLE ret=
04-14 11:01:05.550 D/SIMRecords( 3342): [SIMRecords] fetchSimRecords 16 requested: true
04-14 11:01:05.550 D/RilRequest( 3342): [8824]< SIM_IO error: com.android.internal.telephony.CommandException: RADIO_NOT_AVAILABLE ret=
04-14 11:01:05.550 D/RuimRecords( 3342): [RuimRecords] fetchRuimRecords 0
04-14 11:01:05.550 D/RILJ    ( 3342): [6129]> getIMSI: GET_IMSI aid: null
04-14 11:01:05.550 D/RilRequest( 3342): [8825]< SIM_IO error: com.android.internal.telephony.CommandException: RADIO_NOT_AVAILABLE ret=
04-14 11:01:05.550 D/RilRequest( 3342): [6129]< GET_IMSI error: com.android.internal.telephony.CommandException: RADIO_NOT_AVAILABLE ret=
04-14 11:01:05.550 D/RilRequest( 3342): [8826]< SIM_IO error: com.android.internal.telephony.CommandException: RADIO_NOT_AVAILABLE ret=
04-14 11:01:05.550 D/RilRequest( 3342): [8827]< SIM_IO error: com.android.internal.telephony.CommandException: RADIO_NOT_AVAILABLE ret=
04-14 11:01:05.550 D/RILJ    ( 3342): [6130]> iccIO: SIM_IO 0xc0 0x2fe2  path: 3F00,0,0,15 aid: null
04-14 11:01:05.550 D/RilRequest( 3342): [6130]< SIM_IO error: com.android.internal.telephony.CommandException: RADIO_NOT_AVAILABLE ret=
04-14 11:01:05.550 D/RilRequest( 3342): [8828]< SIM_IO error: com.android.internal.telephony.CommandException: RADIO_NOT_AVAILABLE ret=
04-14 11:01:05.550 D/RilRequest( 3342): [8829]< SIM_IO error: com.android.internal.telephony.CommandException: RADIO_NOT_AVAILABLE ret=
04-14 11:01:05.550 D/RILJ    ( 3342): [6131]> iccIO: SIM_IO 0xc0 0x2f05  path: 3F00,0,0,15 aid: null
04-14 11:01:05.550 D/RilRequest( 3342): [8830]< SIM_IO error: com.android.internal.telephony.CommandException: RADIO_NOT_AVAILABLE ret=
04-14 11:01:05.550 D/RilRequest( 3342): [6131]< SIM_IO error: com.android.internal.telephony.CommandException: RADIO_NOT_AVAILABLE ret=
04-14 11:01:05.550 D/RilRequest( 3342): [8831]< SIM_IO error: com.android.internal.telephony.CommandException: RADIO_NOT_AVAILABLE ret=
04-14 11:01:05.550 D/RilRequest( 3342): [8832]< SIM_IO error: com.android.internal.telephony.CommandException: RADIO_NOT_AVAILABLE ret=
04-14 11:01:05.550 D/RILJ    ( 3342): [6132]> iccIO: SIM_IO 0xc0 0x6f3a  path: 3F007F25,0,0,15 aid: null
04-14 11:01:05.550 D/RilRequest( 3342): [8833]< SIM_IO error: com.android.internal.telephony.CommandException: RADIO_NOT_AVAILABLE ret=
04-14 11:01:05.550 D/RilRequest( 3342): [6132]< SIM_IO error: com.android.internal.telephony.CommandException: RADIO_NOT_AVAILABLE ret=
04-14 11:01:05.550 D/RILJ    ( 3342): [6133]> iccIO: SIM_IO 0xc0 0x6f41  path: 3F007F25,0,0,15 aid: null
04-14 11:01:05.550 D/RilRequest( 3342): [6133]< SIM_IO error: com.android.internal.telephony.CommandException: RADIO_NOT_AVAILABLE ret=
04-14 11:01:05.550 D/RILJ    ( 3342): [6134]> iccIO: SIM_IO 0xc0 0x6f44  path: 3F007F25,0,0,15 aid: null
04-14 11:01:05.550 D/RilRequest( 3342): [6134]< SIM_IO error: com.android.internal.telephony.CommandException: RADIO_NOT_AVAILABLE ret=
04-14 11:01:05.550 D/RILJ    ( 3342): [6135]> iccIO: SIM_IO 0xc0 0x6f22  path: 3F007F25,0,0,15 aid: null
04-14 11:01:05.550 D/RilRequest( 3342): [6135]< SIM_IO error: com.android.internal.telephony.CommandException: RADIO_NOT_AVAILABLE ret=
04-14 11:01:05.550 D/RILJ    ( 3342): [6136]> iccIO: SIM_IO 0xc0 0x6f28  path: 3F007F25,0,0,15 aid: null
04-14 11:01:05.550 D/RilRequest( 3342): [6136]< SIM_IO error: com.android.internal.telephony.CommandException: RADIO_NOT_AVAILABLE ret=
04-14 11:01:05.550 D/RILJ    ( 3342): [6137]> iccIO: SIM_IO 0xb0 0x6f5a  path: 3F007F25,0,0,4 aid: null
04-14 11:01:05.550 D/RilRequest( 3342): [6137]< SIM_IO error: com.android.internal.telephony.CommandException: RADIO_NOT_AVAILABLE ret=
04-14 11:01:05.550 D/RuimRecords( 3342): [RuimRecords] fetchRuimRecords 9 requested: true
04-14 11:01:05.550 D/RILJ    ( 3342): [6138]> RIL_REQUEST_CDMA_SUBSCRIPTION
04-14 11:01:05.550 D/RilRequest( 3342): [6138]< RIL_REQUEST_CDMA_SUBSCRIPTION error: com.android.internal.telephony.CommandException: RADIO_NOT_AVAILABLE ret=
04-14 11:01:05.550 I/RILD    (26634): ------ VendorRIL initialize: library=/system/lib/libreference-ril.so ------
04-14 11:01:05.550 D/CAT     ( 3342): CatService: SIM ready. Reporting STK service running now...
04-14 11:01:05.550 D/RILJ    ( 3342): [6139]> RIL_REQUEST_REPORT_STK_SERVICE_IS_RUNNING
04-14 11:01:05.550 D/RilRequest( 3342): [6139]< RIL_REQUEST_REPORT_STK_SERVICE_IS_RUNNING error: com.android.internal.telephony.CommandException: RADIO_NOT_AVAILABLE ret=
04-14 11:01:05.550 I/RILD    (26634): ------ VendorRIL initialize: arguments from command ------
04-14 11:01:05.550 I/RILD    (26634): ------ VendorRIL initialize: argc=5 ------
04-14 11:01:05.550 I/RILD    (26634): ------ VendorRIL initialize: argv[0]=/system/bin/rild ------
04-14 11:01:05.550 I/RILD    (26634): ------ VendorRIL initialize: argv[1]=-u ------
04-14 11:01:05.550 I/RILD    (26634): ------ VendorRIL initialize: argv[2]=/dev/ttyUSB0 ------
04-14 11:01:05.550 I/RILD    (26634): ------ VendorRIL initialize: argv[3]=-d ------
04-14 11:01:05.550 I/RILD    (26634): ------ VendorRIL initialize: argv[4]=/dev/ttyUSB2 ------
04-14 11:01:05.550 I/RIL     (26634): Opening tty device /dev/ttyUSB0
04-14 11:01:05.550 I/RIL     (26634): Opening tty device /dev/ttyUSB2
04-14 11:01:05.550 I/RIL     (26634): ------ VendorRIL Init argus: path_d=/dev/ttyUSB2 ------
04-14 11:01:05.550 I/RIL     (26634): ------ VendorRIL Init argus: path_u=/dev/ttyUSB0 ------
04-14 11:01:05.550 I/RIL     (26634): ------ VendorRIL Init success ------
04-14 11:01:05.550 I/RILD    (26634): ------ VendorRIL initialize: return=funcs ------
04-14 11:01:05.550 E/RILC    (26634): RIL_register: RIL version 9
04-14 11:01:05.550 I/RIL     (26634): ------ VendorRIL entering mainLoop() ------
04-14 11:01:05.550 I/RIL     (26634): ------ VendorRIL mainLoop: repeatedly check if port available, open, initalize, readThread ------
04-14 11:01:05.550 I/RIL     (26634): ------ VendorRIL open port: device_u=/dev/ttyUSB0 ------
04-14 11:01:05.560 D/RIL     (26634): ******** VendorRIL: setRadioState(0), oldState=1 ********
04-14 11:01:05.560 I/AT      (26634): ------ VendorRIL readerLoop: repeatedly readLine, processLine, handleUnsolicited, handleFinalResponse ------
04-14 11:01:05.560 D/AT      (26634): AT> ATE0Q0V1
04-14 11:01:05.570 D/AT      (26634): AT< OK
04-14 11:01:05.580 D/GSMPhone( 3342): [GSMPhone] New Uicc application found
04-14 11:01:05.580 D/GsmSST  ( 3342): [GsmSST] New card found
04-14 11:01:05.580 D/UiccCardApplication( 3342): Notifying 1 registrant: READY
04-14 11:01:05.580 D/DCT     ( 3342): handleMessage msg={ when=-107ms what=270369 obj=android.os.AsyncResult@42076468 target=com.android.internal.telephony.dataconnection.DcTracker }
04-14 11:01:05.580 D/DCT     ( 3342): New records found
04-14 11:01:05.580 D/GsmSMSDispatcher( 3342): New Uicc application found
04-14 11:01:05.580 D/IccCardProxy( 3342): Icc changed. Reregestering.
04-14 11:01:05.580 D/UiccCardApplication( 3342): Notifying 1 registrant: READY
04-14 11:01:05.580 D/IccCardProxy( 3342): Broadcasting intent ACTION_SIM_STATE_CHANGED READY reason null
04-14 11:01:05.580 D/PHONE   ( 3342): [ServiceState] setNullState=1
04-14 11:01:05.580 D/GsmSST  ( 3342): [GsmSST] Poll ServiceState done:  oldSS=[1 1 home CAN Rogers Wirel ROGERS 302720  none none CSS not supported -1 -1 RoamInd=-1 DefRoamInd=-1 EmergOnly=false] newSS=[1 1 home null null null  none none CSS not supported -1 -1 RoamInd=-1 DefRoamInd=-1 EmergOnly=false] oldMaxDataCalls=1 mNewMaxDataCalls=1 oldReasonDataDenied=-1 mNewReasonDataDenied=-1
04-14 11:01:05.580 D/PHONE   ( 3342): [ServiceState] setNullState=1
04-14 11:01:05.580 D/GsmSST  ( 3342): [GsmSST] updateSpnDisplay: radio is on but out of service, set plmn='No service.'
04-14 11:01:05.580 D/GsmSST  ( 3342): [GsmSST] updateSpnDisplay: changed sending intent rule=2 showPlmn='true' plmn='No service.' showSpn='false' spn='null'
04-14 11:01:05.590 D/GsmSST  ( 3342): [GsmSST] operatorNumeric is null
04-14 11:01:05.590 D/RILJ    ( 3342): [6140]> GET_CURRENT_CALLS
04-14 11:01:05.590 D/RilRequest( 3342): [6140]< GET_CURRENT_CALLS error: com.android.internal.telephony.CommandException: RADIO_NOT_AVAILABLE ret=
04-14 11:01:05.590 D/DCT     ( 3342): handleMessage msg={ when=-63ms what=270342 obj=android.os.AsyncResult@4213f878 target=com.android.internal.telephony.dataconnection.DcTracker }
04-14 11:01:05.590 D/DCT     ( 3342): onRadioOffOrNotAvailable: is off and clean up all connections
04-14 11:01:05.590 D/DCT     ( 3342): cleanUpAllConnections: tearDown=false reason=radioTurnedOff
04-14 11:01:05.590 D/DCT     ( 3342): cleanUpConnection: E tearDown=false reason=radioTurnedOff apnContext={mApnType=fota mState=IDLE mWaitingApns={null} mWaitingApnsPermanentFailureCountDown=0 mApnSetting={null} mReason=radioTurnedOff mDataEnabled=false mDependencyMet=true}
04-14 11:01:05.590 D/DCT     ( 3342): isDataAllowed: not allowed due to - Attached= false - SIM not loaded
04-14 11:01:05.590 D/DCT     ( 3342): [ApnContext:fota] getApnSetting: apnSetting=null
04-14 11:01:05.600 D/DCT     ( 3342): cleanUpConnection: X tearDown=false reason=radioTurnedOff apnContext={mApnType=fota mState=IDLE mWaitingApns={null} mWaitingApnsPermanentFailureCountDown=0 mApnSetting={null} mReason=radioTurnedOff mDataEnabled=false mDependencyMet=true} dcac=null
04-14 11:01:05.600 D/DCT     ( 3342): cleanUpConnection: E tearDown=false reason=radioTurnedOff apnContext={mApnType=supl mState=IDLE mWaitingApns={null} mWaitingApnsPermanentFailureCountDown=0 mApnSetting={null} mReason=radioTurnedOff mDataEnabled=false mDependencyMet=true}
04-14 11:01:05.600 D/DCT     ( 3342): isDataAllowed: not allowed due to - Attached= false - SIM not loaded
04-14 11:01:05.600 D/DCT     ( 3342): [ApnContext:supl] getApnSetting: apnSetting=null
04-14 11:01:05.610 D/DCT     ( 3342): cleanUpConnection: X tearDown=false reason=radioTurnedOff apnContext={mApnType=supl mState=IDLE mWaitingApns={null} mWaitingApnsPermanentFailureCountDown=0 mApnSetting={null} mReason=radioTurnedOff mDataEnabled=false mDependencyMet=true} dcac=null
04-14 11:01:05.610 D/DCT     ( 3342): cleanUpConnection: E tearDown=false reason=radioTurnedOff apnContext={mApnType=hipri mState=IDLE mWaitingApns={null} mWaitingApnsPermanentFailureCountDown=0 mApnSetting={null} mReason=radioTurnedOff mDataEnabled=false mDependencyMet=true}
04-14 11:01:05.610 D/DCT     ( 3342): isDataAllowed: not allowed due to - Attached= false - SIM not loaded
04-14 11:01:05.610 D/DCT     ( 3342): [ApnContext:hipri] getApnSetting: apnSetting=null
04-14 11:01:05.610 D/DCT     ( 3342): cleanUpConnection: X tearDown=false reason=radioTurnedOff apnContext={mApnType=hipri mState=IDLE mWaitingApns={null} mWaitingApnsPermanentFailureCountDown=0 mApnSetting={null} mReason=radioTurnedOff mDataEnabled=false mDependencyMet=true} dcac=null
04-14 11:01:05.610 D/DCT     ( 3342): cleanUpConnection: E tearDown=false reason=radioTurnedOff apnContext={mApnType=ims mState=IDLE mWaitingApns={null} mWaitingApnsPermanentFailureCountDown=0 mApnSetting={null} mReason=radioTurnedOff mDataEnabled=false mDependencyMet=true}
04-14 11:01:05.610 D/DCT     ( 3342): isDataAllowed: not allowed due to - Attached= false - SIM not loaded
04-14 11:01:05.610 D/DCT     ( 3342): [ApnContext:ims] getApnSetting: apnSetting=null
04-14 11:01:05.630 D/DCT     ( 3342): cleanUpConnection: X tearDown=false reason=radioTurnedOff apnContext={mApnType=ims mState=IDLE mWaitingApns={null} mWaitingApnsPermanentFailureCountDown=0 mApnSetting={null} mReason=radioTurnedOff mDataEnabled=false mDependencyMet=true} dcac=null
04-14 11:01:05.630 D/DCT     ( 3342): cleanUpConnection: E tearDown=false reason=radioTurnedOff apnContext={mApnType=default mState=IDLE mWaitingApns={null} mWaitingApnsPermanentFailureCountDown=0 mApnSetting={null} mReason=radioTurnedOff mDataEnabled=true mDependencyMet=true}
04-14 11:01:05.630 D/DCT     ( 3342): isDataAllowed: not allowed due to - Attached= false - SIM not loaded
04-14 11:01:05.630 D/DCT     ( 3342): [ApnContext:default] getApnSetting: apnSetting=null
04-14 11:01:05.650 D/DCT     ( 3342): cleanUpConnection: X tearDown=false reason=radioTurnedOff apnContext={mApnType=default mState=IDLE mWaitingApns={null} mWaitingApnsPermanentFailureCountDown=0 mApnSetting={null} mReason=radioTurnedOff mDataEnabled=true mDependencyMet=true} dcac=null
04-14 11:01:05.650 D/DCT     ( 3342): cleanUpConnection: E tearDown=false reason=radioTurnedOff apnContext={mApnType=mms mState=IDLE mWaitingApns={null} mWaitingApnsPermanentFailureCountDown=0 mApnSetting={null} mReason=radioTurnedOff mDataEnabled=false mDependencyMet=true}
04-14 11:01:05.650 D/DCT     ( 3342): isDataAllowed: not allowed due to - Attached= false - SIM not loaded
04-14 11:01:05.650 D/DCT     ( 3342): [ApnContext:mms] getApnSetting: apnSetting=null
04-14 11:01:05.650 D/DCT     ( 3342): cleanUpConnection: X tearDown=false reason=radioTurnedOff apnContext={mApnType=mms mState=IDLE mWaitingApns={null} mWaitingApnsPermanentFailureCountDown=0 mApnSetting={null} mReason=radioTurnedOff mDataEnabled=false mDependencyMet=true} dcac=null
04-14 11:01:05.650 D/DCT     ( 3342): cleanUpConnection: E tearDown=false reason=radioTurnedOff apnContext={mApnType=cbs mState=IDLE mWaitingApns={null} mWaitingApnsPermanentFailureCountDown=0 mApnSetting={null} mReason=radioTurnedOff mDataEnabled=false mDependencyMet=true}
04-14 11:01:05.650 D/DCT     ( 3342): isDataAllowed: not allowed due to - Attached= false - SIM not loaded
04-14 11:01:05.650 D/DCT     ( 3342): [ApnContext:cbs] getApnSetting: apnSetting=null
04-14 11:01:05.650 D/DCT     ( 3342): cleanUpConnection: X tearDown=false reason=radioTurnedOff apnContext={mApnType=cbs mState=IDLE mWaitingApns={null} mWaitingApnsPermanentFailureCountDown=0 mApnSetting={null} mReason=radioTurnedOff mDataEnabled=false mDependencyMet=true} dcac=null
04-14 11:01:05.650 D/DCT     ( 3342): stopNetStatPoll
04-14 11:01:05.650 D/DCT     ( 3342): stopDataStallAlarm: current tag=81742 mDataStallAlarmIntent=null
04-14 11:01:05.650 D/DCT     ( 3342): isDataAllowed: not allowed due to - Attached= false - SIM not loaded
04-14 11:01:05.650 D/DCT     ( 3342): [ApnContext:fota] getApnSetting: apnSetting=null
04-14 11:01:05.670 D/DCT     ( 3342): isDataAllowed: not allowed due to - Attached= false - SIM not loaded
04-14 11:01:05.670 D/DCT     ( 3342): [ApnContext:supl] getApnSetting: apnSetting=null
04-14 11:01:05.670 D/DCT     ( 3342): isDataAllowed: not allowed due to - Attached= false - SIM not loaded
04-14 11:01:05.670 D/DCT     ( 3342): [ApnContext:hipri] getApnSetting: apnSetting=null
04-14 11:01:05.680 D/DCT     ( 3342): isDataAllowed: not allowed due to - Attached= false - SIM not loaded
04-14 11:01:05.680 D/DCT     ( 3342): [ApnContext:ims] getApnSetting: apnSetting=null
04-14 11:01:05.680 D/DCT     ( 3342): isDataAllowed: not allowed due to - Attached= false - SIM not loaded
04-14 11:01:05.680 D/DCT     ( 3342): [ApnContext:default] getApnSetting: apnSetting=null
04-14 11:01:05.710 D/DCT     ( 3342): isDataAllowed: not allowed due to - Attached= false - SIM not loaded
04-14 11:01:05.710 D/DCT     ( 3342): [ApnContext:mms] getApnSetting: apnSetting=null
04-14 11:01:05.710 D/DCT     ( 3342): isDataAllowed: not allowed due to - Attached= false - SIM not loaded
04-14 11:01:05.710 D/DCT     ( 3342): [ApnContext:cbs] getApnSetting: apnSetting=null
04-14 11:01:05.720 E/UiccCardApplication( 3342): Received message { when=-187ms what=103 obj=android.os.AsyncResult@42300d70 target=com.android.internal.telephony.uicc.UiccCardApplication$1 }[103] while being destroyed. Ignoring.
04-14 11:01:05.720 E/UiccCardApplication( 3342): Received message { when=-188ms what=103 obj=android.os.AsyncResult@42300d88 target=com.android.internal.telephony.uicc.UiccCardApplication$1 }[103] while being destroyed. Ignoring.
04-14 11:01:05.720 D/UiccCardApplication( 3342): handleMessage (EVENT_RADIO_OFF_OR_UNAVAILABLE)
04-14 11:01:05.720 D/UiccCardApplication( 3342): handleMessage (EVENT_RADIO_OFF_OR_UNAVAILABLE)
04-14 11:01:05.720 E/RIL_ImsSms( 3342): IMS State query failed with exp com.android.internal.telephony.CommandException: RADIO_NOT_AVAILABLE
04-14 11:01:05.720 E/PhoneProxy( 3342): [PhoneProxy] EVENT_REQUEST_VOICE_RADIO_TECH_DONE: exception=com.android.internal.telephony.CommandException: RADIO_NOT_AVAILABLE
04-14 11:01:05.720 D/CdmaSSM ( 3342): CDMA_SUBSCRIPTION_SOURCE event = 2
04-14 11:01:05.720 W/CdmaSSM ( 3342): Unable to get CDMA Subscription Source, Exception: com.android.internal.telephony.CommandException: RADIO_NOT_AVAILABLE, result: null
04-14 11:01:05.720 D/UiccCardApplication( 3342): Error in querying facility lock:com.android.internal.telephony.CommandException: RADIO_NOT_AVAILABLE
04-14 11:01:05.720 D/UiccCardApplication( 3342): Error in querying facility lock:com.android.internal.telephony.CommandException: RADIO_NOT_AVAILABLE
04-14 11:01:05.720 D/UiccCardApplication( 3342): Error in querying facility lock:com.android.internal.telephony.CommandException: RADIO_NOT_AVAILABLE
04-14 11:01:05.720 D/UiccCardApplication( 3342): Error in querying facility lock:com.android.internal.telephony.CommandException: RADIO_NOT_AVAILABLE
04-14 11:01:05.720 E/SIMRecords( 3342): [SIMRecords] Exception querying IMSI, Exception:com.android.internal.telephony.CommandException: RADIO_NOT_AVAILABLE
04-14 11:01:05.720 D/SIMRecords( 3342): [SIMRecords] onRecordLoaded 15 requested: true
04-14 11:01:05.720 E/RuimRecords( 3342): [RuimRecords] Exception querying IMSI, Exception:com.android.internal.telephony.CommandException: RADIO_NOT_AVAILABLE
04-14 11:01:05.720 D/RuimRecords( 3342): [RuimRecords] onRecordLoaded 8 requested: true
04-14 11:01:05.830 I/RIL     (26634): ------ VendorRIL: GSM AT Command for initialization ------
04-14 11:01:05.830 D/AT      (26634): AT> AT+WNAM
04-14 11:01:06.080 D/AT      (26634): AT< ERROR
04-14 11:01:06.080 I/RIL     (26634): ======== VendorRIL: found GSM Modem Device ========
04-14 11:01:06.080 D/AT      (26634): AT> ATE0Q0V1
04-14 11:01:06.240 D/AT      (26634): AT< OK
04-14 11:01:06.240 D/AT      (26634): AT> ATS0=0
04-14 11:01:06.260 D/AT      (26634): AT< OK
04-14 11:01:06.260 D/AT      (26634): AT> AT+CMEE=1
04-14 11:01:06.270 D/AT      (26634): AT< OK
04-14 11:01:06.270 D/AT      (26634): AT> AT+CREG=2
04-14 11:01:06.270 D/AT      (26634): AT< OK
04-14 11:01:06.270 D/AT      (26634): AT> AT+CGREG=1
04-14 11:01:06.270 D/AT      (26634): AT< OK
04-14 11:01:06.270 D/AT      (26634): AT> AT+CCWA=1
04-14 11:01:06.280 D/RILJ    ( 3342): setCurrentPreferredNetworkType: 0
04-14 11:01:06.280 D/RILJ    ( 3342): [6141]> REQUEST_SET_PREFERRED_NETWORK_TYPE : 0
04-14 11:01:06.280 D/AT      (26634): AT< OK
04-14 11:01:06.280 D/RilRequest( 3342): [6141]< REQUEST_SET_PREFERRED_NETWORK_TYPE error: com.android.internal.telephony.CommandException: RADIO_NOT_AVAILABLE ret=
04-14 11:01:06.280 D/AT      (26634): AT> AT+CMOD=0
04-14 11:01:06.280 D/RILJ    ( 3342): [6142]> SET_NETWORK_SELECTION_AUTOMATIC
04-14 11:01:06.280 D/RilRequest( 3342): [6142]< SET_NETWORK_SELECTION_AUTOMATIC error: com.android.internal.telephony.CommandException: RADIO_NOT_AVAILABLE ret=
04-14 11:01:06.280 D/PHONE   ( 3342): [ServiceState] setNullState=1
04-14 11:01:06.280 D/GsmSST  ( 3342): [GsmSST] Poll ServiceState done:  oldSS=[1 1 home null null null  none none CSS not supported -1 -1 RoamInd=-1 DefRoamInd=-1 EmergOnly=false] newSS=[1 1 home null null null  none none CSS not supported -1 -1 RoamInd=-1 DefRoamInd=-1 EmergOnly=false] oldMaxDataCalls=1 mNewMaxDataCalls=1 oldReasonDataDenied=-1 mNewReasonDataDenied=-1
04-14 11:01:06.280 D/PHONE   ( 3342): [ServiceState] setNullState=1
04-14 11:01:06.280 D/AT      (26634): AT< OK
04-14 11:01:06.280 D/AT      (26634): AT> AT+CMUT=0
04-14 11:01:06.280 D/SIMRecords( 3342): [SIMRecords] onRecordLoaded 14 requested: true
04-14 11:01:06.280 D/SIMRecords( 3342): [SIMRecords] onRecordLoaded 13 requested: true
04-14 11:01:06.280 E/SIMRecords( 3342): [SIMRecords] Exception in fetching EF_CSP data com.android.internal.telephony.CommandException: RADIO_NOT_AVAILABLE
04-14 11:01:06.280 D/SIMRecords( 3342): [SIMRecords] onRecordLoaded 12 requested: true
04-14 11:01:06.280 D/SIMRecords( 3342): [SIMRecords] onRecordLoaded 11 requested: true
04-14 11:01:06.280 E/SIMRecords( 3342): [SIMRecords] Exception in get GID1 com.android.internal.telephony.CommandException: RADIO_NOT_AVAILABLE
04-14 11:01:06.280 D/SIMRecords( 3342): [SIMRecords] onRecordLoaded 10 requested: true
04-14 11:01:06.280 D/SIMRecords( 3342): [SIMRecords] onRecordLoaded 9 requested: true
04-14 11:01:06.280 D/RILJ    ( 3342): [6143]> iccIO: SIM_IO 0xc0 0x6f17  path: 3F007F20,0,0,15 aid: null
04-14 11:01:06.280 D/RilRequest( 3342): [6143]< SIM_IO error: com.android.internal.telephony.CommandException: RADIO_NOT_AVAILABLE ret=
04-14 11:01:06.280 D/AT      (26634): AT< OK
04-14 11:01:06.280 D/AT      (26634): AT> AT+CSSN=0,1
04-14 11:01:06.280 D/AT      (26634): AT< OK
04-14 11:01:06.280 D/AT      (26634): AT> AT+COLP=0
04-14 11:01:06.280 D/SIMRecords( 3342): [SIMRecords] onRecordLoaded 9 requested: true
04-14 11:01:06.290 D/SIMRecords( 3342): [SIMRecords] MNC length not present in EF_AD
04-14 11:01:06.290 D/SIMRecords( 3342): [SIMRecords] onRecordLoaded 8 requested: true
04-14 11:01:06.290 D/RuimRecords( 3342): [RuimRecords] onRecordLoaded 7 requested: true
04-14 11:01:06.290 D/AT      (26634): AT< OK
04-14 11:01:06.290 D/AT      (26634): AT> AT+CSCS="HEX"
04-14 11:01:06.340 D/SIMRecords( 3342): [SIMRecords] onRecordLoaded 7 requested: true
04-14 11:01:06.340 D/SIMRecords( 3342): [SIMRecords] onRecordLoaded 6 requested: true
04-14 11:01:06.340 D/SIMRecords( 3342): [SIMRecords] onRecordLoaded 5 requested: true
04-14 11:01:06.340 D/RuimRecords( 3342): [RuimRecords] EF_PL LOADED
04-14 11:01:06.340 E/RuimRecords( 3342): [RuimRecords] Record Load Exception: com.android.internal.telephony.CommandException: RADIO_NOT_AVAILABLE
04-14 11:01:06.340 D/RuimRecords( 3342): [RuimRecords] onRecordLoaded 6 requested: true
04-14 11:01:06.340 D/SIMRecords( 3342): [SIMRecords] onRecordLoaded 4 requested: true
04-14 11:01:06.340 D/RILJ    ( 3342): [6144]> iccIO: SIM_IO 0xc0 0x6f14  path: 3F007F20,0,0,15 aid: null
04-14 11:01:06.340 D/RilRequest( 3342): [6144]< SIM_IO error: com.android.internal.telephony.CommandException: RADIO_NOT_AVAILABLE ret=
04-14 11:01:06.340 D/SIMRecords( 3342): [SIMRecords] onRecordLoaded 4 requested: true
04-14 11:01:06.340 D/SIMRecords( 3342): [SIMRecords] onRecordLoaded 3 requested: true
04-14 11:01:06.340 D/RuimRecords( 3342): [RuimRecords] EF_CSIM_LI LOADED
04-14 11:01:06.340 E/RuimRecords( 3342): [RuimRecords] Record Load Exception: com.android.internal.telephony.CommandException: RADIO_NOT_AVAILABLE
04-14 11:01:06.340 D/RuimRecords( 3342): [RuimRecords] onRecordLoaded 5 requested: true
04-14 11:01:06.340 D/RuimRecords( 3342): [RuimRecords] EF_CSIM_SPN LOADED
04-14 11:01:06.340 E/RuimRecords( 3342): [RuimRecords] Record Load Exception: com.android.internal.telephony.CommandException: RADIO_NOT_AVAILABLE
04-14 11:01:06.340 D/RuimRecords( 3342): [RuimRecords] onRecordLoaded 4 requested: true
04-14 11:01:06.340 D/RuimRecords( 3342): [RuimRecords] EF_CSIM_MDN LOADED
04-14 11:01:06.340 E/RuimRecords( 3342): [RuimRecords] Record Load Exception: com.android.internal.telephony.CommandException: RADIO_NOT_AVAILABLE
04-14 11:01:06.340 D/RuimRecords( 3342): [RuimRecords] onRecordLoaded 3 requested: true
04-14 11:01:06.340 D/RuimRecords( 3342): [RuimRecords] EF_CSIM_IMSIM LOADED
04-14 11:01:06.340 E/RuimRecords( 3342): [RuimRecords] Record Load Exception: com.android.internal.telephony.CommandException: RADIO_NOT_AVAILABLE
04-14 11:01:06.340 D/RuimRecords( 3342): [RuimRecords] onRecordLoaded 2 requested: true
04-14 11:01:06.340 D/RuimRecords( 3342): [RuimRecords] EF_CSIM_CDMAHOME LOADED
04-14 11:01:06.340 E/RuimRecords( 3342): [RuimRecords] Record Load Exception: com.android.internal.telephony.CommandException: RADIO_NOT_AVAILABLE
04-14 11:01:06.340 D/RuimRecords( 3342): [RuimRecords] onRecordLoaded 1 requested: true
04-14 11:01:06.340 D/RuimRecords( 3342): [RuimRecords] EF_CSIM_EPRL LOADED
04-14 11:01:06.340 E/RuimRecords( 3342): [RuimRecords] Record Load Exception: com.android.internal.telephony.CommandException: RADIO_NOT_AVAILABLE
04-14 11:01:06.340 D/RuimRecords( 3342): [RuimRecords] onRecordLoaded 0 requested: true
04-14 11:01:06.340 D/RuimRecords( 3342): [RuimRecords] record load complete
04-14 11:01:06.340 D/RuimRecords( 3342): [RuimRecords] onAllRecordsLoaded empty 'gsm.sim.operator.numeric' skipping
04-14 11:01:06.340 D/RuimRecords( 3342): [RuimRecords] onAllRecordsLoaded empty imsi skipping setting mcc
04-14 11:01:06.340 D/RuimRecords( 3342): [RuimRecords] No suitable CSIM selected locale
04-14 11:01:06.350 D/AT      (26634): AT< OK
04-14 11:01:06.350 D/AT      (26634): AT> AT+CUSD=1
04-14 11:01:06.350 D/AT      (26634): AT< OK
04-14 11:01:06.350 D/AT      (26634): AT> AT+CGEREP=1,0
04-14 11:01:06.350 D/AT      (26634): AT< OK
04-14 11:01:06.350 D/AT      (26634): AT> AT+CMGF=0
04-14 11:01:06.350 D/AT      (26634): AT< OK
04-14 11:01:06.350 D/AT      (26634): AT> AT+CFUN?
04-14 11:01:06.410 D/AT      (26634): AT< +CFUN: 1
04-14 11:01:06.410 D/AT      (26634): AT< OK
04-14 11:01:06.410 D/RIL     (26634): ******** VendorRIL: setRadioState(10), oldState=0 ********
04-14 11:01:06.410 D/RIL     (26634): ******** VendorRIL: onRadioPowerOn pollSIMState, current state=10 ********
04-14 11:01:06.410 I/RIL     (26634): ======== VendorRIL: AT Command initialize done, Radio_State=ON, sState=10 ========
04-14 11:01:06.480 D/SIMRecords( 3342): [SIMRecords] Invalid or missing EF[MSISDN]
04-14 11:01:06.480 D/SIMRecords( 3342): [SIMRecords] onRecordLoaded 2 requested: true
04-14 11:01:06.490 D/RILJ    ( 3342): [6145]> iccIO: SIM_IO 0xc0 0x6f18  path: 3F007F20,0,0,15 aid: null
04-14 11:01:06.490 D/RilRequest( 3342): [6145]< SIM_IO error: com.android.internal.telephony.CommandException: RADIO_NOT_AVAILABLE ret=
04-14 11:01:06.490 D/SIMRecords( 3342): [SIMRecords] onRecordLoaded 2 requested: true
04-14 11:01:06.490 D/SIMRecords( 3342): [SIMRecords] Invalid or missing EF[MAILBOX]
04-14 11:01:06.490 D/SIMRecords( 3342): [SIMRecords] onRecordLoaded 1 requested: true
04-14 11:01:06.490 D/SIMRecords( 3342): [SIMRecords] No SPN loaded in either CHPS or 3GPP
04-14 11:01:06.500 D/SIMRecords( 3342): [SIMRecords] onRecordLoaded 0 requested: true
04-14 11:01:06.500 D/SIMRecords( 3342): [SIMRecords] record load complete
04-14 11:01:06.500 D/SIMRecords( 3342): [SIMRecords] getOperatorNumeric: IMSI == null
04-14 11:01:06.500 D/SIMRecords( 3342): [SIMRecords] onAllRecordsLoaded empty 'gsm.sim.operator.numeric' skipping
04-14 11:01:06.500 D/SIMRecords( 3342): [SIMRecords] onAllRecordsLoaded empty imsi skipping setting mcc
04-14 11:01:06.500 D/SIMRecords( 3342): [SIMRecords] getOperatorNumeric: IMSI == null
04-14 11:01:06.510 D/GsmSST  ( 3342): [GsmSST] EVENT_SIM_RECORDS_LOADED: what=16
04-14 11:01:06.510 D/PhoneProxy( 3342): [PhoneProxy] updatePhoneObject: radioTechnology=0
04-14 11:01:06.510 D/GsmSST  ( 3342): [GsmSST] updateSpnDisplay: radio is on but out of service, set plmn='No service.'
04-14 11:01:06.510 D/DCT     ( 3342): handleMessage msg={ when=-16ms what=270338 obj=android.os.AsyncResult@421438a0 target=com.android.internal.telephony.dataconnection.DcTracker }
04-14 11:01:06.510 D/DCT     ( 3342): onRecordsLoaded: createAllApnList
04-14 11:01:06.510 D/SIMRecords( 3342): [SIMRecords] getOperatorNumeric: IMSI == null
04-14 11:01:06.510 D/SIMRecords( 3342): [SIMRecords] getOperatorNumeric: IMSI == null
04-14 11:01:06.510 D/DCT     ( 3342): createAllApnList, r:SimRecords: mDestroyed=false mContext=com.android.phone.PhoneGlobals@420957e8 mCi=com.android.internal.telephony.RIL@42099c20 mFh=Handler (com.android.internal.telephony.uicc.SIMFileHandler) {420d70e8} mParentApp=com.android.internal.telephony.uicc.UiccCardApplication@42157448 recordsLoadedRegistrants=android.os.RegistrantList@42157500 mImsiReadyRegistrants=android.os.RegistrantList@42116ca0 mRecordsEventsRegistrants=android.os.RegistrantList@42111878 mNewSmsRegistrants=android.os.RegistrantList@42096b38 mNetworkSelectionModeAutomaticRegistrants=android.os.RegistrantList@420967d8 recordsToLoad=0 adnCache=Handler (com.android.internal.telephony.uicc.AdnRecordCache) {420d7280} recordsRequested=true iccid=null msisdn=null msisdnTag=null voiceMailNum=null voiceMailTag=null newVoiceMailNum=null newVoiceMailTag=null isVoiceMailFixed=false countVoiceMessages=0 mImsi=null mncLength=0 mailboxIndex=0 spn=null mVmConfigcom.android.internal.telephony.uicc.VoiceMailConstants@4208d018 mSpnOverride=mSpnOverride callForwardingEnabled=false spnState=IDLE mCphsInfo=null mCspPlmnEnabled=true efMWIS=null efCPHS_MWI=null mEfCff=null mEfCfis=null getOperatorNumeric=null, operator:null
04-14 11:01:06.510 D/DCT     ( 3342): createAllApnList: No APN found for carrier: null
04-14 11:01:06.510 D/DCT     ( 3342): createAllApnList: X mAllApnSettings=[]
04-14 11:01:06.510 D/DCT     ( 3342): setInitialApn: E mPreferredApn=null
04-14 11:01:06.510 D/DCT     ( 3342): setInitialAttachApn: X There in no available apn
04-14 11:01:06.510 D/DCT     ( 3342): setupDataOnConnectableApns: simLoaded
04-14 11:01:06.510 D/DCT     ( 3342): setupDataOnConnectableApns: apnContext {mApnType=hipri mState=IDLE mWaitingApns={null} mWaitingApnsPermanentFailureCountDown=0 mApnSetting={null} mReason=radioTurnedOff mDataEnabled=false mDependencyMet=true}
04-14 11:01:06.510 D/DCT     ( 3342): setupDataOnConnectableApns: apnContext {mApnType=mms mState=IDLE mWaitingApns={null} mWaitingApnsPermanentFailureCountDown=0 mApnSetting={null} mReason=radioTurnedOff mDataEnabled=false mDependencyMet=true}
04-14 11:01:06.510 D/DCT     ( 3342): setupDataOnConnectableApns: apnContext {mApnType=supl mState=IDLE mWaitingApns={null} mWaitingApnsPermanentFailureCountDown=0 mApnSetting={null} mReason=radioTurnedOff mDataEnabled=false mDependencyMet=true}
04-14 11:01:06.510 D/DCT     ( 3342): setupDataOnConnectableApns: apnContext {mApnType=default mState=IDLE mWaitingApns={null} mWaitingApnsPermanentFailureCountDown=0 mApnSetting={null} mReason=radioTurnedOff mDataEnabled=true mDependencyMet=true}
04-14 11:01:06.510 D/DCT     ( 3342): setupDataOnConnectableApns: isConnectable() call trySetupData
04-14 11:01:06.510 D/DCT     ( 3342): trySetupData for type:default due to simLoaded apnContext={mApnType=default mState=IDLE mWaitingApns={null} mWaitingApnsPermanentFailureCountDown=0 mApnSetting={null} mReason=simLoaded mDataEnabled=true mDependencyMet=true}
04-14 11:01:06.510 D/DCT     ( 3342): trySetupData with mIsPsRestricted=false
04-14 11:01:06.510 D/DCT     ( 3342): isDataAllowed: not allowed due to - Attached= false
04-14 11:01:06.510 D/DCT     ( 3342): isDataAllowed: not allowed due to - Attached= false
04-14 11:01:06.510 D/DCT     ( 3342): [ApnContext:fota] getApnSetting: apnSetting=null
04-14 11:01:06.510 D/DCT     ( 3342): isDataAllowed: not allowed due to - Attached= false
04-14 11:01:06.510 D/DCT     ( 3342): [ApnContext:supl] getApnSetting: apnSetting=null
04-14 11:01:06.530 D/DCT     ( 3342): isDataAllowed: not allowed due to - Attached= false
04-14 11:01:06.530 D/DCT     ( 3342): [ApnContext:hipri] getApnSetting: apnSetting=null
04-14 11:01:06.530 D/DCT     ( 3342): isDataAllowed: not allowed due to - Attached= false
04-14 11:01:06.530 D/DCT     ( 3342): [ApnContext:ims] getApnSetting: apnSetting=null
04-14 11:01:06.550 D/DCT     ( 3342): isDataAllowed: not allowed due to - Attached= false
04-14 11:01:06.550 D/DCT     ( 3342): [ApnContext:default] getApnSetting: apnSetting=null
04-14 11:01:06.550 D/DCT     ( 3342): isDataAllowed: not allowed due to - Attached= false
04-14 11:01:06.550 D/DCT     ( 3342): [ApnContext:mms] getApnSetting: apnSetting=null
04-14 11:01:06.560 D/DCT     ( 3342): isDataAllowed: not allowed due to - Attached= false
04-14 11:01:06.560 D/DCT     ( 3342): [ApnContext:cbs] getApnSetting: apnSetting=null
04-14 11:01:06.570 D/DCT     ( 3342): trySetupData: X apnContext not 'ready' retValue=false
04-14 11:01:06.570 D/DCT     ( 3342): setupDataOnConnectableApns: apnContext {mApnType=fota mState=IDLE mWaitingApns={null} mWaitingApnsPermanentFailureCountDown=0 mApnSetting={null} mReason=radioTurnedOff mDataEnabled=false mDependencyMet=true}
04-14 11:01:06.570 D/DCT     ( 3342): setupDataOnConnectableApns: apnContext {mApnType=ims mState=IDLE mWaitingApns={null} mWaitingApnsPermanentFailureCountDown=0 mApnSetting={null} mReason=radioTurnedOff mDataEnabled=false mDependencyMet=true}
04-14 11:01:06.570 D/DCT     ( 3342): setupDataOnConnectableApns: apnContext {mApnType=cbs mState=IDLE mWaitingApns={null} mWaitingApnsPermanentFailureCountDown=0 mApnSetting={null} mReason=radioTurnedOff mDataEnabled=false mDependencyMet=true}
04-14 11:01:06.570 D/IccCardProxy( 3342): Broadcasting intent ACTION_SIM_STATE_CHANGED LOADED reason null
04-14 11:01:06.570 D/PhoneProxy( 3342): [PhoneProxy] phoneObjectUpdater: newVoiceRadioTech=0
04-14 11:01:06.570 D/PhoneProxy( 3342): [PhoneProxy] phoneObjectUpdater: Unknown rat ignore,  newVoiceRadioTech=Unknown. mActivePhone=GSM
04-14 11:01:09.550 I/RILJ    ( 3342): Connected to 'rild' socket
04-14 11:01:09.700 I/RILC    (26634): libril: new connection
04-14 11:01:09.710 D/RILJ    ( 3342): [UNSL]< UNSOL_RIL_CONNECTED {9}
04-14 11:01:09.710 D/RILJ    ( 3342): [6146]> RADIO_POWER off
04-14 11:01:09.710 D/RILJ    ( 3342): [6147]> REQUEST_SET_PREFERRED_NETWORK_TYPE : 0
04-14 11:01:09.710 D/RILJ    ( 3342): [6148]> RIL_REQUEST_CDMA_SET_SUBSCRIPTION_SOURCE : 1
04-14 11:01:09.710 D/RILJ    ( 3342): setCellInfoListRate: 2147483647
04-14 11:01:09.710 D/RILJ    ( 3342): [6149]> RIL_REQUEST_SET_CELL_INFO_LIST_RATE
04-14 11:01:09.710 D/RILJ    ( 3342): [UNSL]< UNSOL_RESPONSE_RADIO_STATE_CHANGED RADIO_ON
04-14 11:01:09.710 D/RILJ    ( 3342): [6150]> OPERATOR
04-14 11:01:09.720 D/Dcc     ( 3342): DccDefaultState: msg.what=EVENT_RIL_CONNECTED mRilVersion=9
04-14 11:01:09.720 D/RILJ    ( 3342): [6151]> DATA_REGISTRATION_STATE
04-14 11:01:09.720 D/RILJ    ( 3342): [6152]> VOICE_REGISTRATION_STATE
04-14 11:01:09.720 D/RILJ    ( 3342): [6153]> QUERY_NETWORK_SELECTION_MODE
04-14 11:01:09.720 D/RILJ    ( 3342): [6154]> SCREEN_STATE: false
04-14 11:01:09.720 D/DCT     ( 3342): handleMessage msg={ when=-4ms what=270337 obj=android.os.AsyncResult@42158388 target=com.android.internal.telephony.dataconnection.DcTracker }
04-14 11:01:09.720 D/DCT     ( 3342): onRadioAvailable
04-14 11:01:09.720 D/DCT     ( 3342): isDataAllowed: not allowed due to - Attached= false
04-14 11:01:09.720 D/DCT     ( 3342): [ApnContext:fota] getApnSetting: apnSetting=null
04-14 11:01:09.720 D/DCT     ( 3342): isDataAllowed: not allowed due to - Attached= false
04-14 11:01:09.720 D/DCT     ( 3342): [ApnContext:supl] getApnSetting: apnSetting=null
04-14 11:01:09.720 I/RILC    (26634): RIL Daemon version: android reference-ril 1.0
04-14 11:01:09.730 D/DCT     ( 3342): isDataAllowed: not allowed due to - Attached= false
04-14 11:01:09.730 D/DCT     ( 3342): [ApnContext:hipri] getApnSetting: apnSetting=null
04-14 11:01:09.730 I/RIL     (26634): ------ VendorRIL onRequest: RADIO_POWER ------
04-14 11:01:09.730 D/RIL     (26634): requestRadioPower: request to set [0], current state [10]
04-14 11:01:09.730 D/AT      (26634): AT> AT+CFUN=0
04-14 11:01:09.730 D/DCT     ( 3342): isDataAllowed: not allowed due to - Attached= false
04-14 11:01:09.730 D/DCT     ( 3342): [ApnContext:ims] getApnSetting: apnSetting=null
04-14 11:01:09.730 D/DCT     ( 3342): isDataAllowed: not allowed due to - Attached= false
04-14 11:01:09.730 D/DCT     ( 3342): [ApnContext:default] getApnSetting: apnSetting=null
04-14 11:01:09.730 D/DCT     ( 3342): isDataAllowed: not allowed due to - Attached= false
04-14 11:01:09.730 D/DCT     ( 3342): [ApnContext:mms] getApnSetting: apnSetting=null
04-14 11:01:09.730 D/DCT     ( 3342): isDataAllowed: not allowed due to - Attached= false
04-14 11:01:09.730 D/DCT     ( 3342): [ApnContext:cbs] getApnSetting: apnSetting=null
04-14 11:01:09.730 D/DCT     ( 3342): overall state is IDLE
04-14 11:01:09.730 D/RILJ    ( 3342): [6155]> BASEBAND_VERSION
04-14 11:01:09.750 D/RILJ    ( 3342): [6156]> GET_IMEI
04-14 11:01:09.750 D/RILJ    ( 3342): [6157]> GET_IMEISV
04-14 11:01:09.750 D/UiccController( 3342): Received EVENT_ICC_STATUS_CHANGED, calling getIccCardStatus
04-14 11:01:09.750 D/RILJ    ( 3342): [6158]> GET_SIM_STATUS
04-14 11:01:09.750 D/RILJ    ( 3342): [6159]> GET_CURRENT_CALLS
04-14 11:01:09.750 D/RILJ    ( 3342): [6160]> RIL_REQUEST_IMS_REGISTRATION_STATE
04-14 11:01:09.750 D/RILJ    ( 3342): [6161]> RIL_REQUEST_VOICE_RADIO_TECH
04-14 11:01:09.760 D/RILJ    ( 3342): [6162]> RIL_REQUEST_CDMA_GET_SUBSCRIPTION_SOURCE
04-14 11:01:09.790 D/AT      (26634): AT< ERROR
04-14 11:01:09.790 E/RIL     (26634): ------ VendorRIL error while requestRadioPower ------
04-14 11:01:09.790 I/RIL     (26634): ------ VendorRIL onRequest: SET_PREFERRED_NETWORK_TYPE ------
04-14 11:01:09.790 D/RIL     (26634): requestSetPreferredNetworkType: current: 1. New: 201
04-14 11:01:09.790 I/RIL     (26634): ------ VendorRIL: PreferredNetworkType only GSM supported ------
04-14 11:01:09.790 I/RIL     (26634): ------ VendorRIL onRequest: CDMA_SET_SUBSCRIPTION_SOURCE ------
04-14 11:01:09.790 I/RIL     (26634): ------ VendorRIL onRequest: SET_UNSOL_CELL_INFO_LIST_RATE ------
04-14 11:01:09.790 I/RIL     (26634): ------ VendorRIL onRequest: OPERATOR ------
04-14 11:01:09.790 D/AT      (26634): AT> AT+COPS=3,0;+COPS?;+COPS=3,1;+COPS?;+COPS=3,2;+COPS?
04-14 11:01:09.790 D/RilRequest( 3342): [6146]< RADIO_POWER error: com.android.internal.telephony.CommandException: GENERIC_FAILURE ret=
04-14 11:01:09.790 D/RilRequest( 3342): [6147]< REQUEST_SET_PREFERRED_NETWORK_TYPE error: com.android.internal.telephony.CommandException: MODE_NOT_SUPPORTED ret=
04-14 11:01:09.790 D/RilRequest( 3342): [6148]< RIL_REQUEST_CDMA_SET_SUBSCRIPTION_SOURCE error: com.android.internal.telephony.CommandException: MODE_NOT_SUPPORTED ret=
04-14 11:01:09.790 D/RILJ    ( 3342): [6149]< RIL_REQUEST_SET_CELL_INFO_LIST_RATE 
04-14 11:01:09.810 D/AT      (26634): AT< +COPS: 0
04-14 11:01:09.810 D/AT      (26634): AT< +COPS: 0
04-14 11:01:09.810 D/AT      (26634): AT< +COPS: 0
04-14 11:01:09.810 D/AT      (26634): AT< OK
04-14 11:01:09.810 D/RIL     (26634): [VendorRIL] requestOperator result: [0] = CAN Rogers Wirel
04-14 11:01:09.810 D/RIL     (26634): [VendorRIL] requestOperator result: [1] = ROGERS
04-14 11:01:09.810 D/RIL     (26634): [VendorRIL] requestOperator result: [2] = 302720
04-14 11:01:09.810 I/RIL     (26634): ------ VendorRIL onRequest: DATA_REGISTRATION_STATE ------
04-14 11:01:09.810 D/RIL     (26634): VendorRIL: requestRegistrationState >>>>>>>>>
04-14 11:01:09.810 D/AT      (26634): AT> AT+CGREG?
04-14 11:01:09.810 D/RILJ    ( 3342): [6150]< OPERATOR {CAN Rogers Wirel, ROGERS, 302720}
04-14 11:01:09.820 D/AT      (26634): AT< +CGREG: 1,2
04-14 11:01:09.820 D/AT      (26634): AT< OK
04-14 11:01:09.820 D/RIL     (26634): [DATA_REGISTRATION] response=+CGREG: 1,2
04-14 11:01:09.820 D/RIL     (26634): parseRegistrationState. Parsing: +CGREG: 1,2
04-14 11:01:09.820 D/RIL     (26634): registration state type: 3GPP
04-14 11:01:09.820 I/RIL     (26634): ------ VendorRIL onRequest: VOICE_REGISTRATION_STATE ------
04-14 11:01:09.820 D/RIL     (26634): VendorRIL: requestRegistrationState >>>>>>>>>
04-14 11:01:09.820 D/AT      (26634): AT> AT+CREG?
04-14 11:01:09.820 D/RILJ    ( 3342): [6151]< DATA_REGISTRATION_STATE {2, ffffffff, ffffffff, null, null, null}
04-14 11:01:09.850 E/GsmSST  ( 3342): [GsmSST] error parsing GprsRegistrationState: java.lang.NumberFormatException: Invalid int: "null"
04-14 11:01:09.850 D/PHONE   ( 3342): [ServiceState] setDataRegState=1
04-14 11:01:09.850 D/PHONE   ( 3342): [ServiceState] setDataRadioTechnology=0
04-14 11:01:09.850 D/GsmSST  ( 3342): [GsmSST] handlPollStateResultMessage: GsmSST setDataRegState=1 regState=2 dataRadioTechnology=0
04-14 11:01:09.850 D/AT      (26634): AT< +CREG: 2,2
04-14 11:01:09.850 D/AT      (26634): AT< OK
04-14 11:01:09.850 D/RIL     (26634): [VOICE_REGISTRATION] response=+CREG: 2,2
04-14 11:01:09.850 D/RIL     (26634): parseRegistrationState. Parsing: +CREG: 2,2
04-14 11:01:09.850 D/RIL     (26634): registration state type: 3GPP
04-14 11:01:09.850 I/RIL     (26634): ------ VendorRIL onRequest: QUERY_NETWORK_SELECTION_MODE ------
04-14 11:01:09.850 D/AT      (26634): AT> AT+COPS?
04-14 11:01:09.850 D/RILJ    ( 3342): [6152]< VOICE_REGISTRATION_STATE {2, ffffffff, ffffffff, null, null, null, null, null, null, null, null, null, null, null, null}
04-14 11:01:09.850 E/GsmSST  ( 3342): [GsmSST] error parsing RegistrationState: java.lang.NumberFormatException: Invalid int: "ffffffff"
04-14 11:01:09.850 D/PHONE   ( 3342): [ServiceState] setVoiceRegState=1
04-14 11:01:09.850 E/PHONE   ( 3342): [ServiceState] setState deprecated use setVoiceRegState()
04-14 11:01:09.850 D/AT      (26634): AT< +COPS: 0
04-14 11:01:09.850 D/AT      (26634): AT< OK
04-14 11:01:09.850 D/RIL     (26634): >>> QueryNetworkSelectionMode, response=0
04-14 11:01:09.850 I/RIL     (26634): ------ VendorRIL onRequest: SCREEN_STATE ------
04-14 11:01:09.850 I/RIL     (26634): --- VendorRIL not supported: RIL_REQUEST_SCREEN_STATE ---
04-14 11:01:09.850 I/RIL     (26634): ------ VendorRIL onRequest: BASEBAND_VERSION ------
04-14 11:01:09.850 I/RIL     (26634): ------ VendorRIL onRequest: GET_IMEI ------
04-14 11:01:09.850 I/RIL     (26634): ------ VendorRIL onRequest: GET_IMEISV ------
04-14 11:01:09.850 I/RIL     (26634): --- VendorRIL not supported: RIL_REQUEST_GET_IMEISV ---
04-14 11:01:09.850 I/RIL     (26634): ------ VendorRIL onRequest: GET_SIM_STATUS ------
04-14 11:01:09.850 D/RILJ    ( 3342): [6153]< QUERY_NETWORK_SELECTION_MODE {0}
04-14 11:01:09.850 D/RILJ    ( 3342): [6155]< BASEBAND_VERSION E1750
04-14 11:01:09.850 D/RILJ    ( 3342): [6156]< GET_IMEI 
04-14 11:01:09.850 D/RilRequest( 3342): [6157]< GET_IMEISV error: com.android.internal.telephony.CommandException: MODE_NOT_SUPPORTED ret=
04-14 11:01:09.850 D/RIL     (26634): getSIMStatus(). sState: 10
04-14 11:01:09.850 D/AT      (26634): AT> AT+CPIN?
04-14 11:01:09.870 D/GsmSST  ( 3342): [GsmSST] Poll ServiceState done:  oldSS=[1 1 home null null null  none none CSS not supported -1 -1 RoamInd=-1 DefRoamInd=-1 EmergOnly=false] newSS=[1 1 home CAN Rogers Wirel ROGERS 302720  none none CSS not supported -1 -1 RoamInd=-1 DefRoamInd=-1 Em