04-12 14:12:03.814 D/SIMRecords( 7779): [SIMRecords] EF_CSP: 01f002c0038004c005f00600070008830984c0ddff00ff00ff00
04-12 14:12:03.814 D/SIMRecords( 7779): [SIMRecords] [CSP] found ValueAddedServicesGroup, value -35
04-12 14:12:03.814 D/SIMRecords( 7779): [SIMRecords] onRecordLoaded 2 requested: true
04-12 14:12:03.844 D/AT      ( 9386): AT< +CRSM: 144,0,DD
04-12 14:12:03.844 D/AT      ( 9386): AT< OK
04-12 14:12:03.844 I/RIL     ( 9386): ------ VendorRIL onRequest: SIM_IO ------
04-12 14:12:03.844 D/AT      ( 9386): AT> AT+CRSM=176,12258,0,0,10
04-12 14:12:03.844 D/RILJ    ( 7779): [3718]< SIM_IO IccIoResponse sw1:0x90 sw2:0x0
04-12 14:12:03.844 D/SIMRecords( 7779): [SIMRecords] GID1: dd
04-12 14:12:03.844 D/SIMRecords( 7779): [SIMRecords] onRecordLoaded 1 requested: true
04-12 14:12:03.874 D/AT      ( 9386): AT< +CRSM: 144,0,98033207130360835283
04-12 14:12:03.874 D/AT      ( 9386): AT< OK
04-12 14:12:03.874 I/RIL     ( 9386): ------ VendorRIL onRequest: SIM_IO ------
04-12 14:12:03.874 D/AT      ( 9386): AT> AT+CRSM=176,12037,0,0,10
04-12 14:12:03.874 D/RILJ    ( 7779): [3719]< SIM_IO IccIoResponse sw1:0x90 sw2:0x0
04-12 14:12:03.874 D/RuimRecords( 7779): [RuimRecords] iccid: 89302370313006382538
04-12 14:12:03.874 D/RuimRecords( 7779): [RuimRecords] onRecordLoaded 1 requested: true
04-12 14:12:03.894 D/AT      ( 9386): AT< +CRSM: 144,0,656EFFFFFFFFFFFFFFFF
04-12 14:12:03.894 D/AT      ( 9386): AT< OK
04-12 14:12:03.914 I/RIL     ( 9386): ------ VendorRIL onRequest: SIM_IO ------
04-12 14:12:03.914 D/AT      ( 9386): AT> AT+CRSM=192,28615,0,0,15
04-12 14:12:03.914 D/RILJ    ( 7779): [3720]< SIM_IO IccIoResponse sw1:0x90 sw2:0x0
04-12 14:12:03.914 D/RuimRecords( 7779): [RuimRecords] EF_PL LOADED
04-12 14:12:03.914 D/RuimRecords( 7779): [RuimRecords] EF_PL=656effffffffffffffff
04-12 14:12:03.914 D/RuimRecords( 7779): [RuimRecords] onRecordLoaded 0 requested: true
04-12 14:12:03.914 D/RuimRecords( 7779): [RuimRecords] record load complete
04-12 14:12:03.914 D/RuimRecords( 7779): [RuimRecords] onAllRecordsLoaded empty 'gsm.sim.operator.numeric' skipping
04-12 14:12:03.914 D/RuimRecords( 7779): [RuimRecords] onAllRecordsLoaded empty imsi skipping setting mcc
04-12 14:12:03.914 D/RuimRecords( 7779): [RuimRecords] Setting locale to en_null
04-12 14:12:03.924 D/AT      ( 9386): AT< +CRSM: 144,0,000000306FC7040011F0AA04020118
04-12 14:12:03.924 D/AT      ( 9386): AT< OK
04-12 14:12:03.924 D/RILJ    ( 7779): [3721]< SIM_IO IccIoResponse sw1:0x90 sw2:0x0
04-12 14:12:03.924 D/RILJ    ( 7779): [3722]> iccIO: SIM_IO 0xb2 0x6fc7  path: 3F007F20,1,4,24 aid: null
04-12 14:12:03.934 I/RIL     ( 9386): ------ VendorRIL onRequest: SIM_IO ------
04-12 14:12:03.934 D/AT      ( 9386): AT> AT+CRSM=178,28615,1,4,24
04-12 14:12:03.964 D/AT      ( 9386): AT< +CRSM: 144,0,566F6963656D61696CFF07914161286145F9FFFFFFFFFFFF
04-12 14:12:03.964 D/AT      ( 9386): AT< OK
04-12 14:12:03.964 D/RILJ    ( 7779): [3722]< SIM_IO IccIoResponse sw1:0x90 sw2:0x0
04-12 14:12:03.964 D/SIMRecords( 7779): [SIMRecords] VM: ADN Record 'Voicemail' '+14168216549 null' EF[MBDN]
04-12 14:12:03.964 D/SIMRecords( 7779): [SIMRecords] onRecordLoaded 0 requested: true
04-12 14:12:03.964 D/SIMRecords( 7779): [SIMRecords] record load complete
04-12 14:12:03.964 D/SIMRecords( 7779): [SIMRecords] getOperatorNumeric: IMSI == null
04-12 14:12:03.964 D/SIMRecords( 7779): [SIMRecords] onAllRecordsLoaded empty 'gsm.sim.operator.numeric' skipping
04-12 14:12:03.964 D/SIMRecords( 7779): [SIMRecords] onAllRecordsLoaded empty imsi skipping setting mcc
04-12 14:12:03.964 D/SIMRecords( 7779): [SIMRecords] getOperatorNumeric: IMSI == null
04-12 14:12:04.994 D/GsmSST  ( 7779): [GsmSST] EVENT_SIM_RECORDS_LOADED: what=16
04-12 14:12:04.994 D/PhoneProxy( 7779): [PhoneProxy] updatePhoneObject: radioTechnology=0
04-12 14:12:04.994 D/GsmSST  ( 7779): [GsmSST] updateSpnDisplay: radio is on but out of service, set plmn='No service.'
04-12 14:12:04.994 D/DCT     ( 7779): handleMessage msg={ when=-1s29ms what=270338 obj=android.os.AsyncResult@4226a0b8 target=com.android.internal.telephony.dataconnection.DcTracker }
04-12 14:12:04.994 D/DCT     ( 7779): onRecordsLoaded: createAllApnList
04-12 14:12:04.994 D/SIMRecords( 7779): [SIMRecords] getOperatorNumeric: IMSI == null
04-12 14:12:04.994 D/SIMRecords( 7779): [SIMRecords] getOperatorNumeric: IMSI == null
04-12 14:12:05.004 D/DCT     ( 7779): createAllApnList, r:SimRecords: mDestroyed=false mContext=com.android.phone.PhoneGlobals@42119b88 mCi=com.android.internal.telephony.RIL@4211dfc0 mFh=Handler (com.android.internal.telephony.uicc.SIMFileHandler) {4220c6f8} mParentApp=com.android.internal.telephony.uicc.UiccCardApplication@4220b608 recordsLoadedRegistrants=android.os.RegistrantList@4220f1b0 mImsiReadyRegistrants=android.os.RegistrantList@4220f1d8 mRecordsEventsRegistrants=android.os.RegistrantList@4220f200 mNewSmsRegistrants=android.os.RegistrantList@4220f228 mNetworkSelectionModeAutomaticRegistrants=android.os.RegistrantList@4220f250 recordsToLoad=0 adnCache=Handler (com.android.internal.telephony.uicc.AdnRecordCache) {4220f350} recordsRequested=true iccid=89302370313006382538 msisdn=+15145695800 msisdnTag= voiceMailNum=+14168216549 voiceMailTag=Voicemail newVoiceMailNum=null newVoiceMailTag=null isVoiceMailFixed=false countVoiceMessages=0 mImsi=null mncLength=3 mailboxIndex=1 spn= mVmConfigcom.android.internal.telephony.uicc.VoiceMailConstants@4220fb00 mSpnOverride=mSpnOverride callForwardingEnabled=false spnState=IDLE mCphsInfo=[B@42260bf0 mCspPlmnEnabled=true efMWIS=[B@42258428 efCPHS_MWI=null mEfCff=null mEfCfis=[B@42258c98 getOperatorNumeric=null, operator:null
04-12 14:12:05.004 D/DCT     ( 7779): createAllApnList: No APN found for carrier: null
04-12 14:12:05.004 D/DCT     ( 7779): createAllApnList: X mAllApnSettings=[]
04-12 14:12:05.004 D/DCT     ( 7779): setInitialApn: E mPreferredApn=null
04-12 14:12:05.004 D/DCT     ( 7779): setInitialAttachApn: X There in no available apn
04-12 14:12:05.004 D/DCT     ( 7779): onRecordsLoaded: notifying data availability
04-12 14:12:05.004 D/DCT     ( 7779): isDataAllowed: not allowed due to - Attached= false
04-12 14:12:05.004 D/DCT     ( 7779): [ApnContext:fota] getApnSetting: apnSetting=null
04-12 14:12:05.004 D/DCT     ( 7779): isDataAllowed: not allowed due to - Attached= false
04-12 14:12:05.004 D/DCT     ( 7779): [ApnContext:supl] getApnSetting: apnSetting=null
04-12 14:12:05.004 D/DCT     ( 7779): isDataAllowed: not allowed due to - Attached= false
04-12 14:12:05.004 D/DCT     ( 7779): [ApnContext:hipri] getApnSetting: apnSetting=null
04-12 14:12:05.004 D/DCT     ( 7779): isDataAllowed: not allowed due to - Attached= false
04-12 14:12:05.004 D/DCT     ( 7779): [ApnContext:ims] getApnSetting: apnSetting=null
04-12 14:12:05.004 D/DCT     ( 7779): isDataAllowed: not allowed due to - Attached= false
04-12 14:12:05.004 D/DCT     ( 7779): [ApnContext:default] getApnSetting: apnSetting=null
04-12 14:12:05.004 D/DCT     ( 7779): isDataAllowed: not allowed due to - Attached= false
04-12 14:12:05.004 D/DCT     ( 7779): [ApnContext:mms] getApnSetting: apnSetting=null
04-12 14:12:05.294 D/DCT     ( 7779): isDataAllowed: not allowed due to - Attached= false
04-12 14:12:05.294 D/DCT     ( 7779): [ApnContext:cbs] getApnSetting: apnSetting=null
04-12 14:12:05.564 D/AT      ( 9386): AT< +PB_READY
04-12 14:12:05.564 D/DCT     ( 7779): setupDataOnConnectableApns: simLoaded
04-12 14:12:05.564 D/DCT     ( 7779): setupDataOnConnectableApns: apnContext {mApnType=hipri mState=IDLE mWaitingApns={null} mWaitingApnsPermanentFailureCountDown=0 mApnSetting={null} mReason=radioTurnedOff mDataEnabled=false mDependencyMet=true}
04-12 14:12:05.564 D/DCT     ( 7779): setupDataOnConnectableApns: apnContext {mApnType=mms mState=IDLE mWaitingApns={null} mWaitingApnsPermanentFailureCountDown=0 mApnSetting={null} mReason=radioTurnedOff mDataEnabled=false mDependencyMet=true}
04-12 14:12:05.564 D/DCT     ( 7779): setupDataOnConnectableApns: apnContext {mApnType=supl mState=IDLE mWaitingApns={null} mWaitingApnsPermanentFailureCountDown=0 mApnSetting={null} mReason=radioTurnedOff mDataEnabled=false mDependencyMet=true}
04-12 14:12:05.564 D/DCT     ( 7779): setupDataOnConnectableApns: apnContext {mApnType=default mState=IDLE mWaitingApns={null} mWaitingApnsPermanentFailureCountDown=0 mApnSetting={null} mReason=radioTurnedOff mDataEnabled=true mDependencyMet=true}
04-12 14:12:05.564 D/DCT     ( 7779): setupDataOnConnectableApns: isConnectable() call trySetupData
04-12 14:12:05.564 D/DCT     ( 7779): trySetupData for type:default due to simLoaded apnContext={mApnType=default mState=IDLE mWaitingApns={null} mWaitingApnsPermanentFailureCountDown=0 mApnSetting={null} mReason=simLoaded mDataEnabled=true mDependencyMet=true}
04-12 14:12:05.564 D/DCT     ( 7779): trySetupData with mIsPsRestricted=false
04-12 14:12:05.564 D/DCT     ( 7779): isDataAllowed: not allowed due to - Attached= false
04-12 14:12:05.564 D/DCT     ( 7779): isDataAllowed: not allowed due to - Attached= false
04-12 14:12:05.564 D/DCT     ( 7779): [ApnContext:fota] getApnSetting: apnSetting=null
04-12 14:12:05.574 D/DCT     ( 7779): isDataAllowed: not allowed due to - Attached= false
04-12 14:12:05.574 D/DCT     ( 7779): [ApnContext:supl] getApnSetting: apnSetting=null
04-12 14:12:05.574 D/DCT     ( 7779): isDataAllowed: not allowed due to - Attached= false
04-12 14:12:05.574 D/DCT     ( 7779): [ApnContext:hipri] getApnSetting: apnSetting=null
04-12 14:12:05.574 D/DCT     ( 7779): isDataAllowed: not allowed due to - Attached= false
04-12 14:12:05.574 D/DCT     ( 7779): [ApnContext:ims] getApnSetting: apnSetting=null
04-12 14:12:05.584 D/DCT     ( 7779): isDataAllowed: not allowed due to - Attached= false
04-12 14:12:05.584 D/DCT     ( 7779): [ApnContext:default] getApnSetting: apnSetting=null
04-12 14:12:05.584 D/DCT     ( 7779): isDataAllowed: not allowed due to - Attached= false
04-12 14:12:05.584 D/DCT     ( 7779): [ApnContext:mms] getApnSetting: apnSetting=null
04-12 14:12:05.584 D/DCT     ( 7779): isDataAllowed: not allowed due to - Attached= false
04-12 14:12:05.584 D/DCT     ( 7779): [ApnContext:cbs] getApnSetting: apnSetting=null
04-12 14:12:05.594 D/DCT     ( 7779): trySetupData: X apnContext not 'ready' retValue=false
04-12 14:12:05.594 D/DCT     ( 7779): setupDataOnConnectableApns: apnContext {mApnType=fota mState=IDLE mWaitingApns={null} mWaitingApnsPermanentFailureCountDown=0 mApnSetting={null} mReason=radioTurnedOff mDataEnabled=false mDependencyMet=true}
04-12 14:12:05.594 D/DCT     ( 7779): setupDataOnConnectableApns: apnContext {mApnType=ims mState=IDLE mWaitingApns={null} mWaitingApnsPermanentFailureCountDown=0 mApnSetting={null} mReason=radioTurnedOff mDataEnabled=false mDependencyMet=true}
04-12 14:12:05.594 D/DCT     ( 7779): setupDataOnConnectableApns: apnContext {mApnType=cbs mState=IDLE mWaitingApns={null} mWaitingApnsPermanentFailureCountDown=0 mApnSetting={null} mReason=radioTurnedOff mDataEnabled=false mDependencyMet=true}
04-12 14:12:05.594 D/IccCardProxy( 7779): Broadcasting intent ACTION_SIM_STATE_CHANGED LOADED reason null
04-12 14:12:05.614 D/PhoneProxy( 7779): [PhoneProxy] phoneObjectUpdater: newVoiceRadioTech=0
04-12 14:12:05.614 D/PhoneProxy( 7779): [PhoneProxy] phoneObjectUpdater: Unknown rat ignore,  newVoiceRadioTech=Unknown. mActivePhone=GSM
<<<<<<< HEAD
[  674.350779] cpu1 turning off start...
[  674.356729] CPU1: shutdown
[  674.363035] end
=======
>>>>>>> a0b550ff7be76173151a5060b9a7dd78ec498a2c
04-12 14:12:22.724 D/RILJ    ( 7779): [3723]> SIGNAL_STRENGTH
04-12 14:12:22.724 I/RIL     ( 9386): ------ VendorRIL onRequest: SIGNAL_STRENGTH ------
04-12 14:12:22.724 D/AT      ( 9386): AT> AT+CSQ
04-12 14:12:22.734 D/AT      ( 9386): AT< +CSQ: 31,99
04-12 14:12:22.734 D/AT      ( 9386): AT< OK
04-12 14:12:22.734 I/RIL     ( 9386): ------ VendorRIL SignalStrength: 31, 99 ------
04-12 14:12:22.734 E/RILC    ( 9386): invalid response length
04-12 14:12:22.734 D/RilRequest( 7779): [3723]< SIGNAL_STRENGTH error: com.android.internal.telephony.CommandException: INVALID_RESPONSE ret=
04-12 14:12:22.734 D/GsmSST  ( 7779): [GsmSST] onSignalStrengthResult() Exception from RIL : com.android.internal.telephony.CommandException: INVALID_RESPONSE
04-12 14:12:42.764 D/RILJ    ( 7779): [3724]> SIGNAL_STRENGTH
04-12 14:12:42.764 I/RIL     ( 9386): ------ VendorRIL onRequest: SIGNAL_STRENGTH ------
04-12 14:12:42.764 D/AT      ( 9386): AT> AT+CSQ
04-12 14:12:42.774 D/AT      ( 9386): AT< +CSQ: 31,99
04-12 14:12:42.774 D/AT      ( 9386): AT< OK
04-12 14:12:42.774 I/RIL     ( 9386): ------ VendorRIL SignalStrength: 31, 99 ------
04-12 14:12:42.774 E/RILC    ( 9386): invalid response length
04-12 14:12:42.784 D/RilRequest( 7779): [3724]< SIGNAL_STRENGTH error: com.android.internal.telephony.CommandException: INVALID_RESPONSE ret=
04-12 14:12:42.784 D/GsmSST  ( 7779): [GsmSST] onSignalStrengthResult() Exception from RIL : com.android.internal.telephony.CommandException: INVALID_RESPONSE
