05-19 15:17:40.260 I/RIL     ( 8390): ------ VendorRIL onRequest: SIM_IO ------
05-19 15:17:40.260 D/AT      ( 8390): AT> AT+CRSM=176,12258,0,0,10
05-19 15:17:40.260 D/RILJ    ( 3011): [3721]< SIM_IO IccIoResponse sw1:0x90 sw2:0x0
05-19 15:17:40.260 D/SIMRecords( 3011): [SIMRecords] GID1: dd
05-19 15:17:40.260 D/SIMRecords( 3011): [SIMRecords] onRecordLoaded 1 requested: true
05-19 15:17:40.280 D/AT      ( 8390): AT< +CRSM: 144,0,98033207130360835283
05-19 15:17:40.280 D/AT      ( 8390): AT< OK
05-19 15:17:40.280 I/RIL     ( 8390): ------ VendorRIL onRequest: SIM_IO ------
05-19 15:17:40.280 D/AT      ( 8390): AT> AT+CRSM=176,12037,0,0,10
05-19 15:17:40.280 D/RILJ    ( 3011): [3722]< SIM_IO IccIoResponse sw1:0x90 sw2:0x0
05-19 15:17:40.280 D/RuimRecords( 3011): [RuimRecords] iccid: 89302370313006382538
05-19 15:17:40.280 D/RuimRecords( 3011): [RuimRecords] onRecordLoaded 1 requested: true
05-19 15:17:40.310 D/AT      ( 8390): AT< +CRSM: 144,0,656EFFFFFFFFFFFFFFFF
05-19 15:17:40.310 D/AT      ( 8390): AT< OK
05-19 15:17:40.310 I/RIL     ( 8390): ------ VendorRIL onRequest: SIM_IO ------
05-19 15:17:40.310 D/AT      ( 8390): AT> AT+CRSM=192,28615,0,0,15
05-19 15:17:40.310 D/RILJ    ( 3011): [3723]< SIM_IO IccIoResponse sw1:0x90 sw2:0x0
05-19 15:17:40.310 D/RuimRecords( 3011): [RuimRecords] EF_PL LOADED
05-19 15:17:40.310 D/RuimRecords( 3011): [RuimRecords] EF_PL=656effffffffffffffff
05-19 15:17:40.310 D/RuimRecords( 3011): [RuimRecords] onRecordLoaded 0 requested: true
05-19 15:17:40.310 D/RuimRecords( 3011): [RuimRecords] record load complete
05-19 15:17:40.310 D/RuimRecords( 3011): [RuimRecords] onAllRecordsLoaded empty 'gsm.sim.operator.numeric' skipping
05-19 15:17:40.310 D/RuimRecords( 3011): [RuimRecords] onAllRecordsLoaded empty imsi skipping setting mcc
05-19 15:17:40.310 D/RuimRecords( 3011): [RuimRecords] Setting locale to en_null
05-19 15:17:40.330 D/AT      ( 8390): AT< +CRSM: 144,0,000000306FC7040011F0AA04020118
05-19 15:17:40.330 D/AT      ( 8390): AT< OK
05-19 15:17:40.330 D/RILJ    ( 3011): [3724]< SIM_IO IccIoResponse sw1:0x90 sw2:0x0
05-19 15:17:40.330 D/RILJ    ( 3011): [3725]> iccIO: SIM_IO 0xb2 0x6fc7  path: 3F007F20,1,4,24 aid: null
05-19 15:17:40.330 I/RIL     ( 8390): ------ VendorRIL onRequest: SIM_IO ------
05-19 15:17:40.330 D/AT      ( 8390): AT> AT+CRSM=178,28615,1,4,24
05-19 15:17:40.360 D/AT      ( 8390): AT< +CRSM: 144,0,566F6963656D61696CFF07914161286145F9FFFFFFFFFFFF
05-19 15:17:40.360 D/AT      ( 8390): AT< OK
05-19 15:17:40.360 D/RILJ    ( 3011): [3725]< SIM_IO IccIoResponse sw1:0x90 sw2:0x0
05-19 15:17:40.360 D/SIMRecords( 3011): [SIMRecords] VM: ADN Record 'Voicemail' '+14168216549 null' EF[MBDN]
05-19 15:17:40.360 D/SIMRecords( 3011): [SIMRecords] onRecordLoaded 0 requested: true
05-19 15:17:40.360 D/SIMRecords( 3011): [SIMRecords] record load complete
05-19 15:17:40.360 D/SIMRecords( 3011): [SIMRecords] getOperatorNumeric: IMSI == null
05-19 15:17:40.360 D/SIMRecords( 3011): [SIMRecords] onAllRecordsLoaded empty 'gsm.sim.operator.numeric' skipping
05-19 15:17:40.360 D/SIMRecords( 3011): [SIMRecords] onAllRecordsLoaded empty imsi skipping setting mcc
05-19 15:17:40.360 D/SIMRecords( 3011): [SIMRecords] getOperatorNumeric: IMSI == null
05-19 15:17:40.560 D/GsmSST  ( 3011): [GsmSST] EVENT_SIM_RECORDS_LOADED: what=16
05-19 15:17:40.560 D/PhoneProxy( 3011): [PhoneProxy] updatePhoneObject: radioTechnology=0
05-19 15:17:40.560 D/GsmSST  ( 3011): [GsmSST] updateSpnDisplay: radio is on but out of service, set plmn='No service.'
05-19 15:17:40.560 D/DCT     ( 3011): handleMessage msg={ when=-195ms what=270338 obj=android.os.AsyncResult@41a1c040 target=com.android.internal.telephony.dataconnection.DcTracker }
05-19 15:17:40.560 D/DCT     ( 3011): onRecordsLoaded: createAllApnList
05-19 15:17:40.560 D/SIMRecords( 3011): [SIMRecords] getOperatorNumeric: IMSI == null
05-19 15:17:40.560 D/SIMRecords( 3011): [SIMRecords] getOperatorNumeric: IMSI == null
05-19 15:17:40.560 D/DCT     ( 3011): createAllApnList, r:SimRecords: mDestroyed=false mContext=com.android.phone.PhoneGlobals@41888928 mCi=com.android.internal.telephony.RIL@4188cd60 mFh=Handler (com.android.internal.telephony.uicc.SIMFileHandler) {419c87b8} mParentApp=com.android.internal.telephony.uicc.UiccCardApplication@419c7e68 recordsLoadedRegistrants=android.os.RegistrantList@4187b308 mImsiReadyRegistrants=android.os.RegistrantList@418dcc30 mRecordsEventsRegistrants=android.os.RegistrantList@419c8830 mNewSmsRegistrants=android.os.RegistrantList@419c4630 mNetworkSelectionModeAutomaticRegistrants=android.os.RegistrantList@419c4420 recordsToLoad=0 adnCache=Handler (com.android.internal.telephony.uicc.AdnRecordCache) {419cb6f0} recordsRequested=true iccid=89302370313006382538 msisdn=+15145695800 msisdnTag= voiceMailNum=+14168216549 voiceMailTag=Voicemail newVoiceMailNum=null newVoiceMailTag=null isVoiceMailFixed=false countVoiceMessages=0 mImsi=null mncLength=3 mailboxIndex=1 spn= mVmConfigcom.android.internal.telephony.uicc.VoiceMailConstants@419c4000 mSpnOverride=mSpnOverride callForwardingEnabled=false spnState=IDLE mCphsInfo=[B@41a10268 mCspPlmnEnabled=true efMWIS=[B@41a07828 efCPHS_MWI=null mEfCff=null mEfCfis=[B@41a082a8 getOperatorNumeric=null, operator:null
05-19 15:17:40.560 D/DCT     ( 3011): createAllApnList: No APN found for carrier: null
05-19 15:17:40.560 D/DCT     ( 3011): createAllApnList: X mAllApnSettings=[]
05-19 15:17:40.560 D/DCT     ( 3011): setInitialApn: E mPreferredApn=null
05-19 15:17:40.560 D/DCT     ( 3011): setInitialAttachApn: X There in no available apn
05-19 15:17:40.560 D/DCT     ( 3011): onRecordsLoaded: notifying data availability
05-19 15:17:40.560 D/DCT     ( 3011): isDataAllowed: not allowed due to - Attached= false
05-19 15:17:40.560 D/DCT     ( 3011): [ApnContext:fota] getApnSetting: apnSetting=null
05-19 15:17:40.570 D/DCT     ( 3011): isDataAllowed: not allowed due to - Attached= false
05-19 15:17:40.570 D/DCT     ( 3011): [ApnContext:supl] getApnSetting: apnSetting=null
05-19 15:17:40.580 D/DCT     ( 3011): isDataAllowed: not allowed due to - Attached= false
05-19 15:17:40.580 D/DCT     ( 3011): [ApnContext:hipri] getApnSetting: apnSetting=null
05-19 15:17:40.600 D/DCT     ( 3011): isDataAllowed: not allowed due to - Attached= false
05-19 15:17:40.600 D/DCT     ( 3011): [ApnContext:ims] getApnSetting: apnSetting=null
05-19 15:17:40.600 D/DCT     ( 3011): isDataAllowed: not allowed due to - Attached= false
05-19 15:17:40.600 D/DCT     ( 3011): [ApnContext:default] getApnSetting: apnSetting=null
05-19 15:17:40.600 D/DCT     ( 3011): isDataAllowed: not allowed due to - Attached= false
05-19 15:17:40.600 D/DCT     ( 3011): [ApnContext:mms] getApnSetting: apnSetting=null
05-19 15:17:40.600 D/DCT     ( 3011): isDataAllowed: not allowed due to - Attached= false
05-19 15:17:40.600 D/DCT     ( 3011): [ApnContext:cbs] getApnSetting: apnSetting=null
05-19 15:17:40.600 D/DCT     ( 3011): setupDataOnConnectableApns: simLoaded
05-19 15:17:40.600 D/DCT     ( 3011): setupDataOnConnectableApns: apnContext {mApnType=hipri mState=IDLE mWaitingApns={null} mWaitingApnsPermanentFailureCountDown=0 mApnSetting={null} mReason=radioTurnedOff mDataEnabled=false mDependencyMet=true}
05-19 15:17:40.610 D/DCT     ( 3011): setupDataOnConnectableApns: apnContext {mApnType=mms mState=IDLE mWaitingApns={null} mWaitingApnsPermanentFailureCountDown=0 mApnSetting={null} mReason=radioTurnedOff mDataEnabled=false mDependencyMet=true}
05-19 15:17:40.610 D/DCT     ( 3011): setupDataOnConnectableApns: apnContext {mApnType=supl mState=IDLE mWaitingApns={null} mWaitingApnsPermanentFailureCountDown=0 mApnSetting={null} mReason=radioTurnedOff mDataEnabled=false mDependencyMet=true}
05-19 15:17:40.610 D/DCT     ( 3011): setupDataOnConnectableApns: apnContext {mApnType=default mState=IDLE mWaitingApns={null} mWaitingApnsPermanentFailureCountDown=0 mApnSetting={null} mReason=radioTurnedOff mDataEnabled=true mDependencyMet=true}
05-19 15:17:40.610 D/DCT     ( 3011): setupDataOnConnectableApns: isConnectable() call trySetupData
05-19 15:17:40.610 D/DCT     ( 3011): trySetupData for type:default due to simLoaded apnContext={mApnType=default mState=IDLE mWaitingApns={null} mWaitingApnsPermanentFailureCountDown=0 mApnSetting={null} mReason=simLoaded mDataEnabled=true mDependencyMet=true}
05-19 15:17:40.610 D/DCT     ( 3011): trySetupData with mIsPsRestricted=false
05-19 15:17:40.610 D/DCT     ( 3011): isDataAllowed: not allowed due to - Attached= false
05-19 15:17:40.610 D/DCT     ( 3011): isDataAllowed: not allowed due to - Attached= false
05-19 15:17:40.610 D/DCT     ( 3011): [ApnContext:fota] getApnSetting: apnSetting=null
05-19 15:17:40.710 D/DCT     ( 3011): isDataAllowed: not allowed due to - Attached= false
05-19 15:17:40.710 D/DCT     ( 3011): [ApnContext:supl] getApnSetting: apnSetting=null
05-19 15:17:40.710 D/DCT     ( 3011): isDataAllowed: not allowed due to - Attached= false
05-19 15:17:40.710 D/DCT     ( 3011): [ApnContext:hipri] getApnSetting: apnSetting=null
05-19 15:17:40.710 D/DCT     ( 3011): isDataAllowed: not allowed due to - Attached= false
05-19 15:17:40.710 D/DCT     ( 3011): [ApnContext:ims] getApnSetting: apnSetting=null
05-19 15:17:40.710 D/DCT     ( 3011): isDataAllowed: not allowed due to - Attached= false
05-19 15:17:40.710 D/DCT     ( 3011): [ApnContext:default] getApnSetting: apnSetting=null
05-19 15:17:40.710 D/DCT     ( 3011): isDataAllowed: not allowed due to - Attached= false
05-19 15:17:40.710 D/DCT     ( 3011): [ApnContext:mms] getApnSetting: apnSetting=null
05-19 15:17:40.740 D/DCT     ( 3011): isDataAllowed: not allowed due to - Attached= false
05-19 15:17:40.740 D/DCT     ( 3011): [ApnContext:cbs] getApnSetting: apnSetting=null
05-19 15:17:40.740 D/DCT     ( 3011): trySetupData: X apnContext not 'ready' retValue=false
05-19 15:17:40.740 D/DCT     ( 3011): setupDataOnConnectableApns: apnContext {mApnType=fota mState=IDLE mWaitingApns={null} mWaitingApnsPermanentFailureCountDown=0 mApnSetting={null} mReason=radioTurnedOff mDataEnabled=false mDependencyMet=true}
05-19 15:17:40.740 D/DCT     ( 3011): setupDataOnConnectableApns: apnContext {mApnType=ims mState=IDLE mWaitingApns={null} mWaitingApnsPermanentFailureCountDown=0 mApnSetting={null} mReason=radioTurnedOff mDataEnabled=false mDependencyMet=true}
05-19 15:17:40.740 D/DCT     ( 3011): setupDataOnConnectableApns: apnContext {mApnType=cbs mState=IDLE mWaitingApns={null} mWaitingApnsPermanentFailureCountDown=0 mApnSetting={null} mReason=radioTurnedOff mDataEnabled=false mDependencyMet=true}
05-19 15:17:40.740 D/IccCardProxy( 3011): Broadcasting intent ACTION_SIM_STATE_CHANGED LOADED reason null
05-19 15:17:40.740 D/PhoneProxy( 3011): [PhoneProxy] phoneObjectUpdater: newVoiceRadioTech=0
05-19 15:17:40.740 D/PhoneProxy( 3011): [PhoneProxy] phoneObjectUpdater: Unknown rat ignore,  newVoiceRadioTech=Unknown. mActivePhone=GSM
05-19 15:17:43.770 D/AT      ( 8390): AT< +PB_READY
[12827.673190] cpu1 turning off start...
[12827.679110] CPU1: shutdown
[12827.685678] end
05-19 15:17:58.530 D/RILJ    ( 3011): [3726]> SIGNAL_STRENGTH
05-19 15:17:58.530 I/RIL     ( 8390): ------ VendorRIL onRequest: SIGNAL_STRENGTH ------
05-19 15:17:58.530 D/AT      ( 8390): AT> AT+CSQ
05-19 15:17:58.540 D/AT      ( 8390): AT< +CSQ: 31,99
05-19 15:17:58.540 D/AT      ( 8390): AT< OK
05-19 15:17:58.540 I/RIL     ( 8390): ------ VendorRIL SignalStrength: 31, 99 ------
05-19 15:17:58.540 E/RILC    ( 8390): invalid response length
05-19 15:17:58.540 D/RilRequest( 3011): [3726]< SIGNAL_STRENGTH error: com.android.internal.telephony.CommandException: INVALID_RESPONSE ret=
05-19 15:17:58.540 D/GsmSST  ( 3011): [GsmSST] onSignalStrengthResult() Exception from RIL : com.android.internal.telephony.CommandException: INVALID_RESPONSE
05-19 15:18:18.570 D/RILJ    ( 3011): [3727]> SIGNAL_STRENGTH
05-19 15:18:18.570 I/RIL     ( 8390): ------ VendorRIL onRequest: SIGNAL_STRENGTH ------
05-19 15:18:18.570 D/AT      ( 8390): AT> AT+CSQ
05-19 15:18:18.580 D/AT      ( 8390): AT< +CSQ: 31,99
05-19 15:18:18.580 D/AT      ( 8390): AT< OK
05-19 15:18:18.580 I/RIL     ( 8390): ------ VendorRIL SignalStrength: 31, 99 ------
05-19 15:18:18.580 E/RILC    ( 8390): invalid response length
05-19 15:18:18.580 D/RilRequest( 3011): [3727]< SIGNAL_STRENGTH error: com.android.internal.telephony.CommandException: INVALID_RESPONSE ret=
05-19 15:18:18.580 D/GsmSST  ( 3011): [GsmSST] onSignalStrengthResult() Exception from RIL : com.android.internal.telephony.CommandException: INVALID_RESPONSE
05-19 15:18:38.610 D/RILJ    ( 3011): [3728]> SIGNAL_STRENGTH
05-19 15:18:38.610 I/RIL     ( 8390): ------ VendorRIL onRequest: SIGNAL_STRENGTH ------
05-19 15:18:38.610 D/AT      ( 8390): AT> AT+CSQ
05-19 15:18:38.620 D/AT      ( 8390): AT< +CSQ: 31,99
05-19 15:18:38.620 D/AT      ( 8390): AT< OK
05-19 15:18:38.620 I/RIL     ( 8390): ------ VendorRIL SignalStrength: 31, 99 ------
05-19 15:18:38.620 E/RILC    ( 8390): invalid response length
05-19 15:18:38.620 D/RilRequest( 3011): [3728]< SIGNAL_STRENGTH error: com.android.internal.telephony.CommandException: INVALID_RESPONSE ret=
05-19 15:18:38.620 D/GsmSST  ( 3011): [GsmSST] onSignalStrengthResult() Exception from RIL : com.android.internal.telephony.CommandException: INVALID_RESPONSE
