05-23 11:40:23.050 D/IccCardProxy( 2830): Icc changed. Reregestering.
05-23 11:40:23.050 D/UiccCardApplication( 2830): Notifying 1 registrant: READY
05-23 11:40:23.060 D/IccCardProxy( 2830): Broadcasting intent ACTION_SIM_STATE_CHANGED READY reason null
05-23 11:40:23.060 E/SIMRecords( 2830): [SIMRecords] Exception querying IMSI, Exception:com.android.internal.telephony.CommandException: GENERIC_FAILURE
05-23 11:40:23.060 D/SIMRecords( 2830): [SIMRecords] onRecordLoaded 15 requested: true
05-23 11:40:23.060 D/RILJ    ( 2830): setCurrentPreferredNetworkType: 1
05-23 11:40:23.060 D/RILJ    ( 2830): [3698]> REQUEST_SET_PREFERRED_NETWORK_TYPE : 1
05-23 11:40:23.060 D/RILJ    ( 2830): [3699]> SET_NETWORK_SELECTION_AUTOMATIC
05-23 11:40:23.060 D/RILJ    ( 2830): [3700]> OPERATOR
05-23 11:40:23.070 D/RILJ    ( 2830): [3701]> DATA_REGISTRATION_STATE
05-23 11:40:23.070 D/RILJ    ( 2830): [3702]> VOICE_REGISTRATION_STATE
05-23 11:40:23.070 D/RILJ    ( 2830): [3703]> QUERY_NETWORK_SELECTION_MODE
05-23 11:40:24.880 D/AT      ( 3039): AT< +CRSM: 144,0,0000000A2FE20400FFF0AA04020000
05-23 11:40:24.880 D/AT      ( 3039): AT< OK
05-23 11:40:24.880 D/RILJ    ( 2830): [3672]< SIM_IO IccIoResponse sw1:0x90 sw2:0x0
05-23 11:40:24.880 D/RILJ    ( 2830): [3704]> iccIO: SIM_IO 0xb0 0x2fe2  path: 3F00,0,0,10 aid: null
05-23 11:40:24.890 I/RIL     ( 3039): ------ VendorRIL onRequest: SIM_IO ------
05-23 11:40:24.890 D/AT      ( 3039): AT> AT+CRSM=192,28480,0,0,15
05-23 11:40:24.970 D/AT      ( 3039): AT< +CRSM: 144,0,000000806F40040011F0AA04020120
05-23 11:40:24.970 D/AT      ( 3039): AT< OK
05-23 11:40:24.970 I/RIL     ( 3039): ------ VendorRIL onRequest: SIM_IO ------
05-23 11:40:24.970 D/AT      ( 3039): AT> AT+CRSM=192,28617,0,0,15
05-23 11:40:24.970 D/RILJ    ( 2830): [3673]< SIM_IO IccIoResponse sw1:0x90 sw2:0x0
05-23 11:40:24.970 D/RILJ    ( 2830): [3705]> iccIO: SIM_IO 0xb2 0x6f40  path: 3F007F10,1,4,32 aid: null
05-23 11:40:25.090 D/AT      ( 3039): AT< +CRSM: 144,0,000000186FC9040011F0AA0402010C
05-23 11:40:25.090 D/AT      ( 3039): AT< OK
05-23 11:40:25.100 D/RILJ    ( 2830): [3674]< SIM_IO IccIoResponse sw1:0x90 sw2:0x0
05-23 11:40:25.100 D/RILJ    ( 2830): [3706]> iccIO: SIM_IO 0xb2 0x6fc9  path: 3F007F20,1,4,12 aid: null
05-23 11:40:25.110 I/RIL     ( 3039): ------ VendorRIL onRequest: SIM_IO ------
05-23 11:40:25.110 D/AT      ( 3039): AT> AT+CRSM=192,28589,0,0,15
05-23 11:40:25.140 D/AT      ( 3039): AT< +CRSM: 144,0,000000046FAD04000AF0AA04020000
05-23 11:40:25.140 D/AT      ( 3039): AT< OK
05-23 11:40:25.150 D/RILJ    ( 2830): [3675]< SIM_IO IccIoResponse sw1:0x90 sw2:0x0
05-23 11:40:25.150 D/RILJ    ( 2830): [3707]> iccIO: SIM_IO 0xb0 0x6fad  path: 3F007F20,0,0,4 aid: null
05-23 11:40:25.170 I/RIL     ( 3039): ------ VendorRIL onRequest: SIM_IO ------
05-23 11:40:25.170 D/AT      ( 3039): AT> AT+CRSM=192,28618,0,0,15
05-23 11:40:25.260 D/AT      ( 3039): AT< +CRSM: 144,0,0000000A6FCA040011F0AA04020105
05-23 11:40:25.260 D/AT      ( 3039): AT< OK
05-23 11:40:25.260 I/RIL     ( 3039): ------ VendorRIL onRequest: SIM_IO ------
05-23 11:40:25.260 D/AT      ( 3039): AT> AT+CRSM=192,28433,0,0,15
05-23 11:40:25.260 D/RILJ    ( 2830): [3676]< SIM_IO IccIoResponse sw1:0x90 sw2:0x0
05-23 11:40:25.270 D/RILJ    ( 2830): [3708]> iccIO: SIM_IO 0xb2 0x6fca  path: 3F007F20,1,4,5 aid: null
05-23 11:40:25.330 D/AT      ( 3039): AT< +CRSM: 148,4
05-23 11:40:25.330 D/AT      ( 3039): AT< ERROR
05-23 11:40:25.330 I/RIL     ( 3039): ------ VendorRIL onRequest: SIM_IO ------
05-23 11:40:25.330 D/AT      ( 3039): AT> AT+CRSM=192,28619,0,0,15
05-23 11:40:25.330 D/RilRequest( 2830): [3677]< SIM_IO error: com.android.internal.telephony.CommandException: GENERIC_FAILURE ret=
05-23 11:40:25.330 D/SIMRecords( 2830): [SIMRecords] onRecordLoaded 14 requested: true
05-23 11:40:25.400 D/AT      ( 3039): AT< +CRSM: 144,0,000000206FCB040011F0AA04020110
05-23 11:40:25.400 D/AT      ( 3039): AT< OK
05-23 11:40:25.410 D/RILJ    ( 2830): [3678]< SIM_IO IccIoResponse sw1:0x90 sw2:0x0
05-23 11:40:25.410 D/RILJ    ( 2830): [3709]> iccIO: SIM_IO 0xb2 0x6fcb  path: 3F007F20,1,4,16 aid: null
05-23 11:40:25.430 I/RIL     ( 3039): ------ VendorRIL onRequest: SIM_IO ------
05-23 11:40:25.430 D/AT      ( 3039): AT> AT+CRSM=192,28435,0,0,15
05-23 11:40:25.500 D/AT      ( 3039): AT< +CRSM: 148,4
05-23 11:40:25.500 D/AT      ( 3039): AT< ERROR
05-23 11:40:25.500 I/RIL     ( 3039): ------ VendorRIL onRequest: SIM_IO ------
05-23 11:40:25.500 D/AT      ( 3039): AT> AT+CRSM=192,28486,0,0,15
05-23 11:40:25.500 D/RilRequest( 2830): [3679]< SIM_IO error: com.android.internal.telephony.CommandException: GENERIC_FAILURE ret=
05-23 11:40:25.500 D/SIMRecords( 2830): [SIMRecords] onRecordLoaded 13 requested: true
05-23 11:40:25.580 D/AT      ( 3039): AT< +CRSM: 144,0,000000116F4604000AF0AA04020000
05-23 11:40:25.580 D/AT      ( 3039): AT< OK
05-23 11:40:25.580 I/RIL     ( 3039): ------ VendorRIL onRequest: SIM_IO ------
05-23 11:40:25.580 D/AT      ( 3039): AT> AT+CRSM=192,28621,0,0,15
05-23 11:40:25.580 D/RILJ    ( 2830): [3680]< SIM_IO IccIoResponse sw1:0x90 sw2:0x0
05-23 11:40:25.580 D/RILJ    ( 2830): [3710]> iccIO: SIM_IO 0xb0 0x6f46  path: 3F007F20,0,0,17 aid: null
05-23 11:40:25.650 D/AT      ( 3039): AT< +CRSM: 144,0,000000136FCD04001AF0AA04020000
05-23 11:40:25.650 D/AT      ( 3039): AT< OK
05-23 11:40:25.650 I/RIL     ( 3039): ------ VendorRIL onRequest: SIM_IO ------
05-23 11:40:25.650 D/AT      ( 3039): AT> AT+CRSM=192,28613,0,0,15
05-23 11:40:25.650 D/RILJ    ( 2830): [3681]< SIM_IO IccIoResponse sw1:0x90 sw2:0x0
05-23 11:40:25.650 D/RILJ    ( 2830): [3711]> iccIO: SIM_IO 0xb0 0x6fcd  path: 3F007F20,0,0,19 aid: null
05-23 11:40:25.710 D/AT      ( 3039): AT< +CRSM: 144,0,000000A06FC504000AF0AA04020114
05-23 11:40:25.710 D/AT      ( 3039): AT< OK
05-23 11:40:25.710 I/RIL     ( 3039): ------ VendorRIL onRequest: SIM_IO ------
05-23 11:40:25.710 D/AT      ( 3039): AT> AT+CRSM=192,28472,0,0,15
05-23 11:40:25.710 D/RILJ    ( 2830): [3682]< SIM_IO IccIoResponse sw1:0x90 sw2:0x0
05-23 11:40:25.710 D/RILJ    ( 2830): [3712]> iccIO: SIM_IO 0xb2 0x6fc5  path: 3F007F20,1,4,20 aid: null
05-23 11:40:25.740 D/AT      ( 3039): AT< +CRSM: 144,0,0000000B6F3804001AF0AA04020000
05-23 11:40:25.740 D/AT      ( 3039): AT< OK
05-23 11:40:25.740 I/RIL     ( 3039): ------ VendorRIL onRequest: SIM_IO ------
05-23 11:40:25.740 D/AT      ( 3039): AT> AT+CRSM=192,28438,0,0,15
05-23 11:40:25.740 D/RILJ    ( 2830): [3683]< SIM_IO IccIoResponse sw1:0x90 sw2:0x0
05-23 11:40:25.740 D/RILJ    ( 2830): [3713]> iccIO: SIM_IO 0xb0 0x6f38  path: 3F007F20,0,0,11 aid: null
05-23 11:40:25.780 D/AT      ( 3039): AT< +CRSM: 144,0,000000036F1604001AA0AA04020000
05-23 11:40:25.780 D/AT      ( 3039): AT< OK
05-23 11:40:25.780 I/RIL     ( 3039): ------ VendorRIL onRequest: SIM_IO ------
05-23 11:40:25.780 D/AT      ( 3039): AT> AT+CRSM=192,28437,0,0,15
05-23 11:40:25.780 D/RILJ    ( 2830): [3684]< SIM_IO IccIoResponse sw1:0x90 sw2:0x0
05-23 11:40:25.780 D/RILJ    ( 2830): [3714]> iccIO: SIM_IO 0xb0 0x6f16  path: 3F007F20,0,0,3 aid: null
05-23 11:40:25.860 D/AT      ( 3039): AT< +CRSM: 144,0,0000001A6F15040011A0AA04020000
05-23 11:40:25.860 D/AT      ( 3039): AT< OK
05-23 11:40:25.860 I/RIL     ( 3039): ------ VendorRIL onRequest: SIM_IO ------
05-23 11:40:25.860 D/AT      ( 3039): AT> AT+CRSM=192,28478,0,0,15
05-23 11:40:25.860 D/RILJ    ( 2830): [3685]< SIM_IO IccIoResponse sw1:0x90 sw2:0x0
05-23 11:40:25.860 D/RILJ    ( 2830): [3715]> iccIO: SIM_IO 0xb0 0x6f15  path: 3F007F20,0,0,26 aid: null
05-23 11:40:25.990 D/AT      ( 3039): AT< +CRSM: 144,0,000000016F3E04001AF0AA04020000
05-23 11:40:25.990 D/AT      ( 3039): AT< OK
05-23 11:40:25.990 I/RIL     ( 3039): ------ VendorRIL onRequest: GET_IMSI ------
05-23 11:40:25.990 D/AT      ( 3039): AT> AT+CIMI
05-23 11:40:25.990 D/RILJ    ( 2830): [3686]< SIM_IO IccIoResponse sw1:0x90 sw2:0x0
05-23 11:40:25.990 D/RILJ    ( 2830): [3716]> iccIO: SIM_IO 0xb0 0x6f3e  path: 3F007F20,0,0,1 aid: null
05-23 11:40:26.030 D/AT      ( 3039): AT< +CIMI:302370602284779
05-23 11:40:26.030 D/AT      ( 3039): AT< OK
05-23 11:40:26.030 I/RIL     ( 3039): ------ VendorRIL onRequest: SIM_IO ------
05-23 11:40:26.030 D/AT      ( 3039): AT> AT+CRSM=192,12258,0,0,15
05-23 11:40:26.030 D/RilRequest( 2830): [3687]< GET_IMSI error: com.android.internal.telephony.CommandException: GENERIC_FAILURE ret=
05-23 11:40:26.030 E/RuimRecords( 2830): [RuimRecords] Exception querying IMSI, Exception:com.android.internal.telephony.CommandException: GENERIC_FAILURE
05-23 11:40:26.030 D/RuimRecords( 2830): [RuimRecords] onRecordLoaded 8 requested: true
05-23 11:40:26.080 D/AT      ( 3039): AT< +CRSM: 144,0,0000000A2FE20400FFF0AA04020000
05-23 11:40:26.080 D/AT      ( 3039): AT< OK
05-23 11:40:26.080 I/RIL     ( 3039): ------ VendorRIL onRequest: SIM_IO ------
05-23 11:40:26.080 D/AT      ( 3039): AT> AT+CRSM=192,12037,0,0,15
05-23 11:40:26.080 D/RILJ    ( 2830): [3688]< SIM_IO IccIoResponse sw1:0x90 sw2:0x0
05-23 11:40:26.080 D/RILJ    ( 2830): [3717]> iccIO: SIM_IO 0xb0 0x2fe2  path: 3F00,0,0,10 aid: null
05-23 11:40:26.130 D/AT      ( 3039): AT< +CRSM: 144,0,0000000A2F05040001F0AA04020000
05-23 11:40:26.130 D/AT      ( 3039): AT< OK
05-23 11:40:26.130 I/RIL     ( 3039): ------ VendorRIL onRequest: SIM_IO ------
05-23 11:40:26.130 D/AT      ( 3039): AT> AT+CRSM=192,28474,0,0,15
05-23 11:40:26.130 D/RILJ    ( 2830): [3689]< SIM_IO IccIoResponse sw1:0x90 sw2:0x0
05-23 11:40:26.140 D/RILJ    ( 2830): [3718]> iccIO: SIM_IO 0xb0 0x2f05  path: 3F00,0,0,10 aid: null
05-23 11:40:26.190 D/AT      ( 3039): AT< +CRSM: 144,0,00001F404F3A040011F0AA04020120
05-23 11:40:26.190 D/AT      ( 3039): AT< OK
05-23 11:40:26.190 I/RIL     ( 3039): ------ VendorRIL onRequest: SIM_IO ------
05-23 11:40:26.190 D/AT      ( 3039): AT> AT+CRSM=192,28481,0,0,15
05-23 11:40:26.190 D/RILJ    ( 2830): [3690]< SIM_IO IccIoResponse sw1:0x90 sw2:0x0
05-23 11:40:26.190 D/RuimRecords( 2830): [RuimRecords] EF_CSIM_LI LOADED
05-23 11:40:26.190 E/RuimRecords( 2830): [RuimRecords] Record Load Exception: com.android.internal.telephony.uicc.IccFileTypeMismatch
05-23 11:40:26.190 D/RuimRecords( 2830): [RuimRecords] onRecordLoaded 7 requested: true
05-23 11:40:26.250 D/AT      ( 3039): AT< +CRSM: 148,4
05-23 11:40:26.250 D/AT      ( 3039): AT< ERROR
05-23 11:40:26.250 I/RIL     ( 3039): ------ VendorRIL onRequest: SIM_IO ------
05-23 11:40:26.250 D/AT      ( 3039): AT> AT+CRSM=192,28484,0,0,15
05-23 11:40:26.250 D/RilRequest( 2830): [3691]< SIM_IO error: com.android.internal.telephony.CommandException: GENERIC_FAILURE ret=
05-23 11:40:26.250 D/RuimRecords( 2830): [RuimRecords] EF_CSIM_SPN LOADED
05-23 11:40:26.250 E/RuimRecords( 2830): [RuimRecords] Record Load Exception: com.android.internal.telephony.CommandException: GENERIC_FAILURE
05-23 11:40:26.250 D/RuimRecords( 2830): [RuimRecords] onRecordLoaded 6 requested: true
05-23 11:40:26.320 D/AT      ( 3039): AT< +CRSM: 144,0,000001406F44044011F0AA04020320
05-23 11:40:26.320 D/AT      ( 3039): AT< OK
05-23 11:40:26.320 I/RIL     ( 3039): ------ VendorRIL onRequest: SIM_IO ------
05-23 11:40:26.320 D/AT      ( 3039): AT> AT+CRSM=192,28450,0,0,15
05-23 11:40:26.320 D/RILJ    ( 2830): [3692]< SIM_IO IccIoResponse sw1:0x90 sw2:0x0
05-23 11:40:26.320 D/RuimRecords( 2830): [RuimRecords] EF_CSIM_MDN LOADED
05-23 11:40:26.320 E/RuimRecords( 2830): [RuimRecords] Record Load Exception: com.android.internal.telephony.uicc.IccFileTypeMismatch
05-23 11:40:26.320 D/RuimRecords( 2830): [RuimRecords] onRecordLoaded 5 requested: true
05-23 11:40:26.330 D/AT      ( 3039): AT< ERROR
05-23 11:40:26.330 I/RIL     ( 3039): ------ VendorRIL onRequest: SIM_IO ------
05-23 11:40:26.330 D/AT      ( 3039): AT> AT+CRSM=192,28456,0,0,15
05-23 11:40:26.330 D/RilRequest( 2830): [3693]< SIM_IO error: com.android.internal.telephony.CommandException: GENERIC_FAILURE ret=
05-23 11:40:26.330 D/RuimRecords( 2830): [RuimRecords] EF_CSIM_IMSIM LOADED
05-23 11:40:26.330 E/RuimRecords( 2830): [RuimRecords] Record Load Exception: com.android.internal.telephony.CommandException: GENERIC_FAILURE
05-23 11:40:26.330 D/RuimRecords( 2830): [RuimRecords] onRecordLoaded 4 requested: true
05-23 11:40:26.340 D/AT      ( 3039): AT< ERROR
05-23 11:40:26.340 I/RIL     ( 3039): ------ VendorRIL onRequest: SIM_IO ------
05-23 11:40:26.340 D/AT      ( 3039): AT> AT+CRSM=176,28506,0,0,4
05-23 11:40:26.340 D/RilRequest( 2830): [3694]< SIM_IO error: com.android.internal.telephony.CommandException: GENERIC_FAILURE ret=
05-23 11:40:26.340 D/RuimRecords( 2830): [RuimRecords] EF_CSIM_CDMAHOME LOADED
05-23 11:40:26.340 E/RuimRecords( 2830): [RuimRecords] Record Load Exception: com.android.internal.telephony.CommandException: GENERIC_FAILURE
05-23 11:40:26.340 D/RuimRecords( 2830): [RuimRecords] onRecordLoaded 3 requested: true
05-23 11:40:26.350 D/AT      ( 3039): AT< ERROR
05-23 11:40:26.350 I/RIL     ( 3039): ------ VendorRIL onRequest: CDMA_SUBSCRIPTION ------
05-23 11:40:26.350 I/RIL     ( 3039): ------ VendorRIL onRequest: REPORT_STK_SERVICE_IS_RUNNING ------
05-23 11:40:26.350 I/RIL     ( 3039): --- VendorRIL not supported: RIL_REQUEST_REPORT_STK_SERVICE_IS_RUNNING ---
05-23 11:40:26.350 I/RIL     ( 3039): ------ VendorRIL onRequest: SET_PREFERRED_NETWORK_TYPE ------
05-23 11:40:26.350 D/RIL     ( 3039): requestSetPreferredNetworkType: current: 1. New: 1
05-23 11:40:26.350 I/RIL     ( 3039): ------ VendorRIL onRequest: SET_NETWORK_SELECTION_AUTOMATIC ------
05-23 11:40:26.350 D/AT      ( 3039): AT> AT+COPS=0
05-23 11:40:26.350 D/RilRequest( 2830): [3695]< SIM_IO error: com.android.internal.telephony.CommandException: GENERIC_FAILURE ret=
05-23 11:40:26.350 D/RilRequest( 2830): [3696]< RIL_REQUEST_CDMA_SUBSCRIPTION error: com.android.internal.telephony.CommandException: MODE_NOT_SUPPORTED ret=
05-23 11:40:26.350 D/RILJ    ( 2830): [3698]< REQUEST_SET_PREFERRED_NETWORK_TYPE 
05-23 11:40:26.350 D/RuimRecords( 2830): [RuimRecords] EF_CSIM_EPRL LOADED
05-23 11:40:26.350 E/RuimRecords( 2830): [RuimRecords] Record Load Exception: com.android.internal.telephony.CommandException: GENERIC_FAILURE
05-23 11:40:26.350 D/RuimRecords( 2830): [RuimRecords] onRecordLoaded 2 requested: true
05-23 11:40:26.380 D/AT      ( 3039): AT< OK
05-23 11:40:26.380 I/RIL     ( 3039): ------ VendorRIL onRequest: OPERATOR ------
05-23 11:40:26.380 D/AT      ( 3039): AT> AT+COPS=3,0;+COPS?;+COPS=3,1;+COPS?;+COPS=3,2;+COPS?
05-23 11:40:26.430 D/AT      ( 3039): AT< +COPS: 0
05-23 11:40:26.430 D/AT      ( 3039): AT< +COPS: 0
05-23 11:40:26.430 D/AT      ( 3039): AT< +COPS: 0
05-23 11:40:26.430 D/AT      ( 3039): AT< OK
05-23 11:40:26.430 D/RIL     ( 3039): [VendorRIL] requestOperator result: [0] = CAN Rogers Wirel
05-23 11:40:26.430 D/RIL     ( 3039): [VendorRIL] requestOperator result: [1] = ROGERS
05-23 11:40:26.430 D/RIL     ( 3039): [VendorRIL] requestOperator result: [2] = 302720
05-23 11:40:26.430 I/RIL     ( 3039): ------ VendorRIL onRequest: DATA_REGISTRATION_STATE ------
05-23 11:40:26.430 D/RIL     ( 3039): VendorRIL: requestRegistrationState >>>>>>>>>
05-23 11:40:26.430 D/AT      ( 3039): AT> AT+CGREG?
05-23 11:40:26.430 D/RILJ    ( 2830): [3700]< OPERATOR {CAN Rogers Wirel, ROGERS, 302720}
05-23 11:40:26.450 D/AT      ( 3039): AT< +CGREG: 1,2
05-23 11:40:26.450 D/AT      ( 3039): AT< OK
05-23 11:40:26.450 D/RIL     ( 3039): [DATA_REGISTRATION] response=+CGREG: 1,2
05-23 11:40:26.450 D/RIL     ( 3039): parseRegistrationState. Parsing: +CGREG: 1,2
05-23 11:40:26.450 D/RIL     ( 3039): registration state type: 3GPP
05-23 11:40:26.450 I/RIL     ( 3039): ------ VendorRIL onRequest: VOICE_REGISTRATION_STATE ------
05-23 11:40:26.450 D/RIL     ( 3039): VendorRIL: requestRegistrationState >>>>>>>>>
05-23 11:40:26.450 D/AT      ( 3039): AT> AT+CREG?
05-23 11:40:26.450 D/RILJ    ( 2830): [3701]< DATA_REGISTRATION_STATE {2, ffffffff, ffffffff, null, null, null}
05-23 11:40:26.450 E/GsmSST  ( 2830): [GsmSST] error parsing GprsRegistrationState: java.lang.NumberFormatException: Invalid int: "null"
05-23 11:40:26.450 D/PHONE   ( 2830): [ServiceState] setDataRegState=1
05-23 11:40:26.450 D/PHONE   ( 2830): [ServiceState] setDataRadioTechnology=0
05-23 11:40:26.450 D/GsmSST  ( 2830): [GsmSST] handlPollStateResultMessage: GsmSST setDataRegState=1 regState=2 dataRadioTechnology=0
05-23 11:40:26.450 D/AT      ( 3039): AT< +CREG: 2,2
05-23 11:40:26.450 D/AT      ( 3039): AT< OK
05-23 11:40:26.450 D/RIL     ( 3039): [VOICE_REGISTRATION] response=+CREG: 2,2
05-23 11:40:26.450 D/RIL     ( 3039): parseRegistrationState. Parsing: +CREG: 2,2
05-23 11:40:26.450 D/RIL     ( 3039): registration state type: 3GPP
05-23 11:40:26.450 I/RIL     ( 3039): ------ VendorRIL onRequest: QUERY_NETWORK_SELECTION_MODE ------
05-23 11:40:26.450 D/AT      ( 3039): AT> AT+COPS?
05-23 11:40:26.450 D/RILJ    ( 2830): [3702]< VOICE_REGISTRATION_STATE {2, ffffffff, ffffffff, null, null, null, null, null, null, null, null, null, null, null, null}
05-23 11:40:26.460 E/GsmSST  ( 2830): [GsmSST] error parsing RegistrationState: java.lang.NumberFormatException: Invalid int: "ffffffff"
05-23 11:40:26.460 D/PHONE   ( 2830): [ServiceState] setVoiceRegState=1
05-23 11:40:26.460 E/PHONE   ( 2830): [ServiceState] setState deprecated use setVoiceRegState()
05-23 11:40:26.470 D/AT      ( 3039): AT< +COPS: 0
05-23 11:40:26.470 D/AT      ( 3039): AT< OK
05-23 11:40:26.470 D/RIL     ( 3039): >>> QueryNetworkSelectionMode, response=0
05-23 11:40:26.470 I/RIL     ( 3039): ------ VendorRIL onRequest: SIM_IO ------
05-23 11:40:26.470 D/AT      ( 3039): AT> AT+CRSM=176,12258,0,0,10
05-23 11:40:26.470 D/RILJ    ( 2830): [3703]< QUERY_NETWORK_SELECTION_MODE {0}
05-23 11:40:26.470 D/GsmSST  ( 2830): [GsmSST] Poll ServiceState done:  oldSS=[1 1 home CAN Rogers Wirel ROGERS 302720  none none CSS not supported -1 -1 RoamInd=-1 DefRoamInd=-1 EmergOnly=false] newSS=[1 1 home CAN Rogers Wirel ROGERS 302720  none none CSS not supported -1 -1 RoamInd=-1 DefRoamInd=-1 EmergOnly=false] oldMaxDataCalls=1 mNewMaxDataCalls=1 oldReasonDataDenied=-1 mNewReasonDataDenied=-1
05-23 11:40:26.470 D/PHONE   ( 2830): [ServiceState] setNullState=1
05-23 11:40:26.540 D/AT      ( 3039): AT< +CRSM: 144,0,98033207130360835283
05-23 11:40:26.540 D/AT      ( 3039): AT< OK
05-23 11:40:26.540 I/RIL     ( 3039): ------ VendorRIL onRequest: SIM_IO ------
05-23 11:40:26.540 D/AT      ( 3039): AT> AT+CRSM=178,28480,1,4,32
05-23 11:40:26.540 D/RILJ    ( 2830): [3704]< SIM_IO IccIoResponse sw1:0x90 sw2:0x0
05-23 11:40:26.540 D/SIMRecords( 2830): [SIMRecords] iccid: 89302370313006382538
05-23 11:40:26.550 D/SIMRecords( 2830): [SIMRecords] onRecordLoaded 12 requested: true
05-23 11:40:26.640 D/AT      ( 3039): AT< +CRSM: 144,0,FFFFFFFFFFFFFFFFFFFFFFFFFFFFFFFFFFFF07915141655908F0FFFFFFFFFFFF
05-23 11:40:26.640 D/AT      ( 3039): AT< OK
05-23 11:40:26.640 I/RIL     ( 3039): ------ VendorRIL onRequest: SIM_IO ------
05-23 11:40:26.640 D/AT      ( 3039): AT> AT+CRSM=178,28617,1,4,12
05-23 11:40:26.640 D/RILJ    ( 2830): [3705]< SIM_IO IccIoResponse sw1:0x90 sw2:0x0
05-23 11:40:26.660 D/SIMRecords( 2830): [SIMRecords] MSISDN: xxxxxxx
05-23 11:40:26.660 D/SIMRecords( 2830): [SIMRecords] onRecordLoaded 11 requested: true
05-23 11:40:26.690 D/AT      ( 3039): AT< +CRSM: 144,0,010000000000000000000000
05-23 11:40:26.690 D/AT      ( 3039): AT< OK
05-23 11:40:26.690 I/RIL     ( 3039): ------ VendorRIL onRequest: SIM_IO ------
05-23 11:40:26.690 D/AT      ( 3039): AT> AT+CRSM=176,28589,0,0,4
05-23 11:40:26.690 D/RILJ    ( 2830): [3706]< SIM_IO IccIoResponse sw1:0x90 sw2:0x0
05-23 11:40:26.690 D/SIMRecords( 2830): [SIMRecords] EF_MBI: 010000000000000000000000
05-23 11:40:26.690 D/SIMRecords( 2830): [SIMRecords] Got valid mailbox number for MBDN
05-23 11:40:26.690 D/RILJ    ( 2830): [3719]> iccIO: SIM_IO 0xc0 0x6fc7  path: 3F007F20,0,0,15 aid: null
05-23 11:40:26.690 D/SIMRecords( 2830): [SIMRecords] onRecordLoaded 11 requested: true
05-23 11:40:26.740 D/AT      ( 3039): AT< +CRSM: 144,0,00000003
05-23 11:40:26.740 D/AT      ( 3039): AT< OK
05-23 11:40:26.740 I/RIL     ( 3039): ------ VendorRIL onRequest: SIM_IO ------
05-23 11:40:26.740 D/AT      ( 3039): AT> AT+CRSM=178,28618,1,4,5
05-23 11:40:26.750 D/RILJ    ( 2830): [3707]< SIM_IO IccIoResponse sw1:0x90 sw2:0x0
05-23 11:40:26.750 D/SIMRecords( 2830): [SIMRecords] EF_AD: 00000003
05-23 11:40:26.750 D/SIMRecords( 2830): [SIMRecords] onRecordLoaded 10 requested: true
05-23 11:40:26.800 D/AT      ( 3039): AT< +CRSM: 144,0,0000000000
05-23 11:40:26.800 D/AT      ( 3039): AT< OK
05-23 11:40:26.800 I/RIL     ( 3039): ------ VendorRIL onRequest: SIM_IO ------
05-23 11:40:26.800 D/AT      ( 3039): AT> AT+CRSM=178,28619,1,4,16
05-23 11:40:26.800 D/RILJ    ( 2830): [3708]< SIM_IO IccIoResponse sw1:0x90 sw2:0x0
05-23 11:40:26.800 D/SIMRecords( 2830): [SIMRecords] EF_MWIS: 0000000000
05-23 11:40:26.800 D/SIMRecords( 2830): [SIMRecords] onRecordLoaded 9 requested: true
05-23 11:40:26.880 D/AT      ( 3039): AT< +CRSM: 144,0,0100FFFFFFFFFFFFFFFFFFFFFFFFFFFF
05-23 11:40:26.880 D/AT      ( 3039): AT< OK
05-23 11:40:26.880 I/RIL     ( 3039): ------ VendorRIL onRequest: SIM_IO ------
05-23 11:40:26.880 D/AT      ( 3039): AT> AT+CRSM=176,28486,0,0,17
05-23 11:40:26.880 D/RILJ    ( 2830): [3709]< SIM_IO IccIoResponse sw1:0x90 sw2:0x0
05-23 11:40:26.880 D/SIMRecords( 2830): [SIMRecords] EF_CFIS: 0100ffffffffffffffffffffffffffff
05-23 11:40:26.880 D/SIMRecords( 2830): [SIMRecords] EF_CFIS: callForwardingEnabled=false
05-23 11:40:26.880 D/SIMRecords( 2830): [SIMRecords] onRecordLoaded 8 requested: true
05-23 11:40:26.930 D/AT      ( 3039): AT< +CRSM: 144,0,00FFFFFFFFFFFFFFFFFFFFFFFFFFFFFFFF
05-23 11:40:26.930 D/AT      ( 3039): AT< OK
05-23 11:40:26.930 I/RIL     ( 3039): ------ VendorRIL onRequest: SIM_IO ------
05-23 11:40:26.930 D/AT      ( 3039): AT> AT+CRSM=176,28621,0,0,19
05-23 11:40:26.930 D/RILJ    ( 2830): [3710]< SIM_IO IccIoResponse sw1:0x90 sw2:0x0
05-23 11:40:26.930 D/SIMRecords( 2830): [SIMRecords] Load EF_SPN:  spnDisplayCondition: 0
05-23 11:40:26.930 D/SIMRecords( 2830): [SIMRecords] onRecordLoaded 7 requested: true
05-23 11:40:27.000 D/AT      ( 3039): AT< +CRSM: 144,0,A311800FFFFFFFFFFFFFFFFFFFFFFFFFFFFFFF
05-23 11:40:27.000 D/AT      ( 3039): AT< OK
05-23 11:40:27.000 I/RIL     ( 3039): ------ VendorRIL onRequest: SIM_IO ------
05-23 11:40:27.010 D/AT      ( 3039): AT> AT+CRSM=178,28613,1,4,20
05-23 11:40:27.010 D/RILJ    ( 2830): [3711]< SIM_IO IccIoResponse sw1:0x90 sw2:0x0
05-23 11:40:27.010 D/SIMRecords( 2830): [SIMRecords] onRecordLoaded 6 requested: true
05-23 11:40:27.080 D/AT      ( 3039): AT< +CRSM: 144,0,430584C634F90DFFFFFFFFFFFFFFFFFFFFFFFFFF
05-23 11:40:27.080 D/AT      ( 3039): AT< OK
05-23 11:40:27.080 I/RIL     ( 3039): ------ VendorRIL onRequest: SIM_IO ------
05-23 11:40:27.080 D/AT      ( 3039): AT> AT+CRSM=176,28472,0,0,11
05-23 11:40:27.080 D/RILJ    ( 2830): [3712]< SIM_IO IccIoResponse sw1:0x90 sw2:0x0
05-23 11:40:27.080 D/SIMRecords( 2830): [SIMRecords] onRecordLoaded 5 requested: true
05-23 11:40:27.120 D/AT      ( 3039): AT< +CRSM: 144,0,9ECB17AC27F60500400240
05-23 11:40:27.120 D/AT      ( 3039): AT< OK
05-23 11:40:27.120 I/RIL     ( 3039): ------ VendorRIL onRequest: SIM_IO ------
05-23 11:40:27.120 D/AT      ( 3039): AT> AT+CRSM=176,28438,0,0,3
05-23 11:40:27.120 D/RILJ    ( 2830): [3713]< SIM_IO IccIoResponse sw1:0x90 sw2:0x0
05-23 11:40:27.120 D/SIMRecords( 2830): [SIMRecords] SST: UsimServiceTable[88]={ FDN, FDN_EXTENSION, SDN, SDN_EXTENSION, OUTGOING_CALL_INFO, INCOMING_CALL_INFO, SM_STORAGE, SM_SERVICE_PARAMS, CB_MESSAGE_ID, CB_MESSAGE_ID_RANGES, GROUP_ID_LEVEL_1, GROUP_ID_LEVEL_2, SPN, MSISDN, GSM_ACCESS, DATA_DL_VIA_SMS_PP, CALL_CONTROL_BY_USIM, RUN_AT_COMMAND, IGNORED_1, ENABLED_SERVICES_TABLE, APN_CONTROL_LIST, GSM_SECURITY_CONTEXT, OPERATOR_PLMN_SELECT, HPLMN_SELECT, PLMN_NETWORK_NAME, OPERATOR_PLMN_LIST, MBDN, MWI_STATUS, CFI_STATUS, SERVICE_PROVIDER_DISPLAY_INFO, EQUIVALENT_HPLMN, LAST_RPLMN_SELECTION_INDICATION, CALL_CONTROL_ON_EPS_PDN_CONNECTION_BY_USIM }
05-23 11:40:27.120 D/SIMRecords( 2830): [SIMRecords] onRecordLoaded 4 requested: true
05-23 11:40:27.190 D/AT      ( 3039): AT< +CRSM: 144,0,023303
05-23 11:40:27.190 D/AT      ( 3039): AT< OK
05-23 11:40:27.190 I/RIL     ( 3039): ------ VendorRIL onRequest: SIM_IO ------
05-23 11:40:27.190 D/AT      ( 3039): AT> AT+CRSM=176,28437,0,0,26
05-23 11:40:27.190 D/RILJ    ( 2830): [3714]< SIM_IO IccIoResponse sw1:0x90 sw2:0x0
05-23 11:40:27.190 D/SIMRecords( 2830): [SIMRecords] iCPHS: 023303
05-23 11:40:27.190 D/SIMRecords( 2830): [SIMRecords] onRecordLoaded 3 requested: true
05-23 11:40:27.260 D/AT      ( 3039): AT< +CRSM: 144,0,01F002C0038004C005F00600070008830984C0DDFF00FF00FF00
05-23 11:40:27.260 D/AT      ( 3039): AT< OK
05-23 11:40:27.260 I/RIL     ( 3039): ------ VendorRIL onRequest: SIM_IO ------
05-23 11:40:27.260 D/AT      ( 3039): AT> AT+CRSM=176,28478,0,0,1
05-23 11:40:27.260 D/RILJ    ( 2830): [3715]< SIM_IO IccIoResponse sw1:0x90 sw2:0x0
05-23 11:40:27.260 D/SIMRecords( 2830): [SIMRecords] EF_CSP: 01f002c0038004c005f00600070008830984c0ddff00ff00ff00
05-23 11:40:27.260 D/SIMRecords( 2830): [SIMRecords] [CSP] found ValueAddedServicesGroup, value -35
05-23 11:40:27.260 D/SIMRecords( 2830): [SIMRecords] onRecordLoaded 2 requested: true
05-23 11:40:27.320 D/AT      ( 3039): AT< +CRSM: 144,0,DD
05-23 11:40:27.320 D/AT      ( 3039): AT< OK
05-23 11:40:27.320 I/RIL     ( 3039): ------ VendorRIL onRequest: SIM_IO ------
05-23 11:40:27.320 D/AT      ( 3039): AT> AT+CRSM=176,12258,0,0,10
05-23 11:40:27.320 D/RILJ    ( 2830): [3716]< SIM_IO IccIoResponse sw1:0x90 sw2:0x0
05-23 11:40:27.320 D/SIMRecords( 2830): [SIMRecords] GID1: dd
05-23 11:40:27.320 D/SIMRecords( 2830): [SIMRecords] onRecordLoaded 1 requested: true
05-23 11:40:27.400 D/AT      ( 3039): AT< +CRSM: 144,0,98033207130360835283
05-23 11:40:27.400 D/AT      ( 3039): AT< OK
05-23 11:40:27.400 I/RIL     ( 3039): ------ VendorRIL onRequest: SIM_IO ------
05-23 11:40:27.400 D/AT      ( 3039): AT> AT+CRSM=176,12037,0,0,10
05-23 11:40:27.400 D/RILJ    ( 2830): [3717]< SIM_IO IccIoResponse sw1:0x90 sw2:0x0
05-23 11:40:27.400 D/RuimRecords( 2830): [RuimRecords] iccid: 89302370313006382538
05-23 11:40:27.400 D/RuimRecords( 2830): [RuimRecords] onRecordLoaded 1 requested: true
05-23 11:40:27.530 D/AT      ( 3039): AT< +CRSM: 144,0,656EFFFFFFFFFFFFFFFF
05-23 11:40:27.530 D/AT      ( 3039): AT< OK
05-23 11:40:27.530 D/RILJ    ( 2830): [3718]< SIM_IO IccIoResponse sw1:0x90 sw2:0x0
05-23 11:40:27.530 I/RIL     ( 3039): ------ VendorRIL onRequest: SIM_IO ------
05-23 11:40:27.530 D/AT      ( 3039): AT> AT+CRSM=192,28615,0,0,15
05-23 11:40:27.530 D/RuimRecords( 2830): [RuimRecords] EF_PL LOADED
05-23 11:40:27.530 D/RuimRecords( 2830): [RuimRecords] EF_PL=656effffffffffffffff
05-23 11:40:27.530 D/RuimRecords( 2830): [RuimRecords] onRecordLoaded 0 requested: true
05-23 11:40:27.530 D/RuimRecords( 2830): [RuimRecords] record load complete
05-23 11:40:27.530 D/RuimRecords( 2830): [RuimRecords] onAllRecordsLoaded empty 'gsm.sim.operator.numeric' skipping
05-23 11:40:27.530 D/RuimRecords( 2830): [RuimRecords] onAllRecordsLoaded empty imsi skipping setting mcc
05-23 11:40:27.540 D/RuimRecords( 2830): [RuimRecords] Setting locale to en_null
05-23 11:40:27.580 D/AT      ( 3039): AT< +CRSM: 144,0,000000306FC7040011F0AA04020118
05-23 11:40:27.580 D/AT      ( 3039): AT< OK
05-23 11:40:27.580 D/RILJ    ( 2830): [3719]< SIM_IO IccIoResponse sw1:0x90 sw2:0x0
05-23 11:40:27.580 D/RILJ    ( 2830): [3720]> iccIO: SIM_IO 0xb2 0x6fc7  path: 3F007F20,1,4,24 aid: null
05-23 11:40:27.590 I/RIL     ( 3039): ------ VendorRIL onRequest: SIM_IO ------
05-23 11:40:27.590 D/AT      ( 3039): AT> AT+CRSM=178,28615,1,4,24
05-23 11:40:27.640 D/AT      ( 3039): AT< +CRSM: 144,0,566F6963656D61696CFF07914161286145F9FFFFFFFFFFFF
05-23 11:40:27.640 D/AT      ( 3039): AT< OK
05-23 11:40:27.640 D/RILJ    ( 2830): [3720]< SIM_IO IccIoResponse sw1:0x90 sw2:0x0
05-23 11:40:27.640 D/SIMRecords( 2830): [SIMRecords] VM: ADN Record 'Voicemail' '+14168216549 null' EF[MBDN]
05-23 11:40:27.640 D/SIMRecords( 2830): [SIMRecords] onRecordLoaded 0 requested: true
05-23 11:40:27.640 D/SIMRecords( 2830): [SIMRecords] record load complete
05-23 11:40:27.640 D/SIMRecords( 2830): [SIMRecords] getOperatorNumeric: IMSI == null
05-23 11:40:27.640 D/SIMRecords( 2830): [SIMRecords] onAllRecordsLoaded empty 'gsm.sim.operator.numeric' skipping
05-23 11:40:27.640 D/SIMRecords( 2830): [SIMRecords] onAllRecordsLoaded empty imsi skipping setting mcc
05-23 11:40:27.640 D/SIMRecords( 2830): [SIMRecords] getOperatorNumeric: IMSI == null
05-23 11:40:27.900 D/GsmSST  ( 2830): [GsmSST] EVENT_SIM_RECORDS_LOADED: what=16
05-23 11:40:27.900 D/PhoneProxy( 2830): [PhoneProxy] updatePhoneObject: radioTechnology=0
05-23 11:40:27.900 D/GsmSST  ( 2830): [GsmSST] updateSpnDisplay: radio is on but out of service, set plmn='No service.'
05-23 11:40:27.900 D/DCT     ( 2830): handleMessage msg={ when=-254ms what=270338 obj=android.os.AsyncResult@419d27b0 target=com.android.internal.telephony.dataconnection.DcTracker }
05-23 11:40:27.900 D/DCT     ( 2830): onRecordsLoaded: createAllApnList
05-23 11:40:27.900 D/SIMRecords( 2830): [SIMRecords] getOperatorNumeric: IMSI == null
05-23 11:40:27.900 D/SIMRecords( 2830): [SIMRecords] getOperatorNumeric: IMSI == null
05-23 11:40:27.900 D/DCT     ( 2830): createAllApnList, r:SimRecords: mDestroyed=false mContext=com.android.phone.PhoneGlobals@418b09c8 mCi=com.android.internal.telephony.RIL@418b4e00 mFh=Handler (com.android.internal.telephony.uicc.SIMFileHandler) {41976e78} mParentApp=com.android.internal.telephony.uicc.UiccCardApplication@41975d88 recordsLoadedRegistrants=android.os.RegistrantList@41979930 mImsiReadyRegistrants=android.os.RegistrantList@41979958 mRecordsEventsRegistrants=android.os.RegistrantList@41979980 mNewSmsRegistrants=android.os.RegistrantList@419799a8 mNetworkSelectionModeAutomaticRegistrants=android.os.RegistrantList@419799d0 recordsToLoad=0 adnCache=Handler (com.android.internal.telephony.uicc.AdnRecordCache) {41979ad0} recordsRequested=true iccid=89302370313006382538 msisdn=+15145695800 msisdnTag= voiceMailNum=+14168216549 voiceMailTag=Voicemail newVoiceMailNum=null newVoiceMailTag=null isVoiceMailFixed=false countVoiceMessages=0 mImsi=null mncLength=3 mailboxIndex=1 spn= mVmConfigcom.android.internal.telephony.uicc.VoiceMailConstants@4197a280 mSpnOverride=mSpnOverride callForwardingEnabled=false spnState=IDLE mCphsInfo=[B@419c92e8 mCspPlmnEnabled=true efMWIS=[B@419c0b20 efCPHS_MWI=null mEfCff=null mEfCfis=[B@419c1390 getOperatorNumeric=null, operator:null
05-23 11:40:27.900 D/DCT     ( 2830): createAllApnList: No APN found for carrier: null
05-23 11:40:27.900 D/DCT     ( 2830): createAllApnList: X mAllApnSettings=[]
05-23 11:40:27.900 D/DCT     ( 2830): setInitialApn: E mPreferredApn=null
05-23 11:40:27.900 D/DCT     ( 2830): setInitialAttachApn: X There in no available apn
05-23 11:40:27.900 D/DCT     ( 2830): onRecordsLoaded: notifying data availability
05-23 11:40:27.900 D/DCT     ( 2830): isDataAllowed: not allowed due to - Attached= false
05-23 11:40:27.900 D/DCT     ( 2830): [ApnContext:fota] getApnSetting: apnSetting=null
05-23 11:40:27.910 D/DCT     ( 2830): isDataAllowed: not allowed due to - Attached= false
05-23 11:40:27.910 D/DCT     ( 2830): [ApnContext:supl] getApnSetting: apnSetting=null
05-23 11:40:27.910 D/DCT     ( 2830): isDataAllowed: not allowed due to - Attached= false
05-23 11:40:27.910 D/DCT     ( 2830): [ApnContext:hipri] getApnSetting: apnSetting=null
05-23 11:40:27.920 D/DCT     ( 2830): isDataAllowed: not allowed due to - Attached= false
05-23 11:40:27.920 D/DCT     ( 2830): [ApnContext:ims] getApnSetting: apnSetting=null
05-23 11:40:27.940 D/DCT     ( 2830): isDataAllowed: not allowed due to - Attached= false
05-23 11:40:27.940 D/DCT     ( 2830): [ApnContext:default] getApnSetting: apnSetting=null
05-23 11:40:28.210 D/DCT     ( 2830): isDataAllowed: not allowed due to - Attached= false
05-23 11:40:28.210 D/DCT     ( 2830): [ApnContext:mms] getApnSetting: apnSetting=null
05-23 11:40:28.220 D/DCT     ( 2830): isDataAllowed: not allowed due to - Attached= false
05-23 11:40:28.220 D/DCT     ( 2830): [ApnContext:cbs] getApnSetting: apnSetting=null
05-23 11:40:28.430 D/DCT     ( 2830): setupDataOnConnectableApns: simLoaded
05-23 11:40:28.430 D/DCT     ( 2830): setupDataOnConnectableApns: apnContext {mApnType=hipri mState=IDLE mWaitingApns={null} mWaitingApnsPermanentFailureCountDown=0 mApnSetting={null} mReason=radioTurnedOff mDataEnabled=false mDependencyMet=true}
05-23 11:40:28.430 D/DCT     ( 2830): setupDataOnConnectableApns: apnContext {mApnType=mms mState=IDLE mWaitingApns={null} mWaitingApnsPermanentFailureCountDown=0 mApnSetting={null} mReason=radioTurnedOff mDataEnabled=false mDependencyMet=true}
05-23 11:40:28.430 D/DCT     ( 2830): setupDataOnConnectableApns: apnContext {mApnType=supl mState=IDLE mWaitingApns={null} mWaitingApnsPermanentFailureCountDown=0 mApnSetting={null} mReason=radioTurnedOff mDataEnabled=false mDependencyMet=true}
05-23 11:40:28.430 D/DCT     ( 2830): setupDataOnConnectableApns: apnContext {mApnType=default mState=IDLE mWaitingApns={null} mWaitingApnsPermanentFailureCountDown=0 mApnSetting={null} mReason=radioTurnedOff mDataEnabled=true mDependencyMet=true}
05-23 11:40:28.430 D/DCT     ( 2830): setupDataOnConnectableApns: isConnectable() call trySetupData
05-23 11:40:28.430 D/DCT     ( 2830): trySetupData for type:default due to simLoaded apnContext={mApnType=default mState=IDLE mWaitingApns={null} mWaitingApnsPermanentFailureCountDown=0 mApnSetting={null} mReason=simLoaded mDataEnabled=true mDependencyMet=true}
05-23 11:40:28.430 D/DCT     ( 2830): trySetupData with mIsPsRestricted=false
05-23 11:40:28.430 D/DCT     ( 2830): isDataAllowed: not allowed due to - Attached= false
05-23 11:40:28.430 D/DCT     ( 2830): isDataAllowed: not allowed due to - Attached= false
05-23 11:40:28.430 D/DCT     ( 2830): [ApnContext:fota] getApnSetting: apnSetting=null
05-23 11:40:28.440 D/DCT     ( 2830): isDataAllowed: not allowed due to - Attached= false
05-23 11:40:28.440 D/DCT     ( 2830): [ApnContext:supl] getApnSetting: apnSetting=null
05-23 11:40:28.480 D/DCT     ( 2830): isDataAllowed: not allowed due to - Attached= false
05-23 11:40:28.480 D/DCT     ( 2830): [ApnContext:hipri] getApnSetting: apnSetting=null
05-23 11:40:28.480 D/DCT     ( 2830): isDataAllowed: not allowed due to - Attached= false
05-23 11:40:28.480 D/DCT     ( 2830): [ApnContext:ims] getApnSetting: apnSetting=null
05-23 11:40:28.490 D/DCT     ( 2830): isDataAllowed: not allowed due to - Attached= false
05-23 11:40:28.490 D/DCT     ( 2830): [ApnContext:default] getApnSetting: apnSetting=null
05-23 11:40:28.490 D/DCT     ( 2830): isDataAllowed: not allowed due to - Attached= false
05-23 11:40:28.490 D/DCT     ( 2830): [ApnContext:mms] getApnSetting: apnSetting=null
05-23 11:40:28.490 D/DCT     ( 2830): isDataAllowed: not allowed due to - Attached= false
05-23 11:40:28.490 D/DCT     ( 2830): [ApnContext:cbs] getApnSetting: apnSetting=null
05-23 11:40:28.500 D/DCT     ( 2830): trySetupData: X apnContext not 'ready' retValue=false
05-23 11:40:28.500 D/DCT     ( 2830): setupDataOnConnectableApns: apnContext {mApnType=fota mState=IDLE mWaitingApns={null} mWaitingApnsPermanentFailureCountDown=0 mApnSetting={null} mReason=radioTurnedOff mDataEnabled=false mDependencyMet=true}
05-23 11:40:28.500 D/DCT     ( 2830): setupDataOnConnectableApns: apnContext {mApnType=ims mState=IDLE mWaitingApns={null} mWaitingApnsPermanentFailureCountDown=0 mApnSetting={null} mReason=radioTurnedOff mDataEnabled=false mDependencyMet=true}
05-23 11:40:28.500 D/DCT     ( 2830): setupDataOnConnectableApns: apnContext {mApnType=cbs mState=IDLE mWaitingApns={null} mWaitingApnsPermanentFailureCountDown=0 mApnSetting={null} mReason=radioTurnedOff mDataEnabled=false mDependencyMet=true}
05-23 11:40:28.500 D/IccCardProxy( 2830): Broadcasting intent ACTION_SIM_STATE_CHANGED LOADED reason null
05-23 11:40:28.500 D/PhoneProxy( 2830): [PhoneProxy] phoneObjectUpdater: newVoiceRadioTech=0
05-23 11:40:28.500 D/PhoneProxy( 2830): [PhoneProxy] phoneObjectUpdater: Unknown rat ignore,  newVoiceRadioTech=Unknown. mActivePhone=GSM
05-23 11:40:38.690 D/AT      ( 3039): AT< +PB_READY
05-23 11:40:43.080 D/RILJ    ( 2830): [3721]> SIGNAL_STRENGTH
05-23 11:40:43.080 I/RIL     ( 3039): ------ VendorRIL onRequest: SIGNAL_STRENGTH ------
05-23 11:40:43.080 D/AT      ( 3039): AT> AT+CSQ
05-23 11:40:43.090 D/AT      ( 3039): AT< +CSQ: 99,99
05-23 11:40:43.090 D/AT      ( 3039): AT< OK
05-23 11:40:43.090 I/RIL     ( 3039): ------ VendorRIL SignalStrength: 99, 99 ------
05-23 11:40:43.090 E/RILC    ( 3039): invalid response length
05-23 11:40:43.090 D/RilRequest( 2830): [3721]< SIGNAL_STRENGTH error: com.android.internal.telephony.CommandException: INVALID_RESPONSE ret=
05-23 11:40:43.090 D/GsmSST  ( 2830): [GsmSST] onSignalStrengthResult() Exception from RIL : com.android.internal.telephony.CommandException: INVALID_RESPONSE
05-23 11:41:02.490 D/PhoneNumberUtils( 2830): System property doesn't provide any emergency numbers. Use embedded logic for determining ones.
05-23 11:41:02.690 D/PhoneNumberUtils( 2830): System property doesn't provide any emergency numbers. Use embedded logic for determining ones.
05-23 11:41:02.760 D/PhoneNumberUtils( 2830): System property doesn't provide any emergency numbers. Use embedded logic for determining ones.
05-23 11:41:02.860 D/PhoneNumberUtils( 2830): System property doesn't provide any emergency numbers. Use embedded logic for determining ones.
05-23 11:41:02.890 D/PhoneNumberUtils( 2830): System property doesn't provide any emergency numbers. Use embedded logic for determining ones.
05-23 11:41:02.920 D/PhoneNumberUtils( 2830): System property doesn't provide any emergency numbers. Use embedded logic for determining ones.
05-23 11:41:03.360 D/RILJ    ( 2830): [3722]> SIGNAL_STRENGTH
05-23 11:41:03.370 I/RIL     ( 3039): ------ VendorRIL onRequest: SIGNAL_STRENGTH ------
05-23 11:41:03.370 D/AT      ( 3039): AT> AT+CSQ
05-23 11:41:03.370 D/AT      ( 3039): AT< +CSQ: 99,99
05-23 11:41:03.370 D/AT      ( 3039): AT< OK
05-23 11:41:03.370 I/RIL     ( 3039): ------ VendorRIL SignalStrength: 99, 99 ------
05-23 11:41:03.370 E/RILC    ( 3039): invalid response length
05-23 11:41:03.370 D/RilRequest( 2830): [3722]< SIGNAL_STRENGTH error: com.android.internal.telephony.CommandException: INVALID_RESPONSE ret=
05-23 11:41:03.510 D/GsmSST  ( 2830): [GsmSST] onSignalStrengthResult() Exception from RIL : com.android.internal.telephony.CommandException: INVALID_RESPONSE
05-23 11:41:10.050 D/PhoneNumberUtils( 2830): System property doesn't provide any emergency numbers. Use embedded logic for determining ones.
05-23 11:41:10.060 D/PhoneNumberUtils( 2830): System property doesn't provide any emergency numbers. Use embedded logic for determining ones.
05-23 11:41:10.280 D/PhoneNumberUtils( 2830): System property doesn't provide any emergency numbers. Use embedded logic for determining ones.
05-23 11:41:10.370 D/PhoneNumberUtils( 2830): System property doesn't provide any emergency numbers. Use embedded logic for determining ones.
05-23 11:41:10.400 D/PhoneNumberUtils( 2830): System property doesn't provide any emergency numbers. Use embedded logic for determining ones.
05-23 11:41:10.420 D/PhoneNumberUtils( 2830): System property doesn't provide any emergency numbers. Use embedded logic for determining ones.
05-23 11:41:14.700 D/SipBroadcastReceiver( 2830): onReceive: start auto registration
05-23 11:41:21.640 D/PhoneNumberUtils( 2830): System property doesn't provide any emergency numbers. Use embedded logic for determining ones.
05-23 11:41:21.660 D/PhoneNumberUtils( 2830): System property doesn't provide any emergency numbers. Use embedded logic for determining ones.
05-23 11:41:21.810 D/PhoneNumberUtils( 2830): System property doesn't provide any emergency numbers. Use embedded logic for determining ones.
05-23 11:41:21.870 D/PhoneNumberUtils( 2830): System property doesn't provide any emergency numbers. Use embedded logic for determining ones.
05-23 11:41:21.880 D/PhoneNumberUtils( 2830): System property doesn't provide any emergency numbers. Use embedded logic for determining ones.
05-23 11:41:21.890 D/PhoneNumberUtils( 2830): System property doesn't provide any emergency numbers. Use embedded logic for determining ones.
05-23 11:41:23.530 D/RILJ    ( 2830): [3723]> SIGNAL_STRENGTH
05-23 11:41:23.530 I/RIL     ( 3039): ------ VendorRIL onRequest: SIGNAL_STRENGTH ------
05-23 11:41:23.530 D/AT      ( 3039): AT> AT+CSQ
05-23 11:41:23.550 D/AT      ( 3039): AT< +CSQ: 99,99
05-23 11:41:23.550 D/AT      ( 3039): AT< OK
05-23 11:41:23.550 I/RIL     ( 3039): ------ VendorRIL SignalStrength: 99, 99 ------
05-23 11:41:23.550 E/RILC    ( 3039): invalid response length
05-23 11:41:23.550 D/RilRequest( 2830): [3723]< SIGNAL_STRENGTH error: com.android.internal.telephony.CommandException: INVALID_RESPONSE ret=
05-23 11:41:23.560 D/GsmSST  ( 2830): [GsmSST] onSignalStrengthResult() Exception from RIL : com.android.internal.telephony.CommandException: INVALID_RESPONSE
[  163.814778] disable gamme 
05-23 11:41:43.580 D/RILJ    ( 2830): [3724]> SIGNAL_STRENGTH
05-23 11:41:43.580 I/RIL     ( 3039): ------ VendorRIL onRequest: SIGNAL_STRENGTH ------
05-23 11:41:43.580 D/AT      ( 3039): AT> AT+CSQ
05-23 11:41:43.590 D/AT      ( 3039): AT< +CSQ: 99,99
05-23 11:41:43.590 D/AT      ( 3039): AT< OK
05-23 11:41:43.590 I/RIL     ( 3039): ------ VendorRIL SignalStrength: 99, 99 ------
05-23 11:41:43.590 E/RILC    ( 3039): invalid response length
05-23 11:41:43.590 D/RilRequest( 2830): [3724]< SIGNAL_STRENGTH error: com.android.internal.telephony.CommandException: INVALID_RESPONSE ret=
05-23 11:41:43.590 D/GsmSST  ( 2830): [GsmSST] onSignalStrengthResult() Exception from RIL : com.android.internal.telephony.CommandException: INVALID_RESPONSE
05-23 11:41:46.190 D/PhoneNumberUtils( 2830): System property doesn't provide any emergency numbers. Use embedded logic for determining ones.
05-23 11:41:46.190 D/PhoneNumberUtils( 2830): System property doesn't provide any emergency numbers. Use embedded logic for determining ones.
05-23 11:41:46.410 D/PhoneNumberUtils( 2830): System property doesn't provide any emergency numbers. Use embedded logic for determining ones.
05-23 11:41:46.580 D/PhoneNumberUtils( 2830): System property doesn't provide any emergency numbers. Use embedded logic for determining ones.
05-23 11:41:46.590 D/PhoneNumberUtils( 2830): System property doesn't provide any emergency numbers. Use embedded logic for determining ones.
05-23 11:41:46.590 D/PhoneNumberUtils( 2830): System property doesn't provide any emergency numbers. Use embedded logic for determining ones.
05-23 11:42:01.820 D/PhoneNumberUtils( 2830): System property doesn't provide any emergency numbers. Use embedded logic for determining ones.
05-23 11:42:01.830 D/PhoneNumberUtils( 2830): System property doesn't provide any emergency numbers. Use embedded logic for determining ones.
05-23 11:42:02.250 D/PhoneNumberUtils( 2830): System property doesn't provide any emergency numbers. Use embedded logic for determining ones.
05-23 11:42:02.300 D/PhoneNumberUtils( 2830): System property doesn't provide any emergency numbers. Use embedded logic for determining ones.
05-23 11:42:02.300 D/PhoneNumberUtils( 2830): System property doesn't provide any emergency numbers. Use embedded logic for determining ones.
05-23 11:42:02.320 D/PhoneNumberUtils( 2830): System property doesn't provide any emergency numbers. Use embedded logic for determining ones.
[  193.956191] we do not support cmd 4701 in nand drv ioctl!
[  193.964086] EXT4-fs (actc): re-mounted. Opts: (null)
[  193.977498] EXT4-fs (actc): re-mounted. Opts: (null)
[  193.989687] we do not support cmd 4701 in nand drv ioctl!
[  193.997085] EXT4-fs (actc): re-mounted. Opts: (null)
[  194.103170] EXT4-fs (actc): re-mounted. Opts: (null)
[  194.126039] EXT4-fs (actc): re-mounted. Opts: (null)
[  194.139840] EXT4-fs (actc): re-mounted. Opts: (null)
05-23 11:42:03.590 D/RILJ    ( 2830): [3725]> SIGNAL_STRENGTH
05-23 11:42:03.600 I/RIL     ( 3039): ------ VendorRIL onRequest: SIGNAL_STRENGTH ------
05-23 11:42:03.600 D/AT      ( 3039): AT> AT+CSQ
05-23 11:42:03.620 D/AT      ( 3039): AT< +CSQ: 99,99
05-23 11:42:03.620 D/AT      ( 3039): AT< OK
05-23 11:42:03.620 I/RIL     ( 3039): ------ VendorRIL SignalStrength: 99, 99 ------
05-23 11:42:03.620 E/RILC    ( 3039): invalid response length
05-23 11:42:03.620 D/RilRequest( 2830): [3725]< SIGNAL_STRENGTH error: com.android.internal.telephony.CommandException: INVALID_RESPONSE ret=
05-23 11:42:03.630 D/GsmSST  ( 2830): [GsmSST] onSignalStrengthResult() Exception from RIL : com.android.internal.telephony.CommandException: INVALID_RESPONSE
05-23 11:42:12.200 D/PhoneNumberUtils( 2830): System property doesn't provide any emergency numbers. Use embedded logic for determining ones.
05-23 11:42:12.210 D/PhoneNumberUtils( 2830): System property doesn't provide any emergency numbers. Use embedded logic for determining ones.
05-23 11:42:12.380 D/PhoneNumberUtils( 2830): System property doesn't provide any emergency numbers. Use embedded logic for determining ones.
05-23 11:42:12.430 D/PhoneNumberUtils( 2830): System property doesn't provide any emergency numbers. Use embedded logic for determining ones.
05-23 11:42:12.470 D/PhoneNumberUtils( 2830): System property doesn't provide any emergency numbers. Use embedded logic for determining ones.
05-23 11:42:12.470 D/PhoneNumberUtils( 2830): System property doesn't provide any emergency numbers. Use embedded logic for determining ones.
