

05-24 13:52:08.920 D/TelephonyManager( 1252): No /proc/cmdline exception=java.io.FileNotFoundException: /proc/cmdline: open failed: EACCES (Permission denied)
05-24 13:52:08.920 D/TelephonyManager( 1252): /proc/cmdline=
05-24 13:52:23.220 D/TelephonyManager( 2623): getLteOnCdmaMode=0 curVal=-1 product_type='' lteOnCdmaProductType=''
05-24 13:52:23.230 I/PhoneFactory( 2623): Network Mode set to 1
05-24 13:52:23.250 I/PhoneFactory( 2623): Cdma Subscription set to 1
05-24 13:52:23.280 D/RILJ    ( 2623): RIL(context, preferredNetworkType=1 cdmaSubscription=1)
05-24 13:52:23.290 D/RILJ    ( 2623): Starting RILReceiver
05-24 13:52:23.310 D/UiccController( 2623): Creating UiccController
05-24 13:52:23.310 I/PhoneFactory( 2623): Creating GSMPhone
05-24 13:52:23.390 D/TelephonyTester( 2623): register for intent action=com.android.internal.telephony.gsm.action_detached
05-24 13:52:23.390 D/TelephonyTester( 2623): register for intent action=com.android.internal.telephony.gsm.action_attached
05-24 13:52:23.420 D/PhoneBase( 2623): mDoesRilSendMultipleCallRing=true
05-24 13:52:23.420 D/PhoneBase( 2623): mCallRingDelay=3000
05-24 13:52:23.450 D/RILJ    ( 2623): setPhoneType=1 old value=0
05-24 13:52:23.480 D/DCT     ( 2623): DCT.constructor
05-24 13:52:23.500 D/Dcc     ( 2623): E ctor
05-24 13:52:23.500 D/Dcc     ( 2623): X ctor
05-24 13:52:23.500 D/DcTesterFailBrinupAll( 2623): register for intent action=com.android.internal.telephony.dataconnection.action_fail_bringup
05-24 13:52:23.500 D/DcTesterFailBrinupAll( 2623): register for intent action=com.android.internal.telephony.gsm.action_detached
05-24 13:52:23.500 D/DcTesterFailBrinupAll( 2623): register for intent action=com.android.internal.telephony.gsm.action_attached
05-24 13:52:23.500 D/DcTesterDeacativeAll( 2623): register for intent action=com.android.internal.telephony.dataconnection.action_deactivate_all
05-24 13:52:23.500 D/DcTesterDeacativeAll( 2623): register for intent action=com.android.internal.telephony.gsm.action_detached
05-24 13:52:23.500 D/DCT     ( 2623): GsmDCT.constructor
05-24 13:52:23.580 D/DCT     ( 2623): initApnContexts: E
05-24 13:52:23.580 D/DCT     ( 2623): initApnContexts: skipping unknown type=1
05-24 13:52:23.590 D/DCT     ( 2623): initApnContexts: apnContext={mApnType=default mState=IDLE mWaitingApns={null} mWaitingApnsPermanentFailureCountDown=0 mApnSetting={null} mReason=dataEnabled mDataEnabled=true mDependencyMet=true}
05-24 13:52:23.590 D/DCT     ( 2623): initApnContexts: apnContext={mApnType=mms mState=IDLE mWaitingApns={null} mWaitingApnsPermanentFailureCountDown=0 mApnSetting={null} mReason=dataEnabled mDataEnabled=false mDependencyMet=true}
05-24 13:52:23.590 D/DCT     ( 2623): initApnContexts: apnContext={mApnType=supl mState=IDLE mWaitingApns={null} mWaitingApnsPermanentFailureCountDown=0 mApnSetting={null} mReason=dataEnabled mDataEnabled=false mDependencyMet=true}
05-24 13:52:23.590 D/DCT     ( 2623): initApnContexts: apnContext={mApnType=hipri mState=IDLE mWaitingApns={null} mWaitingApnsPermanentFailureCountDown=0 mApnSetting={null} mReason=dataEnabled mDataEnabled=false mDependencyMet=true}
05-24 13:52:23.590 D/DCT     ( 2623): initApnContexts: apnContext={mApnType=fota mState=IDLE mWaitingApns={null} mWaitingApnsPermanentFailureCountDown=0 mApnSetting={null} mReason=dataEnabled mDataEnabled=false mDependencyMet=true}
05-24 13:52:23.590 D/DCT     ( 2623): initApnContexts: apnContext={mApnType=ims mState=IDLE mWaitingApns={null} mWaitingApnsPermanentFailureCountDown=0 mApnSetting={null} mReason=dataEnabled mDataEnabled=false mDependencyMet=true}
05-24 13:52:23.590 D/DCT     ( 2623): initApnContexts: apnContext={mApnType=cbs mState=IDLE mWaitingApns={null} mWaitingApnsPermanentFailureCountDown=0 mApnSetting={null} mReason=dataEnabled mDataEnabled=false mDependencyMet=true}
05-24 13:52:23.590 D/DCT     ( 2623): initApnContexts: skipping unknown type=9
05-24 13:52:23.600 D/DCT     ( 2623): initApnContexts: X mApnContexts={fota={mApnType=fota mState=IDLE mWaitingApns={null} mWaitingApnsPermanentFailureCountDown=0 mApnSetting={null} mReason=dataEnabled mDataEnabled=false mDependencyMet=true}, supl={mApnType=supl mState=IDLE mWaitingApns={null} mWaitingApnsPermanentFailureCountDown=0 mApnSetting={null} mReason=dataEnabled mDataEnabled=false mDependencyMet=true}, hipri={mApnType=hipri mState=IDLE mWaitingApns={null} mWaitingApnsPermanentFailureCountDown=0 mApnSetting={null} mReason=dataEnabled mDataEnabled=false mDependencyMet=true}, ims={mApnType=ims mState=IDLE mWaitingApns={null} mWaitingApnsPermanentFailureCountDown=0 mApnSetting={null} mReason=dataEnabled mDataEnabled=false mDependencyMet=true}, default={mApnType=default mState=IDLE mWaitingApns={null} mWaitingApnsPermanentFailureCountDown=0 mApnSetting={null} mReason=dataEnabled mDataEnabled=true mDependencyMet=true}, mms={mApnType=mms mState=IDLE mWaitingApns={null} mWaitingApnsPermanentFailureCountDown=0 mApnSetting={null} mReason=dataEnabled mDataEnabled=false mDependencyMet=true}, cbs={mApnType=cbs mState=IDLE mWaitingApns={null} mWaitingApnsPermanentFailureCountDown=0 mApnSetting={null} mReason=dataEnabled mDataEnabled=false mDependencyMet=true}}
05-24 13:52:23.650 E/RIL_ImsSms( 2623): getFormat should never be called from here!
05-24 13:52:23.650 D/SMSDispatcher( 2623): SMSDispatcher: ctor mSmsCapable=true format=unknown mSmsSendDisabled=false
05-24 13:52:23.650 D/RIL_ImsSms( 2623): ImsSMSDispatcher created
05-24 13:52:23.650 D/SMSDispatcher( 2623): SMSDispatcher: ctor mSmsCapable=true format=3gpp2 mSmsSendDisabled=false
05-24 13:52:23.650 D/CdmaSMSDispatcher( 2623): CdmaSMSDispatcher created
05-24 13:52:23.700 E/WAP PUSH( 2623): bindService() for wappush manager failed
05-24 13:52:23.700 D/GsmInboundSmsHandler( 2623): created InboundSmsHandler
05-24 13:52:24.190 E/WAP PUSH( 2623): bindService() for wappush manager failed
05-24 13:52:24.200 D/CdmaInboundSmsHandler( 2623): created InboundSmsHandler
05-24 13:52:24.230 D/SMSDispatcher( 2623): SMSDispatcher: ctor mSmsCapable=true format=3gpp mSmsSendDisabled=false
05-24 13:52:24.230 D/GsmSMSDispatcher( 2623): GsmSMSDispatcher created
05-24 13:52:24.280 D/SmsBroadcastUndelivered( 2623): scanning raw table for undelivered messages
05-24 13:52:24.280 D/IccCardProxy( 2623): Creating
05-24 13:52:24.280 D/IccCardProxy( 2623): Broadcasting intent ACTION_SIM_STATE_CHANGED NOT_READY reason null
05-24 13:52:24.300 D/IccCardProxy( 2623): Setting radio tech UMTS
05-24 13:52:24.300 D/TelephonyManager( 2623): getLteOnCdmaMode=0 curVal=-1 product_type='' lteOnCdmaProductType=''
05-24 13:52:24.300 D/IccCardProxy( 2623): updateQuietMode: 3GPP subscription -> newQuietMode=false
05-24 13:52:24.310 D/IccCardProxy( 2623): updateQuietMode: QuietMode is false (app_type=1 isLteOnCdmaMode=false cdmaSource=-1)
05-24 13:52:24.520 D/SmsBroadcastUndelivered( 2623): finished scanning raw table in 240 ms
05-24 13:52:24.520 D/CdmaInboundSmsHandler( 2623): entering Idle state
05-24 13:52:24.530 D/GsmInboundSmsHandler( 2623): entering Idle state
05-24 13:52:24.830 I/PhoneFactory( 2623): defaultSmsApplication: com.android.mms
05-24 13:52:24.850 D/CallManager( 2623): registerPhone(GSM Handler (com.android.internal.telephony.PhoneProxy) {41ed6120})
05-24 13:52:25.140 D/RILJ    ( 2623): [3648]> GET_CURRENT_CALLS
05-24 13:52:25.140 D/RilRequest( 2623): [3648]< GET_CURRENT_CALLS error: com.android.internal.telephony.CommandException: RADIO_NOT_AVAILABLE ret=
05-24 13:52:25.150 D/PHONE   ( 2623): [ServiceState] setNullState=1
05-24 13:52:25.150 D/GsmSST  ( 2623): [GsmSST] Poll ServiceState done:  oldSS=[1 1 home null null null  none none CSS not supported 0 0 RoamInd=0 DefRoamInd=0 EmergOnly=false] newSS=[1 1 home null null null  none none CSS not supported -1 -1 RoamInd=-1 DefRoamInd=-1 EmergOnly=false] oldMaxDataCalls=1 mNewMaxDataCalls=1 oldReasonDataDenied=-1 mNewReasonDataDenied=-1
05-24 13:52:25.150 D/PHONE   ( 2623): [ServiceState] setNullState=1
05-24 13:52:25.150 D/GsmSST  ( 2623): [GsmSST] updateSpnDisplay: radio is on but out of service, set plmn='No service.'
05-24 13:52:25.150 D/GsmSST  ( 2623): [GsmSST] updateSpnDisplay: changed sending intent rule=0 showPlmn='true' plmn='No service.' showSpn='false' spn=''
05-24 13:52:25.160 D/GsmSST  ( 2623): [GsmSST] operatorNumeric is null
05-24 13:52:25.260 D/DCT     ( 2623): handleMessage msg={ when=-1s776ms what=270369 obj=android.os.AsyncResult@41eee1f0 target=com.android.internal.telephony.dataconnection.DcTracker }
05-24 13:52:25.260 D/DCT     ( 2623): newIccRecords is in APP_FAM_3GPP2
05-24 13:52:25.260 D/DCT     ( 2623): handleMessage msg={ when=-1s680ms what=270342 obj=android.os.AsyncResult@41ef3508 target=com.android.internal.telephony.dataconnection.DcTracker }
05-24 13:52:25.260 D/DCT     ( 2623): onRadioOffOrNotAvailable: is off and clean up all connections
05-24 13:52:25.260 D/DCT     ( 2623): cleanUpAllConnections: tearDown=false reason=radioTurnedOff
05-24 13:52:25.260 D/DCT     ( 2623): cleanUpConnection: E tearDown=false reason=radioTurnedOff apnContext={mApnType=fota mState=IDLE mWaitingApns={null} mWaitingApnsPermanentFailureCountDown=0 mApnSetting={null} mReason=radioTurnedOff mDataEnabled=false mDependencyMet=true}
05-24 13:52:25.260 D/DCT     ( 2623): isDataAllowed: not allowed due to - Attached= false - SIM not loaded
05-24 13:52:25.260 D/DCT     ( 2623): [ApnContext:fota] getApnSetting: apnSetting=null
05-24 13:52:25.370 D/DCT     ( 2623): cleanUpConnection: X tearDown=false reason=radioTurnedOff apnContext={mApnType=fota mState=IDLE mWaitingApns={null} mWaitingApnsPermanentFailureCountDown=0 mApnSetting={null} mReason=radioTurnedOff mDataEnabled=false mDependencyMet=true} dcac=null
05-24 13:52:25.370 D/DCT     ( 2623): cleanUpConnection: E tearDown=false reason=radioTurnedOff apnContext={mApnType=supl mState=IDLE mWaitingApns={null} mWaitingApnsPermanentFailureCountDown=0 mApnSetting={null} mReason=radioTurnedOff mDataEnabled=false mDependencyMet=true}
05-24 13:52:25.370 D/DCT     ( 2623): isDataAllowed: not allowed due to - Attached= false - SIM not loaded
05-24 13:52:25.370 D/DCT     ( 2623): [ApnContext:supl] getApnSetting: apnSetting=null
05-24 13:52:25.370 D/DCT     ( 2623): cleanUpConnection: X tearDown=false reason=radioTurnedOff apnContext={mApnType=supl mState=IDLE mWaitingApns={null} mWaitingApnsPermanentFailureCountDown=0 mApnSetting={null} mReason=radioTurnedOff mDataEnabled=false mDependencyMet=true} dcac=null
05-24 13:52:25.370 D/DCT     ( 2623): cleanUpConnection: E tearDown=false reason=radioTurnedOff apnContext={mApnType=hipri mState=IDLE mWaitingApns={null} mWaitingApnsPermanentFailureCountDown=0 mApnSetting={null} mReason=radioTurnedOff mDataEnabled=false mDependencyMet=true}
05-24 13:52:25.370 D/DCT     ( 2623): isDataAllowed: not allowed due to - Attached= false - SIM not loaded
05-24 13:52:25.370 D/DCT     ( 2623): [ApnContext:hipri] getApnSetting: apnSetting=null
05-24 13:52:25.380 D/DCT     ( 2623): cleanUpConnection: X tearDown=false reason=radioTurnedOff apnContext={mApnType=hipri mState=IDLE mWaitingApns={null} mWaitingApnsPermanentFailureCountDown=0 mApnSetting={null} mReason=radioTurnedOff mDataEnabled=false mDependencyMet=true} dcac=null
05-24 13:52:25.380 D/DCT     ( 2623): cleanUpConnection: E tearDown=false reason=radioTurnedOff apnContext={mApnType=ims mState=IDLE mWaitingApns={null} mWaitingApnsPermanentFailureCountDown=0 mApnSetting={null} mReason=radioTurnedOff mDataEnabled=false mDependencyMet=true}
05-24 13:52:25.380 D/DCT     ( 2623): isDataAllowed: not allowed due to - Attached= false - SIM not loaded
05-24 13:52:25.380 D/DCT     ( 2623): [ApnContext:ims] getApnSetting: apnSetting=null
05-24 13:52:25.400 D/DCT     ( 2623): cleanUpConnection: X tearDown=false reason=radioTurnedOff apnContext={mApnType=ims mState=IDLE mWaitingApns={null} mWaitingApnsPermanentFailureCountDown=0 mApnSetting={null} mReason=radioTurnedOff mDataEnabled=false mDependencyMet=true} dcac=null
05-24 13:52:25.400 D/DCT     ( 2623): cleanUpConnection: E tearDown=false reason=radioTurnedOff apnContext={mApnType=default mState=IDLE mWaitingApns={null} mWaitingApnsPermanentFailureCountDown=0 mApnSetting={null} mReason=radioTurnedOff mDataEnabled=true mDependencyMet=true}
05-24 13:52:25.410 D/DCT     ( 2623): isDataAllowed: not allowed due to - Attached= false - SIM not loaded
05-24 13:52:25.410 D/DCT     ( 2623): [ApnContext:default] getApnSetting: apnSetting=null
05-24 13:52:25.450 D/DCT     ( 2623): cleanUpConnection: X tearDown=false reason=radioTurnedOff apnContext={mApnType=default mState=IDLE mWaitingApns={null} mWaitingApnsPermanentFailureCountDown=0 mApnSetting={null} mReason=radioTurnedOff mDataEnabled=true mDependencyMet=true} dcac=null
05-24 13:52:25.450 D/DCT     ( 2623): cleanUpConnection: E tearDown=false reason=radioTurnedOff apnContext={mApnType=mms mState=IDLE mWaitingApns={null} mWaitingApnsPermanentFailureCountDown=0 mApnSetting={null} mReason=radioTurnedOff mDataEnabled=false mDependencyMet=true}
05-24 13:52:25.450 D/DCT     ( 2623): isDataAllowed: not allowed due to - Attached= false - SIM not loaded
05-24 13:52:25.450 D/DCT     ( 2623): [ApnContext:mms] getApnSetting: apnSetting=null
05-24 13:52:25.450 D/DCT     ( 2623): cleanUpConnection: X tearDown=false reason=radioTurnedOff apnContext={mApnType=mms mState=IDLE mWaitingApns={null} mWaitingApnsPermanentFailureCountDown=0 mApnSetting={null} mReason=radioTurnedOff mDataEnabled=false mDependencyMet=true} dcac=null
05-24 13:52:25.450 D/DCT     ( 2623): cleanUpConnection: E tearDown=false reason=radioTurnedOff apnContext={mApnType=cbs mState=IDLE mWaitingApns={null} mWaitingApnsPermanentFailureCountDown=0 mApnSetting={null} mReason=radioTurnedOff mDataEnabled=false mDependencyMet=true}
05-24 13:52:25.450 D/DCT     ( 2623): isDataAllowed: not allowed due to - Attached= false - SIM not loaded
05-24 13:52:25.450 D/DCT     ( 2623): [ApnContext:cbs] getApnSetting: apnSetting=null
05-24 13:52:25.460 D/DCT     ( 2623): cleanUpConnection: X tearDown=false reason=radioTurnedOff apnContext={mApnType=cbs mState=IDLE mWaitingApns={null} mWaitingApnsPermanentFailureCountDown=0 mApnSetting={null} mReason=radioTurnedOff mDataEnabled=false mDependencyMet=true} dcac=null
05-24 13:52:25.460 D/DCT     ( 2623): stopNetStatPoll
05-24 13:52:25.460 D/DCT     ( 2623): stopDataStallAlarm: current tag=34852 mDataStallAlarmIntent=null
05-24 13:52:25.460 D/DCT     ( 2623): isDataAllowed: not allowed due to - Attached= false - SIM not loaded
05-24 13:52:25.460 D/DCT     ( 2623): [ApnContext:fota] getApnSetting: apnSetting=null
05-24 13:52:25.460 D/DCT     ( 2623): isDataAllowed: not allowed due to - Attached= false - SIM not loaded
05-24 13:52:25.460 D/DCT     ( 2623): [ApnContext:supl] getApnSetting: apnSetting=null
05-24 13:52:25.470 D/DCT     ( 2623): isDataAllowed: not allowed due to - Attached= false - SIM not loaded
05-24 13:52:25.470 D/DCT     ( 2623): [ApnContext:hipri] getApnSetting: apnSetting=null
05-24 13:52:25.470 D/DCT     ( 2623): isDataAllowed: not allowed due to - Attached= false - SIM not loaded
05-24 13:52:25.470 D/DCT     ( 2623): [ApnContext:ims] getApnSetting: apnSetting=null
05-24 13:52:25.470 D/DCT     ( 2623): isDataAllowed: not allowed due to - Attached= false - SIM not loaded
05-24 13:52:25.470 D/DCT     ( 2623): [ApnContext:default] getApnSetting: apnSetting=null
05-24 13:52:25.480 D/DCT     ( 2623): isDataAllowed: not allowed due to - Attached= false - SIM not loaded
05-24 13:52:25.480 D/DCT     ( 2623): [ApnContext:mms] getApnSetting: apnSetting=null
05-24 13:52:25.480 D/DCT     ( 2623): isDataAllowed: not allowed due to - Attached= false - SIM not loaded
05-24 13:52:25.480 D/DCT     ( 2623): [ApnContext:cbs] getApnSetting: apnSetting=null
05-24 13:52:25.480 D/DCT     ( 2623): handleMessage msg={ when=-1s906ms what=270345 obj=android.os.AsyncResult@41ef3798 target=com.android.internal.telephony.dataconnection.DcTracker }
05-24 13:52:25.480 D/DCT     ( 2623): onDataConnectionDetached: stop polling and notify detached
05-24 13:52:25.480 D/DCT     ( 2623): stopNetStatPoll
05-24 13:52:25.480 D/DCT     ( 2623): stopDataStallAlarm: current tag=34853 mDataStallAlarmIntent=null
05-24 13:52:25.480 D/DCT     ( 2623): notifyDataConnection: reason=dataDetached
05-24 13:52:25.480 D/DCT     ( 2623): isDataAllowed: not allowed due to - Attached= false - SIM not loaded
05-24 13:52:25.480 D/DCT     ( 2623): [ApnContext:fota] getApnSetting: apnSetting=null
05-24 13:52:25.500 D/DCT     ( 2623): isDataAllowed: not allowed due to - Attached= false - SIM not loaded
05-24 13:52:25.500 D/DCT     ( 2623): [ApnContext:supl] getApnSetting: apnSetting=null
05-24 13:52:25.500 D/DCT     ( 2623): isDataAllowed: not allowed due to - Attached= false - SIM not loaded
05-24 13:52:25.500 D/DCT     ( 2623): [ApnContext:hipri] getApnSetting: apnSetting=null
05-24 13:52:25.500 D/DCT     ( 2623): isDataAllowed: not allowed due to - Attached= false - SIM not loaded
05-24 13:52:25.500 D/DCT     ( 2623): [ApnContext:ims] getApnSetting: apnSetting=null
05-24 13:52:25.510 D/DCT     ( 2623): isDataAllowed: not allowed due to - Attached= false - SIM not loaded
05-24 13:52:25.510 D/DCT     ( 2623): [ApnContext:default] getApnSetting: apnSetting=null
05-24 13:52:25.510 D/DCT     ( 2623): isDataAllowed: not allowed due to - Attached= false - SIM not loaded
05-24 13:52:25.510 D/DCT     ( 2623): [ApnContext:mms] getApnSetting: apnSetting=null
05-24 13:52:25.520 D/DCT     ( 2623): isDataAllowed: not allowed due to - Attached= false - SIM not loaded
05-24 13:52:25.520 D/DCT     ( 2623): [ApnContext:cbs] getApnSetting: apnSetting=null
05-24 13:52:25.520 D/DCT     ( 2623): handleMessage msg={ when=-1s942ms what=270348 obj=android.os.AsyncResult@41ef38f0 target=com.android.internal.telephony.dataconnection.DcTracker }
05-24 13:52:25.520 D/DCT     ( 2623): onRoamingOff
05-24 13:52:25.520 D/DCT     ( 2623): isDataAllowed: not allowed due to - Attached= false - SIM not loaded
05-24 13:52:25.520 D/DCT     ( 2623): [ApnContext:fota] getApnSetting: apnSetting=null
05-24 13:52:25.530 D/DCT     ( 2623): isDataAllowed: not allowed due to - Attached= false - SIM not loaded
05-24 13:52:25.530 D/DCT     ( 2623): [ApnContext:supl] getApnSetting: apnSetting=null
05-24 13:52:25.530 D/DCT     ( 2623): isDataAllowed: not allowed due to - Attached= false - SIM not loaded
05-24 13:52:25.530 D/DCT     ( 2623): [ApnContext:hipri] getApnSetting: apnSetting=null
05-24 13:52:25.530 D/DCT     ( 2623): isDataAllowed: not allowed due to - Attached= false - SIM not loaded
05-24 13:52:25.530 D/DCT     ( 2623): [ApnContext:ims] getApnSetting: apnSetting=null
05-24 13:52:25.540 D/DCT     ( 2623): isDataAllowed: not allowed due to - Attached= false - SIM not loaded
05-24 13:52:25.540 D/DCT     ( 2623): [ApnContext:default] getApnSetting: apnSetting=null
05-24 13:52:25.540 D/DCT     ( 2623): isDataAllowed: not allowed due to - Attached= false - SIM not loaded
05-24 13:52:25.540 D/DCT     ( 2623): [ApnContext:mms] getApnSetting: apnSetting=null
05-24 13:52:25.550 D/DCT     ( 2623): isDataAllowed: not allowed due to - Attached= false - SIM not loaded
05-24 13:52:25.550 D/DCT     ( 2623): [ApnContext:cbs] getApnSetting: apnSetting=null
05-24 13:52:25.550 D/DCT     ( 2623): setupDataOnConnectableApns: roamingOff
05-24 13:52:25.550 D/DCT     ( 2623): setupDataOnConnectableApns: apnContext {mApnType=hipri mState=IDLE mWaitingApns={null} mWaitingApnsPermanentFailureCountDown=0 mApnSetting={null} mReason=radioTurnedOff mDataEnabled=false mDependencyMet=true}
05-24 13:52:25.550 D/DCT     ( 2623): setupDataOnConnectableApns: apnContext {mApnType=mms mState=IDLE mWaitingApns={null} mWaitingApnsPermanentFailureCountDown=0 mApnSetting={null} mReason=radioTurnedOff mDataEnabled=false mDependencyMet=true}
05-24 13:52:25.550 D/DCT     ( 2623): setupDataOnConnectableApns: apnContext {mApnType=supl mState=IDLE mWaitingApns={null} mWaitingApnsPermanentFailureCountDown=0 mApnSetting={null} mReason=radioTurnedOff mDataEnabled=false mDependencyMet=true}
05-24 13:52:25.550 D/DCT     ( 2623): setupDataOnConnectableApns: apnContext {mApnType=default mState=IDLE mWaitingApns={null} mWaitingApnsPermanentFailureCountDown=0 mApnSetting={null} mReason=radioTurnedOff mDataEnabled=true mDependencyMet=true}
05-24 13:52:25.550 D/DCT     ( 2623): setupDataOnConnectableApns: isConnectable() call trySetupData
05-24 13:52:25.550 D/DCT     ( 2623): trySetupData for type:default due to roamingOff apnContext={mApnType=default mState=IDLE mWaitingApns={null} mWaitingApnsPermanentFailureCountDown=0 mApnSetting={null} mReason=roamingOff mDataEnabled=true mDependencyMet=true}
05-24 13:52:25.550 D/DCT     ( 2623): trySetupData with mIsPsRestricted=false
05-24 13:52:25.550 D/DCT     ( 2623): isDataAllowed: not allowed due to - Attached= false - SIM not loaded
05-24 13:52:25.550 D/DCT     ( 2623): isDataAllowed: not allowed due to - Attached= false - SIM not loaded
05-24 13:52:25.550 D/DCT     ( 2623): [ApnContext:fota] getApnSetting: apnSetting=null
05-24 13:52:25.560 D/DCT     ( 2623): isDataAllowed: not allowed due to - Attached= false - SIM not loaded
05-24 13:52:25.560 D/DCT     ( 2623): [ApnContext:supl] getApnSetting: apnSetting=null
05-24 13:52:25.580 D/DCT     ( 2623): isDataAllowed: not allowed due to - Attached= false - SIM not loaded
05-24 13:52:25.580 D/DCT     ( 2623): [ApnContext:hipri] getApnSetting: apnSetting=null
05-24 13:52:26.300 D/DCT     ( 2623): isDataAllowed: not allowed due to - Attached= false - SIM not loaded
05-24 13:52:26.300 D/DCT     ( 2623): [ApnContext:ims] getApnSetting: apnSetting=null
05-24 13:52:26.310 D/DCT     ( 2623): isDataAllowed: not allowed due to - Attached= false - SIM not loaded
05-24 13:52:26.310 D/DCT     ( 2623): [ApnContext:default] getApnSetting: apnSetting=null
05-24 13:52:26.310 D/DCT     ( 2623): isDataAllowed: not allowed due to - Attached= false - SIM not loaded
05-24 13:52:26.310 D/DCT     ( 2623): [ApnContext:mms] getApnSetting: apnSetting=null
05-24 13:52:26.310 D/DCT     ( 2623): isDataAllowed: not allowed due to - Attached= false - SIM not loaded
05-24 13:52:26.310 D/DCT     ( 2623): [ApnContext:cbs] getApnSetting: apnSetting=null
05-24 13:52:26.320 D/DCT     ( 2623): trySetupData: X apnContext not 'ready' retValue=false
05-24 13:52:26.320 D/DCT     ( 2623): setupDataOnConnectableApns: apnContext {mApnType=fota mState=IDLE mWaitingApns={null} mWaitingApnsPermanentFailureCountDown=0 mApnSetting={null} mReason=radioTurnedOff mDataEnabled=false mDependencyMet=true}
05-24 13:52:26.320 D/DCT     ( 2623): setupDataOnConnectableApns: apnContext {mApnType=ims mState=IDLE mWaitingApns={null} mWaitingApnsPermanentFailureCountDown=0 mApnSetting={null} mReason=radioTurnedOff mDataEnabled=false mDependencyMet=true}
05-24 13:52:26.320 D/DCT     ( 2623): setupDataOnConnectableApns: apnContext {mApnType=cbs mState=IDLE mWaitingApns={null} mWaitingApnsPermanentFailureCountDown=0 mApnSetting={null} mReason=radioTurnedOff mDataEnabled=false mDependencyMet=true}
05-24 13:52:26.320 D/DebugService( 2623): DebugService DebugService:
05-24 13:52:26.450 D/SipService( 2623): SipService: started!
05-24 13:52:26.470 D/SipService( 2623): start:
05-24 13:52:26.690 D/GsmCellBroadcastHandler( 2623): mWakeLock released
05-24 13:52:27.200 D/CellBroadcastHandler( 2623): mWakeLock released
05-24 13:52:27.230 D/CdmaServiceCategoryProgramHandler( 2623): mWakeLock released
05-24 13:52:27.320 I/RILJ    ( 2623): Couldn't find 'rild' socket; retrying after timeout
05-24 13:52:27.530 D/CdmaInboundSmsHandler( 2623): Idle state processing message type 5
05-24 13:52:27.530 D/CdmaInboundSmsHandler( 2623): mWakeLock released
05-24 13:52:27.530 D/GsmInboundSmsHandler( 2623): Idle state processing message type 5
05-24 13:52:27.530 D/GsmInboundSmsHandler( 2623): mWakeLock released
05-24 13:52:31.290 D/SipBroadcastReceiver( 2623): onReceive: start auto registration
05-24 13:52:31.320 I/RILJ    ( 2623): Couldn't find 'rild' socket; retrying after timeout
05-24 13:52:35.320 I/RILJ    ( 2623): Couldn't find 'rild' socket; retrying after timeout
05-24 13:52:39.320 I/RILJ    ( 2623): Couldn't find 'rild' socket; retrying after timeout
05-24 13:52:43.320 I/RILJ    ( 2623): Couldn't find 'rild' socket; retrying after timeout
05-24 13:52:47.320 I/RILJ    ( 2623): Couldn't find 'rild' socket; retrying after timeout
05-24 13:52:51.320 I/RILJ    ( 2623): Couldn't find 'rild' socket; retrying after timeout

------start rild
05-24 13:52:53.390 I/RILD    ( 2906): ------ VendorRIL initialize: library=/system/lib/libreference-ril.so ------
05-24 13:52:53.400 I/RILD    ( 2906): ------ VendorRIL initialize: arguments from command ------
05-24 13:52:53.400 I/RILD    ( 2906): ------ VendorRIL initialize: argc=5 ------
05-24 13:52:53.400 I/RILD    ( 2906): ------ VendorRIL initialize: argv[0]=/system/bin/rild ------
05-24 13:52:53.400 I/RILD    ( 2906): ------ VendorRIL initialize: argv[1]=-u ------
05-24 13:52:53.400 I/RILD    ( 2906): ------ VendorRIL initialize: argv[2]=/dev/ttyUSB0 ------
05-24 13:52:53.400 I/RILD    ( 2906): ------ VendorRIL initialize: argv[3]=-d ------
05-24 13:52:53.400 I/RILD    ( 2906): ------ VendorRIL initialize: argv[4]=/dev/ttyUSB2 ------
05-24 13:52:53.470 I/RIL     ( 2906): Opening tty device /dev/ttyUSB0
05-24 13:52:53.470 I/RIL     ( 2906): Opening tty device /dev/ttyUSB2
05-24 13:52:53.470 I/RIL     ( 2906): ------ VendorRIL Init argus: path_d=/dev/ttyUSB2 ------
05-24 13:52:53.470 I/RIL     ( 2906): ------ VendorRIL Init argus: path_u=/dev/ttyUSB0 ------
05-24 13:52:53.480 I/RIL     ( 2906): ------ VendorRIL Init success ------
05-24 13:52:53.480 I/RILD    ( 2906): ------ VendorRIL initialize: return=funcs ------
05-24 13:52:53.480 E/RILC    ( 2906): RIL_register: RIL version 9
05-24 13:52:53.490 I/RIL     ( 2906): ------ VendorRIL entering mainLoop() ------
05-24 13:52:53.490 I/RIL     ( 2906): ------ VendorRIL mainLoop: repeatedly check if port available, open, initalize, readThread ------
05-24 13:52:53.490 I/RIL     ( 2906): ------ VendorRIL open port: device_u=/dev/ttyUSB0 ------
05-24 13:52:55.320 I/RILJ    ( 2623): Connected to 'rild' socket
05-24 13:52:55.320 I/RILC    ( 2906): libril: new connection
05-24 13:52:55.330 I/RILC    ( 2906): RIL Daemon version: android reference-ril 1.0
05-24 13:52:55.330 D/RILJ    ( 2623): [UNSL]< UNSOL_RIL_CONNECTED {9}
05-24 13:52:55.330 D/RILJ    ( 2623): [3649]> RADIO_POWER off
05-24 13:52:55.370 I/RIL     ( 2906): ------ VendorRIL onRequest: RADIO_POWER ------
05-24 13:52:55.370 D/RILJ    ( 2623): [3650]> REQUEST_SET_PREFERRED_NETWORK_TYPE : 1
05-24 13:52:55.370 D/RILJ    ( 2623): [3651]> RIL_REQUEST_CDMA_SET_SUBSCRIPTION_SOURCE : 1
05-24 13:52:55.370 D/RILJ    ( 2623): setCellInfoListRate: 2147483647
05-24 13:52:55.370 D/RILJ    ( 2623): [3652]> RIL_REQUEST_SET_CELL_INFO_LIST_RATE
05-24 13:52:55.370 D/RILJ    ( 2623): [UNSL]< UNSOL_RESPONSE_RADIO_STATE_CHANGED RADIO_UNAVAILABLE
05-24 13:52:55.380 D/RilRequest( 2623): [3649]< RADIO_POWER error: com.android.internal.telephony.CommandException: RADIO_NOT_AVAILABLE ret=
05-24 13:52:55.380 D/Dcc     ( 2623): DccDefaultState: msg.what=EVENT_RIL_CONNECTED mRilVersion=9
05-24 13:52:55.430 I/RIL     ( 2906): ------ VendorRIL onRequest: SET_PREFERRED_NETWORK_TYPE ------
05-24 13:52:55.430 I/RIL     ( 2906): ------ VendorRIL onRequest: CDMA_SET_SUBSCRIPTION_SOURCE ------
05-24 13:52:55.430 I/RIL     ( 2906): ------ VendorRIL onRequest: SET_UNSOL_CELL_INFO_LIST_RATE ------
05-24 13:52:55.430 D/RilRequest( 2623): [3650]< REQUEST_SET_PREFERRED_NETWORK_TYPE error: com.android.internal.telephony.CommandException: RADIO_NOT_AVAILABLE ret=
05-24 13:52:55.430 D/RilRequest( 2623): [3651]< RIL_REQUEST_CDMA_SET_SUBSCRIPTION_SOURCE error: com.android.internal.telephony.CommandException: RADIO_NOT_AVAILABLE ret=
05-24 13:52:55.430 D/RilRequest( 2623): [3652]< RIL_REQUEST_SET_CELL_INFO_LIST_RATE error: com.android.internal.telephony.CommandException: RADIO_NOT_AVAILABLE ret=
05-24 13:53:03.490 I/RIL     ( 2906): ------ VendorRIL open port: device_u=/dev/ttyUSB0 ------
05-24 13:53:03.500 I/AT      ( 2906): ------ VendorRIL readerLoop: repeatedly readLine, processLine, handleUnsolicited, handleFinalResponse ------
05-24 13:53:03.500 D/RIL     ( 2906): ******** VendorRIL: setRadioState(0), oldState=1 ********
05-24 13:53:03.500 D/AT      ( 2906): AT> ATE0Q0V1
05-24 13:53:03.500 D/RILJ    ( 2623): [UNSL]< UNSOL_RESPONSE_RADIO_STATE_CHANGED RADIO_OFF
05-24 13:53:03.500 D/RILJ    ( 2623): [3653]> RADIO_POWER on
05-24 13:53:03.500 D/RILJ    ( 2623): [3654]> SCREEN_STATE: true
05-24 13:53:03.500 D/PHONE   ( 2623): [ServiceState] setNullState=3
05-24 13:53:03.500 D/GsmSST  ( 2623): [GsmSST] Poll ServiceState done:  oldSS=[1 1 home null null null  none none CSS not supported -1 -1 RoamInd=-1 DefRoamInd=-1 EmergOnly=false] newSS=[3 3 home null null null  none none CSS not supported -1 -1 RoamInd=-1 DefRoamInd=-1 EmergOnly=false] oldMaxDataCalls=1 mNewMaxDataCalls=1 oldReasonDataDenied=-1 mNewReasonDataDenied=-1
05-24 13:53:03.500 D/PHONE   ( 2623): [ServiceState] setNullState=1
05-24 13:53:03.500 D/GsmSST  ( 2623): [GsmSST] updateSpnDisplay: radio is off w/ showPlmn=false plmn=null
05-24 13:53:03.500 D/GsmSST  ( 2623): [GsmSST] updateSpnDisplay: changed sending intent rule=0 showPlmn='false' plmn='null' showSpn='false' spn=''
05-24 13:53:03.510 D/GsmSST  ( 2623): [GsmSST] operatorNumeric is null
05-24 13:53:03.520 D/GsmSST  ( 2623): [GsmSST] notifyDataRegStateRilRadioTechnologyChanged: drs=3 rat=0
05-24 13:53:03.520 D/DCT     ( 2623): get all active apn types
05-24 13:53:03.520 D/DCT     ( 2623): handleMessage msg={ when=-20ms what=270337 obj=android.os.AsyncResult@41f84958 target=com.android.internal.telephony.dataconnection.DcTracker }
05-24 13:53:03.520 D/DCT     ( 2623): onRadioAvailable
05-24 13:53:03.520 D/DCT     ( 2623): overall state is IDLE
05-24 13:53:03.520 D/RILJ    ( 2623): [3655]> BASEBAND_VERSION
05-24 13:53:03.520 D/AT      ( 2906): AT< OK
05-24 13:53:03.520 D/RILJ    ( 2623): [3656]> GET_IMEI
05-24 13:53:03.530 D/RILJ    ( 2623): [3657]> GET_IMEISV
05-24 13:53:03.770 I/RIL     ( 2906): ------ VendorRIL: GSM AT Command for initialization ------
05-24 13:53:03.770 D/AT      ( 2906): AT> AT+WNAM
05-24 13:53:03.790 D/AT      ( 2906): AT< ERROR
05-24 13:53:03.790 I/RIL     ( 2906): ======== VendorRIL: found GSM Modem Device ========
05-24 13:53:03.790 D/AT      ( 2906): AT> ATE0Q0V1
05-24 13:53:03.800 D/AT      ( 2906): AT< OK
05-24 13:53:03.800 D/AT      ( 2906): AT> ATS0=0
05-24 13:53:03.810 D/AT      ( 2906): AT< OK
05-24 13:53:03.810 D/AT      ( 2906): AT> AT+CMEE=1
05-24 13:53:03.810 D/AT      ( 2906): AT< OK
05-24 13:53:03.810 D/AT      ( 2906): AT> AT+CREG=2
05-24 13:53:03.820 D/AT      ( 2906): AT< OK
05-24 13:53:03.820 D/AT      ( 2906): AT> AT+CGREG=1
05-24 13:53:03.830 D/AT      ( 2906): AT< OK
05-24 13:53:03.830 D/AT      ( 2906): AT> AT+CCWA=1
05-24 13:53:03.830 D/AT      ( 2906): AT< OK
05-24 13:53:03.830 D/AT      ( 2906): AT> AT+CMOD=0
05-24 13:53:03.840 D/AT      ( 2906): AT< OK
05-24 13:53:03.840 D/AT      ( 2906): AT> AT+CMUT=0
05-24 13:53:03.850 D/AT      ( 2906): AT< OK
05-24 13:53:03.850 D/AT      ( 2906): AT> AT+CSSN=0,1
05-24 13:53:03.850 D/AT      ( 2906): AT< OK
05-24 13:53:03.850 D/AT      ( 2906): AT> AT+COLP=0
05-24 13:53:03.860 D/AT      ( 2906): AT< OK
05-24 13:53:03.860 D/AT      ( 2906): AT> AT+CSCS="HEX"
05-24 13:53:03.870 D/AT      ( 2906): AT< OK
05-24 13:53:03.870 D/AT      ( 2906): AT> AT+CUSD=1
05-24 13:53:03.870 D/AT      ( 2906): AT< OK
05-24 13:53:03.870 D/AT      ( 2906): AT> AT+CGEREP=1,0
05-24 13:53:03.880 D/AT      ( 2906): AT< OK
05-24 13:53:03.880 D/AT      ( 2906): AT> AT+CMGF=0
05-24 13:53:03.880 D/AT      ( 2906): AT< OK
05-24 13:53:03.880 D/AT      ( 2906): AT> AT+CFUN?
05-24 13:53:03.890 D/AT      ( 2906): AT< +CFUN: 1
05-24 13:53:03.890 D/AT      ( 2906): AT< OK
05-24 13:53:03.890 D/RIL     ( 2906): ******** VendorRIL: setRadioState(10), oldState=0 ********
05-24 13:53:03.890 D/RIL     ( 2906): ******** VendorRIL: onRadioPowerOn pollSIMState, current state=10 ********
05-24 13:53:03.890 I/RIL     ( 2906): ======== VendorRIL: AT Command initialize done, Radio_State=ON, sState=10 ========
05-24 13:53:03.890 I/RIL     ( 2906): ------ VendorRIL onRequest: RADIO_POWER ------
05-24 13:53:03.890 D/RIL     ( 2906): requestRadioPower: request to set [1], current state [10]
05-24 13:53:03.890 D/RIL     ( 2906): requestRadioPower: error Unhandled state
05-24 13:53:03.890 I/RIL     ( 2906): ------ VendorRIL onRequest: SCREEN_STATE ------
05-24 13:53:03.890 I/RIL     ( 2906): [ScreenState]: OFF
05-24 13:53:03.890 I/RIL     ( 2906): ------ VendorRIL onRequest: BASEBAND_VERSION ------
05-24 13:53:03.890 D/RILJ    ( 2623): [UNSL]< UNSOL_RESPONSE_RADIO_STATE_CHANGED RADIO_ON
05-24 13:53:03.890 I/RIL     ( 2906): ------ VendorRIL onRequest: GET_IMEI ------
05-24 13:53:03.890 I/RIL     ( 2906): ------ VendorRIL onRequest: GET_IMEISV ------
05-24 13:53:03.890 I/RIL     ( 2906): --- VendorRIL not supported: RIL_REQUEST_GET_IMEISV ---
05-24 13:53:03.890 D/RILJ    ( 2623): [3653]< RADIO_POWER 
05-24 13:53:03.890 D/RilRequest( 2623): [3654]< SCREEN_STATE error: com.android.internal.telephony.CommandException: MODE_NOT_SUPPORTED ret=
05-24 13:53:03.890 D/RILJ    ( 2623): [3655]< BASEBAND_VERSION E1750
05-24 13:53:03.890 D/RILJ    ( 2623): [3656]< GET_IMEI 
05-24 13:53:03.890 D/RilRequest( 2623): [3657]< GET_IMEISV error: com.android.internal.telephony.CommandException: MODE_NOT_SUPPORTED ret=
05-24 13:53:03.890 D/RILJ    ( 2623): [3658]> OPERATOR
05-24 13:53:03.900 D/RILJ    ( 2623): [3659]> DATA_REGISTRATION_STATE
05-24 13:53:03.900 I/RIL     ( 2906): ------ VendorRIL onRequest: OPERATOR ------
05-24 13:53:03.900 D/AT      ( 2906): AT> AT+COPS=3,0;+COPS?;+COPS=3,1;+COPS?;+COPS=3,2;+COPS?
05-24 13:53:03.900 D/RILJ    ( 2623): [3660]> VOICE_REGISTRATION_STATE
05-24 13:53:03.900 D/RILJ    ( 2623): [3661]> QUERY_NETWORK_SELECTION_MODE
05-24 13:53:03.900 D/UiccController( 2623): Received EVENT_ICC_STATUS_CHANGED, calling getIccCardStatus
05-24 13:53:03.900 D/RILJ    ( 2623): [3662]> GET_SIM_STATUS
05-24 13:53:03.900 D/RILJ    ( 2623): [3663]> GET_CURRENT_CALLS
05-24 13:53:03.900 D/RILJ    ( 2623): [3664]> RIL_REQUEST_IMS_REGISTRATION_STATE
05-24 13:53:03.900 D/AT      ( 2906): AT< +COPS: 0,0,"CAN Rogers Wirel",0
05-24 13:53:03.900 D/AT      ( 2906): AT< +COPS: 0,1,"ROGERS",0
05-24 13:53:03.900 D/AT      ( 2906): AT< +COPS: 0,2,"302720",0
05-24 13:53:03.900 D/AT      ( 2906): AT< OK
05-24 13:53:03.900 D/RIL     ( 2906): [VendorRIL] requestOperator result: [0] = CAN Rogers Wirel
05-24 13:53:03.900 D/RIL     ( 2906): [VendorRIL] requestOperator result: [1] = ROGERS
05-24 13:53:03.900 D/RIL     ( 2906): [VendorRIL] requestOperator result: [2] = 302720
05-24 13:53:03.900 I/RIL     ( 2906): ------ VendorRIL onRequest: DATA_REGISTRATION_STATE ------
05-24 13:53:03.900 D/RIL     ( 2906): VendorRIL: requestRegistrationState >>>>>>>>>
05-24 13:53:03.900 D/AT      ( 2906): AT> AT+CGREG?
05-24 13:53:03.910 D/RILJ    ( 2623): [3658]< OPERATOR {CAN Rogers Wirel, ROGERS, 302720}
05-24 13:53:03.910 D/RILJ    ( 2623): [3665]> RIL_REQUEST_VOICE_RADIO_TECH
05-24 13:53:03.910 D/RILJ    ( 2623): [3666]> RIL_REQUEST_CDMA_GET_SUBSCRIPTION_SOURCE
05-24 13:53:03.910 D/GSMPhone( 2623): Baseband version: E1750
05-24 13:53:03.910 D/AT      ( 2906): AT< +CGREG: 1,5
05-24 13:53:03.910 D/AT      ( 2906): AT< OK
05-24 13:53:03.910 D/RIL     ( 2906): [DATA_REGISTRATION] response=+CGREG: 1,5
05-24 13:53:03.910 D/RIL     ( 2906): parseRegistrationState. Parsing: +CGREG: 1,5
05-24 13:53:03.910 D/RIL     ( 2906): registration state type: 3GPP
05-24 13:53:03.910 I/RIL     ( 2906): ------ VendorRIL onRequest: VOICE_REGISTRATION_STATE ------
05-24 13:53:03.910 D/RIL     ( 2906): VendorRIL: requestRegistrationState >>>>>>>>>
05-24 13:53:03.910 D/AT      ( 2906): AT> AT+CREG?
05-24 13:53:03.910 D/RILJ    ( 2623): [3659]< DATA_REGISTRATION_STATE {5, ffffffff, ffffffff, null, null, null}
05-24 13:53:03.910 E/GsmSST  ( 2623): [GsmSST] error parsing GprsRegistrationState: java.lang.NumberFormatException: Invalid int: "null"
05-24 13:53:03.910 D/PHONE   ( 2623): [ServiceState] setDataRegState=0
05-24 13:53:03.910 D/PHONE   ( 2623): [ServiceState] setDataRadioTechnology=0
05-24 13:53:03.910 D/GsmSST  ( 2623): [GsmSST] handlPollStateResultMessage: GsmSST setDataRegState=0 regState=5 dataRadioTechnology=0
05-24 13:53:03.920 D/AT      ( 2906): AT< +CREG: 2,5, 700D0, 2136
05-24 13:53:03.920 D/AT      ( 2906): AT< OK
05-24 13:53:03.920 D/RIL     ( 2906): [VOICE_REGISTRATION] response=+CREG: 2,5, 700D0, 2136
05-24 13:53:03.920 D/RIL     ( 2906): parseRegistrationState. Parsing: +CREG: 2,5, 700D0, 2136
05-24 13:53:03.920 D/RIL     ( 2906): registration state type: 3GPP
05-24 13:53:03.920 I/RIL     ( 2906): ------ VendorRIL onRequest: QUERY_NETWORK_SELECTION_MODE ------
05-24 13:53:03.920 D/AT      ( 2906): AT> AT+COPS?
05-24 13:53:03.920 D/RILJ    ( 2623): [3660]< VOICE_REGISTRATION_STATE {5, 700d0, 2136, 0, null, null, null, null, null, null, null, null, null, null, null}
05-24 13:53:03.920 D/PHONE   ( 2623): [ServiceState] setVoiceRegState=0
05-24 13:53:03.920 E/PHONE   ( 2623): [ServiceState] setState deprecated use setVoiceRegState()
05-24 13:53:03.920 D/AT      ( 2906): AT< +COPS: 0,2,"302720",0
05-24 13:53:03.920 D/AT      ( 2906): AT< OK
05-24 13:53:03.920 D/RIL     ( 2906): >>> QueryNetworkSelectionMode, response=0
05-24 13:53:03.920 I/RIL     ( 2906): ------ VendorRIL onRequest: RIL_REQUEST_GET_SIM_STATUS ------
05-24 13:53:03.920 D/RIL     ( 2906): getSIMStatus(). sState: 10
05-24 13:53:03.920 D/AT      ( 2906): AT> AT+CPIN?
05-24 13:53:03.920 D/RILJ    ( 2623): [3661]< QUERY_NETWORK_SELECTION_MODE {0}
05-24 13:53:03.920 D/GsmSST  ( 2623): [GsmSST] Poll ServiceState done:  oldSS=[3 3 home null null null  none none CSS not supported -1 -1 RoamInd=-1 DefRoamInd=-1 EmergOnly=false] newSS=[0 0 roaming CAN Rogers Wirel ROGERS 302720  none none CSS not supported -1 -1 RoamInd=-1 DefRoamInd=-1 EmergOnly=false] oldMaxDataCalls=1 mNewMaxDataCalls=1 oldReasonDataDenied=-1 mNewReasonDataDenied=-1
05-24 13:53:03.920 D/PHONE   ( 2623): [ServiceState] setNullState=1
05-24 13:53:03.920 D/GsmSST  ( 2623): [GsmSST] pollStateDone: registering current mNitzUpdatedTime=false changing to false
05-24 13:53:03.930 D/GsmSST  ( 2623): [GsmSST] updateSpnDisplay: changed sending intent rule=0 showPlmn='false' plmn='CAN Rogers Wirel' showSpn='false' spn=''
05-24 13:53:03.930 D/AT      ( 2906): AT< +CPIN:READY
05-24 13:53:03.930 D/AT      ( 2906): AT< OK
05-24 13:53:03.930 D/RIL     ( 2906): [getSIMStatus] response=+CPIN:READY
05-24 13:53:03.930 I/RIL     ( 2906): ------ VendorRIL onRequest: GET_CURRENT_CALLS ------
05-24 13:53:03.930 D/AT      ( 2906): AT> AT+CLCC
05-24 13:53:03.930 D/RILJ    ( 2623): [3662]< GET_SIM_STATUS IccCardState {CARDSTATE_PRESENT,PINSTATE_UNKNOWN,num_apps=2,gsm_id=0{APPTYPE_SIM,APPSTATE_READY},cdma_id=1{APPTYPE_RUIM,APPSTATE_READY},ims_id=8}
05-24 13:53:03.940 D/AT      ( 2906): AT< OK
05-24 13:53:03.940 I/RIL     ( 2906): ------ VendorRIL onRequest: IMS_REGISTRATION_STATE ------
05-24 13:53:03.940 D/RIL     ( 2906): IMS_REGISTRATION=0, format=1 
05-24 13:53:03.940 I/RIL     ( 2906): ------ VendorRIL onRequest: VOICE_RADIO_TECH ------
05-24 13:53:03.940 I/RIL     ( 2906): ------ VendorRIL onRequest: CDMA_GET_SUBSCRIPTION_SOURCE ------
05-24 13:53:03.940 D/RILJ    ( 2623): [3663]< GET_CURRENT_CALLS  
05-24 13:53:03.940 D/RILJ    ( 2623): [3664]< RIL_REQUEST_IMS_REGISTRATION_STATE {0, 1}
05-24 13:53:03.940 D/RILJ    ( 2623): [3665]< RIL_REQUEST_VOICE_RADIO_TECH {11}
05-24 13:53:03.940 D/RilRequest( 2623): [3666]< RIL_REQUEST_CDMA_GET_SUBSCRIPTION_SOURCE error: com.android.internal.telephony.CommandException: MODE_NOT_SUPPORTED ret=
05-24 13:53:04.060 D/GsmSST  ( 2623): [GsmSST] pollStateDone: there are 6 unique offsets for iso-cc='ca testOneUniqueOffsetPath=false', do nothing
05-24 13:53:04.070 D/GsmSST  ( 2623): [GsmSST] shouldFixTimeZoneNow: retVal=false iccCardExist=false operatorNumeric=302720 mcc=302 prevOperatorNumeric= prevMcc=303 needToFixTimeZone=false ltod=05-24 13:53:04.070
05-24 13:53:04.080 D/GsmSST  ( 2623): [GsmSST] notifyDataRegStateRilRadioTechnologyChanged: drs=0 rat=0
05-24 13:53:04.080 D/DCT     ( 2623): get all active apn types
05-24 13:53:04.080 D/GsmSST  ( 2623): [GsmSST] getCellLocation(): X good mCellLoc=[458960,8502,-1]
05-24 13:53:04.090 D/UiccController( 2623): Received EVENT_GET_ICC_STATUS_DONE
05-24 13:53:04.090 D/UiccCard( 2623): Creating
05-24 13:53:04.090 D/UiccCard( 2623): 2 applications
05-24 13:53:04.090 D/UiccCardApplication( 2623): Creating UiccApp: {APPTYPE_SIM,APPSTATE_READY}
05-24 13:53:04.090 W/VoiceMailConstants( 2623): Can't open /system/etc/voicemail-conf.xml
05-24 13:53:04.090 W/SpnOverride( 2623): Can not open /system/etc/spn-conf.xml
05-24 13:53:04.090 D/SIMRecords( 2623): [SIMRecords] SIMRecords: onRadioOffOrNotAvailable set 'gsm.sim.operator.numeric' to operator=null
05-24 13:53:04.100 D/UiccCardApplication( 2623): Notifying 1 registrant: READY
05-24 13:53:04.100 D/SIMRecords( 2623): [SIMRecords] getOperatorNumeric: IMSI == null
05-24 13:53:04.100 D/SIMRecords( 2623): [SIMRecords] SIMRecords X ctor this=SimRecords: mDestroyed=false mContext=com.android.phone.PhoneGlobals@41ecbcc0 mCi=com.android.internal.telephony.RIL@41ed00f8 mFh=Handler (com.android.internal.telephony.uicc.SIMFileHandler) {41fb9dd0} mParentApp=com.android.internal.telephony.uicc.UiccCardApplication@41fb8ce0 recordsLoadedRegistrants=android.os.RegistrantList@41fbc888 mImsiReadyRegistrants=android.os.RegistrantList@41fbc8b0 mRecordsEventsRegistrants=android.os.RegistrantList@41fbc8d8 mNewSmsRegistrants=android.os.RegistrantList@41fbc900 mNetworkSelectionModeAutomaticRegistrants=android.os.RegistrantList@41fbc928 recordsToLoad=0 adnCache=Handler (com.android.internal.telephony.uicc.AdnRecordCache) {41fbca28} recordsRequested=false iccid=null msisdn=null msisdnTag=null voiceMailNum=null voiceMailTag=null newVoiceMailNum=null newVoiceMailTag=null isVoiceMailFixed=false countVoiceMessages=0 mImsi=null mncLength=-1 mailboxIndex=0 spn=null mVmConfigcom.android.internal.telephony.uicc.VoiceMailConstants@41fbd1d8 mSpnOverride=mSpnOverride callForwardingEnabled=false spnState=null mCphsInfo=null mCspPlmnEnabled=true efMWIS=null efCPHS_MWI=null mEfCff=null mEfCfis=null getOperatorNumeric=null
05-24 13:53:04.100 D/RILJ    ( 2623): [3667]> QUERY_FACILITY_LOCK [FD 7 null]
05-24 13:53:04.110 D/RILJ    ( 2623): [3668]> QUERY_FACILITY_LOCK [SC 7 null]
05-24 13:53:04.110 I/RIL     ( 2906): ------ VendorRIL onRequest: QUERY_FACILITY_LOCK ------
05-24 13:53:04.110 I/RIL     ( 2906): --- VendorRIL not supported: RIL_REQUEST_QUERY_FACILITY_LOCK ---
05-24 13:53:04.110 D/UiccCardApplication( 2623): Creating UiccApp: {APPTYPE_RUIM,APPSTATE_READY}
05-24 13:53:04.110 D/UiccCardApplication( 2623): Notifying 1 registrant: READY
05-24 13:53:04.120 D/RuimRecords( 2623): [RuimRecords] RuimRecords X ctor this=RuimRecords: mDestroyed=false mContext=com.android.phone.PhoneGlobals@41ecbcc0 mCi=com.android.internal.telephony.RIL@41ed00f8 mFh=Handler (com.android.internal.telephony.uicc.RuimFileHandler) {41fc62c8} mParentApp=com.android.internal.telephony.uicc.UiccCardApplication@41fc5e48 recordsLoadedRegistrants=android.os.RegistrantList@41fc6600 mImsiReadyRegistrants=android.os.RegistrantList@41fc6628 mRecordsEventsRegistrants=android.os.RegistrantList@41fc6650 mNewSmsRegistrants=android.os.RegistrantList@41fc6678 mNetworkSelectionModeAutomaticRegistrants=android.os.RegistrantList@41fc66a0 recordsToLoad=0 adnCache=Handler (com.android.internal.telephony.uicc.AdnRecordCache) {41fc66c8} recordsRequested=false iccid=null msisdn=null msisdnTag=null voiceMailNum=null voiceMailTag=null newVoiceMailNum=null newVoiceMailTag=null isVoiceMailFixed=false countVoiceMessages=0 mImsi=null mncLength=-1 mailboxIndex=0 spn=null m_ota_commitedfalse mMyMobileNumber=xxxx mMin2Min1=null mPrlVersion=null mEFpl=null mEFli=null mCsimSpnDisplayCondition=false mMdn=null mMin=null mHomeSystemId=null mHomeNetworkId=null
05-24 13:53:04.120 D/RILJ    ( 2623): [3669]> QUERY_FACILITY_LOCK [FD 7 null]
05-24 13:53:04.120 D/RILJ    ( 2623): [3670]> QUERY_FACILITY_LOCK [SC 7 null]
05-24 13:53:04.120 I/RIL     ( 2906): ------ VendorRIL onRequest: QUERY_FACILITY_LOCK ------
05-24 13:53:04.120 I/RIL     ( 2906): --- VendorRIL not supported: RIL_REQUEST_QUERY_FACILITY_LOCK ---
05-24 13:53:04.120 I/RIL     ( 2906): ------ VendorRIL onRequest: QUERY_FACILITY_LOCK ------
05-24 13:53:04.120 I/RIL     ( 2906): --- VendorRIL not supported: RIL_REQUEST_QUERY_FACILITY_LOCK ---
05-24 13:53:04.120 I/RIL     ( 2906): ------ VendorRIL onRequest: QUERY_FACILITY_LOCK ------
05-24 13:53:04.120 I/RIL     ( 2906): --- VendorRIL not supported: RIL_REQUEST_QUERY_FACILITY_LOCK ---
05-24 13:53:04.120 D/UiccCardApplication( 2623): Notifying 1 registrant: READY
05-24 13:53:04.130 D/CAT     ( 2623): CatService: Running CAT service. STK app installed:false
05-24 13:53:04.130 D/CAT     ( 2623): CatService: NEW sInstance
05-24 13:53:04.130 E/UiccCard( 2623): App index 8 is invalid since there are no applications
05-24 13:53:04.130 D/UiccCard( 2623): update: radioState=RADIO_ON mLastRadioState=RADIO_UNAVAILABLE
05-24 13:53:04.130 D/UiccController( 2623): Notifying IccChangedRegistrants
05-24 13:53:04.130 D/RIL_ImsSms( 2623): IMS is NOT registered!
05-24 13:53:04.130 D/PhoneProxy( 2623): [PhoneProxy] EVENT_REQUEST_VOICE_RADIO_TECH_DONE: newVoiceTech=11
05-24 13:53:04.130 D/PhoneProxy( 2623): [PhoneProxy] phoneObjectUpdater: newVoiceRadioTech=11
05-24 13:53:04.130 D/PhoneProxy( 2623): [PhoneProxy] phoneObjectUpdater: No change ignore, newVoiceRadioTech=11 mActivePhone=GSM
05-24 13:53:04.130 D/CdmaSSM ( 2623): CDMA_SUBSCRIPTION_SOURCE event = 2
05-24 13:53:04.130 W/CdmaSSM ( 2623): Unable to get CDMA Subscription Source, Exception: com.android.internal.telephony.CommandException: MODE_NOT_SUPPORTED, result: null
05-24 13:53:04.130 D/DCT     ( 2623): handleMessage msg={ when=-50ms what=270352 obj=android.os.AsyncResult@41fb7c58 target=com.android.internal.telephony.dataconnection.DcTracker }
05-24 13:53:04.130 D/DCT     ( 2623): onDataConnectionAttached
05-24 13:53:04.130 D/DCT     ( 2623): overall state is IDLE
05-24 13:53:04.130 D/DCT     ( 2623): isDataAllowed: not allowed due to - SIM not loaded - Roaming and data roaming not enabled
05-24 13:53:04.130 D/DCT     ( 2623): [ApnContext:fota] getApnSetting: apnSetting=null
05-24 13:53:04.150 D/DCT     ( 2623): isDataAllowed: not allowed due to - SIM not loaded - Roaming and data roaming not enabled
05-24 13:53:04.150 D/DCT     ( 2623): [ApnContext:supl] getApnSetting: apnSetting=null
05-24 13:53:04.150 D/DCT     ( 2623): isDataAllowed: not allowed due to - SIM not loaded - Roaming and data roaming not enabled
05-24 13:53:04.150 D/DCT     ( 2623): [ApnContext:hipri] getApnSetting: apnSetting=null
05-24 13:53:04.160 D/DCT     ( 2623): isDataAllowed: not allowed due to - SIM not loaded - Roaming and data roaming not enabled
05-24 13:53:04.160 D/DCT     ( 2623): [ApnContext:ims] getApnSetting: apnSetting=null
05-24 13:53:04.170 D/DCT     ( 2623): isDataAllowed: not allowed due to - SIM not loaded - Roaming and data roaming not enabled
05-24 13:53:04.170 D/DCT     ( 2623): [ApnContext:mms] getApnSetting: apnSetting=null
05-24 13:53:04.170 D/DCT     ( 2623): isDataAllowed: not allowed due to - SIM not loaded - Roaming and data roaming not enabled
05-24 13:53:04.170 D/DCT     ( 2623): [ApnContext:cbs] getApnSetting: apnSetting=null
05-24 13:53:05.460 D/DCT     ( 2623): setupDataOnConnectableApns: dataAttached
05-24 13:53:05.460 D/DCT     ( 2623): setupDataOnConnectableApns: apnContext {mApnType=hipri mState=IDLE mWaitingApns={null} mWaitingApnsPermanentFailureCountDown=0 mApnSetting={null} mReason=radioTurnedOff mDataEnabled=false mDependencyMet=true}
05-24 13:53:05.460 D/DCT     ( 2623): setupDataOnConnectableApns: apnContext {mApnType=mms mState=IDLE mWaitingApns={null} mWaitingApnsPermanentFailureCountDown=0 mApnSetting={null} mReason=radioTurnedOff mDataEnabled=false mDependencyMet=true}
05-24 13:53:05.460 D/DCT     ( 2623): setupDataOnConnectableApns: apnContext {mApnType=supl mState=IDLE mWaitingApns={null} mWaitingApnsPermanentFailureCountDown=0 mApnSetting={null} mReason=radioTurnedOff mDataEnabled=false mDependencyMet=true}
05-24 13:53:05.460 D/DCT     ( 2623): setupDataOnConnectableApns: apnContext {mApnType=default mState=IDLE mWaitingApns={null} mWaitingApnsPermanentFailureCountDown=0 mApnSetting={null} mReason=roamingOff mDataEnabled=true mDependencyMet=true}
05-24 13:53:05.460 D/DCT     ( 2623): setupDataOnConnectableApns: isConnectable() call trySetupData
05-24 13:53:05.460 D/DCT     ( 2623): trySetupData for type:default due to dataAttached apnContext={mApnType=default mState=IDLE mWaitingApns={null} mWaitingApnsPermanentFailureCountDown=0 mApnSetting={null} mReason=dataAttached mDataEnabled=true mDependencyMet=true}
05-24 13:53:05.460 D/DCT     ( 2623): trySetupData with mIsPsRestricted=false
05-24 13:53:05.460 D/DCT     ( 2623): isDataAllowed: not allowed due to - SIM not loaded - Roaming and data roaming not enabled
05-24 13:53:05.460 D/DCT     ( 2623): isDataAllowed: not allowed due to - SIM not loaded - Roaming and data roaming not enabled
05-24 13:53:05.460 D/DCT     ( 2623): [ApnContext:fota] getApnSetting: apnSetting=null
05-24 13:53:05.470 D/DCT     ( 2623): isDataAllowed: not allowed due to - SIM not loaded - Roaming and data roaming not enabled
05-24 13:53:05.470 D/DCT     ( 2623): [ApnContext:supl] getApnSetting: apnSetting=null
05-24 13:53:05.470 D/DCT     ( 2623): isDataAllowed: not allowed due to - SIM not loaded - Roaming and data roaming not enabled
05-24 13:53:05.470 D/DCT     ( 2623): [ApnContext:hipri] getApnSetting: apnSetting=null
