=~=~=~=~=~=~=~=~=~=~=~= PuTTY log 2017.05.19 15:15:35 =~=~=~=~=~=~=~=~=~=~=~=
05-19 15:17:17.760 I/RIL     ( 8390): ------ VendorRIL open port: device_u=/dev/ttyUSB0 ------
[12800.974051] otg_port_no:0 OTG IRQ,	OTGSTATE: 0x03, USBIRQ:0x00
[12800.983119] aotg_hcd aotg_hcd.0: aotg_hcd.0	changed:1,inserted: 1
[12800.989224] port status change,2842
[12801.323192] usb 1-1: new full-speed USB device number 2 using aotg_hcd
[12801.568869] scsi0 : usb-storage 1-1:1.0
05-19 15:17:27.760 I/RIL     ( 8390): ------ VendorRIL open port: device_u=/dev/ttyUSB0 ------
[12802.576720] scsi 0:0:0:0: CD-ROM            WCDMA    MMC Storage      2.31 PQ: 0 ANSI: 2
[12802.593409] aotg_hcd aotg_hcd.0: HC	IN ep 1,  num = 5 , pio=0,error [0x0F],	err_ype [0x03],	reset it...
[12802.602826] aotg_hcd_do_error:2315, dbg!
[12802.609440] sr0: scsi-1 drive
[12802.612395] cdrom: Uniform CD-ROM driver Revision: 3.20
[12802.624324] sr 0:0:0:0: Attached scsi generic sg0 type 5
[12803.596257] otg_port_no:0 OTG IRQ,	OTGSTATE: 0x02, USBIRQ:0x02
[12803.603053] aotg_hcd aotg_hcd.0: aotg_hcd.0	changed:1,inserted: 0
[12803.609126] port status change,2842
[12803.612776] usb 1-1: USB disconnect, device number 2
[12804.706322] otg_port_no:0 OTG IRQ,	OTGSTATE: 0x03, USBIRQ:0x02
[12804.713117] aotg_hcd aotg_hcd.0: aotg_hcd.0	changed:1,inserted: 1
[12804.719223] port status change,2842
[12805.053232] usb 1-1: new full-speed USB device number 3 using aotg_hcd
[12805.288381] option 1-1:1.0: GSM modem (1-port) converter detected
[12805.295239] urb->interval: 128
[12805.302975] usb 1-1: GSM modem (1-port) converter now attached to ttyUSB0
[12805.312188] option 1-1:1.1: GSM modem (1-port) converter detected
[12805.320023] usb 1-1: GSM modem (1-port) converter now attached to ttyUSB1
[12805.328280] option 1-1:1.2: GSM modem (1-port) converter detected
[12805.336071] usb 1-1: GSM modem (1-port) converter now attached to ttyUSB2
[12805.344336] option 1-1:1.3: GSM modem (1-port) converter detected
[12805.351936] usb 1-1: GSM modem (1-port) converter now attached to ttyUSB3
[12805.360116] scsi1 : usb-storage 1-1:1.4
[12806.366576] scsi 1:0:0:0: Direct-Access     WCDMA    MMC Storage      2.31 PQ: 0 ANSI: 2
[12806.385759] sd 1:0:0:0: Attached scsi generic sg0 type 0
[12806.398244] sd 1:0:0:0: [sda] Attached SCSI removable disk
05-19 15:17:37.760 I/RIL     ( 8390): ------ VendorRIL open port: device_u=/dev/ttyUSB0 ------
05-19 15:17:37.760 D/RIL     ( 8390): ******** VendorRIL: setRadioState(0), oldState=1 ********
05-19 15:17:37.760 D/AT      ( 8390): AT> ATE0Q0V1
05-19 15:17:37.760 D/RILJ    ( 3011): [UNSL]< UNSOL_RESPONSE_RADIO_STATE_CHANGED RADIO_OFF
05-19 15:17:37.760 D/RILJ    ( 3011): [3658]> RADIO_POWER on
05-19 15:17:37.790 D/RILJ    ( 3011): [3659]> SCREEN_STATE: false
05-19 15:17:37.790 D/PHONE   ( 3011): [ServiceState] setNullState=3
05-19 15:17:37.790 D/GsmSST  ( 3011): [GsmSST] Poll ServiceState done:  oldSS=[1 1 home null null null  none none CSS not supported -1 -1 RoamInd=-1 DefRoamInd=-1 EmergOnly=false] newSS=[3 3 home null null null  none none CSS not supported -1 -1 RoamInd=-1 DefRoamInd=-1 EmergOnly=false] oldMaxDataCalls=1 mNewMaxDataCalls=1 oldReasonDataDenied=-1 mNewReasonDataDenied=-1
05-19 15:17:37.790 D/PHONE   ( 3011): [ServiceState] setNullState=1
05-19 15:17:37.790 D/GsmSST  ( 3011): [GsmSST] updateSpnDisplay: radio is off w/ showPlmn=false plmn=null
05-19 15:17:37.790 D/GsmSST  ( 3011): [GsmSST] updateSpnDisplay: changed sending intent rule=0 showPlmn='false' plmn='null' showSpn='false' spn=''
05-19 15:17:37.810 D/GsmSST  ( 3011): [GsmSST] operatorNumeric is null
05-19 15:17:37.820 D/GsmSST  ( 3011): [GsmSST] notifyDataRegStateRilRadioTechnologyChanged: drs=3 rat=0
05-19 15:17:37.820 D/DCT     ( 3011): get all active apn types
05-19 15:17:37.820 D/DCT     ( 3011): handleMessage msg={ when=-60ms what=270337 obj=android.os.AsyncResult@419a54e8 target=com.android.internal.telephony.dataconnection.DcTracker }
05-19 15:17:37.820 D/DCT     ( 3011): onRadioAvailable
05-19 15:17:37.820 D/DCT     ( 3011): overall state is IDLE
05-19 15:17:37.820 D/RILJ    ( 3011): [3660]> BASEBAND_VERSION
05-19 15:17:37.820 D/RILJ    ( 3011): [3661]> GET_IMEI
05-19 15:17:37.830 D/RILJ    ( 3011): [3662]> GET_IMEISV
05-19 15:17:37.830 I/AT      ( 8390): ------ VendorRIL readerLoop: repeatedly readLine, processLine, handleUnsolicited, handleFinalResponse ------
05-19 15:17:37.830 D/AT      ( 8390): AT< OK
05-19 15:17:38.080 I/RIL     ( 8390): ------ VendorRIL: GSM AT Command for initialization ------
05-19 15:17:38.080 D/AT      ( 8390): AT> AT+WNAM
05-19 15:17:38.090 D/AT      ( 8390): AT< ERROR
05-19 15:17:38.090 I/RIL     ( 8390): ======== VendorRIL: found GSM Modem Device ========
05-19 15:17:38.090 D/AT      ( 8390): AT> ATE0Q0V1
05-19 15:17:38.090 D/AT      ( 8390): AT< OK
05-19 15:17:38.090 D/AT      ( 8390): AT> ATS0=0
05-19 15:17:38.100 D/AT      ( 8390): AT< OK
05-19 15:17:38.100 D/AT      ( 8390): AT> AT+CMEE=1
05-19 15:17:38.110 D/AT      ( 8390): AT< OK
05-19 15:17:38.110 D/AT      ( 8390): AT> AT+CREG=2
05-19 15:17:38.110 D/AT      ( 8390): AT< OK
05-19 15:17:38.110 D/AT      ( 8390): AT> AT+CGREG=1
05-19 15:17:38.110 D/AT      ( 8390): AT< OK
05-19 15:17:38.110 D/AT      ( 8390): AT> AT+CCWA=1
05-19 15:17:38.120 D/AT      ( 8390): AT< OK
05-19 15:17:38.120 D/AT      ( 8390): AT> AT+CMOD=0
05-19 15:17:38.130 D/AT      ( 8390): AT< OK
05-19 15:17:38.130 D/AT      ( 8390): AT> AT+CMUT=0
05-19 15:17:38.130 D/AT      ( 8390): AT< OK
05-19 15:17:38.130 D/AT      ( 8390): AT> AT+CSSN=0,1
05-19 15:17:38.140 D/AT      ( 8390): AT< OK
05-19 15:17:38.140 D/AT      ( 8390): AT> AT+COLP=0
05-19 15:17:38.150 D/AT      ( 8390): AT< OK
05-19 15:17:38.150 D/AT      ( 8390): AT> AT+CSCS="HEX"
05-19 15:17:38.150 D/AT      ( 8390): AT< OK
05-19 15:17:38.150 D/AT      ( 8390): AT> AT+CUSD=1
05-19 15:17:38.160 D/AT      ( 8390): AT< OK
05-19 15:17:38.160 D/AT      ( 8390): AT> AT+CGEREP=1,0
05-19 15:17:38.170 D/AT      ( 8390): AT< OK
05-19 15:17:38.170 D/AT      ( 8390): AT> AT+CMGF=0
05-19 15:17:38.170 D/AT      ( 8390): AT< OK
05-19 15:17:38.170 D/AT      ( 8390): AT> AT+CFUN?
05-19 15:17:38.180 D/AT      ( 8390): AT< +CFUN: 1
05-19 15:17:38.180 D/AT      ( 8390): AT< OK
05-19 15:17:38.180 D/RIL     ( 8390): ******** VendorRIL: setRadioState(10), oldState=0 ********
05-19 15:17:38.180 D/RIL     ( 8390): ******** VendorRIL: onRadioPowerOn pollSIMState, current state=10 ********
05-19 15:17:38.180 I/RIL     ( 8390): ======== VendorRIL: AT Command initialize done, Radio_State=ON, sState=10 ========
05-19 15:17:38.180 I/RIL     ( 8390): ------ VendorRIL onRequest: RADIO_POWER ------
05-19 15:17:38.180 D/RIL     ( 8390): requestRadioPower: request to set [1], current state [10]
05-19 15:17:38.180 D/RIL     ( 8390): requestRadioPower: error Unhandled state
05-19 15:17:38.180 I/RIL     ( 8390): ------ VendorRIL onRequest: SCREEN_STATE ------
05-19 15:17:38.180 I/RIL     ( 8390): [ScreenState]: OFF
05-19 15:17:38.180 I/RIL     ( 8390): ------ VendorRIL onRequest: BASEBAND_VERSION ------
05-19 15:17:38.180 I/RIL     ( 8390): ------ VendorRIL onRequest: GET_IMEI ------
05-19 15:17:38.180 I/RIL     ( 8390): ------ VendorRIL onRequest: GET_IMEISV ------
05-19 15:17:38.180 I/RIL     ( 8390): --- VendorRIL not supported: RIL_REQUEST_GET_IMEISV ---
05-19 15:17:38.180 D/RILJ    ( 3011): [UNSL]< UNSOL_RESPONSE_RADIO_STATE_CHANGED RADIO_ON
05-19 15:17:38.180 D/RILJ    ( 3011): [3658]< RADIO_POWER 
05-19 15:17:38.180 D/RilRequest( 3011): [3659]< SCREEN_STATE error: com.android.internal.telephony.CommandException: MODE_NOT_SUPPORTED ret=
05-19 15:17:38.180 D/RILJ    ( 3011): [3660]< BASEBAND_VERSION E1750
05-19 15:17:38.180 D/RILJ    ( 3011): [3661]< GET_IMEI 
05-19 15:17:38.180 D/RilRequest( 3011): [3662]< GET_IMEISV error: com.android.internal.telephony.CommandException: MODE_NOT_SUPPORTED ret=
05-19 15:17:38.180 D/RILJ    ( 3011): [3663]> OPERATOR
05-19 15:17:38.180 D/RILJ    ( 3011): [3664]> DATA_REGISTRATION_STATE
05-19 15:17:38.190 I/RIL     ( 8390): ------ VendorRIL onRequest: OPERATOR ------
05-19 15:17:38.190 D/AT      ( 8390): AT> AT+COPS=3,0;+COPS?;+COPS=3,1;+COPS?;+COPS=3,2;+COPS?
05-19 15:17:38.190 D/RILJ    ( 3011): [3665]> VOICE_REGISTRATION_STATE
05-19 15:17:38.190 D/RILJ    ( 3011): [3666]> QUERY_NETWORK_SELECTION_MODE
05-19 15:17:38.190 D/UiccController( 3011): Received EVENT_ICC_STATUS_CHANGED, calling getIccCardStatus
05-19 15:17:38.190 D/RILJ    ( 3011): [3667]> GET_SIM_STATUS
05-19 15:17:38.190 D/RILJ    ( 3011): [3668]> GET_CURRENT_CALLS
05-19 15:17:38.190 D/RILJ    ( 3011): [3669]> RIL_REQUEST_IMS_REGISTRATION_STATE
05-19 15:17:38.190 D/RILJ    ( 3011): [3670]> RIL_REQUEST_VOICE_RADIO_TECH
05-19 15:17:38.190 D/RILJ    ( 3011): [3671]> RIL_REQUEST_CDMA_GET_SUBSCRIPTION_SOURCE
05-19 15:17:38.200 D/GSMPhone( 3011): Baseband version: E1750
05-19 15:17:38.200 D/AT      ( 8390): AT< +COPS: 0
05-19 15:17:38.200 D/AT      ( 8390): AT< +COPS: 0
05-19 15:17:38.200 D/AT      ( 8390): AT< +COPS: 0
05-19 15:17:38.200 D/AT      ( 8390): AT< OK
05-19 15:17:38.200 D/RIL     ( 8390): [VendorRIL] requestOperator result: [0] = CAN Rogers Wirel
05-19 15:17:38.200 D/RIL     ( 8390): [VendorRIL] requestOperator result: [1] = ROGERS
05-19 15:17:38.200 D/RIL     ( 8390): [VendorRIL] requestOperator result: [2] = 302720
05-19 15:17:38.200 I/RIL     ( 8390): ------ VendorRIL onRequest: DATA_REGISTRATION_STATE ------
05-19 15:17:38.200 D/RIL     ( 8390): VendorRIL: requestRegistrationState >>>>>>>>>
05-19 15:17:38.200 D/AT      ( 8390): AT> AT+CGREG?
05-19 15:17:38.200 D/RILJ    ( 3011): [3663]< OPERATOR {CAN Rogers Wirel, ROGERS, 302720}
05-19 15:17:38.200 D/AT      ( 8390): AT< +CGREG: 1,2
05-19 15:17:38.200 D/AT      ( 8390): AT< OK
05-19 15:17:38.200 D/RIL     ( 8390): [DATA_REGISTRATION] response=+CGREG: 1,2
05-19 15:17:38.200 D/RIL     ( 8390): parseRegistrationState. Parsing: +CGREG: 1,2
05-19 15:17:38.200 D/RIL     ( 8390): registration state type: 3GPP
05-19 15:17:38.200 I/RIL     ( 8390): ------ VendorRIL onRequest: VOICE_REGISTRATION_STATE ------
05-19 15:17:38.200 D/RIL     ( 8390): VendorRIL: requestRegistrationState >>>>>>>>>
05-19 15:17:38.200 D/AT      ( 8390): AT> AT+CREG?
05-19 15:17:38.200 D/RILJ    ( 3011): [3664]< DATA_REGISTRATION_STATE {2, ffffffff, ffffffff, null, null, null}[12813.688221] cpu1 turning on start...
05-19 15:17:38.200 E/GsmSST  ( 3011): [GsmSST] error parsing GprsRegistrationState: java.lang.NumberFormatException: Invalid int: "null"
05-19 15:17:38.200 D/PHONE   ( 3011): [ServiceState] setDataRegState=1
05-19 15:17:38.200 D/PHONE   ( 3011): [ServiceState] setDataRadioTechnology=0
05-19 15:17:38.200 D/GsmSST  ( 3011): [GsmSST] handlPollStateResultMessage: GsmSST setDataRegState=1 regState=2 dataRadioTechnology=0
05-19 15:17:38.210 D/AT      ( 8390): AT< +CREG: 2,2
05-19 15:17:38.210 D/AT      ( 8390): AT< OK
05-19 15:17:38.210 D/RIL     ( 8390): [VOICE_REGISTRATION] response=+CREG: 2,2
CPU1: Booted secondary processor
05-19 15:17:38.210 D/RIL     ( 8390): parseRegistrationState. Parsing: +CREG: 2,2
[12813.760543] end
05-19 15:17:38.210 D/RIL     ( 8390): registration state type: 3GPP
05-19 15:17:38.210 I/RIL     ( 8390): ------ VendorRIL onRequest: QUERY_NETWORK_SELECTION_MODE ------
05-19 15:17:38.210 D/AT      ( 8390): AT> AT+COPS?
05-19 15:17:38.210 D/RILJ    ( 3011): [3665]< VOICE_REGISTRATION_STATE {2, ffffffff, ffffffff, null, null, null, null, null, null, null, null, null, null, null, null}
05-19 15:17:38.210 E/GsmSST  ( 3011): [GsmSST] error parsing RegistrationState: java.lang.NumberFormatException: Invalid int: "ffffffff"
05-19 15:17:38.210 D/PHONE   ( 3011): [ServiceState] setVoiceRegState=1
05-19 15:17:38.210 E/PHONE   ( 3011): [ServiceState] setState deprecated use setVoiceRegState()
05-19 15:17:38.210 D/AT      ( 8390): AT< +COPS: 0
05-19 15:17:38.210 D/AT      ( 8390): AT< OK
05-19 15:17:38.210 D/RIL     ( 8390): >>> QueryNetworkSelectionMode, response=0
05-19 15:17:38.210 I/RIL     ( 8390): ------ VendorRIL onRequest: RIL_REQUEST_GET_SIM_STATUS ------
05-19 15:17:38.210 D/RIL     ( 8390): getSIMStatus(). sState: 10
05-19 15:17:38.210 D/AT      ( 8390): AT> AT+CPIN?
05-19 15:17:38.210 D/RILJ    ( 3011): [3666]< QUERY_NETWORK_SELECTION_MODE {0}
05-19 15:17:38.220 D/GsmSST  ( 3011): [GsmSST] Poll ServiceState done:  oldSS=[3 3 home null null null  none none CSS not supported -1 -1 RoamInd=-1 DefRoamInd=-1 EmergOnly=false] newSS=[1 1 home CAN Rogers Wirel ROGERS 302720  none none CSS not supported -1 -1 RoamInd=-1 DefRoamInd=-1 EmergOnly=false] oldMaxDataCalls=1 mNewMaxDataCalls=1 oldReasonDataDenied=-1 mNewReasonDataDenied=-1
05-19 15:17:38.220 D/PHONE   ( 3011): [ServiceState] setNullState=1
05-19 15:17:38.220 D/GsmSST  ( 3011): [GsmSST] updateSpnDisplay: radio is on but out of service, set plmn='No service.'
05-19 15:17:38.220 D/GsmSST  ( 3011): [GsmSST] updateSpnDisplay: changed sending intent rule=0 showPlmn='true' plmn='No service.' showSpn='false' spn=''
05-19 15:17:38.220 D/AT      ( 8390): AT< +CPIN:READY
05-19 15:17:38.220 D/AT      ( 8390): AT< OK
05-19 15:17:38.220 D/RIL     ( 8390): [getSIMStatus] response=+CPIN:READY
05-19 15:17:38.220 I/RIL     ( 8390): ------ VendorRIL onRequest: GET_CURRENT_CALLS ------
05-19 15:17:38.220 D/AT      ( 8390): AT> AT+CLCC
05-19 15:17:38.220 D/RILJ    ( 3011): [3667]< GET_SIM_STATUS IccCardState {CARDSTATE_PRESENT,PINSTATE_UNKNOWN,num_apps=2,gsm_id=0{APPTYPE_SIM,APPSTATE_READY},cdma_id=1{APPTYPE_RUIM,APPSTATE_READY},ims_id=8}
05-19 15:17:38.230 D/AT      ( 8390): AT< OK
05-19 15:17:38.230 I/RIL     ( 8390): ------ VendorRIL onRequest: IMS_REGISTRATION_STATE ------
05-19 15:17:38.230 D/RIL     ( 8390): IMS_REGISTRATION=0, format=1 
05-19 15:17:38.230 I/RIL     ( 8390): ------ VendorRIL onRequest: VOICE_RADIO_TECH ------
05-19 15:17:38.230 I/RIL     ( 8390): ------ VendorRIL onRequest: CDMA_GET_SUBSCRIPTION_SOURCE ------
05-19 15:17:38.230 D/RILJ    ( 3011): [3668]< GET_CURRENT_CALLS  
05-19 15:17:38.230 D/RILJ    ( 3011): [3669]< RIL_REQUEST_IMS_REGISTRATION_STATE {0, 1}
05-19 15:17:38.230 D/RILJ    ( 3011): [3670]< RIL_REQUEST_VOICE_RADIO_TECH {11}
05-19 15:17:38.230 D/RilRequest( 3011): [3671]< RIL_REQUEST_CDMA_GET_SUBSCRIPTION_SOURCE error: com.android.internal.telephony.CommandException: MODE_NOT_SUPPORTED ret=
05-19 15:17:38.370 D/GsmSST  ( 3011): [GsmSST] pollStateDone: there are 6 unique offsets for iso-cc='ca testOneUniqueOffsetPath=false', do nothing
05-19 15:17:38.370 D/GsmSST  ( 3011): [GsmSST] shouldFixTimeZoneNow: retVal=false iccCardExist=false operatorNumeric=302720 mcc=302 prevOperatorNumeric= prevMcc=303 needToFixTimeZone=false ltod=05-19 15:17:38.378
05-19 15:17:38.380 D/GsmSST  ( 3011): [GsmSST] notifyDataRegStateRilRadioTechnologyChanged: drs=1 rat=0
05-19 15:17:38.380 D/DCT     ( 3011): get all active apn types
05-19 15:17:38.380 D/UiccController( 3011): Received EVENT_GET_ICC_STATUS_DONE
05-19 15:17:38.380 D/UiccCard( 3011): Creating
05-19 15:17:38.380 D/UiccCard( 3011): 2 applications
05-19 15:17:38.380 D/UiccCardApplication( 3011): Creating UiccApp: {APPTYPE_SIM,APPSTATE_READY}
05-19 15:17:38.380 W/VoiceMailConstants( 3011): Can't open /system/etc/voicemail-conf.xml
05-19 15:17:38.380 W/SpnOverride( 3011): Can not open /system/etc/spn-conf.xml
05-19 15:17:38.380 D/SIMRecords( 3011): [SIMRecords] SIMRecords: onRadioOffOrNotAvailable set 'gsm.sim.operator.numeric' to operator=null
05-19 15:17:38.390 D/UiccCardApplication( 3011): Notifying 1 registrant: READY
05-19 15:17:38.390 D/SIMRecords( 3011): [SIMRecords] getOperatorNumeric: IMSI == null
05-19 15:17:38.390 D/SIMRecords( 3011): [SIMRecords] SIMRecords X ctor this=SimRecords: mDestroyed=false mContext=com.android.phone.PhoneGlobals@41888928 mCi=com.android.internal.telephony.RIL@4188cd60 mFh=Handler (com.android.internal.telephony.uicc.SIMFileHandler) {419c87b8} mParentApp=com.android.internal.telephony.uicc.UiccCardApplication@419c7e68 recordsLoadedRegistrants=android.os.RegistrantList@4187b308 mImsiReadyRegistrants=android.os.RegistrantList@418dcc30 mRecordsEventsRegistrants=android.os.RegistrantList@419c8830 mNewSmsRegistrants=android.os.RegistrantList@419c4630 mNetworkSelectionModeAutomaticRegistrants=android.os.RegistrantList@419c4420 recordsToLoad=0 adnCache=Handler (com.android.internal.telephony.uicc.AdnRecordCache) {419cb6f0} recordsRequested=false iccid=null msisdn=null msisdnTag=null voiceMailNum=null voiceMailTag=null newVoiceMailNum=null newVoiceMailTag=null isVoiceMailFixed=false countVoiceMessages=0 mImsi=null mncLength=-1 mailboxIndex=0 spn=null mVmConfigcom.android.internal.telephony.uicc.VoiceMailConstants@419c4000 mSpnOverride=mSpnOverride callForwardingEnabled=false spnState=null mCphsInfo=null mCspPlmnEnabled=true efMWIS=null efCPHS_MWI=null mEfCff=null mEfCfis=null getOperatorNumeric=null
05-19 15:17:38.390 D/RILJ    ( 3011): [3672]> QUERY_FACILITY_LOCK [FD 7 null]
05-19 15:17:38.390 I/RIL     ( 8390): ------ VendorRIL onRequest: QUERY_FACILITY_LOCK ------
05-19 15:17:38.390 I/RIL     ( 8390): --- VendorRIL not supported: RIL_REQUEST_QUERY_FACILITY_LOCK ---
05-19 15:17:38.400 D/RILJ    ( 3011): [3673]> QUERY_FACILITY_LOCK [SC 7 null]
05-19 15:17:38.400 I/RIL     ( 8390): ------ VendorRIL onRequest: QUERY_FACILITY_LOCK ------
05-19 15:17:38.400 I/RIL     ( 8390): --- VendorRIL not supported: RIL_REQUEST_QUERY_FACILITY_LOCK ---
05-19 15:17:38.400 D/UiccCardApplication( 3011): Creating UiccApp: {APPTYPE_RUIM,APPSTATE_READY}
05-19 15:17:38.400 D/UiccCardApplication( 3011): Notifying 1 registrant: READY
05-19 15:17:38.400 D/RuimRecords( 3011): [RuimRecords] RuimRecords X ctor this=RuimRecords: mDestroyed=false mContext=com.android.phone.PhoneGlobals@41888928 mCi=com.android.internal.telephony.RIL@4188cd60 mFh=Handler (com.android.internal.telephony.uicc.RuimFileHandler) {419d1660} mParentApp=com.android.internal.telephony.uicc.UiccCardApplication@419d1530 recordsLoadedRegistrants=android.os.RegistrantList@419d03f0 mImsiReadyRegistrants=android.os.RegistrantList@419cffd0 mRecordsEventsRegistrants=android.os.RegistrantList@419cfdc0 mNewSmsRegistrants=android.os.RegistrantList@419cd8a0 mNetworkSelectionModeAutomaticRegistrants=android.os.RegistrantList@419c37c0 recordsToLoad=0 adnCache=Handler (com.android.internal.telephony.uicc.AdnRecordCache) {419d1d38} recordsRequested=false iccid=null msisdn=null msisdnTag=null voiceMailNum=null voiceMailTag=null newVoiceMailNum=null newVoiceMailTag=null isVoiceMailFixed=false countVoiceMessages=0 mImsi=null mncLength=-1 mailboxIndex=0 spn=null m_ota_commitedfalse mMyMobileNumber=xxxx mMin2Min1=null mPrlVersion=null mEFpl=null mEFli=null mCsimSpnDisplayCondition=false mMdn=null mMin=null mHomeSystemId=null mHomeNetworkId=null
05-19 15:17:38.400 D/RILJ    ( 3011): [3674]> QUERY_FACILITY_LOCK [FD 7 null]
05-19 15:17:38.400 I/RIL     ( 8390): ------ VendorRIL onRequest: QUERY_FACILITY_LOCK ------
05-19 15:17:38.400 I/RIL     ( 8390): --- VendorRIL not supported: RIL_REQUEST_QUERY_FACILITY_LOCK ---
05-19 15:17:38.400 D/RILJ    ( 3011): [3675]> QUERY_FACILITY_LOCK [SC 7 null]
05-19 15:17:38.400 I/RIL     ( 8390): ------ VendorRIL onRequest: QUERY_FACILITY_LOCK ------
05-19 15:17:38.400 I/RIL     ( 8390): --- VendorRIL not supported: RIL_REQUEST_QUERY_FACILITY_LOCK ---
05-19 15:17:38.420 D/UiccCardApplication( 3011): Notifying 1 registrant: READY
05-19 15:17:38.420 D/CAT     ( 3011): CatService: Running CAT service. STK app installed:false
05-19 15:17:38.420 D/CAT     ( 3011): CatService: NEW sInstance
05-19 15:17:38.420 E/UiccCard( 3011): App index 8 is invalid since there are no applications
05-19 15:17:38.420 D/UiccCard( 3011): update: radioState=RADIO_ON mLastRadioState=RADIO_UNAVAILABLE
05-19 15:17:38.420 D/UiccController( 3011): Notifying IccChangedRegistrants
05-19 15:17:38.420 D/RIL_ImsSms( 3011): IMS is NOT registered!
05-19 15:17:38.420 D/PhoneProxy( 3011): [PhoneProxy] EVENT_REQUEST_VOICE_RADIO_TECH_DONE: newVoiceTech=11
05-19 15:17:38.420 D/PhoneProxy( 3011): [PhoneProxy] phoneObjectUpdater: newVoiceRadioTech=11
05-19 15:17:38.420 D/PhoneProxy( 3011): [PhoneProxy] phoneObjectUpdater: No change ignore, newVoiceRadioTech=11 mActivePhone=GSM
05-19 15:17:38.420 D/CdmaSSM ( 3011): CDMA_SUBSCRIPTION_SOURCE event = 2
05-19 15:17:38.420 W/CdmaSSM ( 3011): Unable to get CDMA Subscription Source, Exception: com.android.internal.telephony.CommandException: MODE_NOT_SUPPORTED, result: null
05-19 15:17:38.420 D/SIMRecords( 3011): [SIMRecords] fetchSimRecords 0
05-19 15:17:38.420 D/RILJ    ( 3011): [3676]> getIMSI: GET_IMSI aid: null
05-19 15:17:38.420 I/RIL     ( 8390): ------ VendorRIL onRequest: GET_IMSI ------
05-19 15:17:38.420 D/AT      ( 8390): AT> AT+CIMI
05-19 15:17:38.420 D/RILJ    ( 3011): [3677]> iccIO: SIM_IO 0xc0 0x2fe2  path: 3F00,0,0,15 aid: null
05-19 15:17:38.420 D/RILJ    ( 3011): [3678]> iccIO: SIM_IO 0xc0 0x6f40  path: 3F007F10,0,0,15 aid: null
05-19 15:17:38.430 D/RILJ    ( 3011): [3679]> iccIO: SIM_IO 0xc0 0x6fc9  path: 3F007F20,0,0,15 aid: null
05-19 15:17:38.430 D/RILJ    ( 3011): [3680]> iccIO: SIM_IO 0xc0 0x6fad  path: 3F007F20,0,0,15 aid: null
05-19 15:17:38.430 D/RILJ    ( 3011): [3681]> iccIO: SIM_IO 0xc0 0x6fca  path: 3F007F20,0,0,15 aid: null
05-19 15:17:38.430 D/RILJ    ( 3011): [3682]> iccIO: SIM_IO 0xc0 0x6f11  path: 3F007F20,0,0,15 aid: null
05-19 15:17:38.430 D/RILJ    ( 3011): [3683]> iccIO: SIM_IO 0xc0 0x6fcb  path: 3F007F20,0,0,15 aid: null
05-19 15:17:38.430 D/RILJ    ( 3011): [3684]> iccIO: SIM_IO 0xc0 0x6f13  path: 3F007F20,0,0,15 aid: null
05-19 15:17:38.430 D/AT      ( 8390): AT< +CIMI:302370602284779
05-19 15:17:38.430 D/AT      ( 8390): AT< OK
05-19 15:17:38.430 I/RIL     ( 8390): ------ VendorRIL onRequest: SIM_IO ------
05-19 15:17:38.430 D/AT      ( 8390): AT> AT+CRSM=192,12258,0,0,15
05-19 15:17:38.430 D/RilRequest( 3011): [3676]< GET_IMSI error: com.android.internal.telephony.CommandException: GENERIC_FAILURE ret=
05-19 15:17:38.440 D/RILJ    ( 3011): [3685]> iccIO: SIM_IO 0xc0 0x6f46  path: 3F007F20,0,0,15 aid: null
05-19 15:17:38.440 D/RILJ    ( 3011): [3686]> iccIO: SIM_IO 0xc0 0x6fcd  path: 3F007F20,0,0,15 aid: null
05-19 15:17:38.440 D/RILJ    ( 3011): [3687]> iccIO: SIM_IO 0xc0 0x6fc5  path: 3F007F20,0,0,15 aid: null
05-19 15:17:38.440 D/RILJ    ( 3011): [3688]> iccIO: SIM_IO 0xc0 0x6f38  path: 3F007F20,0,0,15 aid: null
05-19 15:17:38.440 D/RILJ    ( 3011): [3689]> iccIO: SIM_IO 0xc0 0x6f16  path: 3F007F20,0,0,15 aid: null
05-19 15:17:38.440 D/RILJ    ( 3011): [3690]> iccIO: SIM_IO 0xc0 0x6f15  path: 3F007F20,0,0,15 aid: null
05-19 15:17:38.440 D/RILJ    ( 3011): [3691]> iccIO: SIM_IO 0xc0 0x6f3e  path: 3F007F20,0,0,15 aid: null
05-19 15:17:38.470 D/SIMRecords( 3011): [SIMRecords] fetchSimRecords 16 requested: true
05-19 15:17:38.470 D/RuimRecords( 3011): [RuimRecords] fetchRuimRecords 0
05-19 15:17:38.470 D/RILJ    ( 3011): [3692]> getIMSI: GET_IMSI aid: null
05-19 15:17:38.470 D/RILJ    ( 3011): [3693]> iccIO: SIM_IO 0xc0 0x2fe2  path: 3F00,0,0,15 aid: null
05-19 15:17:38.470 D/RILJ    ( 3011): [3694]> iccIO: SIM_IO 0xc0 0x2f05  path: 3F00,0,0,15 aid: null
05-19 15:17:38.470 D/RILJ    ( 3011): [3695]> iccIO: SIM_IO 0xc0 0x6f3a  path: 3F007F25,0,0,15 aid: null
05-19 15:17:38.470 D/AT      ( 8390): AT< +CRSM: 144,0,0000000A2FE20400FFF0AA04020000
05-19 15:17:38.470 D/AT      ( 8390): AT< OK
05-19 15:17:38.470 I/RIL     ( 8390): ------ VendorRIL onRequest: SIM_IO ------
05-19 15:17:38.470 D/AT      ( 8390): AT> AT+CRSM=192,28480,0,0,15
05-19 15:17:38.470 D/RILJ    ( 3011): [3677]< SIM_IO IccIoResponse sw1:0x90 sw2:0x0
05-19 15:17:38.470 D/RILJ    ( 3011): [3696]> iccIO: SIM_IO 0xc0 0x6f41  path: 3F007F25,0,0,15 aid: null
05-19 15:17:38.470 D/RILJ    ( 3011): [3697]> iccIO: SIM_IO 0xc0 0x6f44  path: 3F007F25,0,0,15 aid: null
05-19 15:17:38.470 D/RILJ    ( 3011): [3698]> iccIO: SIM_IO 0xc0 0x6f22  path: 3F007F25,0,0,15 aid: null
05-19 15:17:38.470 D/RILJ    ( 3011): [3699]> iccIO: SIM_IO 0xc0 0x6f28  path: 3F007F25,0,0,15 aid: null
05-19 15:17:38.480 D/RILJ    ( 3011): [3700]> iccIO: SIM_IO 0xb0 0x6f5a  path: 3F007F25,0,0,4 aid: null
05-19 15:17:38.480 D/RuimRecords( 3011): [RuimRecords] fetchRuimRecords 9 requested: true
05-19 15:17:38.480 D/RILJ    ( 3011): [3701]> RIL_REQUEST_CDMA_SUBSCRIPTION
05-19 15:17:38.480 D/CAT     ( 3011): CatService: SIM ready. Reporting STK service running now...
05-19 15:17:38.480 D/RILJ    ( 3011): [3702]> RIL_REQUEST_REPORT_STK_SERVICE_IS_RUNNING
05-19 15:17:38.480 D/GSMPhone( 3011): [GSMPhone] New Uicc application found
05-19 15:17:38.480 D/GsmSST  ( 3011): [GsmSST] New card found
05-19 15:17:38.480 D/UiccCardApplication( 3011): Notifying 1 registrant: READY
05-19 15:17:38.480 D/DCT     ( 3011): handleMessage msg={ when=-60ms what=270369 obj=android.os.AsyncResult@419d6da8 target=com.android.internal.telephony.dataconnection.DcTracker }
05-19 15:17:38.480 D/DCT     ( 3011): New records found
05-19 15:17:38.480 D/GsmSMSDispatcher( 3011): New Uicc application found
05-19 15:17:38.480 D/IccCardProxy( 3011): Icc changed. Reregestering.
05-19 15:17:38.480 D/UiccCardApplication( 3011): Notifying 1 registrant: READY
05-19 15:17:38.480 D/IccCardProxy( 3011): Broadcasting intent ACTION_SIM_STATE_CHANGED READY reason null
05-19 15:17:38.490 D/AT      ( 8390): AT< +CRSM: 144,0,000000806F40040011F0AA04020120
05-19 15:17:38.490 D/AT      ( 8390): AT< OK
05-19 15:17:38.490 I/RIL     ( 8390): ------ VendorRIL onRequest: SIM_IO ------
05-19 15:17:38.490 D/AT      ( 8390): AT> AT+CRSM=192,28617,0,0,15
05-19 15:17:38.490 D/RILJ    ( 3011): [3678]< SIM_IO IccIoResponse sw1:0x90 sw2:0x0
05-19 15:17:38.510 E/SIMRecords( 3011): [SIMRecords] Exception querying IMSI, Exception:com.android.internal.telephony.CommandException: GENERIC_FAILURE
05-19 15:17:38.510 D/SIMRecords( 3011): [SIMRecords] onRecordLoaded 15 requested: true
05-19 15:17:38.510 D/RILJ    ( 3011): [3703]> iccIO: SIM_IO 0xb0 0x2fe2  path: 3F00,0,0,10 aid: null
05-19 15:17:38.510 D/RILJ    ( 3011): setCurrentPreferredNetworkType: 1
05-19 15:17:38.510 D/RILJ    ( 3011): [3704]> REQUEST_SET_PREFERRED_NETWORK_TYPE : 1
05-19 15:17:38.510 D/RILJ    ( 3011): [3705]> SET_NETWORK_SELECTION_AUTOMATIC
05-19 15:17:38.510 D/AT      ( 8390): AT< +CRSM: 144,0,000000186FC9040011F0AA0402010C
05-19 15:17:38.510 D/AT      ( 8390): AT< OK
05-19 15:17:38.510 I/RIL     ( 8390): ------ VendorRIL onRequest: SIM_IO ------
05-19 15:17:38.510 D/AT      ( 8390): AT> AT+CRSM=192,28589,0,0,15
05-19 15:17:38.510 D/RILJ    ( 3011): [3679]< SIM_IO IccIoResponse sw1:0x90 sw2:0x0
05-19 15:17:38.520 D/RILJ    ( 3011): [3706]> OPERATOR
05-19 15:17:38.520 D/RILJ    ( 3011): [3707]> DATA_REGISTRATION_STATE
05-19 15:17:38.520 D/RILJ    ( 3011): [3708]> VOICE_REGISTRATION_STATE
05-19 15:17:38.520 D/RILJ    ( 3011): [3709]> QUERY_NETWORK_SELECTION_MODE
05-19 15:17:38.520 D/RILJ    ( 3011): [3710]> iccIO: SIM_IO 0xb2 0x6f40  path: 3F007F10,1,4,32 aid: null
05-19 15:17:38.530 D/RILJ    ( 3011): [3711]> iccIO: SIM_IO 0xb2 0x6fc9  path: 3F007F20,1,4,12 aid: null
05-19 15:17:38.530 D/AT      ( 8390): AT< +CRSM: 144,0,000000046FAD04000AF0AA04020000
05-19 15:17:38.530 D/AT      ( 8390): AT< OK
05-19 15:17:38.530 I/RIL     ( 8390): ------ VendorRIL onRequest: SIM_IO ------
05-19 15:17:38.530 D/AT      ( 8390): AT> AT+CRSM=192,28618,0,0,15
05-19 15:17:38.530 D/RILJ    ( 3011): [3680]< SIM_IO IccIoResponse sw1:0x90 sw2:0x0
05-19 15:17:38.530 D/RILJ    ( 3011): [3712]> iccIO: SIM_IO 0xb0 0x6fad  path: 3F007F20,0,0,4 aid: null
05-19 15:17:38.550 D/AT      ( 8390): AT< +CRSM: 144,0,0000000A6FCA040011F0AA04020105
05-19 15:17:38.550 D/AT      ( 8390): AT< OK
05-19 15:17:38.550 I/RIL     ( 8390): ------ VendorRIL onRequest: SIM_IO ------
05-19 15:17:38.550 D/AT      ( 8390): AT> AT+CRSM=192,28433,0,0,15
05-19 15:17:38.550 D/RILJ    ( 3011): [3681]< SIM_IO IccIoResponse sw1:0x90 sw2:0x0
05-19 15:17:38.550 D/RILJ    ( 3011): [3713]> iccIO: SIM_IO 0xb2 0x6fca  path: 3F007F20,1,4,5 aid: null
05-19 15:17:38.580 D/AT      ( 8390): AT< +CRSM: 148,4
05-19 15:17:38.580 D/AT      ( 8390): AT< ERROR
05-19 15:17:38.580 I/RIL     ( 8390): ------ VendorRIL onRequest: SIM_IO ------
05-19 15:17:38.580 D/AT      ( 8390): AT> AT+CRSM=192,28619,0,0,15
05-19 15:17:38.580 D/RilRequest( 3011): [3682]< SIM_IO error: com.android.internal.telephony.CommandException: GENERIC_FAILURE ret=
05-19 15:17:38.580 D/SIMRecords( 3011): [SIMRecords] onRecordLoaded 14 requested: true
05-19 15:17:38.610 D/AT      ( 8390): AT< +CRSM: 144,0,000000206FCB040011F0AA04020110
05-19 15:17:38.610 D/AT      ( 8390): AT< OK
05-19 15:17:38.610 I/RIL     ( 8390): ------ VendorRIL onRequest: SIM_IO ------
05-19 15:17:38.610 D/AT      ( 8390): AT> AT+CRSM=192,28435,0,0,15
05-19 15:17:38.610 D/RILJ    ( 3011): [3683]< SIM_IO IccIoResponse sw1:0x90 sw2:0x0
05-19 15:17:38.610 D/RILJ    ( 3011): [3714]> iccIO: SIM_IO 0xb2 0x6fcb  path: 3F007F20,1,4,16 aid: null
05-19 15:17:38.640 D/AT      ( 8390): AT< +CRSM: 148,4
05-19 15:17:38.640 D/AT      ( 8390): AT< ERROR
05-19 15:17:38.640 I/RIL     ( 8390): ------ VendorRIL onRequest: SIM_IO ------
05-19 15:17:38.640 D/AT      ( 8390): AT> AT+CRSM=192,28486,0,0,15
05-19 15:17:38.640 D/RilRequest( 3011): [3684]< SIM_IO error: com.android.internal.telephony.CommandException: GENERIC_FAILURE ret=
05-19 15:17:38.640 D/SIMRecords( 3011): [SIMRecords] onRecordLoaded 13 requested: true
05-19 15:17:38.680 D/AT      ( 8390): AT< +CRSM: 144,0,000000116F4604000AF0AA04020000
05-19 15:17:38.680 D/AT      ( 8390): AT< OK
05-19 15:17:38.680 I/RIL     ( 8390): ------ VendorRIL onRequest: SIM_IO ------
05-19 15:17:38.680 D/AT      ( 8390): AT> AT+CRSM=192,28621,0,0,15
05-19 15:17:38.680 D/RILJ    ( 3011): [3685]< SIM_IO IccIoResponse sw1:0x90 sw2:0x0
05-19 15:17:38.680 D/RILJ    ( 3011): [3715]> iccIO: SIM_IO 0xb0 0x6f46  path: 3F007F20,0,0,17 aid: null
05-19 15:17:38.700 D/AT      ( 8390): AT< +CRSM: 144,0,000000136FCD04001AF0AA04020000
05-19 15:17:38.700 D/AT      ( 8390): AT< OK
05-19 15:17:38.700 I/RIL     ( 8390): ------ VendorRIL onRequest: SIM_IO ------
05-19 15:17:38.700 D/AT      ( 8390): AT> AT+CRSM=192,28613,0,0,15
05-19 15:17:38.700 D/RILJ    ( 3011): [3686]< SIM_IO IccIoResponse sw1:0x90 sw2:0x0
05-19 15:17:38.700 D/RILJ    ( 3011): [3716]> iccIO: SIM_IO 0xb0 0x6fcd  path: 3F007F20,0,0,19 aid: null
05-19 15:17:38.730 D/AT      ( 8390): AT< +CRSM: 144,0,000000A06FC504000AF0AA04020114
05-19 15:17:38.730 D/AT      ( 8390): AT< OK
05-19 15:17:38.730 I/RIL     ( 8390): ------ VendorRIL onRequest: SIM_IO ------
05-19 15:17:38.730 D/AT      ( 8390): AT> AT+CRSM=192,28472,0,0,15
05-19 15:17:38.730 D/RILJ    ( 3011): [3687]< SIM_IO IccIoResponse sw1:0x90 sw2:0x0
05-19 15:17:38.730 D/RILJ    ( 3011): [3717]> iccIO: SIM_IO 0xb2 0x6fc5  path: 3F007F20,1,4,20 aid: null
05-19 15:17:38.740 D/AT      ( 8390): AT< +CRSM: 144,0,0000000B6F3804001AF0AA04020000
05-19 15:17:38.740 D/AT      ( 8390): AT< OK
05-19 15:17:38.740 I/RIL     ( 8390): ------ VendorRIL onRequest: SIM_IO ------
05-19 15:17:38.740 D/AT      ( 8390): AT> AT+CRSM=192,28438,0,0,15
05-19 15:17:38.740 D/RILJ    ( 3011): [3688]< SIM_IO IccIoResponse sw1:0x90 sw2:0x0
05-19 15:17:38.740 D/RILJ    ( 3011): [3718]> iccIO: SIM_IO 0xb0 0x6f38  path: 3F007F20,0,0,11 aid: null
05-19 15:17:38.770 D/AT      ( 8390): AT< +CRSM: 144,0,000000036F1604001AA0AA04020000
05-19 15:17:38.770 D/AT      ( 8390): AT< OK
05-19 15:17:38.770 I/RIL     ( 8390): ------ VendorRIL onRequest: SIM_IO ------
05-19 15:17:38.770 D/AT      ( 8390): AT> AT+CRSM=192,28437,0,0,15
05-19 15:17:38.770 D/RILJ    ( 3011): [3689]< SIM_IO IccIoResponse sw1:0x90 sw2:0x0
05-19 15:17:38.770 D/RILJ    ( 3011): [3719]> iccIO: SIM_IO 0xb0 0x6f16  path: 3F007F20,0,0,3 aid: null
05-19 15:17:38.800 D/AT      ( 8390): AT< +CRSM: 144,0,0000001A6F15040011A0AA04020000
05-19 15:17:38.800 D/AT      ( 8390): AT< OK
05-19 15:17:38.800 I/RIL     ( 8390): ------ VendorRIL onRequest: SIM_IO ------
05-19 15:17:38.800 D/AT      ( 8390): AT> AT+CRSM=192,28478,0,0,15
05-19 15:17:38.800 D/RILJ    ( 3011): [3690]< SIM_IO IccIoResponse sw1:0x90 sw2:0x0
05-19 15:17:38.800 D/RILJ    ( 3011): [3720]> iccIO: SIM_IO 0xb0 0x6f15  path: 3F007F20,0,0,26 aid: null
05-19 15:17:38.820 D/AT      ( 8390): AT< +CRSM: 144,0,000000016F3E04001AF0AA04020000
05-19 15:17:38.820 D/AT      ( 8390): AT< OK
05-19 15:17:38.820 I/RIL     ( 8390): ------ VendorRIL onRequest: GET_IMSI ------
05-19 15:17:38.820 D/AT      ( 8390): AT> AT+CIMI
05-19 15:17:38.820 D/RILJ    ( 3011): [3691]< SIM_IO IccIoResponse sw1:0x90 sw2:0x0
05-19 15:17:38.820 D/RILJ    ( 3011): [3721]> iccIO: SIM_IO 0xb0 0x6f3e  path: 3F007F20,0,0,1 aid: null
05-19 15:17:38.840 D/AT      ( 8390): AT< +CIMI:302370602284779
05-19 15:17:38.840 D/AT      ( 8390): AT< OK
05-19 15:17:38.840 I/RIL     ( 8390): ------ VendorRIL onRequest: SIM_IO ------
05-19 15:17:38.840 D/AT      ( 8390): AT> AT+CRSM=192,12258,0,0,15
05-19 15:17:38.840 D/RilRequest( 3011): [3692]< GET_IMSI error: com.android.internal.telephony.CommandException: GENERIC_FAILURE ret=
05-19 15:17:38.840 E/RuimRecords( 3011): [RuimRecords] Exception querying IMSI, Exception:com.android.internal.telephony.CommandException: GENERIC_FAILURE
05-19 15:17:38.840 D/RuimRecords( 3011): [RuimRecords] onRecordLoaded 8 requested: true
05-19 15:17:38.860 D/AT      ( 8390): AT< +CRSM: 144,0,0000000A2FE20400FFF0AA04020000
05-19 15:17:38.860 D/AT      ( 8390): AT< OK
05-19 15:17:38.860 I/RIL     ( 8390): ------ VendorRIL onRequest: SIM_IO ------
05-19 15:17:38.860 D/AT      ( 8390): AT> AT+CRSM=192,12037,0,0,15
05-19 15:17:38.860 D/RILJ    ( 3011): [3693]< SIM_IO IccIoResponse sw1:0x90 sw2:0x0
05-19 15:17:38.860 D/RILJ    ( 3011): [3722]> iccIO: SIM_IO 0xb0 0x2fe2  path: 3F00,0,0,10 aid: null
05-19 15:17:38.890 D/AT      ( 8390): AT< +CRSM: 144,0,0000000A2F05040001F0AA04020000
05-19 15:17:38.890 D/AT      ( 8390): AT< OK
05-19 15:17:38.890 I/RIL     ( 8390): ------ VendorRIL onRequest: SIM_IO ------
05-19 15:17:38.890 D/AT      ( 8390): AT> AT+CRSM=192,28474,0,0,15
05-19 15:17:38.890 D/RILJ    ( 3011): [3694]< SIM_IO IccIoResponse sw1:0x90 sw2:0x0
05-19 15:17:38.890 D/RILJ    ( 3011): [3723]> iccIO: SIM_IO 0xb0 0x2f05  path: 3F00,0,0,10 aid: null
05-19 15:17:38.910 D/AT      ( 8390): AT< +CRSM: 144,0,00001F404F3A040011F0AA04020120
05-19 15:17:38.910 D/AT      ( 8390): AT< OK
05-19 15:17:38.910 I/RIL     ( 8390): ------ VendorRIL onRequest: SIM_IO ------
05-19 15:17:38.910 D/AT      ( 8390): AT> AT+CRSM=192,28481,0,0,15
05-19 15:17:38.910 D/RILJ    ( 3011): [3695]< SIM_IO IccIoResponse sw1:0x90 sw2:0x0
05-19 15:17:38.910 D/RuimRecords( 3011): [RuimRecords] EF_CSIM_LI LOADED
05-19 15:17:38.910 E/RuimRecords( 3011): [RuimRecords] Record Load Exception: com.android.internal.telephony.uicc.IccFileTypeMismatch
05-19 15:17:38.910 D/RuimRecords( 3011): [RuimRecords] onRecordLoaded 7 requested: true
05-19 15:17:38.940 D/AT      ( 8390): AT< +CRSM: 148,4
05-19 15:17:38.940 D/AT      ( 8390): AT< ERROR
05-19 15:17:38.940 I/RIL     ( 8390): ------ VendorRIL onRequest: SIM_IO ------
05-19 15:17:38.940 D/AT      ( 8390): AT> AT+CRSM=192,28484,0,0,15
05-19 15:17:38.940 D/RilRequest( 3011): [3696]< SIM_IO error: com.android.internal.telephony.CommandException: GENERIC_FAILURE ret=
05-19 15:17:38.940 D/RuimRecords( 3011): [RuimRecords] EF_CSIM_SPN LOADED
05-19 15:17:38.940 E/RuimRecords( 3011): [RuimRecords] Record Load Exception: com.android.internal.telephony.CommandException: GENERIC_FAILURE
05-19 15:17:38.940 D/RuimRecords( 3011): [RuimRecords] onRecordLoaded 6 requested: true
05-19 15:17:38.990 D/AT      ( 8390): AT< +CRSM: 144,0,000001406F44044011F0AA04020320
05-19 15:17:38.990 D/AT      ( 8390): AT< OK
05-19 15:17:38.990 I/RIL     ( 8390): ------ VendorRIL onRequest: SIM_IO ------
05-19 15:17:38.990 D/AT      ( 8390): AT> AT+CRSM=192,28450,0,0,15
05-19 15:17:38.990 D/RILJ    ( 3011): [3697]< SIM_IO IccIoResponse sw1:0x90 sw2:0x0
05-19 15:17:38.990 D/RuimRecords( 3011): [RuimRecords] EF_CSIM_MDN LOADED
05-19 15:17:38.990 E/RuimRecords( 3011): [RuimRecords] Record Load Exception: com.android.internal.telephony.uicc.IccFileTypeMismatch
05-19 15:17:38.990 D/RuimRecords( 3011): [RuimRecords] onRecordLoaded 5 requested: true
05-19 15:17:38.990 D/AT      ( 8390): AT< ERROR
05-19 15:17:38.990 I/RIL     ( 8390): ------ VendorRIL onRequest: SIM_IO ------
05-19 15:17:38.990 D/AT      ( 8390): AT> AT+CRSM=192,28456,0,0,15
05-19 15:17:38.990 D/RilRequest( 3011): [3698]< SIM_IO error: com.android.internal.telephony.CommandException: GENERIC_FAILURE ret=
05-19 15:17:38.990 D/RuimRecords( 3011): [RuimRecords] EF_CSIM_IMSIM LOADED
05-19 15:17:38.990 E/RuimRecords( 3011): [RuimRecords] Record Load Exception: com.android.internal.telephony.CommandException: GENERIC_FAILURE
05-19 15:17:38.990 D/RuimRecords( 3011): [RuimRecords] onRecordLoaded 4 requested: true
05-19 15:17:39.010 D/AT      ( 8390): AT< ERROR
05-19 15:17:39.010 I/RIL     ( 8390): ------ VendorRIL onRequest: SIM_IO ------
05-19 15:17:39.010 D/AT      ( 8390): AT> AT+CRSM=176,28506,0,0,4
05-19 15:17:39.010 D/RilRequest( 3011): [3699]< SIM_IO error: com.android.internal.telephony.CommandException: GENERIC_FAILURE ret=
05-19 15:17:39.010 D/RuimRecords( 3011): [RuimRecords] EF_CSIM_CDMAHOME LOADED
05-19 15:17:39.010 E/RuimRecords( 3011): [RuimRecords] Record Load Exception: com.android.internal.telephony.CommandException: GENERIC_FAILURE
05-19 15:17:39.010 D/RuimRecords( 3011): [RuimRecords] onRecordLoaded 3 requested: true
05-19 15:17:39.010 D/AT      ( 8390): AT< ERROR
05-19 15:17:39.010 I/RIL     ( 8390): ------ VendorRIL onRequest: CDMA_SUBSCRIPTION ------
05-19 15:17:39.010 I/RIL     ( 8390): ------ VendorRIL onRequest: REPORT_STK_SERVICE_IS_RUNNING ------
05-19 15:17:39.010 I/RIL     ( 8390): --- VendorRIL not supported: RIL_REQUEST_REPORT_STK_SERVICE_IS_RUNNING ---
05-19 15:17:39.010 I/RIL     ( 8390): ------ VendorRIL onRequest: SIM_IO ------
05-19 15:17:39.010 D/AT      ( 8390): AT> AT+CRSM=176,12258,0,0,10
05-19 15:17:39.010 D/RilRequest( 3011): [3700]< SIM_IO error: com.android.internal.telephony.CommandException: GENERIC_FAILURE ret=
05-19 15:17:39.010 D/RilRequest( 3011): [3701]< RIL_REQUEST_CDMA_SUBSCRIPTION error: com.android.internal.telephony.CommandException: MODE_NOT_SUPPORTED ret=
05-19 15:17:39.010 D/RuimRecords( 3011): [RuimRecords] EF_CSIM_EPRL LOADED
05-19 15:17:39.010 E/RuimRecords( 3011): [RuimRecords] Record Load Exception: com.android.internal.telephony.CommandException: GENERIC_FAILURE
05-19 15:17:39.010 D/RuimRecords( 3011): [RuimRecords] onRecordLoaded 2 requested: true
05-19 15:17:39.030 D/AT      ( 8390): AT< +CRSM: 144,0,98033207130360835283
05-19 15:17:39.030 D/AT      ( 8390): AT< OK
05-19 15:17:39.030 I/RIL     ( 8390): ------ VendorRIL onRequest: SET_PREFERRED_NETWORK_TYPE ------
05-19 15:17:39.030 D/RIL     ( 8390): requestSetPreferredNetworkType: current: 1. New: 1
05-19 15:17:39.030 I/RIL     ( 8390): ------ VendorRIL onRequest: SET_NETWORK_SELECTION_AUTOMATIC ------
05-19 15:17:39.030 D/AT      ( 8390): AT> AT+COPS=0
05-19 15:17:39.030 D/RILJ    ( 3011): [3703]< SIM_IO IccIoResponse sw1:0x90 sw2:0x0
05-19 15:17:39.030 D/RILJ    ( 3011): [3704]< REQUEST_SET_PREFERRED_NETWORK_TYPE 
05-19 15:17:39.030 D/SIMRecords( 3011): [SIMRecords] iccid: 89302370313006382538
05-19 15:17:39.030 D/SIMRecords( 3011): [SIMRecords] onRecordLoaded 12 requested: true
05-19 15:17:39.080 D/AT      ( 8390): AT< OK
05-19 15:17:39.080 I/RIL     ( 8390): ------ VendorRIL onRequest: OPERATOR ------
05-19 15:17:39.080 D/AT      ( 8390): AT> AT+COPS=3,0;+COPS?;+COPS=3,1;+COPS?;+COPS=3,2;+COPS?
05-19 15:17:39.340 D/AT      ( 8390): AT< +COPS: 0
05-19 15:17:39.340 D/AT      ( 8390): AT< +COPS: 0
05-19 15:17:39.340 D/AT      ( 8390): AT< +COPS: 0
05-19 15:17:39.340 D/AT      ( 8390): AT< OK
05-19 15:17:39.340 D/RIL     ( 8390): [VendorRIL] requestOperator result: [0] = CAN Rogers Wirel
05-19 15:17:39.340 D/RIL     ( 8390): [VendorRIL] requestOperator result: [1] = ROGERS
05-19 15:17:39.450 D/RIL     ( 8390): [VendorRIL] requestOperator result: [2] = 302720
05-19 15:17:39.460 I/RIL     ( 8390): ------ VendorRIL onRequest: DATA_REGISTRATION_STATE ------
05-19 15:17:39.460 D/RIL     ( 8390): VendorRIL: requestRegistrationState >>>>>>>>>
05-19 15:17:39.470 D/RILJ    ( 3011): [3706]< OPERATOR {CAN Rogers Wirel, ROGERS, 302720}
05-19 15:17:39.470 D/AT      ( 8390): AT> AT+CGREG?
05-19 15:17:39.810 D/AT      ( 8390): AT< +CGREG: 1,2
05-19 15:17:39.810 D/AT      ( 8390): AT< OK
05-19 15:17:39.840 D/RIL     ( 8390): [DATA_REGISTRATION] response=+CGREG: 1,2
05-19 15:17:39.840 D/RIL     ( 8390): parseRegistrationState. Parsing: +CGREG: 1,2
05-19 15:17:39.840 D/RIL     ( 8390): registration state type: 3GPP
05-19 15:17:39.840 I/RIL     ( 8390): ------ VendorRIL onRequest: VOICE_REGISTRATION_STATE ------
05-19 15:17:39.840 D/RIL     ( 8390): VendorRIL: requestRegistrationState >>>>>>>>>
05-19 15:17:39.840 D/AT      ( 8390): AT> AT+CREG?
05-19 15:17:39.840 D/RILJ    ( 3011): [3707]< DATA_REGISTRATION_STATE {2, ffffffff, ffffffff, null, null, null}
05-19 15:17:39.840 E/GsmSST  ( 3011): [GsmSST] error parsing GprsRegistrationState: java.lang.NumberFormatException: Invalid int: "null"
05-19 15:17:39.840 D/PHONE   ( 3011): [ServiceState] setDataRegState=1
05-19 15:17:39.840 D/PHONE   ( 3011): [ServiceState] setDataRadioTechnology=0
05-19 15:17:39.840 D/GsmSST  ( 3011): [GsmSST] handlPollStateResultMessage: GsmSST setDataRegState=1 regState=2 dataRadioTechnology=0
05-19 15:17:39.850 D/AT      ( 8390): AT< +CREG: 2,2
05-19 15:17:39.850 D/AT      ( 8390): AT< OK
05-19 15:17:39.850 D/RIL     ( 8390): [VOICE_REGISTRATION] response=+CREG: 2,2
05-19 15:17:39.850 D/RIL     ( 8390): parseRegistrationState. Parsing: +CREG: 2,2
05-19 15:17:39.850 D/RIL     ( 8390): registration state type: 3GPP
05-19 15:17:39.850 I/RIL     ( 8390): ------ VendorRIL onRequest: QUERY_NETWORK_SELECTION_MODE ------
05-19 15:17:39.850 D/AT      ( 8390): AT> AT+COPS?
05-19 15:17:39.850 D/RILJ    ( 3011): [3708]< VOICE_REGISTRATION_STATE {2, ffffffff, ffffffff, null, null, null, null, null, null, null, null, null, null, null, null}
05-19 15:17:39.850 E/GsmSST  ( 3011): [GsmSST] error parsing RegistrationState: java.lang.NumberFormatException: Invalid int: "ffffffff"
05-19 15:17:39.850 D/PHONE   ( 3011): [ServiceState] setVoiceRegState=1
05-19 15:17:39.850 E/PHONE   ( 3011): [ServiceState] setState deprecated use setVoiceRegState()
05-19 15:17:39.890 D/AT      ( 8390): AT< +COPS: 0
05-19 15:17:39.890 D/AT      ( 8390): AT< OK
05-19 15:17:39.890 D/RIL     ( 8390): >>> QueryNetworkSelectionMode, response=0
05-19 15:17:39.890 I/RIL     ( 8390): ------ VendorRIL onRequest: SIM_IO ------
05-19 15:17:39.890 D/AT      ( 8390): AT> AT+CRSM=178,28480,1,4,32
05-19 15:17:39.890 D/RILJ    ( 3011): [3709]< QUERY_NETWORK_SELECTION_MODE {0}
05-19 15:17:39.890 D/GsmSST  ( 3011): [GsmSST] Poll ServiceState done:  oldSS=[1 1 home CAN Rogers Wirel ROGERS 302720  none none CSS not supported -1 -1 RoamInd=-1 DefRoamInd=-1 EmergOnly=false] newSS=[1 1 home CAN Rogers Wirel ROGERS 302720  none none CSS not supported -1 -1 RoamInd=-1 DefRoamInd=-1 EmergOnly=false] oldMaxDataCalls=1 mNewMaxDataCalls=1 oldReasonDataDenied=-1 mNewReasonDataDenied=-1
05-19 15:17:39.890 D/PHONE   ( 3011): [ServiceState] setNullState=1
05-19 15:17:39.930 D/AT      ( 8390): AT< +CRSM: 144,0,FFFFFFFFFFFFFFFFFFFFFFFFFFFFFFFFFFFF07915141655908F0FFFFFFFFFFFF
05-19 15:17:39.930 D/AT      ( 8390): AT< OK
05-19 15:17:39.930 I/RIL     ( 8390): ------ VendorRIL onRequest: SIM_IO ------
05-19 15:17:39.930 D/AT      ( 8390): AT> AT+CRSM=178,28617,1,4,12
05-19 15:17:39.930 D/RILJ    ( 3011): [3710]< SIM_IO IccIoResponse sw1:0x90 sw2:0x0
05-19 15:17:39.940 D/SIMRecords( 3011): [SIMRecords] MSISDN: xxxxxxx
05-19 15:17:39.940 D/SIMRecords( 3011): [SIMRecords] onRecordLoaded 11 requested: true
05-19 15:17:39.960 D/AT      ( 8390): AT< +CRSM: 144,0,010000000000000000000000
05-19 15:17:39.960 D/AT      ( 8390): AT< OK
05-19 15:17:39.960 I/RIL     ( 8390): ------ VendorRIL onRequest: SIM_IO ------
05-19 15:17:39.960 D/AT      ( 8390): AT> AT+CRSM=176,28589,0,0,4
05-19 15:17:39.970 D/RILJ    ( 3011): [3711]< SIM_IO IccIoResponse sw1:0x90 sw2:0x0
05-19 15:17:39.970 D/SIMRecords( 3011): [SIMRecords] EF_MBI: 010000000000000000000000
05-19 15:17:39.970 D/SIMRecords( 3011): [SIMRecords] Got valid mailbox number for MBDN
05-19 15:17:39.970 D/RILJ    ( 3011): [3724]> iccIO: SIM_IO 0xc0 0x6fc7  path: 3F007F20,0,0,15 aid: null
05-19 15:17:39.980 D/AT      ( 8390): AT< +CRSM: 144,0,00000003
05-19 15:17:39.980 D/AT      ( 8390): AT< OK
05-19 15:17:39.980 I/RIL     ( 8390): ------ VendorRIL onRequest: SIM_IO ------
05-19 15:17:39.980 D/AT      ( 8390): AT> AT+CRSM=178,28618,1,4,5
05-19 15:17:39.980 D/RILJ    ( 3011): [3712]< SIM_IO IccIoResponse sw1:0x90 sw2:0x0
05-19 15:17:39.980 D/SIMRecords( 3011): [SIMRecords] onRecordLoaded 11 requested: true
05-19 15:17:39.980 D/SIMRecords( 3011): [SIMRecords] EF_AD: 00000003
05-19 15:17:39.980 D/SIMRecords( 3011): [SIMRecords] onRecordLoaded 10 requested: true
05-19 15:17:40.000 D/AT      ( 8390): AT< +CRSM: 144,0,0000000000
05-19 15:17:40.000 D/AT      ( 8390): AT< OK
05-19 15:17:40.010 I/RIL     ( 8390): ------ VendorRIL onRequest: SIM_IO ------
05-19 15:17:40.010 D/AT      ( 8390): AT> AT+CRSM=178,28619,1,4,16
05-19 15:17:40.010 D/RILJ    ( 3011): [3713]< SIM_IO IccIoResponse sw1:0x90 sw2:0x0
05-19 15:17:40.010 D/SIMRecords( 3011): [SIMRecords] EF_MWIS: 0000000000
05-19 15:17:40.010 D/SIMRecords( 3011): [SIMRecords] onRecordLoaded 9 requested: true
05-19 15:17:40.040 D/AT      ( 8390): AT< +CRSM: 144,0,0100FFFFFFFFFFFFFFFFFFFFFFFFFFFF
05-19 15:17:40.040 D/AT      ( 8390): AT< OK
05-19 15:17:40.040 I/RIL     ( 8390): ------ VendorRIL onRequest: SIM_IO ------
05-19 15:17:40.040 D/AT      ( 8390): AT> AT+CRSM=176,28486,0,0,17
05-19 15:17:40.040 D/RILJ    ( 3011): [3714]< SIM_IO IccIoResponse sw1:0x90 sw2:0x0
05-19 15:17:40.040 D/SIMRecords( 3011): [SIMRecords] EF_CFIS: 0100ffffffffffffffffffffffffffff
05-19 15:17:40.040 D/SIMRecords( 3011): [SIMRecords] EF_CFIS: callForwardingEnabled=false
05-19 15:17:40.040 D/SIMRecords( 3011): [SIMRecords] onRecordLoaded 8 requested: true
05-19 15:17:40.060 D/AT      ( 8390): AT< +CRSM: 144,0,00FFFFFFFFFFFFFFFFFFFFFFFFFFFFFFFF
05-19 15:17:40.060 D/AT      ( 8390): AT< OK
05-19 15:17:40.060 I/RIL     ( 8390): ------ VendorRIL onRequest: SIM_IO ------
05-19 15:17:40.060 D/AT      ( 8390): AT> AT+CRSM=176,28621,0,0,19
05-19 15:17:40.060 D/RILJ    ( 3011): [3715]< SIM_IO IccIoResponse sw1:0x90 sw2:0x0
05-19 15:17:40.060 D/SIMRecords( 3011): [SIMRecords] Load EF_SPN:  spnDisplayCondition: 0
05-19 15:17:40.080 D/SIMRecords( 3011): [SIMRecords] onRecordLoaded 7 requested: true
05-19 15:17:40.100 D/AT      ( 8390): AT< +CRSM: 144,0,A311800FFFFFFFFFFFFFFFFFFFFFFFFFFFFFFF
05-19 15:17:40.100 D/AT      ( 8390): AT< OK
05-19 15:17:40.100 I/RIL     ( 8390): ------ VendorRIL onRequest: SIM_IO ------
05-19 15:17:40.100 D/AT      ( 8390): AT> AT+CRSM=178,28613,1,4,20
05-19 15:17:40.100 D/RILJ    ( 3011): [3716]< SIM_IO IccIoResponse sw1:0x90 sw2:0x0
05-19 15:17:40.100 D/SIMRecords( 3011): [SIMRecords] onRecordLoaded 6 requested: true
05-19 15:17:40.130 D/AT      ( 8390): AT< +CRSM: 144,0,430584C634F90DFFFFFFFFFFFFFFFFFFFFFFFFFF
05-19 15:17:40.130 D/AT      ( 8390): AT< OK
05-19 15:17:40.130 I/RIL     ( 8390): ------ VendorRIL onRequest: SIM_IO ------
05-19 15:17:40.130 D/AT      ( 8390): AT> AT+CRSM=176,28472,0,0,11
05-19 15:17:40.130 D/RILJ    ( 3011): [3717]< SIM_IO IccIoResponse sw1:0x90 sw2:0x0
05-19 15:17:40.130 D/SIMRecords( 3011): [SIMRecords] onRecordLoaded 5 requested: true
05-19 15:17:40.140 D/AT      ( 8390): AT< +CRSM: 144,0,9ECB17AC27F60500400240
05-19 15:17:40.140 D/AT      ( 8390): AT< OK
05-19 15:17:40.140 I/RIL     ( 8390): ------ VendorRIL onRequest: SIM_IO ------
05-19 15:17:40.140 D/AT      ( 8390): AT> AT+CRSM=176,28438,0,0,3
05-19 15:17:40.140 D/RILJ    ( 3011): [3718]< SIM_IO IccIoResponse sw1:0x90 sw2:0x0
05-19 15:17:40.140 D/SIMRecords( 3011): [SIMRecords] SST: UsimServiceTable[88]={ FDN, FDN_EXTENSION, SDN, SDN_EXTENSION, OUTGOING_CALL_INFO, INCOMING_CALL_INFO, SM_STORAGE, SM_SERVICE_PARAMS, CB_MESSAGE_ID, CB_MESSAGE_ID_RANGES, GROUP_ID_LEVEL_1, GROUP_ID_LEVEL_2, SPN, MSISDN, GSM_ACCESS, DATA_DL_VIA_SMS_PP, CALL_CONTROL_BY_USIM, RUN_AT_COMMAND, IGNORED_1, ENABLED_SERVICES_TABLE, APN_CONTROL_LIST, GSM_SECURITY_CONTEXT, OPERATOR_PLMN_SELECT, HPLMN_SELECT, PLMN_NETWORK_NAME, OPERATOR_PLMN_LIST, MBDN, MWI_STATUS, CFI_STATUS, SERVICE_PROVIDER_DISPLAY_INFO, EQUIVALENT_HPLMN, LAST_RPLMN_SELECTION_INDICATION, CALL_CONTROL_ON_EPS_PDN_CONNECTION_BY_USIM }
05-19 15:17:40.140 D/SIMRecords( 3011): [SIMRecords] onRecordLoaded 4 requested: true
05-19 15:17:40.190 D/AT      ( 8390): AT< +CRSM: 144,0,023303
05-19 15:17:40.190 D/AT      ( 8390): AT< OK
05-19 15:17:40.190 I/RIL     ( 8390): ------ VendorRIL onRequest: SIM_IO ------
05-19 15:17:40.190 D/AT      ( 8390): AT> AT+CRSM=176,28437,0,0,26
05-19 15:17:40.190 D/RILJ    ( 3011): [3719]< SIM_IO IccIoResponse sw1:0x90 sw2:0x0
05-19 15:17:40.190 D/SIMRecords( 3011): [SIMRecords] iCPHS: 023303
05-19 15:17:40.190 D/SIMRecords( 3011): [SIMRecords] onRecordLoaded 3 requested: true
05-19 15:17:40.220 D/AT      ( 8390): AT< +CRSM: 144,0,01F002C0038004C005F00600070008830984C0DDFF00FF00FF00
05-19 15:17:40.220 D/AT      ( 8390): AT< OK
05-19 15:17:40.220 I/RIL     ( 8390): ------ VendorRIL onRequest: SIM_IO ------
05-19 15:17:40.220 D/AT      ( 8390): AT> AT+CRSM=176,28478,0,0,1
05-19 15:17:40.220 D/RILJ    ( 3011): [3720]< SIM_IO IccIoResponse sw1:0x90 sw2:0x0
05-19 15:17:40.220 D/SIMRecords( 3011): [SIMRecords] EF_CSP: 01f002c0038004c005f00600070008830984c0ddff00ff00ff00
05-19 15:17:40.220 D/SIMRecords( 3011): [SIMRecords] [CSP] found ValueAddedServicesGroup, value -35
05-19 15:17:40.220 D/SIMRecords( 3011): [SIMRecords] onRecordLoaded 2 requested: true
05-19 15:17:40.260 D/AT      ( 8390): AT< +CRSM: 144,0,DD
05-19 15:17:40.260 D/AT      ( 8390): AT< OK
