04-13 15:13:48.707 D/AT      ( 9034): AT> AT+CSSN=0,1
04-13 15:13:48.727 D/AT      ( 9034): AT< OK
04-13 15:13:48.727 D/AT      ( 9034): AT> AT+COLP=0
04-13 15:13:48.737 D/AT      ( 9034): AT< OK
04-13 15:13:48.737 D/AT      ( 9034): AT> AT+CSCS="HEX"
04-13 15:13:48.747 D/AT      ( 9034): AT< OK
04-13 15:13:48.747 D/AT      ( 9034): AT> AT+CUSD=1
04-13 15:13:48.757 D/AT      ( 9034): AT< OK
04-13 15:13:48.757 D/AT      ( 9034): AT> AT+CGEREP=1,0
04-13 15:13:48.777 D/AT      ( 9034): AT< OK
04-13 15:13:48.777 D/AT      ( 9034): AT> AT+CMGF=0
04-13 15:13:48.787 D/AT      ( 9034): AT< OK
04-13 15:13:48.787 D/AT      ( 9034): AT> AT+CFUN?
04-13 15:13:48.797 D/AT      ( 9034): AT< +CFUN: 1
04-13 15:13:48.797 D/AT      ( 9034): AT< OK
04-13 15:13:48.797 D/RIL     ( 9034): ******** VendorRIL: setRadioState(10), oldState=0 ********
04-13 15:13:48.797 D/RIL     ( 9034): ******** VendorRIL: onRadioPowerOn pollSIMState, current state=10 ********
04-13 15:13:48.797 I/RIL     ( 9034): ======== VendorRIL: AT Command initialize done, Radio_State=ON, sState=10 ========
04-13 15:13:48.797 I/RILC    ( 9034): libril: new connection
04-13 15:13:48.797 I/RILC    ( 9034): RIL Daemon version: android reference-ril 1.0
04-13 15:13:48.807 D/RILJ    ( 2961): [UNSL]< UNSOL_RIL_CONNECTED {9}
04-13 15:13:48.807 D/RILJ    ( 2961): [2239]> RADIO_POWER off
04-13 15:13:48.807 I/RIL     ( 9034): ------ VendorRIL onRequest: GET_CURRENT_CALLS ------
04-13 15:13:48.807 D/AT      ( 9034): AT> AT+CLCC
04-13 15:13:48.807 D/RILJ    ( 2961): [2240]> REQUEST_SET_PREFERRED_NETWORK_TYPE : 1
04-13 15:13:48.827 D/AT      ( 9034): AT< OK
04-13 15:13:48.827 D/RILJ    ( 2961): [2241]> RIL_REQUEST_CDMA_SET_SUBSCRIPTION_SOURCE : 1
04-13 15:13:48.827 D/RILJ    ( 2961): setCellInfoListRate: 2147483647
04-13 15:13:48.827 D/RILJ    ( 2961): [2242]> RIL_REQUEST_SET_CELL_INFO_LIST_RATE
04-13 15:13:48.837 D/Dcc     ( 2961): DccDefaultState: msg.what=EVENT_RIL_CONNECTED mRilVersion=9
04-13 15:13:48.837 D/RILJ    ( 2961): [UNSL]< UNSOL_RESPONSE_RADIO_STATE_CHANGED RADIO_ON
04-13 15:13:48.857 D/RILJ    ( 2961): [2243]> SCREEN_STATE: false
04-13 15:13:48.857 D/RILJ    ( 2961): [2244]> OPERATOR
04-13 15:13:48.947 D/RILJ    ( 2961): [2245]> DATA_REGISTRATION_STATE
04-13 15:13:48.947 D/RILJ    ( 2961): [2246]> VOICE_REGISTRATION_STATE
04-13 15:13:48.947 D/RILJ    ( 2961): [2247]> QUERY_NETWORK_SELECTION_MODE
04-13 15:13:48.947 D/DCT     ( 2961): handleMessage msg={ when=-113ms what=270337 obj=android.os.AsyncResult@41a1ec70 target=com.android.internal.telephony.dataconnection.DcTracker }
04-13 15:13:48.947 D/DCT     ( 2961): onRadioAvailable
04-13 15:13:48.947 D/DCT     ( 2961): overall state is IDLE
04-13 15:13:48.947 D/RILJ    ( 2961): [2248]> BASEBAND_VERSION
04-13 15:13:48.947 D/RILJ    ( 2961): [2249]> GET_IMEI
04-13 15:13:48.977 D/RILJ    ( 2961): [2250]> GET_IMEISV
04-13 15:13:48.977 D/UiccController( 2961): Received EVENT_ICC_STATUS_CHANGED, calling getIccCardStatus
04-13 15:13:48.977 D/RILJ    ( 2961): [2251]> GET_SIM_STATUS
04-13 15:13:48.977 D/RILJ    ( 2961): [2252]> GET_CURRENT_CALLS
04-13 15:13:48.977 D/RILJ    ( 2961): [2253]> RIL_REQUEST_IMS_REGISTRATION_STATE
04-13 15:13:48.977 D/RILJ    ( 2961): [2254]> RIL_REQUEST_VOICE_RADIO_TECH
04-13 15:13:48.977 D/RILJ    ( 2961): [2255]> RIL_REQUEST_CDMA_GET_SUBSCRIPTION_SOURCE
04-13 15:13:49.127 I/RILJ    ( 2961): 'rild' socket closed
04-13 15:13:49.127 I/RILJ    ( 2961): java.io.IOException: Connection reset by peer
04-13 15:13:49.127 I/RILJ    ( 2961): 	at android.net.LocalSocketImpl.readba_native(Native Method)
04-13 15:13:49.127 I/RILJ    ( 2961): 	at android.net.LocalSocketImpl.access$400(LocalSocketImpl.java:33)
04-13 15:13:49.127 I/RILJ    ( 2961): 	at android.net.LocalSocketImpl$SocketInputStream.read(LocalSocketImpl.java:98)
04-13 15:13:49.127 I/RILJ    ( 2961): 	at com.android.internal.telephony.RIL.readRilMessage(RIL.java:421)
04-13 15:13:49.127 I/RILJ    ( 2961): 	at com.android.internal.telephony.RIL.access$400(RIL.java:215)
04-13 15:13:49.127 I/RILJ    ( 2961): 	at com.android.internal.telephony.RIL$RILReceiver.run(RIL.java:521)
04-13 15:13:49.127 I/RILJ    ( 2961): 	at java.lang.Thread.run(Thread.java:841)
04-13 15:13:49.127 I/RILJ    ( 2961): Disconnected from 'rild' socket
04-13 15:13:49.127 D/PHONE   ( 2961): [ServiceState] setNullState=1
04-13 15:13:49.127 D/GsmSST  ( 2961): [GsmSST] Poll ServiceState done:  oldSS=[1 1 home null null null  none none CSS not supported -1 -1 RoamInd=-1 DefRoamInd=-1 EmergOnly=false] newSS=[1 1 home null null null  none none CSS not supported -1 -1 RoamInd=-1 DefRoamInd=-1 EmergOnly=false] oldMaxDataCalls=1 mNewMaxDataCalls=1 oldReasonDataDenied=-1 mNewReasonDataDenied=-1
04-13 15:13:49.127 D/GsmSST  ( 2961): [GsmSST] useDataRegStateForDataOnlyDevice: VoiceRegState=1 DataRegState=1
04-13 15:13:49.127 D/PHONE   ( 2961): [ServiceState] setVoiceRegState=1
04-13 15:13:49.127 D/PHONE   ( 2961): [ServiceState] setNullState=1
04-13 15:13:49.127 D/RILJ    ( 2961): [4954]> GET_CURRENT_CALLS
04-13 15:13:49.127 D/RilRequest( 2961): [4954]< GET_CURRENT_CALLS error: com.android.internal.telephony.CommandException: RADIO_NOT_AVAILABLE ret=
04-13 15:13:49.127 D/RilRequest( 2961): [2236]< GET_CURRENT_CALLS error: com.android.internal.telephony.CommandException: RADIO_NOT_AVAILABLE ret=
04-13 15:13:49.127 D/DCT     ( 2961): handleMessage msg={ when=-1ms what=270342 obj=android.os.AsyncResult@41affea0 target=com.android.internal.telephony.dataconnection.DcTracker }
04-13 15:13:49.127 D/DCT     ( 2961): onRadioOffOrNotAvailable: is off and clean up all connections
04-13 15:13:49.127 D/RilRequest( 2961): [2237]< SIM_IO error: com.android.internal.telephony.CommandException: RADIO_NOT_AVAILABLE ret=
04-13 15:13:49.127 D/DCT     ( 2961): cleanUpAllConnections: tearDown=false reason=radioTurnedOff
04-13 15:13:49.127 D/RilRequest( 2961): [2238]< SIM_IO error: com.android.internal.telephony.CommandException: RADIO_NOT_AVAILABLE ret=
04-13 15:13:49.127 D/DCT     ( 2961): cleanUpConnection: E tearDown=false reason=radioTurnedOff apnContext={mApnType=fota mState=IDLE mWaitingApns={null} mWaitingApnsPermanentFailureCountDown=0 mApnSetting={null} mReason=radioTurnedOff mDataEnabled=false mDependencyMet=true}
04-13 15:13:49.127 D/DCT     ( 2961): isDataAllowed: not allowed due to - Attached= false - SIM not loaded
04-13 15:13:49.127 D/RilRequest( 2961): [2239]< RADIO_POWER error: com.android.internal.telephony.CommandException: RADIO_NOT_AVAILABLE ret=
04-13 15:13:49.127 D/DCT     ( 2961): [ApnContext:fota] getApnSetting: apnSetting=null
04-13 15:13:49.127 D/RilRequest( 2961): [2240]< REQUEST_SET_PREFERRED_NETWORK_TYPE error: com.android.internal.telephony.CommandException: RADIO_NOT_AVAILABLE ret=
04-13 15:13:49.127 D/RilRequest( 2961): [2241]< RIL_REQUEST_CDMA_SET_SUBSCRIPTION_SOURCE error: com.android.internal.telephony.CommandException: RADIO_NOT_AVAILABLE ret=
04-13 15:13:49.127 D/RilRequest( 2961): [2242]< RIL_REQUEST_SET_CELL_INFO_LIST_RATE error: com.android.internal.telephony.CommandException: RADIO_NOT_AVAILABLE ret=
04-13 15:13:49.127 D/RilRequest( 2961): [2243]< SCREEN_STATE error: com.android.internal.telephony.CommandException: RADIO_NOT_AVAILABLE ret=
04-13 15:13:49.127 D/RilRequest( 2961): [2244]< OPERATOR error: com.android.internal.telephony.CommandException: RADIO_NOT_AVAILABLE ret=
04-13 15:13:49.127 D/RilRequest( 2961): [2245]< DATA_REGISTRATION_STATE error: com.android.internal.telephony.CommandException: RADIO_NOT_AVAILABLE ret=
04-13 15:13:49.127 D/RilRequest( 2961): [2246]< VOICE_REGISTRATION_STATE error: com.android.internal.telephony.CommandException: RADIO_NOT_AVAILABLE ret=
04-13 15:13:49.127 D/RilRequest( 2961): [2247]< QUERY_NETWORK_SELECTION_MODE error: com.android.internal.telephony.CommandException: RADIO_NOT_AVAILABLE ret=
04-13 15:13:49.127 D/RilRequest( 2961): [2248]< BASEBAND_VERSION error: com.android.internal.telephony.CommandException: RADIO_NOT_AVAILABLE ret=
04-13 15:13:49.127 D/RilRequest( 2961): [2249]< GET_IMEI error: com.android.internal.telephony.CommandException: RADIO_NOT_AVAILABLE ret=
04-13 15:13:49.127 D/RilRequest( 2961): [2250]< GET_IMEISV error: com.android.internal.telephony.CommandException: RADIO_NOT_AVAILABLE ret=
04-13 15:13:49.127 D/RilRequest( 2961): [2251]< GET_SIM_STATUS error: com.android.internal.telephony.CommandException: RADIO_NOT_AVAILABLE ret=
04-13 15:13:49.127 D/RilRequest( 2961): [2252]< GET_CURRENT_CALLS error: com.android.internal.telephony.CommandException: RADIO_NOT_AVAILABLE ret=
04-13 15:13:49.127 D/RilRequest( 2961): [2253]< RIL_REQUEST_IMS_REGISTRATION_STATE error: com.android.internal.telephony.CommandException: RADIO_NOT_AVAILABLE ret=
04-13 15:13:49.127 D/RilRequest( 2961): [2254]< RIL_REQUEST_VOICE_RADIO_TECH error: com.android.internal.telephony.CommandException: RADIO_NOT_AVAILABLE ret=
04-13 15:13:49.127 D/RilRequest( 2961): [2255]< RIL_REQUEST_CDMA_GET_SUBSCRIPTION_SOURCE error: com.android.internal.telephony.CommandException: RADIO_NOT_AVAILABLE ret=
04-13 15:13:49.147 D/DCT     ( 2961): cleanUpConnection: X tearDown=false reason=radioTurnedOff apnContext={mApnType=fota mState=IDLE mWaitingApns={null} mWaitingApnsPermanentFailureCountDown=0 mApnSetting={null} mReason=radioTurnedOff mDataEnabled=false mDependencyMet=true} dcac=null
04-13 15:13:49.147 D/DCT     ( 2961): cleanUpConnection: E tearDown=false reason=radioTurnedOff apnContext={mApnType=supl mState=IDLE mWaitingApns={null} mWaitingApnsPermanentFailureCountDown=0 mApnSetting={null} mReason=radioTurnedOff mDataEnabled=false mDependencyMet=true}
04-13 15:13:49.147 D/DCT     ( 2961): isDataAllowed: not allowed due to - Attached= false - SIM not loaded
04-13 15:13:49.197 D/DCT     ( 2961): [ApnContext:supl] getApnSetting: apnSetting=null
04-13 15:13:49.217 D/DCT     ( 2961): cleanUpConnection: X tearDown=false reason=radioTurnedOff apnContext={mApnType=supl mState=IDLE mWaitingApns={null} mWaitingApnsPermanentFailureCountDown=0 mApnSetting={null} mReason=radioTurnedOff mDataEnabled=false mDependencyMet=true} dcac=null
04-13 15:13:49.217 D/DCT     ( 2961): cleanUpConnection: E tearDown=false reason=radioTurnedOff apnContext={mApnType=hipri mState=IDLE mWaitingApns={null} mWaitingApnsPermanentFailureCountDown=0 mApnSetting={null} mReason=radioTurnedOff mDataEnabled=false mDependencyMet=true}
04-13 15:13:49.227 D/DCT     ( 2961): isDataAllowed: not allowed due to - Attached= false - SIM not loaded
04-13 15:13:49.227 D/DCT     ( 2961): [ApnContext:hipri] getApnSetting: apnSetting=null
04-13 15:13:49.397 D/DCT     ( 2961): cleanUpConnection: X tearDown=false reason=radioTurnedOff apnContext={mApnType=hipri mState=IDLE mWaitingApns={null} mWaitingApnsPermanentFailureCountDown=0 mApnSetting={null} mReason=radioTurnedOff mDataEnabled=false mDependencyMet=true} dcac=null
04-13 15:13:49.397 D/DCT     ( 2961): cleanUpConnection: E tearDown=false reason=radioTurnedOff apnContext={mApnType=ims mState=IDLE mWaitingApns={null} mWaitingApnsPermanentFailureCountDown=0 mApnSetting={null} mReason=radioTurnedOff mDataEnabled=false mDependencyMet=true}
04-13 15:13:49.397 D/DCT     ( 2961): isDataAllowed: not allowed due to - Attached= false - SIM not loaded
04-13 15:13:49.397 D/DCT     ( 2961): [ApnContext:ims] getApnSetting: apnSetting=null
04-13 15:13:49.407 D/DCT     ( 2961): cleanUpConnection: X tearDown=false reason=radioTurnedOff apnContext={mApnType=ims mState=IDLE mWaitingApns={null} mWaitingApnsPermanentFailureCountDown=0 mApnSetting={null} mReason=radioTurnedOff mDataEnabled=false mDependencyMet=true} dcac=null
04-13 15:13:49.407 D/DCT     ( 2961): cleanUpConnection: E tearDown=false reason=radioTurnedOff apnContext={mApnType=default mState=IDLE mWaitingApns={null} mWaitingApnsPermanentFailureCountDown=0 mApnSetting={null} mReason=radioTurnedOff mDataEnabled=true mDependencyMet=true}
04-13 15:13:49.407 D/DCT     ( 2961): isDataAllowed: not allowed due to - Attached= false - SIM not loaded
04-13 15:13:49.407 D/DCT     ( 2961): [ApnContext:default] getApnSetting: apnSetting=null
04-13 15:13:49.427 D/DCT     ( 2961): cleanUpConnection: X tearDown=false reason=radioTurnedOff apnContext={mApnType=default mState=IDLE mWaitingApns={null} mWaitingApnsPermanentFailureCountDown=0 mApnSetting={null} mReason=radioTurnedOff mDataEnabled=true mDependencyMet=true} dcac=null
04-13 15:13:49.427 D/DCT     ( 2961): cleanUpConnection: E tearDown=false reason=radioTurnedOff apnContext={mApnType=mms mState=IDLE mWaitingApns={null} mWaitingApnsPermanentFailureCountDown=0 mApnSetting={null} mReason=radioTurnedOff mDataEnabled=false mDependencyMet=true}
04-13 15:13:49.427 D/DCT     ( 2961): isDataAllowed: not allowed due to - Attached= false - SIM not loaded
04-13 15:13:49.427 D/DCT     ( 2961): [ApnContext:mms] getApnSetting: apnSetting=null
04-13 15:13:49.507 D/DCT     ( 2961): cleanUpConnection: X tearDown=false reason=radioTurnedOff apnContext={mApnType=mms mState=IDLE mWaitingApns={null} mWaitingApnsPermanentFailureCountDown=0 mApnSetting={null} mReason=radioTurnedOff mDataEnabled=false mDependencyMet=true} dcac=null
04-13 15:13:49.507 D/DCT     ( 2961): cleanUpConnection: E tearDown=false reason=radioTurnedOff apnContext={mApnType=cbs mState=IDLE mWaitingApns={null} mWaitingApnsPermanentFailureCountDown=0 mApnSetting={null} mReason=radioTurnedOff mDataEnabled=false mDependencyMet=true}
04-13 15:13:49.507 D/DCT     ( 2961): isDataAllowed: not allowed due to - Attached= false - SIM not loaded
04-13 15:13:49.507 D/DCT     ( 2961): [ApnContext:cbs] getApnSetting: apnSetting=null
04-13 15:13:49.647 D/DCT     ( 2961): cleanUpConnection: X tearDown=false reason=radioTurnedOff apnContext={mApnType=cbs mState=IDLE mWaitingApns={null} mWaitingApnsPermanentFailureCountDown=0 mApnSetting={null} mReason=radioTurnedOff mDataEnabled=false mDependencyMet=true} dcac=null
04-13 15:13:49.647 D/DCT     ( 2961): stopNetStatPoll
04-13 15:13:49.647 D/DCT     ( 2961): stopDataStallAlarm: current tag=48219 mDataStallAlarmIntent=null
04-13 15:13:49.647 D/DCT     ( 2961): isDataAllowed: not allowed due to - Attached= false - SIM not loaded
04-13 15:13:49.647 D/DCT     ( 2961): [ApnContext:fota] getApnSetting: apnSetting=null
04-13 15:13:49.647 D/DCT     ( 2961): isDataAllowed: not allowed due to - Attached= false - SIM not loaded
04-13 15:13:49.647 D/DCT     ( 2961): [ApnContext:supl] getApnSetting: apnSetting=null
04-13 15:13:49.647 D/DCT     ( 2961): isDataAllowed: not allowed due to - Attached= false - SIM not loaded
04-13 15:13:49.647 D/DCT     ( 2961): [ApnContext:hipri] getApnSetting: apnSetting=null
04-13 15:13:49.647 D/DCT     ( 2961): isDataAllowed: not allowed due to - Attached= false - SIM not loaded
04-13 15:13:49.647 D/DCT     ( 2961): [ApnContext:ims] getApnSetting: apnSetting=null
04-13 15:13:49.647 D/DCT     ( 2961): isDataAllowed: not allowed due to - Attached= false - SIM not loaded
04-13 15:13:49.647 D/DCT     ( 2961): [ApnContext:default] getApnSetting: apnSetting=null
04-13 15:13:49.677 D/DCT     ( 2961): isDataAllowed: not allowed due to - Attached= false - SIM not loaded
04-13 15:13:49.677 D/DCT     ( 2961): [ApnContext:mms] getApnSetting: apnSetting=null
04-13 15:13:49.927 D/DCT     ( 2961): isDataAllowed: not allowed due to - Attached= false - SIM not loaded
04-13 15:13:49.927 D/DCT     ( 2961): [ApnContext:cbs] getApnSetting: apnSetting=null
04-13 15:13:49.987 E/UiccCardApplication( 2961): Received message { when=-866ms what=103 obj=android.os.AsyncResult@41afffa0 target=com.android.internal.telephony.uicc.UiccCardApplication$1 }[103] while being destroyed. Ignoring.
04-13 15:13:49.997 D/UiccCardApplication( 2961): handleMessage (EVENT_RADIO_OFF_OR_UNAVAILABLE)
04-13 15:13:49.997 D/UiccCardApplication( 2961): handleMessage (EVENT_RADIO_OFF_OR_UNAVAILABLE)
04-13 15:13:49.997 D/UiccController( 2961): Received EVENT_GET_ICC_STATUS_DONE
04-13 15:13:49.997 E/UiccController( 2961): Error getting ICC status. RIL_REQUEST_GET_ICC_STATUS should never return an error
04-13 15:13:49.997 E/UiccController( 2961): com.android.internal.telephony.CommandException: RADIO_NOT_AVAILABLE
04-13 15:13:49.997 E/UiccController( 2961): 	at com.android.internal.telephony.RILRequest.onError(RIL.java:191)
04-13 15:13:49.997 E/UiccController( 2961): 	at com.android.internal.telephony.RIL.clearRequestList(RIL.java:2268)
04-13 15:13:49.997 E/UiccController( 2961): 	at com.android.internal.telephony.RIL.access$600(RIL.java:215)
04-13 15:13:49.997 E/UiccController( 2961): 	at com.android.internal.telephony.RIL$RILReceiver.run(RIL.java:559)
04-13 15:13:49.997 E/UiccController( 2961): 	at java.lang.Thread.run(Thread.java:841)
04-13 15:13:49.997 E/RIL_ImsSms( 2961): IMS State query failed with exp com.android.internal.telephony.CommandException: RADIO_NOT_AVAILABLE
04-13 15:13:49.997 E/PhoneProxy( 2961): [PhoneProxy] EVENT_REQUEST_VOICE_RADIO_TECH_DONE: exception=com.android.internal.telephony.CommandException: RADIO_NOT_AVAILABLE
04-13 15:13:49.997 D/CdmaSSM ( 2961): CDMA_SUBSCRIPTION_SOURCE event = 2
04-13 15:13:49.997 W/CdmaSSM ( 2961): Unable to get CDMA Subscription Source, Exception: com.android.internal.telephony.CommandException: RADIO_NOT_AVAILABLE, result: null
04-13 15:13:49.997 D/RILJ    ( 2961): [4955]> iccIO: SIM_IO 0xc0 0x6f18  path: 3F007F20,0,0,15 aid: null
04-13 15:13:49.997 D/RilRequest( 2961): [4955]< SIM_IO error: com.android.internal.telephony.CommandException: RADIO_NOT_AVAILABLE ret=
04-13 15:13:49.997 D/SIMRecords( 2961): [SIMRecords] onRecordLoaded 2 requested: true
04-13 15:13:50.017 D/SIMRecords( 2961): [SIMRecords] Invalid or missing EF[MAILBOX]
04-13 15:13:50.017 D/SIMRecords( 2961): [SIMRecords] onRecordLoaded 1 requested: true
04-13 15:13:50.017 D/SIMRecords( 2961): [SIMRecords] No SPN loaded in either CHPS or 3GPP
04-13 15:13:50.017 D/SIMRecords( 2961): [SIMRecords] onRecordLoaded 0 requested: true
04-13 15:13:50.017 D/SIMRecords( 2961): [SIMRecords] record load complete
04-13 15:13:50.017 D/SIMRecords( 2961): [SIMRecords] getOperatorNumeric: IMSI == null
04-13 15:13:50.017 D/SIMRecords( 2961): [SIMRecords] onAllRecordsLoaded empty 'gsm.sim.operator.numeric' skipping
04-13 15:13:50.017 D/SIMRecords( 2961): [SIMRecords] onAllRecordsLoaded empty imsi skipping setting mcc
04-13 15:13:50.017 D/SIMRecords( 2961): [SIMRecords] getOperatorNumeric: IMSI == null
04-13 15:13:50.017 D/GsmSST  ( 2961): [GsmSST] EVENT_SIM_RECORDS_LOADED: what=16
04-13 15:13:50.017 D/PhoneProxy( 2961): [PhoneProxy] updatePhoneObject: radioTechnology=0
04-13 15:13:50.017 D/GsmSST  ( 2961): [GsmSST] updateSpnDisplay: radio is on but out of service, set plmn='No service.'
04-13 15:13:50.017 D/DCT     ( 2961): handleMessage msg={ when=-12ms what=270338 obj=android.os.AsyncResult@41982360 target=com.android.internal.telephony.dataconnection.DcTracker }
04-13 15:13:50.017 D/DCT     ( 2961): onRecordsLoaded: createAllApnList
04-13 15:13:50.017 D/SIMRecords( 2961): [SIMRecords] getOperatorNumeric: IMSI == null
04-13 15:13:50.017 D/SIMRecords( 2961): [SIMRecords] getOperatorNumeric: IMSI == null
04-13 15:13:50.017 D/DCT     ( 2961): createAllApnList, r:SimRecords: mDestroyed=false mContext=com.android.phone.PhoneGlobals@4186cc18 mCi=com.android.internal.telephony.RIL@41871050 mFh=Handler (com.android.internal.telephony.uicc.SIMFileHandler) {41889fb8} mParentApp=com.android.internal.telephony.uicc.UiccCardApplication@419a6a00 recordsLoadedRegistrants=android.os.RegistrantList@41a99f70 mImsiReadyRegistrants=android.os.RegistrantList@419e2970 mRecordsEventsRegistrants=android.os.RegistrantList@41aa27f8 mNewSmsRegistrants=android.os.RegistrantList@419cb328 mNetworkSelectionModeAutomaticRegistrants=android.os.RegistrantList@41913238 recordsToLoad=0 adnCache=Handler (com.android.internal.telephony.uicc.AdnRecordCache) {4190aea8} recordsRequested=true iccid=null msisdn=null msisdnTag=null voiceMailNum=null voiceMailTag=null newVoiceMailNum=null newVoiceMailTag=null isVoiceMailFixed=false countVoiceMessages=0 mImsi=null mncLength=0 mailboxIndex=0 spn=null mVmConfigcom.android.internal.telephony.uicc.VoiceMailConstants@41a4b040 mSpnOverride=mSpnOverride callForwardingEnabled=false spnState=IDLE mCphsInfo=null mCspPlmnEnabled=true efMWIS=null efCPHS_MWI=null mEfCff=null mEfCfis=null getOperatorNumeric=null, operator:null
04-13 15:13:50.017 D/DCT     ( 2961): createAllApnList: No APN found for carrier: null
04-13 15:13:50.017 D/DCT     ( 2961): createAllApnList: X mAllApnSettings=[]
04-13 15:13:50.017 D/DCT     ( 2961): setInitialApn: E mPreferredApn=null
04-13 15:13:50.017 D/DCT     ( 2961): setInitialAttachApn: X There in no available apn
04-13 15:13:50.017 D/DCT     ( 2961): setupDataOnConnectableApns: simLoaded
04-13 15:13:50.017 D/DCT     ( 2961): setupDataOnConnectableApns: apnContext {mApnType=hipri mState=IDLE mWaitingApns={null} mWaitingApnsPermanentFailureCountDown=0 mApnSetting={null} mReason=radioTurnedOff mDataEnabled=false mDependencyMet=true}
04-13 15:13:50.017 D/DCT     ( 2961): setupDataOnConnectableApns: apnContext {mApnType=mms mState=IDLE mWaitingApns={null} mWaitingApnsPermanentFailureCountDown=0 mApnSetting={null} mReason=radioTurnedOff mDataEnabled=false mDependencyMet=true}
04-13 15:13:50.017 D/DCT     ( 2961): setupDataOnConnectableApns: apnContext {mApnType=supl mState=IDLE mWaitingApns={null} mWaitingApnsPermanentFailureCountDown=0 mApnSetting={null} mReason=radioTurnedOff mDataEnabled=false mDependencyMet=true}
04-13 15:13:50.017 D/DCT     ( 2961): setupDataOnConnectableApns: apnContext {mApnType=default mState=IDLE mWaitingApns={null} mWaitingApnsPermanentFailureCountDown=0 mApnSetting={null} mReason=radioTurnedOff mDataEnabled=true mDependencyMet=true}
04-13 15:13:50.017 D/DCT     ( 2961): setupDataOnConnectableApns: isConnectable() call trySetupData
04-13 15:13:50.017 D/DCT     ( 2961): trySetupData for type:default due to simLoaded apnContext={mApnType=default mState=IDLE mWaitingApns={null} mWaitingApnsPermanentFailureCountDown=0 mApnSetting={null} mReason=simLoaded mDataEnabled=true mDependencyMet=true}
04-13 15:13:50.017 D/DCT     ( 2961): trySetupData with mIsPsRestricted=false
04-13 15:13:50.017 D/DCT     ( 2961): isDataAllowed: not allowed due to - Attached= false
04-13 15:13:50.017 D/DCT     ( 2961): isDataAllowed: not allowed due to - Attached= false
04-13 15:13:50.017 D/DCT     ( 2961): [ApnContext:fota] getApnSetting: apnSetting=null
04-13 15:13:50.017 D/DCT     ( 2961): isDataAllowed: not allowed due to - Attached= false
04-13 15:13:50.017 D/DCT     ( 2961): [ApnContext:supl] getApnSetting: apnSetting=null
04-13 15:13:50.037 D/DCT     ( 2961): isDataAllowed: not allowed due to - Attached= false
04-13 15:13:50.037 D/DCT     ( 2961): [ApnContext:hipri] getApnSetting: apnSetting=null
04-13 15:13:50.037 D/DCT     ( 2961): isDataAllowed: not allowed due to - Attached= false
04-13 15:13:50.037 D/DCT     ( 2961): [ApnContext:ims] getApnSetting: apnSetting=null
04-13 15:13:50.047 D/DCT     ( 2961): isDataAllowed: not allowed due to - Attached= false
04-13 15:13:50.047 D/DCT     ( 2961): [ApnContext:default] getApnSetting: apnSetting=null
04-13 15:13:50.057 D/DCT     ( 2961): isDataAllowed: not allowed due to - Attached= false
04-13 15:13:50.057 D/DCT     ( 2961): [ApnContext:mms] getApnSetting: apnSetting=null
04-13 15:13:50.057 D/DCT     ( 2961): isDataAllowed: not allowed due to - Attached= false
04-13 15:13:50.057 D/DCT     ( 2961): [ApnContext:cbs] getApnSetting: apnSetting=null
04-13 15:13:50.057 D/DCT     ( 2961): trySetupData: X apnContext not 'ready' retValue=false
04-13 15:13:50.057 D/DCT     ( 2961): setupDataOnConnectableApns: apnContext {mApnType=fota mState=IDLE mWaitingApns={null} mWaitingApnsPermanentFailureCountDown=0 mApnSetting={null} mReason=radioTurnedOff mDataEnabled=false mDependencyMet=true}
04-13 15:13:50.057 D/DCT     ( 2961): setupDataOnConnectableApns: apnContext {mApnType=ims mState=IDLE mWaitingApns={null} mWaitingApnsPermanentFailureCountDown=0 mApnSetting={null} mReason=radioTurnedOff mDataEnabled=false mDependencyMet=true}
04-13 15:13:50.057 D/DCT     ( 2961): setupDataOnConnectableApns: apnContext {mApnType=cbs mState=IDLE mWaitingApns={null} mWaitingApnsPermanentFailureCountDown=0 mApnSetting={null} mReason=radioTurnedOff mDataEnabled=false mDependencyMet=true}
04-13 15:13:50.057 D/IccCardProxy( 2961): Broadcasting intent ACTION_SIM_STATE_CHANGED LOADED reason null
04-13 15:13:50.067 D/PhoneProxy( 2961): [PhoneProxy] phoneObjectUpdater: newVoiceRadioTech=0
04-13 15:13:50.067 D/PhoneProxy( 2961): [PhoneProxy] phoneObjectUpdater: Unknown rat ignore,  newVoiceRadioTech=Unknown. mActivePhone=GSM
04-13 15:13:52.157 I/RILD    ( 9046): ------ VendorRIL initialize: library=/system/lib/libreference-ril.so ------
04-13 15:13:52.157 I/RILD    ( 9046): ------ VendorRIL initialize: arguments from command ------
04-13 15:13:52.157 I/RILD    ( 9046): ------ VendorRIL initialize: argc=5 ------
04-13 15:13:52.157 I/RILD    ( 9046): ------ VendorRIL initialize: argv[0]=/system/bin/rild ------
04-13 15:13:52.157 I/RILD    ( 9046): ------ VendorRIL initialize: argv[1]=-u ------
04-13 15:13:52.157 I/RILD    ( 9046): ------ VendorRIL initialize: argv[2]=/dev/ttyUSB0 ------
04-13 15:13:52.157 I/RILD    ( 9046): ------ VendorRIL initialize: argv[3]=-d ------
04-13 15:13:52.157 I/RILD    ( 9046): ------ VendorRIL initialize: argv[4]=/dev/ttyUSB2 ------
04-13 15:13:52.167 I/RIL     ( 9046): Opening tty device /dev/ttyUSB0
04-13 15:13:52.167 I/RIL     ( 9046): Opening tty device /dev/ttyUSB2
04-13 15:13:52.167 I/RIL     ( 9046): ------ VendorRIL Init argus: path_d=/dev/ttyUSB2 ------
04-13 15:13:52.167 I/RIL     ( 9046): ------ VendorRIL Init argus: path_u=/dev/ttyUSB0 ------
04-13 15:13:52.167 I/RIL     ( 9046): ------ VendorRIL Init success ------
04-13 15:13:52.167 I/RILD    ( 9046): ------ VendorRIL initialize: return=funcs ------
04-13 15:13:52.167 E/RILC    ( 9046): RIL_register: RIL version 9
04-13 15:13:52.167 I/RIL     ( 9046): ------ VendorRIL entering mainLoop() ------
04-13 15:13:52.207 I/RIL     ( 9046): ------ VendorRIL mainLoop: repeatedly check if port available, open, initalize, readThread ------
04-13 15:13:52.207 I/RIL     ( 9046): ------ VendorRIL open port: device_u=/dev/ttyUSB0 ------
04-13 15:13:52.837 D/RIL     ( 9046): ******** VendorRIL: setRadioState(0), oldState=1 ********
04-13 15:13:52.837 I/AT      ( 9046): ------ VendorRIL readerLoop: repeatedly readLine, processLine, handleUnsolicited, handleFinalResponse ------
04-13 15:13:52.837 D/AT      ( 9046): AT< +PB_READY
04-13 15:13:52.837 D/AT      ( 9046): AT> ATE0Q0V1
04-13 15:13:52.837 D/AT      ( 9046): AT< OK
04-13 15:13:53.087 I/RIL     ( 9046): ------ VendorRIL: GSM AT Command for initialization ------
04-13 15:13:53.087 D/AT      ( 9046): AT> AT+WNAM
04-13 15:13:53.127 D/AT      ( 9046): AT< ERROR
04-13 15:13:53.127 I/RIL     ( 9046): ======== VendorRIL: found GSM Modem Device ========
04-13 15:13:53.127 D/AT      ( 9046): AT> ATE0Q0V1
04-13 15:13:53.137 D/AT      ( 9046): AT< OK
04-13 15:13:53.137 D/AT      ( 9046): AT> ATS0=0
04-13 15:13:53.137 I/RILJ    ( 2961): Connected to 'rild' socket
04-13 15:13:53.147 D/AT      ( 9046): AT< OK
04-13 15:13:53.147 D/AT      ( 9046): AT> AT+CMEE=1
04-13 15:13:53.157 D/AT      ( 9046): AT< OK
04-13 15:13:53.157 D/AT      ( 9046): AT> AT+CREG=2
04-13 15:13:53.167 D/AT      ( 9046): AT< OK
04-13 15:13:53.167 D/AT      ( 9046): AT> AT+CGREG=1
04-13 15:13:53.177 D/AT      ( 9046): AT< OK
04-13 15:13:53.177 D/AT      ( 9046): AT> AT+CCWA=1
04-13 15:13:53.177 D/AT      ( 9046): AT< OK
04-13 15:13:53.177 D/AT      ( 9046): AT> AT+CMOD=0
04-13 15:13:53.187 D/AT      ( 9046): AT< OK
04-13 15:13:53.187 D/AT      ( 9046): AT> AT+CMUT=0
04-13 15:13:53.187 D/AT      ( 9046): AT< OK
04-13 15:13:53.187 D/AT      ( 9046): AT> AT+CSSN=0,1
04-13 15:13:53.197 D/AT      ( 9046): AT< OK
04-13 15:13:53.197 D/AT      ( 9046): AT> AT+COLP=0
04-13 15:13:53.197 D/AT      ( 9046): AT< OK
04-13 15:13:53.197 D/AT      ( 9046): AT> AT+CSCS="HEX"
04-13 15:13:53.207 D/AT      ( 9046): AT< OK
04-13 15:13:53.207 D/AT      ( 9046): AT> AT+CUSD=1
04-13 15:13:53.207 D/AT      ( 9046): AT< OK
04-13 15:13:53.207 D/AT      ( 9046): AT> AT+CGEREP=1,0
04-13 15:13:53.207 D/AT      ( 9046): AT< OK
04-13 15:13:53.207 D/AT      ( 9046): AT> AT+CMGF=0
04-13 15:13:53.217 D/AT      ( 9046): AT< OK
04-13 15:13:53.217 D/AT      ( 9046): AT> AT+CFUN?
04-13 15:13:53.217 D/AT      ( 9046): AT< +CFUN: 1
04-13 15:13:53.217 D/AT      ( 9046): AT< OK
04-13 15:13:53.217 D/RIL     ( 9046): ******** VendorRIL: setRadioState(10), oldState=0 ********
04-13 15:13:53.217 D/RIL     ( 9046): ******** VendorRIL: onRadioPowerOn pollSIMState, current state=10 ********
04-13 15:13:53.217 I/RIL     ( 9046): ======== VendorRIL: AT Command initialize done, Radio_State=ON, sState=10 ========
04-13 15:13:53.217 I/RILC    ( 9046): libril: new connection
04-13 15:13:53.217 I/RILC    ( 9046): RIL Daemon version: android reference-ril 1.0
04-13 15:13:53.217 D/RILJ    ( 2961): [UNSL]< UNSOL_RIL_CONNECTED {9}
04-13 15:13:53.227 D/RILJ    ( 2961): [4956]> RADIO_POWER off
04-13 15:13:53.227 D/RILJ    ( 2961): [4957]> REQUEST_SET_PREFERRED_NETWORK_TYPE : 1
04-13 15:13:53.227 D/RILJ    ( 2961): [4958]> RIL_REQUEST_CDMA_SET_SUBSCRIPTION_SOURCE : 1
04-13 15:13:53.227 D/RILJ    ( 2961): setCellInfoListRate: 2147483647
04-13 15:13:53.227 D/RILJ    ( 2961): [4959]> RIL_REQUEST_SET_CELL_INFO_LIST_RATE
04-13 15:13:53.227 D/RILJ    ( 2961): [UNSL]< UNSOL_RESPONSE_RADIO_STATE_CHANGED RADIO_ON
04-13 15:13:53.227 D/Dcc     ( 2961): DccDefaultState: msg.what=EVENT_RIL_CONNECTED mRilVersion=9
04-13 15:13:53.227 I/RIL     ( 9046): ------ VendorRIL onRequest: RADIO_POWER ------
04-13 15:13:53.227 D/RIL     ( 9046): requestRadioPower: request to set [0], current state [10]
04-13 15:13:53.227 D/AT      ( 9046): AT> AT+CFUN=0
04-13 15:13:53.227 D/RILJ    ( 2961): [4960]> OPERATOR
04-13 15:13:53.227 D/RILJ    ( 2961): [4961]> DATA_REGISTRATION_STATE
04-13 15:13:53.227 D/RILJ    ( 2961): [4962]> VOICE_REGISTRATION_STATE
04-13 15:13:53.227 D/RILJ    ( 2961): [4963]> QUERY_NETWORK_SELECTION_MODE
04-13 15:13:53.227 D/DCT     ( 2961): handleMessage msg={ when=-4ms what=270337 obj=android.os.AsyncResult@41b34b28 target=com.android.internal.telephony.dataconnection.DcTracker }
04-13 15:13:53.227 D/DCT     ( 2961): onRadioAvailable
04-13 15:13:53.227 D/DCT     ( 2961): isDataAllowed: not allowed due to - Attached= false
04-13 15:13:53.227 D/DCT     ( 2961): [ApnContext:fota] getApnSetting: apnSetting=null
04-13 15:13:53.237 D/DCT     ( 2961): isDataAllowed: not allowed due to - Attached= false
04-13 15:13:53.237 D/DCT     ( 2961): [ApnContext:supl] getApnSetting: apnSetting=null
04-13 15:13:53.237 D/RILJ    ( 2961): [4964]> SCREEN_STATE: false
04-13 15:13:53.237 D/DCT     ( 2961): isDataAllowed: not allowed due to - Attached= false
04-13 15:13:53.237 D/DCT     ( 2961): [ApnContext:hipri] getApnSetting: apnSetting=null
04-13 15:13:53.247 D/DCT     ( 2961): isDataAllowed: not allowed due to - Attached= false
04-13 15:13:53.247 D/DCT     ( 2961): [ApnContext:ims] getApnSetting: apnSetting=null
04-13 15:13:53.247 D/DCT     ( 2961): isDataAllowed: not allowed due to - Attached= false
04-13 15:13:53.247 D/DCT     ( 2961): [ApnContext:default] getApnSetting: apnSetting=null
04-13 15:13:53.247 D/DCT     ( 2961): isDataAllowed: not allowed due to - Attached= false
04-13 15:13:53.247 D/DCT     ( 2961): [ApnContext:mms] getApnSetting: apnSetting=null
04-13 15:13:53.257 D/DCT     ( 2961): isDataAllowed: not allowed due to - Attached= false
04-13 15:13:53.257 D/DCT     ( 2961): [ApnContext:cbs] getApnSetting: apnSetting=null
04-13 15:13:53.257 D/DCT     ( 2961): overall state is IDLE
04-13 15:13:53.257 D/RILJ    ( 2961): [4965]> BASEBAND_VERSION
04-13 15:13:53.257 D/RILJ    ( 2961): [4966]> GET_IMEI
04-13 15:13:53.257 D/RILJ    ( 2961): [4967]> GET_IMEISV
04-13 15:13:53.257 D/UiccController( 2961): Received EVENT_ICC_STATUS_CHANGED, calling getIccCardStatus
04-13 15:13:53.257 D/RILJ    ( 2961): [4968]> GET_SIM_STATUS
04-13 15:13:53.257 D/RILJ    ( 2961): [4969]> GET_CURRENT_CALLS
04-13 15:13:53.257 D/RILJ    ( 2961): [4970]> RIL_REQUEST_IMS_REGISTRATION_STATE
04-13 15:13:53.267 D/RILJ    ( 2961): [4971]> RIL_REQUEST_VOICE_RADIO_TECH
04-13 15:13:53.267 D/RILJ    ( 2961): [4972]> RIL_REQUEST_CDMA_GET_SUBSCRIPTION_SOURCE
04-13 15:13:53.297 D/AT      ( 9046): AT< ERROR
04-13 15:13:53.297 E/RIL     ( 9046): ------ VendorRIL error while requestRadioPower ------
04-13 15:13:53.297 I/RIL     ( 9046): ------ VendorRIL onRequest: SET_PREFERRED_NETWORK_TYPE ------
04-13 15:13:53.297 D/RIL     ( 9046): requestSetPreferredNetworkType: current: 1. New: 1
04-13 15:13:53.297 I/RIL     ( 9046): ------ VendorRIL onRequest: CDMA_SET_SUBSCRIPTION_SOURCE ------
04-13 15:13:53.297 I/RIL     ( 9046): ------ VendorRIL onRequest: SET_UNSOL_CELL_INFO_LIST_RATE ------
04-13 15:13:53.297 I/RIL     ( 9046): ------ VendorRIL onRequest: OPERATOR ------
04-13 15:13:53.297 D/RilRequest( 2961): [4956]< RADIO_POWER error: com.android.internal.telephony.CommandException: GENERIC_FAILURE ret=
04-13 15:13:53.297 D/AT      ( 9046): AT> AT+COPS=3,0;+COPS?;+COPS=3,1;+COPS?;+COPS=3,2;+COPS?
04-13 15:13:53.297 D/RILJ    ( 2961): [4957]< REQUEST_SET_PREFERRED_NETWORK_TYPE 
04-13 15:13:53.297 D/RilRequest( 2961): [4958]< RIL_REQUEST_CDMA_SET_SUBSCRIPTION_SOURCE error: com.android.internal.telephony.CommandException: MODE_NOT_SUPPORTED ret=
04-13 15:13:53.297 D/RILJ    ( 2961): [4959]< RIL_REQUEST_SET_CELL_INFO_LIST_RATE 
04-13 15:13:53.307 D/AT      ( 9046): AT< +COPS: 0
04-13 15:13:53.307 D/AT      ( 9046): AT< +COPS: 0
04-13 15:13:53.307 D/AT      ( 9046): AT< +COPS: 0
04-13 15:13:53.307 D/AT      ( 9046): AT< OK
04-13 15:13:53.307 D/RIL     ( 9046): [VendorRIL] requestOperator result: [0] = CAN Rogers Wirel
04-13 15:13:53.307 D/RIL     ( 9046): [VendorRIL] requestOperator result: [1] = ROGERS
04-13 15:13:53.307 D/RIL     ( 9046): [VendorRIL] requestOperator result: [2] = 302720
04-13 15:13:53.307 I/RIL     ( 9046): ------ VendorRIL onRequest: DATA_REGISTRATION_STATE ------
04-13 15:13:53.307 D/RIL     ( 9046): VendorRIL: requestRegistrationState >>>>>>>>>
04-13 15:13:53.307 D/AT      ( 9046): AT> AT+CGREG?
04-13 15:13:53.307 D/RILJ    ( 2961): [4960]< OPERATOR {CAN Rogers Wirel, ROGERS, 302720}
04-13 15:13:53.327 D/AT      ( 9046): AT< +CGREG: 1,2
04-13 15:13:53.327 D/AT      ( 9046): AT< OK
04-13 15:13:53.327 D/RIL     ( 9046): [DATA_REGISTRATION] response=+CGREG: 1,2
04-13 15:13:53.327 D/RIL     ( 9046): parseRegistrationState. Parsing: +CGREG: 1,2
04-13 15:13:53.327 D/RIL     ( 9046): registration state type: 3GPP
04-13 15:13:53.327 I/RIL     ( 9046): ------ VendorRIL onRequest: VOICE_REGISTRATION_STATE ------
04-13 15:13:53.327 D/RIL     ( 9046): VendorRIL: requestRegistrationState >>>>>>>>>
04-13 15:13:53.327 D/AT      ( 9046): AT> AT+CREG?
04-13 15:13:53.327 D/RILJ    ( 2961): [4961]< DATA_REGISTRATION_STATE {2, ffffffff, ffffffff, null, null, null}
04-13 15:13:53.327 E/GsmSST  ( 2961): [GsmSST] error parsing GprsRegistrationState: java.lang.NumberFormatException: Invalid int: "null"
04-13 15:13:53.327 D/PHONE   ( 2961): [ServiceState] setDataRegState=1
04-13 15:13:53.327 D/PHONE   ( 2961): [ServiceState] setDataRadioTechnology=0
04-13 15:13:53.327 D/GsmSST  ( 2961): [GsmSST] handlPollStateResultMessage: GsmSST setDataRegState=1 regState=2 dataRadioTechnology=0
04-13 15:13:53.327 D/AT      ( 9046): AT< +CREG: 2,2
04-13 15:13:53.327 D/AT      ( 9046): AT< OK
04-13 15:13:53.327 D/RIL     ( 9046): [VOICE_REGISTRATION] response=+CREG: 2,2
04-13 15:13:53.327 D/RIL     ( 9046): parseRegistrationState. Parsing: +CREG: 2,2
04-13 15:13:53.327 D/RIL     ( 9046): registration state type: 3GPP
04-13 15:13:53.327 I/RIL     ( 9046): ------ VendorRIL onRequest: QUERY_NETWORK_SELECTION_MODE ------
04-13 15:13:53.327 D/AT      ( 9046): AT> AT+COPS?
04-13 15:13:53.327 D/RILJ    ( 2961): [4962]< VOICE_REGISTRATION_STATE {2, ffffffff, ffffffff, null, null, null, null, null, null, null, null, null, null, null, null}
04-13 15:13:53.327 E/GsmSST  ( 2961): [GsmSST] error parsing RegistrationState: java.lang.NumberFormatException: Invalid int: "ffffffff"
04-13 15:13:53.327 D/PHONE   ( 2961): [ServiceState] setVoiceRegState=1
04-13 15:13:53.327 E/PHONE   ( 2961): [ServiceState] setState deprecated use setVoiceRegState()
04-13 15:13:53.337 D/AT      ( 9046): AT< +COPS: 0
04-13 15:13:53.337 D/AT      ( 9046): AT< OK
04-13 15:13:53.337 D/RIL     ( 9046): >>> QueryNetworkSelectionMode, response=0
04-13 15:13:53.337 I/RIL     ( 9046): ------ VendorRIL onRequest: SCREEN_STATE ------
04-13 15:13:53.337 I/RIL     ( 9046): --- VendorRIL not supported: RIL_REQUEST_SCREEN_STATE ---
04-13 15:13:53.337 I/RIL     ( 9046): ------ VendorRIL onRequest: BASEBAND_VERSION ------
04-13 15:13:53.337 I/RIL     ( 9046): ------ VendorRIL onRequest: GET_IMEI ------
04-13 15:13:53.337 I/RIL     ( 9046): ------ VendorRIL onRequest: GET_IMEISV ------
04-13 15:13:53.337 I/RIL     ( 9046): --- VendorRIL not supported: RIL_REQUEST_GET_IMEISV ---
04-13 15:13:53.337 I/RIL     ( 9046): ------ VendorRIL onRequest: GET_SIM_STATUS ------
04-13 15:13:53.337 D/RIL     ( 9046): getSIMStatus(). sState: 10
04-13 15:13:53.337 D/AT      ( 9046): AT> AT+CPIN?
04-13 15:13:53.337 D/RILJ    ( 2961): [4963]< QUERY_NETWORK_SELECTION_MODE {0}
04-13 15:13:53.337 D/RILJ    ( 2961): [4965]< BASEBAND_VERSION E1750
04-13 15:13:53.337 D/RILJ    ( 2961): [4966]< GET_IMEI 
04-13 15:13:53.337 D/RilRequest( 2961): [4967]< GET_IMEISV error: com.android.internal.telephony.CommandException: MODE_NOT_SUPPORTED ret=
04-13 15:13:53.337 D/GsmSST  ( 2961): [GsmSST] Poll ServiceState done:  oldSS=[1 1 home null null null  none none CSS not supported -1 -1 RoamInd=-1 DefRoamInd=-1 EmergOnly=false] newSS=[1 1 home CAN Rogers Wirel ROGERS 302720  none none CSS not supported -1 -1 RoamInd=-1 DefRoamInd=-1 EmergOnly=false] oldMaxDataCalls=1 mNewMaxDataCalls=1 oldReasonDataDenied=-1 mNewReasonDataDenied=-1
04-13 15:13:53.337 D/GsmSST  ( 2961): [GsmSST] useDataRegStateForDataOnlyDevice: VoiceRegState=1 DataRegState=1
04-13 15:13:53.337 D/PHONE   ( 2961): [ServiceState] setVoiceRegState=1
04-13 15:13:53.337 D/PHONE   ( 2961): [ServiceState] setNullState=1
04-13 15:13:53.337 D/GsmSST  ( 2961): [GsmSST] updateSpnDisplay: radio is on but out of service, set plmn='No service.'
04-13 15:13:53.337 D/GsmSST  ( 2961): [GsmSST] pollStateDone: there are 6 unique offsets for iso-cc='ca testOneUniqueOffsetPath=false', do nothing
04-13 15:13:53.337 D/GsmSST  ( 2961): [GsmSST] shouldFixTimeZoneNow: retVal=false iccCardExist=false operatorNumeric=302720 mcc=302 prevOperatorNumeric= prevMcc=303 needToFixTimeZone=false ltod=04-13 15:13:53.345
04-13 15:13:53.337 D/AT      ( 9046): AT< +CPIN:READY
04-13 15:13:53.337 D/AT      ( 9046): AT< OK
04-13 15:13:53.337 D/GSMPhone( 2961): Baseband version: E1750
04-13 15:13:53.347 D/RIL     ( 9046): [getSIMStatus] response=+CPIN:READY
04-13 15:13:53.347 I/RIL     ( 9046): ------ VendorRIL onRequest: GET_CURRENT_CALLS ------
04-13 15:13:53.347 D/AT      ( 9046): AT> AT+CLCC
04-13 15:13:53.347 D/RILJ    ( 2961): [4968]< GET_SIM_STATUS IccCardState {CARDSTATE_PRESENT,PINSTATE_UNKNOWN,num_apps=2,gsm_id=0{APPTYPE_SIM,APPSTATE_READY},cdma_id=1{APPTYPE_RUIM,APPSTATE_READY},ims_id=8}
04-13 15:13:53.347 D/UiccController( 2961): Received EVENT_GET_ICC_STATUS_DONE
04-13 15:13:53.347 D/UiccCard( 2961): 2 applications
04-13 15:13:53.347 D/UiccCardApplication( 2961): APPTYPE_SIM update. New {APPTYPE_SIM,APPSTATE_READY}
04-13 15:13:53.347 D/UiccCardApplication( 2961): APPTYPE_SIM changed state: APPSTATE_UNKNOWN -> APPSTATE_READY
04-13 15:13:53.347 D/RILJ    ( 2961): [4973]> QUERY_FACILITY_LOCK [FD 7 null]
04-13 15:13:53.347 D/RILJ    ( 2961): [4974]> QUERY_FACILITY_LOCK [SC 7 null]
04-13 15:13:53.347 D/UiccCardApplication( 2961): Notifying registrants: READY
04-13 15:13:53.347 D/UiccCardApplication( 2961): APPTYPE_RUIM update. New {APPTYPE_RUIM,APPSTATE_READY}
04-13 15:13:53.347 D/UiccCardApplication( 2961): APPTYPE_RUIM changed state: APPSTATE_UNKNOWN -> APPSTATE_READY
04-13 15:13:53.347 D/RILJ    ( 2961): [4975]> QUERY_FACILITY_LOCK [FD 7 null]
04-13 15:13:53.347 D/RILJ    ( 2961): [4976]> QUERY_FACILITY_LOCK [SC 7 null]
04-13 15:13:53.347 D/UiccCardApplication( 2961): Notifying registrants: READY
04-13 15:13:53.347 D/CAT     ( 2961): CatService: Return current sInstance
04-13 15:13:53.347 E/UiccCard( 2961): App index 8 is invalid since there are no applications
04-13 15:13:53.347 D/UiccCard( 2961): update: radioState=RADIO_ON mLastRadioState=RADIO_ON
04-13 15:13:53.347 D/UiccController( 2961): Notifying IccChangedRegistrants
04-13 15:13:53.347 D/SIMRecords( 2961): [SIMRecords] fetchSimRecords 0
04-13 15:13:53.347 D/RILJ    ( 2961): [4977]> getIMSI: GET_IMSI aid: null
04-13 15:13:53.347 D/RILJ    ( 2961): [4978]> iccIO: SIM_IO 0xc0 0x2fe2  path: 3F00,0,0,15 aid: null
04-13 15:13:53.347 D/RILJ    ( 2961): [4979]> iccIO: SIM_IO 0xc0 0x6f40  path: 3F007F10,0,0,15 aid: null
04-13 15:13:53.347 D/RILJ    ( 2961): [4980]> iccIO: SIM_IO 0xc0 0x6fc9  path: 3F007F20,0,0,15 aid: null
04-13 15:13:53.347 D/RILJ    ( 2961): [4981]> iccIO: SIM_IO 0xc0 0x6fad  path: 3F007F20,0,0,15 aid: null
04-13 15:13:53.347 D/RILJ    ( 2961): [4982]> iccIO: SIM_IO 0xc0 0x6fca  path: 3F007F20,0,0,15 aid: null
04-13 15:13:53.347 D/RILJ    ( 2961): [4983]> iccIO: SIM_IO 0xc0 0x6f11  path: 3F007F20,0,0,15 aid: null
04-13 15:13:53.347 D/RILJ    ( 2961): [4984]> iccIO: SIM_IO 0xc0 0x6fcb  path: 3F007F20,0,0,15 aid: null
04-13 15:13:53.347 D/RILJ    ( 2961): [4985]> iccIO: SIM_IO 0xc0 0x6f13  path: 3F007F20,0,0,15 aid: null
04-13 15:13:53.357 D/AT      ( 9046): AT< OK
04-13 15:13:53.357 D/RILJ    ( 2961): [4986]> iccIO: SIM_IO 0xc0 0x6f46  path: 3F007F20,0,0,15 aid: null
04-13 15:13:53.357 D/RILJ    ( 2961): [4987]> iccIO: SIM_IO 0xc0 0x6fcd  path: 3F007F20,0,0,15 aid: null
04-13 15:13:53.357 D/RILJ    ( 2961): [4988]> iccIO: SIM_IO 0xc0 0x6fc5  path: 3F007F20,0,0,15 aid: null
04-13 15:13:53.357 D/RILJ    ( 2961): [4989]> iccIO: SIM_IO 0xc0 0x6f38  path: 3F007F20,0,0,15 aid: null
04-13 15:13:53.357 D/RILJ    ( 2961): [4990]> iccIO: SIM_IO 0xc0 0x6f16  path: 3F007F20,0,0,15 aid: null
04-13 15:13:53.357 D/RILJ    ( 2961): [4991]> iccIO: SIM_IO 0xc0 0x6f15  path: 3F007F20,0,0,15 aid: null
04-13 15:13:53.357 D/RILJ    ( 2961): [4992]> iccIO: SIM_IO 0xc0 0x6f3e  path: 3F007F20,0,0,15 aid: null
04-13 15:13:53.357 D/SIMRecords( 2961): [SIMRecords] fetchSimRecords 16 requested: true
04-13 15:13:53.357 D/CAT     ( 2961): CatService: SIM ready. Reporting STK service running now...
04-13 15:13:53.357 D/RILJ    ( 2961): [4993]> RIL_REQUEST_REPORT_STK_SERVICE_IS_RUNNING
04-13 15:13:53.357 D/RILJ    ( 2961): setCurrentPreferredNetworkType: 1
04-13 15:13:53.357 D/RILJ    ( 2961): [4994]> REQUEST_SET_PREFERRED_NETWORK_TYPE : 1
04-13 15:13:53.367 D/RILJ    ( 2961): [4995]> SET_NETWORK_SELECTION_MANUAL 302720
04-13 15:13:53.367 D/RILJ    ( 2961): [4996]> OPERATOR
04-13 15:13:53.367 D/RILJ    ( 2961): [4997]> DATA_REGISTRATION_STATE
04-13 15:13:53.367 D/RILJ    ( 2961): [4998]> VOICE_REGISTRATION_STATE
04-13 15:13:53.367 D/RILJ    ( 2961): [4999]> QUERY_NETWORK_SELECTION_MODE
04-13 15:13:53.367 D/RuimRecords( 2961): [RuimRecords] fetchRuimRecords 0
04-13 15:13:53.367 D/RILJ    ( 2961): [5000]> getIMSI: GET_IMSI aid: null
04-13 15:13:53.377 D/RILJ    ( 2961): [5001]> iccIO: SIM_IO 0xc0 0x2fe2  path: 3F00,0,0,15 aid: null
04-13 15:13:53.377 D/RILJ    ( 2961): [5002]> iccIO: SIM_IO 0xc0 0x2f05  path: 3F00,0,0,15 aid: null
04-13 15:13:53.377 D/RILJ    ( 2961): [5003]> iccIO: SIM_IO 0xc0 0x6f3a  path: 3F007F25,0,0,15 aid: null
04-13 15:13:53.377 D/RILJ    ( 2961): [5004]> iccIO: SIM_IO 0xc0 0x6f41  path: 3F007F25,0,0,15 aid: null
04-13 15:13:53.377 D/RILJ    ( 2961): [5005]> iccIO: SIM_IO 0xc0 0x6f44  path: 3F007F25,0,0,15 aid: null
04-13 15:13:53.377 D/RILJ    ( 2961): [5006]> iccIO: SIM_IO 0xc0 0x6f22  path: 3F007F25,0,0,15 aid: null
04-13 15:13:53.387 D/RILJ    ( 2961): [5007]> iccIO: SIM_IO 0xc0 0x6f28  path: 3F007F25,0,0,15 aid: null
04-13 15:13:53.387 D/RILJ    ( 2961): [5008]> iccIO: SIM_IO 0xb0 0x6f5a  path: 3F007F25,0,0,4 aid: null
04-13 15:13:53.387 D/RuimRecords( 2961): [RuimRecords] fetchRuimRecords 9 requested: true
04-13 15:13:53.387 D/RILJ    ( 2961): [5009]> RIL_REQUEST_CDMA_SUBSCRIPTION
04-13 15:13:53.387 D/DCT     ( 2961): handleMessage msg={ when=-37ms what=270369 obj=android.os.AsyncResult@41a6dfd8 target=com.android.internal.telephony.dataconnection.DcTracker }
04-13 15:13:53.557 I/RILJ    ( 2961): 'rild' socket closed
04-13 15:13:53.557 I/RILJ    ( 2961): java.io.IOException: Connection reset by peer
04-13 15:13:53.557 I/RILJ    ( 2961): 	at android.net.LocalSocketImpl.readba_native(Native Method)
04-13 15:13:53.557 I/RILJ    ( 2961): 	at android.net.LocalSocketImpl.access$400(LocalSocketImpl.java:33)
04-13 15:13:53.557 I/RILJ    ( 2961): 	at android.net.LocalSocketImpl$SocketInputStream.read(LocalSocketImpl.java:98)
04-13 15:13:53.557 I/RILJ    ( 2961): 	at com.android.internal.telephony.RIL.readRilMessage(RIL.java:421)
04-13 15:13:53.557 I/RILJ    ( 2961): 	at com.android.internal.telephony.RIL.access$400(RIL.java:215)
04-13 15:13:53.557 I/RILJ    ( 2961): 	at com.android.internal.telephony.RIL$RILReceiver.run(RIL.java:521)
04-13 15:13:53.557 I/RILJ    ( 2961): 	at java.lang.Thread.run(Thread.java:841)
04-13 15:13:53.557 I/RILJ    ( 2961): Disconnected from 'rild' socket
04-13 15:13:53.557 D/RilRequest( 2961): [4964]< SCREEN_STATE error: com.android.internal.telephony.CommandException: RADIO_NOT_AVAILABLE ret=
04-13 15:13:53.557 D/RilRequest( 2961): [4969]< GET_CURRENT_CALLS error: com.android.internal.telephony.CommandException: RADIO_NOT_AVAILABLE ret=
04-13 15:13:53.557 D/RilRequest( 2961): [4970]< RIL_REQUEST_IMS_REGISTRATION_STATE error: com.android.internal.telephony.CommandException: RADIO_NOT_AVAILABLE ret=
04-13 15:13:53.557 D/RilRequest( 2961): [4971]< RIL_REQUEST_VOICE_RADIO_TECH error: com.android.internal.telephony.CommandException: RADIO_NOT_AVAILABLE ret=
04-13 15:13:53.557 D/RilRequest( 2961): [4972]< RIL_REQUEST_CDMA_GET_SUBSCRIPTION_SOURCE error: com.android.internal.telephony.CommandException: RADIO_NOT_AVAILABLE ret=
04-13 15:13:53.557 D/RilRequest( 2961): [4973]< QUERY_FACILITY_LOCK error: com.android.internal.telephony.CommandException: RADIO_NOT_AVAILABLE ret=
04-13 15:13:53.557 D/RilRequest( 2961): [4974]< QUERY_FACILITY_LOCK error: com.android.internal.telephony.CommandException: RADIO_NOT_AVAILABLE ret=
04-13 15:13:53.557 D/RilRequest( 2961): [4975]< QUERY_FACILITY_LOCK error: com.android.internal.telephony.CommandException: RADIO_NOT_AVAILABLE ret=
04-13 15:13:53.557 D/RilRequest( 2961): [4976]< QUERY_FACILITY_LOCK error: com.android.internal.telephony.CommandException: RADIO_NOT_AVAILABLE ret=
04-13 15:13:53.567 D/RilRequest( 2961): [4977]< GET_IMSI error: com.android.internal.telephony.CommandException: RADIO_NOT_AVAILABLE ret=
04-13 15:13:53.567 D/RilRequest( 2961): [4978]< SIM_IO error: com.android.internal.telephony.CommandException: RADIO_NOT_AVAILABLE ret=
04-13 15:13:53.567 D/RilRequest( 2961): [4979]< SIM_IO error: com.android.internal.telephony.CommandException: RADIO_NOT_AVAILABLE ret=
04-13 15:13:53.567 D/RilRequest( 2961): [4980]< SIM_IO error: com.android.internal.telephony.CommandException: RADIO_NOT_AVAILABLE ret=
04-13 15:13:53.567 D/RilRequest( 2961): [4981]< SIM_IO error: com.android.internal.telephony.CommandException: RADIO_NOT_AVAILABLE ret=
04-13 15:13:53.567 D/RilRequest( 2961): [4982]< SIM_IO error: com.android.internal.telephony.CommandException: RADIO_NOT_AVAILABLE ret=
04-13 15:13:53.567 D/RilRequest( 2961): [4983]< SIM_IO error: com.android.internal.telephony.CommandException: RADIO_NOT_AVAILABLE ret=
04-13 15:13:53.567 D/RilRequest( 2961): [4984]< SIM_IO error: com.android.internal.telephony.CommandException: RADIO_NOT_AVAILABLE ret=
04-13 15:13:53.567 D/RilRequest( 2961): [4985]< SIM_IO error: com.android.internal.telephony.CommandException: RADIO_NOT_AVAILABLE ret=
04-13 15:13:53.567 D/RilRequest( 2961): [4986]< SIM_IO error: com.android.internal.telephony.CommandException: RADIO_NOT_AVAILABLE ret=
04-13 15:13:53.567 D/RilRequest( 2961): [4987]< SIM_IO error: com.android.internal.telephony.CommandException: RADIO_NOT_AVAILABLE ret=
04-13 15:13:53.567 D/RilRequest( 2961): [4988]< SIM_IO error: com.android.internal.telephony.CommandException: RADIO_NOT_AVAILABLE ret=
04-13 15:13:53.567 D/RilRequest( 2961): [4989]< SIM_IO error: com.android.internal.telephony.CommandException: RADIO_NOT_AVAILABLE ret=
04-13 15:13:53.567 D/RilRequest( 2961): [4990]< SIM_IO error: com.android.internal.telephony.CommandException: RADIO_NOT_AVAILABLE ret=
04-13 15:13:53.567 D/RilRequest( 2961): [4991]< SIM_IO error: com.android.internal.telephony.CommandException: RADIO_NOT_AVAILABLE ret=
04-13 15:13:53.567 D/RilRequest( 2961): [4992]< SIM_IO error: com.android.internal.telephony.CommandException: RADIO_NOT_AVAILABLE ret=
04-13 15:13:53.567 D/RilRequest( 2961): [4993]< RIL_REQUEST_REPORT_STK_SERVICE_IS_RUNNING error: com.android.internal.telephony.CommandException: RADIO_NOT_AVAILABLE ret=
04-13 15:13:53.567 D/RilRequest( 2961): [4994]< REQUEST_SET_PREFERRED_NETWORK_TYPE error: com.android.internal.telephony.CommandException: RADIO_NOT_AVAILABLE ret=
04-13 15:13:53.567 D/RilRequest( 2961): [4995]< SET_NETWORK_SELECTION_MANUAL error: com.android.internal.telephony.CommandException: RADIO_NOT_AVAILABLE ret=
04-13 15:13:53.567 D/RilRequest( 2961): [4996]< OPERATOR error: com.android.internal.telephony.CommandException: RADIO_NOT_AVAILABLE ret=
04-13 15:13:53.567 D/RilRequest( 2961): [4997]< DATA_REGISTRATION_STATE error: com.android.internal.telephony.CommandException: RADIO_NOT_AVAILABLE ret=
04-13 15:13:53.567 D/RilRequest( 2961): [4998]< VOICE_REGISTRATION_STATE error: com.android.internal.telephony.CommandException: RADIO_NOT_AVAILABLE ret=
