05-15 14:50:28.310 D/AT      ( 3788): AT> AT+CRSM=178,28615,1,4,24
05-15 14:50:28.370 D/AT      ( 3788): AT< +CRSM: 144,0,566F6963656D61696CFF07914161286145F9FFFFFFFFFFFF
05-15 14:50:28.370 D/AT      ( 3788): AT< OK
05-15 14:50:28.370 D/RILJ    ( 2733): [3724]< SIM_IO IccIoResponse sw1:0x90 sw2:0x0
05-15 14:50:28.370 D/SIMRecords( 2733): [SIMRecords] VM: ADN Record 'Voicemail' '+14168216549 null' EF[MBDN]
05-15 14:50:28.370 D/SIMRecords( 2733): [SIMRecords] onRecordLoaded 0 requested: true
05-15 14:50:28.370 D/SIMRecords( 2733): [SIMRecords] record load complete
05-15 14:50:28.370 D/SIMRecords( 2733): [SIMRecords] onAllRecordsLoaded set 'gsm.sim.operator.numeric' to operator='302370'
05-15 14:50:28.370 D/SIMRecords( 2733): [SIMRecords] onAllRecordsLoaded set mcc imsi=302370602284779
05-15 14:50:28.890 D/GsmSST  ( 2733): [GsmSST] EVENT_SIM_RECORDS_LOADED: what=16
05-15 14:50:28.890 D/PhoneProxy( 2733): [PhoneProxy] updatePhoneObject: radioTechnology=0
05-15 14:50:28.890 D/GsmSST  ( 2733): [GsmSST] updateSpnDisplay: radio is on but out of service, set plmn='No service.'
05-15 14:50:28.890 D/DCT     ( 2733): handleMessage msg={ when=-521ms what=270338 obj=android.os.AsyncResult@4203aa38 target=com.android.internal.telephony.dataconnection.DcTracker }
05-15 14:50:28.890 D/DCT     ( 2733): onRecordsLoaded: createAllApnList
05-15 14:50:28.890 D/DCT     ( 2733): createAllApnList, r:SimRecords: mDestroyed=false mContext=com.android.phone.PhoneGlobals@41eebaa0 mCi=com.android.internal.telephony.RIL@41eefed8 mFh=Handler (com.android.internal.telephony.uicc.SIMFileHandler) {41fdb2d8} mParentApp=com.android.internal.telephony.uicc.UiccCardApplication@41fda1e8 recordsLoadedRegistrants=android.os.RegistrantList@41fddd90 mImsiReadyRegistrants=android.os.RegistrantList@41fdddb8 mRecordsEventsRegistrants=android.os.RegistrantList@41fddde0 mNewSmsRegistrants=android.os.RegistrantList@41fdde08 mNetworkSelectionModeAutomaticRegistrants=android.os.RegistrantList@41fdde30 recordsToLoad=0 adnCache=Handler (com.android.internal.telephony.uicc.AdnRecordCache) {41fddf30} recordsRequested=true iccid=89302370313006382538 msisdn=+15145695800 msisdnTag= voiceMailNum=+14168216549 voiceMailTag=Voicemail newVoiceMailNum=null newVoiceMailTag=null isVoiceMailFixed=false countVoiceMessages=0 mImsi=302370602284779 mncLength=3 mailboxIndex=1 spn= mVmConfigcom.android.internal.telephony.uicc.VoiceMailConstants@41fde6e0 mSpnOverride=mSpnOverride callForwardingEnabled=false spnState=IDLE mCphsInfo=[B@420311f8 mCspPlmnEnabled=true efMWIS=[B@42028a30 efCPHS_MWI=null mEfCff=null mEfCfis=[B@420292a0 getOperatorNumeric=302370, operator:302370
05-15 14:50:28.890 D/DCT     ( 2733): createAllApnList: selection=numeric = '302370' and carrier_enabled = 1
05-15 14:50:28.910 D/DCT     ( 2733): createApnList: X result=[[ApnSettingV2] Fido (Datawind Test1), 1434, 302370, internet.fido.ca, , , , , , -1, default | supl, IP, IP, true, 0, [ApnSettingV2] Fido (Datawind Test2), 1435, 302370, internet.fido.ca, , http://mms.fido.ca, , 80, , -1, default | supl | mms, IP, IP, true, 0, [ApnSettingV2] Fido (Datawind Test3), 1436, 302370, ltemobile.apn, null, http://mms.fido.ca, 205.151.11.13, 80, null, -1, default | supl | mms, IP, IP, true, 0]
05-15 14:50:28.940 D/DCT     ( 2733): getPreferredApn: mRequestedApnType=default cursor=android.content.ContentResolver$CursorWrapperInner@42056108 cursor.count=1
05-15 14:50:28.940 D/DCT     ( 2733): getPreferredApn: apnSetting=[ApnSettingV2] Fido (Datawind Test1), 1434, 302370, internet.fido.ca, , , , , , -1, default | supl, IP, IP, true, 0
05-15 14:50:28.940 D/DCT     ( 2733): getPreferredApn: apnSetting=[ApnSettingV2] Fido (Datawind Test2), 1435, 302370, internet.fido.ca, , http://mms.fido.ca, , 80, , -1, default | supl | mms, IP, IP, true, 0
05-15 14:50:28.940 D/DCT     ( 2733): getPreferredApn: apnSetting=[ApnSettingV2] Fido (Datawind Test3), 1436, 302370, ltemobile.apn, null, http://mms.fido.ca, 205.151.11.13, 80, null, -1, default | supl | mms, IP, IP, true, 0
05-15 14:50:28.940 D/DCT     ( 2733): getPreferredApn: X not found
05-15 14:50:28.940 D/DCT     ( 2733): createAllApnList: mPreferredApn=null
05-15 14:50:28.940 D/DCT     ( 2733): createAllApnList: X mAllApnSettings=[[ApnSettingV2] Fido (Datawind Test1), 1434, 302370, internet.fido.ca, , , , , , -1, default | supl, IP, IP, true, 0, [ApnSettingV2] Fido (Datawind Test2), 1435, 302370, internet.fido.ca, , http://mms.fido.ca, , 80, , -1, default | supl | mms, IP, IP, true, 0, [ApnSettingV2] Fido (Datawind Test3), 1436, 302370, ltemobile.apn, null, http://mms.fido.ca, 205.151.11.13, 80, null, -1, default | supl | mms, IP, IP, true, 0]
05-15 14:50:28.940 D/DCT     ( 2733): setInitialApn: E mPreferredApn=null
05-15 14:50:28.940 D/DCT     ( 2733): setInitialApn: firstApnSetting=[ApnSettingV2] Fido (Datawind Test1), 1434, 302370, internet.fido.ca, , , , , , -1, default | supl, IP, IP, true, 0
05-15 14:50:28.940 D/DCT     ( 2733): setInitialApn: defaultApnSetting=[ApnSettingV2] Fido (Datawind Test1), 1434, 302370, internet.fido.ca, , , , , , -1, default | supl, IP, IP, true, 0
05-15 14:50:28.940 D/DCT     ( 2733): setInitialAttachApn: using defaultApnSetting
05-15 14:50:28.940 D/DCT     ( 2733): setInitialAttachApn: X selected Apn=[ApnSettingV2] Fido (Datawind Test1), 1434, 302370, internet.fido.ca, , , , , , -1, default | supl, IP, IP, true, 0
05-15 14:50:28.940 D/RILJ    ( 2733): Set RIL_REQUEST_SET_INITIAL_ATTACH_APN
05-15 14:50:28.940 D/RILJ    ( 2733): [3725]> RIL_REQUEST_SET_INITIAL_ATTACH_APN, apn:internet.fido.ca, protocol:IP, authType:-1, username:fido, password:fido
05-15 14:50:28.940 D/DCT     ( 2733): onRecordsLoaded: notifying data availability
05-15 14:50:28.940 D/DCT     ( 2733): isDataAllowed: not allowed due to - Attached= false
05-15 14:50:28.940 D/DCT     ( 2733): [ApnContext:fota] getApnSetting: apnSetting=null
05-15 14:50:28.950 I/RIL     ( 3788): ------ VendorRIL onRequest: RIL_REQUEST_SET_INITIAL_ATTACH_APN ------
05-15 14:50:28.950 I/RIL     ( 3788): --- VendorRIL SetAPN: apn=internet.fido.ca, protocol=IP, auth_type=-1, username=fido, password=fido ---
05-15 14:50:28.950 D/RILJ    ( 2733): [3725]< RIL_REQUEST_SET_INITIAL_ATTACH_APN 
05-15 14:50:28.950 D/DCT     ( 2733): isDataAllowed: not allowed due to - Attached= false
05-15 14:50:28.950 D/DCT     ( 2733): [ApnContext:supl] getApnSetting: apnSetting=null
05-15 14:50:28.950 D/DCT     ( 2733): isDataAllowed: not allowed due to - Attached= false
05-15 14:50:28.950 D/DCT     ( 2733): [ApnContext:hipri] getApnSetting: apnSetting=null
05-15 14:50:28.960 D/DCT     ( 2733): isDataAllowed: not allowed due to - Attached= false
05-15 14:50:28.960 D/DCT     ( 2733): [ApnContext:ims] getApnSetting: apnSetting=null
05-15 14:50:28.970 D/DCT     ( 2733): isDataAllowed: not allowed due to - Attached= false
05-15 14:50:28.970 D/DCT     ( 2733): [ApnContext:default] getApnSetting: apnSetting=null
05-15 14:50:28.980 D/DCT     ( 2733): isDataAllowed: not allowed due to - Attached= false
05-15 14:50:28.980 D/DCT     ( 2733): [ApnContext:mms] getApnSetting: apnSetting=null
05-15 14:50:28.990 D/DCT     ( 2733): isDataAllowed: not allowed due to - Attached= false
05-15 14:50:28.990 D/DCT     ( 2733): [ApnContext:cbs] getApnSetting: apnSetting=null
05-15 14:50:28.990 D/DCT     ( 2733): setupDataOnConnectableApns: simLoaded
05-15 14:50:28.990 D/DCT     ( 2733): setupDataOnConnectableApns: apnContext {mApnType=hipri mState=IDLE mWaitingApns={null} mWaitingApnsPermanentFailureCountDown=0 mApnSetting={null} mReason=radioTurnedOff mDataEnabled=false mDependencyMet=true}
05-15 14:50:28.990 D/DCT     ( 2733): setupDataOnConnectableApns: apnContext {mApnType=mms mState=IDLE mWaitingApns={null} mWaitingApnsPermanentFailureCountDown=0 mApnSetting={null} mReason=radioTurnedOff mDataEnabled=false mDependencyMet=true}
05-15 14:50:28.990 D/DCT     ( 2733): setupDataOnConnectableApns: apnContext {mApnType=supl mState=IDLE mWaitingApns={null} mWaitingApnsPermanentFailureCountDown=0 mApnSetting={null} mReason=radioTurnedOff mDataEnabled=false mDependencyMet=true}
05-15 14:50:28.990 D/DCT     ( 2733): setupDataOnConnectableApns: apnContext {mApnType=default mState=IDLE mWaitingApns={null} mWaitingApnsPermanentFailureCountDown=0 mApnSetting={null} mReason=radioTurnedOff mDataEnabled=true mDependencyMet=true}
05-15 14:50:28.990 D/DCT     ( 2733): setupDataOnConnectableApns: isConnectable() call trySetupData
05-15 14:50:28.990 D/DCT     ( 2733): trySetupData for type:default due to simLoaded apnContext={mApnType=default mState=IDLE mWaitingApns={null} mWaitingApnsPermanentFailureCountDown=0 mApnSetting={null} mReason=simLoaded mDataEnabled=true mDependencyMet=true}
05-15 14:50:28.990 D/DCT     ( 2733): trySetupData with mIsPsRestricted=false
05-15 14:50:28.990 D/DCT     ( 2733): isDataAllowed: not allowed due to - Attached= false
05-15 14:50:28.990 D/DCT     ( 2733): isDataAllowed: not allowed due to - Attached= false
05-15 14:50:28.990 D/DCT     ( 2733): [ApnContext:fota] getApnSetting: apnSetting=null
05-15 14:50:28.990 D/DCT     ( 2733): isDataAllowed: not allowed due to - Attached= false
05-15 14:50:28.990 D/DCT     ( 2733): [ApnContext:supl] getApnSetting: apnSetting=null
05-15 14:50:29.000 D/DCT     ( 2733): isDataAllowed: not allowed due to - Attached= false
05-15 14:50:29.000 D/DCT     ( 2733): [ApnContext:hipri] getApnSetting: apnSetting=null
05-15 14:50:29.000 D/DCT     ( 2733): isDataAllowed: not allowed due to - Attached= false
05-15 14:50:29.000 D/DCT     ( 2733): [ApnContext:ims] getApnSetting: apnSetting=null
05-15 14:50:29.200 D/DCT     ( 2733): isDataAllowed: not allowed due to - Attached= false
05-15 14:50:29.200 D/DCT     ( 2733): [ApnContext:default] getApnSetting: apnSetting=null
05-15 14:50:29.250 D/AT      ( 3788): AT< +PB_READY
05-15 14:50:29.350 D/DCT     ( 2733): isDataAllowed: not allowed due to - Attached= false
05-15 14:50:29.350 D/DCT     ( 2733): [ApnContext:mms] getApnSetting: apnSetting=null
05-15 14:50:29.350 D/DCT     ( 2733): isDataAllowed: not allowed due to - Attached= false
05-15 14:50:29.350 D/DCT     ( 2733): [ApnContext:cbs] getApnSetting: apnSetting=null
05-15 14:50:29.350 D/DCT     ( 2733): trySetupData: X apnContext not 'ready' retValue=false
05-15 14:50:29.350 D/DCT     ( 2733): setupDataOnConnectableApns: apnContext {mApnType=fota mState=IDLE mWaitingApns={null} mWaitingApnsPermanentFailureCountDown=0 mApnSetting={null} mReason=radioTurnedOff mDataEnabled=false mDependencyMet=true}
05-15 14:50:29.350 D/DCT     ( 2733): setupDataOnConnectableApns: apnContext {mApnType=ims mState=IDLE mWaitingApns={null} mWaitingApnsPermanentFailureCountDown=0 mApnSetting={null} mReason=radioTurnedOff mDataEnabled=false mDependencyMet=true}
05-15 14:50:29.350 D/DCT     ( 2733): setupDataOnConnectableApns: apnContext {mApnType=cbs mState=IDLE mWaitingApns={null} mWaitingApnsPermanentFailureCountDown=0 mApnSetting={null} mReason=radioTurnedOff mDataEnabled=false mDependencyMet=true}
05-15 14:50:29.350 D/IccCardProxy( 2733): Broadcasting intent ACTION_SIM_STATE_CHANGED LOADED reason null
05-15 14:50:29.360 D/PhoneProxy( 2733): [PhoneProxy] phoneObjectUpdater: newVoiceRadioTech=0
05-15 14:50:29.360 D/PhoneProxy( 2733): [PhoneProxy] phoneObjectUpdater: Unknown rat ignore,  newVoiceRadioTech=Unknown. mActivePhone=GSM
05-15 14:50:46.480 D/RILJ    ( 2733): [3726]> SIGNAL_STRENGTH
05-15 14:50:46.480 I/RIL     ( 3788): ------ VendorRIL onRequest: SIGNAL_STRENGTH ------
05-15 14:50:46.480 D/AT      ( 3788): AT> AT+CSQ
05-15 14:50:46.490 D/AT      ( 3788): AT< +CSQ: 31,99
05-15 14:50:46.490 D/AT      ( 3788): AT< OK
05-15 14:50:46.500 I/RIL     ( 3788): ------ VendorRIL SignalStrength: 31, 99 ------
05-15 14:50:46.500 E/RILC    ( 3788): invalid response length
05-15 14:50:46.500 D/RilRequest( 2733): [3726]< SIGNAL_STRENGTH error: com.android.internal.telephony.CommandException: INVALID_RESPONSE ret=
05-15 14:50:46.500 D/GsmSST  ( 2733): [GsmSST] onSignalStrengthResult() Exception from RIL : com.android.internal.telephony.CommandException: INVALID_RESPONSE
05-15 14:51:06.520 D/RILJ    ( 2733): [3727]> SIGNAL_STRENGTH
05-15 14:51:06.520 I/RIL     ( 3788): ------ VendorRIL onRequest: SIGNAL_STRENGTH ------
05-15 14:51:06.520 D/AT      ( 3788): AT> AT+CSQ
05-15 14:51:06.540 D/AT      ( 3788): AT< +CSQ: 31,99
05-15 14:51:06.540 D/AT      ( 3788): AT< OK
05-15 14:51:06.540 I/RIL     ( 3788): ------ VendorRIL SignalStrength: 31, 99 ------
05-15 14:51:06.540 E/RILC    ( 3788): invalid response length
05-15 14:51:06.540 D/RilRequest( 2733): [3727]< SIGNAL_STRENGTH error: com.android.internal.telephony.CommandException: INVALID_RESPONSE ret=
05-15 14:51:06.540 D/GsmSST  ( 2733): [GsmSST] onSignalStrengthResult() Exception from RIL : com.android.internal.telephony.CommandException: INVALID_RESPONSE
05-15 14:51:26.570 D/RILJ    ( 2733): [3728]> SIGNAL_STRENGTH
05-15 14:51:26.570 I/RIL     ( 3788): ------ VendorRIL onRequest: SIGNAL_STRENGTH ------
05-15 14:51:26.570 D/AT      ( 3788): AT> AT+CSQ
05-15 14:51:26.580 D/AT      ( 3788): AT< +CSQ: 31,99
05-15 14:51:26.580 D/AT      ( 3788): AT< OK
05-15 14:51:26.580 I/RIL     ( 3788): ------ VendorRIL SignalStrength: 31, 99 ------
05-15 14:51:26.580 E/RILC    ( 3788): invalid response length
05-15 14:51:26.580 D/RilRequest( 2733): [3728]< SIGNAL_STRENGTH error: com.android.internal.telephony.CommandException: INVALID_RESPONSE ret=
05-15 14:51:26.580 D/GsmSST  ( 2733): [GsmSST] onSignalStrengthResult() Exception from RIL : com.android.internal.telephony.CommandException: INVALID_RESPONSE
