05-25 13:05:50.570 D/IccCardProxy( 2506): Broadcasting intent ACTION_SIM_STATE_CHANGED IMSI reason null
05-25 13:05:50.630 D/AT      ( 3524): AT< +CRSM: 144,0,000000186FC9040011F0AA0402010C
05-25 13:05:50.630 D/AT      ( 3524): AT< OK
05-25 13:05:50.630 I/RIL     ( 3524): ------ VendorRIL onRequest: SIM_IO ------
05-25 13:05:50.630 D/AT      ( 3524): AT> AT+CRSM=192,28589,0,0,15
05-25 13:05:50.630 D/RILJ    ( 2506): [3677]< SIM_IO IccIoResponse sw1:0x90 sw2:0x0
05-25 13:05:50.640 D/RILJ    ( 2506): [3709]> iccIO: SIM_IO 0xb2 0x6fc9  path: 3F007F20,1,4,12 aid: null
05-25 13:05:50.640 D/AT      ( 3524): AT< +CRSM: 144,0,000000046FAD04000AF0AA04020000
05-25 13:05:50.640 D/AT      ( 3524): AT< OK
05-25 13:05:50.640 I/RIL     ( 3524): ------ VendorRIL onRequest: SIM_IO ------
05-25 13:05:50.640 D/AT      ( 3524): AT> AT+CRSM=192,28618,0,0,15
05-25 13:05:50.640 D/RILJ    ( 2506): [3678]< SIM_IO IccIoResponse sw1:0x90 sw2:0x0
05-25 13:05:50.640 D/RILJ    ( 2506): [3710]> iccIO: SIM_IO 0xb0 0x6fad  path: 3F007F20,0,0,4 aid: null
05-25 13:05:50.650 D/AT      ( 3524): AT< +CRSM: 144,0,0000000A6FCA040011F0AA04020105
05-25 13:05:50.650 D/AT      ( 3524): AT< OK
05-25 13:05:50.650 I/RIL     ( 3524): ------ VendorRIL onRequest: SIM_IO ------
05-25 13:05:50.650 D/AT      ( 3524): AT> AT+CRSM=192,28433,0,0,15
05-25 13:05:50.660 D/RILJ    ( 2506): [3679]< SIM_IO IccIoResponse sw1:0x90 sw2:0x0
05-25 13:05:50.660 D/RILJ    ( 2506): [3711]> iccIO: SIM_IO 0xb2 0x6fca  path: 3F007F20,1,4,5 aid: null
05-25 13:05:50.680 D/AT      ( 3524): AT< +CRSM: 148,4
05-25 13:05:50.680 D/AT      ( 3524): AT< ERROR
05-25 13:05:50.680 I/RIL     ( 3524): ------ VendorRIL onRequest: SIM_IO ------
05-25 13:05:50.680 D/AT      ( 3524): AT> AT+CRSM=192,28619,0,0,15
05-25 13:05:50.680 D/RilRequest( 2506): [3680]< SIM_IO error: com.android.internal.telephony.CommandException: GENERIC_FAILURE ret=
05-25 13:05:50.680 D/SIMRecords( 2506): [SIMRecords] onRecordLoaded 14 requested: true
05-25 13:05:50.710 D/AT      ( 3524): AT< +CRSM: 144,0,000000206FCB040011F0AA04020110
05-25 13:05:50.710 D/AT      ( 3524): AT< OK
05-25 13:05:50.710 I/RIL     ( 3524): ------ VendorRIL onRequest: SIM_IO ------
05-25 13:05:50.710 D/AT      ( 3524): AT> AT+CRSM=192,28435,0,0,15
05-25 13:05:50.710 D/RILJ    ( 2506): [3681]< SIM_IO IccIoResponse sw1:0x90 sw2:0x0
05-25 13:05:50.710 D/RILJ    ( 2506): [3712]> iccIO: SIM_IO 0xb2 0x6fcb  path: 3F007F20,1,4,16 aid: null
05-25 13:05:50.820 D/AT      ( 3524): AT< +CRSM: 148,4
05-25 13:05:50.820 D/AT      ( 3524): AT< ERROR
05-25 13:05:50.820 I/RIL     ( 3524): ------ VendorRIL onRequest: SIM_IO ------
05-25 13:05:50.820 D/AT      ( 3524): AT> AT+CRSM=192,28486,0,0,15
05-25 13:05:50.820 D/RilRequest( 2506): [3682]< SIM_IO error: com.android.internal.telephony.CommandException: GENERIC_FAILURE ret=
05-25 13:05:50.820 D/SIMRecords( 2506): [SIMRecords] onRecordLoaded 13 requested: true
05-25 13:05:51.760 D/AT      ( 3524): AT< +CRSM: 144,0,000000116F4604000AF0AA04020000
05-25 13:05:51.760 D/AT      ( 3524): AT< OK
05-25 13:05:51.760 I/RIL     ( 3524): ------ VendorRIL onRequest: SIM_IO ------
05-25 13:05:51.760 D/AT      ( 3524): AT> AT+CRSM=192,28621,0,0,15
05-25 13:05:51.760 D/RILJ    ( 2506): [3683]< SIM_IO IccIoResponse sw1:0x90 sw2:0x0
05-25 13:05:51.770 D/RILJ    ( 2506): [3713]> iccIO: SIM_IO 0xb0 0x6f46  path: 3F007F20,0,0,17 aid: null
05-25 13:05:51.780 D/AT      ( 3524): AT< +CRSM: 144,0,000000136FCD04001AF0AA04020000
05-25 13:05:51.780 D/AT      ( 3524): AT< OK
05-25 13:05:51.780 I/RIL     ( 3524): ------ VendorRIL onRequest: SIM_IO ------
05-25 13:05:51.780 D/AT      ( 3524): AT> AT+CRSM=192,28613,0,0,15
05-25 13:05:51.780 D/RILJ    ( 2506): [3684]< SIM_IO IccIoResponse sw1:0x90 sw2:0x0
05-25 13:05:51.780 D/RILJ    ( 2506): [3714]> iccIO: SIM_IO 0xb0 0x6fcd  path: 3F007F20,0,0,19 aid: null
05-25 13:05:51.800 D/AT      ( 3524): AT< +CRSM: 144,0,000000A06FC504000AF0AA04020114
05-25 13:05:51.800 D/AT      ( 3524): AT< OK
05-25 13:05:51.800 I/RIL     ( 3524): ------ VendorRIL onRequest: SIM_IO ------
05-25 13:05:51.800 D/AT      ( 3524): AT> AT+CRSM=192,28472,0,0,15
05-25 13:05:51.800 D/RILJ    ( 2506): [3685]< SIM_IO IccIoResponse sw1:0x90 sw2:0x0
05-25 13:05:51.800 D/RILJ    ( 2506): [3715]> iccIO: SIM_IO 0xb2 0x6fc5  path: 3F007F20,1,4,20 aid: null
05-25 13:05:51.810 D/AT      ( 3524): AT< +CRSM: 144,0,0000000B6F3804001AF0AA04020000
05-25 13:05:51.810 D/AT      ( 3524): AT< OK
05-25 13:05:51.810 I/RIL     ( 3524): ------ VendorRIL onRequest: SIM_IO ------
05-25 13:05:51.810 D/AT      ( 3524): AT> AT+CRSM=192,28438,0,0,15
05-25 13:05:51.810 D/RILJ    ( 2506): [3686]< SIM_IO IccIoResponse sw1:0x90 sw2:0x0
05-25 13:05:51.810 D/RILJ    ( 2506): [3716]> iccIO: SIM_IO 0xb0 0x6f38  path: 3F007F20,0,0,11 aid: null
05-25 13:05:51.830 D/AT      ( 3524): AT< +CRSM: 144,0,000000036F1604001AA0AA04020000
05-25 13:05:51.830 D/AT      ( 3524): AT< OK
05-25 13:05:51.830 I/RIL     ( 3524): ------ VendorRIL onRequest: SIM_IO ------
05-25 13:05:51.830 D/AT      ( 3524): AT> AT+CRSM=192,28437,0,0,15
05-25 13:05:51.830 D/RILJ    ( 2506): [3687]< SIM_IO IccIoResponse sw1:0x90 sw2:0x0
05-25 13:05:51.830 D/RILJ    ( 2506): [3717]> iccIO: SIM_IO 0xb0 0x6f16  path: 3F007F20,0,0,3 aid: null
05-25 13:05:51.840 D/AT      ( 3524): AT< +CRSM: 144,0,0000001A6F15040011A0AA04020000
05-25 13:05:51.840 D/AT      ( 3524): AT< OK
05-25 13:05:51.840 I/RIL     ( 3524): ------ VendorRIL onRequest: SIM_IO ------
05-25 13:05:51.840 D/AT      ( 3524): AT> AT+CRSM=192,28478,0,0,15
05-25 13:05:51.840 D/RILJ    ( 2506): [3688]< SIM_IO IccIoResponse sw1:0x90 sw2:0x0
05-25 13:05:51.840 D/RILJ    ( 2506): [3718]> iccIO: SIM_IO 0xb0 0x6f15  path: 3F007F20,0,0,26 aid: null
05-25 13:05:51.850 D/AT      ( 3524): AT< +CRSM: 144,0,000000016F3E04001AF0AA04020000
05-25 13:05:51.850 D/AT      ( 3524): AT< OK
05-25 13:05:51.850 I/RIL     ( 3524): ------ VendorRIL onRequest: GET_IMSI ------
05-25 13:05:51.850 D/AT      ( 3524): AT> AT+CIMI
05-25 13:05:51.850 D/RILJ    ( 2506): [3689]< SIM_IO IccIoResponse sw1:0x90 sw2:0x0
05-25 13:05:51.850 D/RILJ    ( 2506): [3719]> iccIO: SIM_IO 0xb0 0x6f3e  path: 3F007F20,0,0,1 aid: null
05-25 13:05:51.870 D/AT      ( 3524): AT< 302370602284779
05-25 13:05:51.870 D/AT      ( 3524): AT< OK
05-25 13:05:51.870 I/RIL     ( 3524): ------ VendorRIL onRequest: SIM_IO ------
05-25 13:05:51.870 D/AT      ( 3524): AT> AT+CRSM=192,12258,0,0,15
05-25 13:05:51.870 D/RILJ    ( 2506): [3690]< GET_IMSI 
05-25 13:05:51.870 D/RuimRecords( 2506): [RuimRecords] IMSI: 302370xxxxxxxxx
05-25 13:05:51.890 D/AT      ( 3524): AT< +CRSM: 144,0,0000000A2FE20400FFF0AA04020000
05-25 13:05:51.890 D/AT      ( 3524): AT< OK
05-25 13:05:51.890 I/RIL     ( 3524): ------ VendorRIL onRequest: SIM_IO ------
05-25 13:05:51.890 D/AT      ( 3524): AT> AT+CRSM=192,12037,0,0,15
05-25 13:05:51.890 D/RILJ    ( 2506): [3691]< SIM_IO IccIoResponse sw1:0x90 sw2:0x0
05-25 13:05:51.900 D/AT      ( 3524): AT< +CRSM: 144,0,0000000A2F05040001F0AA04020000
05-25 13:05:51.900 D/AT      ( 3524): AT< OK
05-25 13:05:51.900 I/RIL     ( 3524): ------ VendorRIL onRequest: SIM_IO ------
05-25 13:05:51.900 D/AT      ( 3524): AT> AT+CRSM=192,28474,0,0,15
05-25 13:05:51.900 D/RILJ    ( 2506): [3692]< SIM_IO IccIoResponse sw1:0x90 sw2:0x0
05-25 13:05:51.900 D/AT      ( 3524): AT< +CRSM: 144,0,00001F404F3A040011F0AA04020120
05-25 13:05:51.900 D/AT      ( 3524): AT< OK
05-25 13:05:51.900 I/RIL     ( 3524): ------ VendorRIL onRequest: SIM_IO ------
05-25 13:05:51.900 D/AT      ( 3524): AT> AT+CRSM=192,28481,0,0,15
05-25 13:05:51.900 D/RILJ    ( 2506): [3693]< SIM_IO IccIoResponse sw1:0x90 sw2:0x0
05-25 13:05:51.930 D/AT      ( 3524): AT< +CRSM: 148,4
05-25 13:05:51.930 D/AT      ( 3524): AT< ERROR
05-25 13:05:51.930 I/RIL     ( 3524): ------ VendorRIL onRequest: SIM_IO ------
05-25 13:05:51.930 D/AT      ( 3524): AT> AT+CRSM=192,28484,0,0,15
05-25 13:05:51.930 D/RilRequest( 2506): [3694]< SIM_IO error: com.android.internal.telephony.CommandException: GENERIC_FAILURE ret=
05-25 13:05:51.940 D/AT      ( 3524): AT< +CRSM: 144,0,000001406F44044011F0AA04020320
05-25 13:05:51.940 D/AT      ( 3524): AT< OK
05-25 13:05:51.940 I/RIL     ( 3524): ------ VendorRIL onRequest: SIM_IO ------
05-25 13:05:51.940 D/AT      ( 3524): AT> AT+CRSM=192,28450,0,0,15
05-25 13:05:51.940 D/RILJ    ( 2506): [3695]< SIM_IO IccIoResponse sw1:0x90 sw2:0x0
05-25 13:05:51.940 D/AT      ( 3524): AT< ERROR
05-25 13:05:51.940 I/RIL     ( 3524): ------ VendorRIL onRequest: SIM_IO ------
05-25 13:05:51.940 D/AT      ( 3524): AT> AT+CRSM=192,28456,0,0,15
05-25 13:05:51.940 D/RilRequest( 2506): [3696]< SIM_IO error: com.android.internal.telephony.CommandException: GENERIC_FAILURE ret=
05-25 13:05:51.950 D/AT      ( 3524): AT< ERROR
05-25 13:05:51.950 I/RIL     ( 3524): ------ VendorRIL onRequest: SIM_IO ------
05-25 13:05:51.950 D/AT      ( 3524): AT> AT+CRSM=176,28506,0,0,4
05-25 13:05:51.950 D/RilRequest( 2506): [3697]< SIM_IO error: com.android.internal.telephony.CommandException: GENERIC_FAILURE ret=
05-25 13:05:51.950 D/AT      ( 3524): AT< ERROR
05-25 13:05:51.950 I/RIL     ( 3524): ------ VendorRIL onRequest: CDMA_SUBSCRIPTION ------
05-25 13:05:51.950 I/RIL     ( 3524): ------ VendorRIL onRequest: REPORT_STK_SERVICE_IS_RUNNING ------
05-25 13:05:51.950 I/RIL     ( 3524): --- VendorRIL not supported: RIL_REQUEST_REPORT_STK_SERVICE_IS_RUNNING ---
05-25 13:05:51.950 I/RIL     ( 3524): ------ VendorRIL onRequest: SIM_IO ------
05-25 13:05:51.950 D/AT      ( 3524): AT> AT+CRSM=176,12258,0,0,10
05-25 13:05:51.950 D/RilRequest( 2506): [3698]< SIM_IO error: com.android.internal.telephony.CommandException: GENERIC_FAILURE ret=
05-25 13:05:51.950 D/RilRequest( 2506): [3699]< RIL_REQUEST_CDMA_SUBSCRIPTION error: com.android.internal.telephony.CommandException: MODE_NOT_SUPPORTED ret=
05-25 13:05:51.960 D/AT      ( 3524): AT< +CRSM: 144,0,98033207130360835283
05-25 13:05:51.960 D/AT      ( 3524): AT< OK
05-25 13:05:51.960 I/RIL     ( 3524): ------ VendorRIL onRequest: SIM_IO ------
05-25 13:05:51.960 D/AT      ( 3524): AT> AT+CRSM=178,28480,1,4,32
05-25 13:05:51.960 D/RILJ    ( 2506): [3701]< SIM_IO IccIoResponse sw1:0x90 sw2:0x0
05-25 13:05:51.980 D/AT      ( 3524): AT< +CRSM: 144,0,FFFFFFFFFFFFFFFFFFFFFFFFFFFFFFFFFFFF07915141655908F0FFFFFFFFFFFF
05-25 13:05:51.980 D/AT      ( 3524): AT< OK
05-25 13:05:51.980 I/RIL     ( 3524): ------ VendorRIL onRequest: SET_PREFERRED_NETWORK_TYPE ------
05-25 13:05:51.980 D/RIL     ( 3524): requestSetPreferredNetworkType: current: 1. New: 1
05-25 13:05:51.980 I/RIL     ( 3524): ------ VendorRIL onRequest: SET_NETWORK_SELECTION_MANUAL ------
05-25 13:05:51.980 D/RIL     ( 3524): >> requestSetNetworkSelectionManual 302720
05-25 13:05:51.980 I/RIL     ( 3524): ------ VendorRIL onRequest: OPERATOR ------
05-25 13:05:51.980 D/AT      ( 3524): AT> AT+COPS=3,0;+COPS?;+COPS=3,1;+COPS?;+COPS=3,2;+COPS?
05-25 13:05:51.980 D/RILJ    ( 2506): [3702]< SIM_IO IccIoResponse sw1:0x90 sw2:0x0
05-25 13:05:51.980 D/RILJ    ( 2506): [3703]< REQUEST_SET_PREFERRED_NETWORK_TYPE 
05-25 13:05:51.980 D/RILJ    ( 2506): [3704]< SET_NETWORK_SELECTION_MANUAL 
05-25 13:05:51.990 D/AT      ( 3524): AT< +COPS: 0
05-25 13:05:51.990 D/AT      ( 3524): AT< +COPS: 0
05-25 13:05:51.990 D/AT      ( 3524): AT< +COPS: 0
05-25 13:05:51.990 D/AT      ( 3524): AT< OK
05-25 13:05:51.990 D/RIL     ( 3524): [VendorRIL] requestOperator result: [0] = CAN Rogers Wirel
05-25 13:05:51.990 D/RIL     ( 3524): [VendorRIL] requestOperator result: [1] = ROGERS
05-25 13:05:51.990 D/RIL     ( 3524): [VendorRIL] requestOperator result: [2] = 302720
05-25 13:05:51.990 I/RIL     ( 3524): ------ VendorRIL onRequest: DATA_REGISTRATION_STATE ------
05-25 13:05:51.990 D/RIL     ( 3524): VendorRIL: requestRegistrationState >>>>>>>>>
05-25 13:05:51.990 D/AT      ( 3524): AT> AT+CGREG?
05-25 13:05:51.990 D/RILJ    ( 2506): [3705]< OPERATOR {CAN Rogers Wirel, ROGERS, 302720}
05-25 13:05:52.000 D/AT      ( 3524): AT< +CGREG: 1,2
05-25 13:05:52.000 D/AT      ( 3524): AT< OK
05-25 13:05:52.000 D/RIL     ( 3524): [DATA_REGISTRATION] response=+CGREG: 1,2
05-25 13:05:52.000 D/RIL     ( 3524): parseRegistrationState. Parsing: +CGREG: 1,2
05-25 13:05:52.000 D/RIL     ( 3524): registration state type: 3GPP
05-25 13:05:52.000 I/RIL     ( 3524): ------ VendorRIL onRequest: VOICE_REGISTRATION_STATE ------
05-25 13:05:52.000 D/RIL     ( 3524): VendorRIL: requestRegistrationState >>>>>>>>>
05-25 13:05:52.000 D/AT      ( 3524): AT> AT+CREG?
05-25 13:05:52.000 D/RILJ    ( 2506): [3706]< DATA_REGISTRATION_STATE {2, ffffffff, ffffffff, null, null, null}
05-25 13:05:52.010 D/AT      ( 3524): AT< +CREG: 2,2
05-25 13:05:52.010 D/AT      ( 3524): AT< OK
05-25 13:05:52.010 D/RIL     ( 3524): [VOICE_REGISTRATION] response=+CREG: 2,2
05-25 13:05:52.010 D/RIL     ( 3524): parseRegistrationState. Parsing: +CREG: 2,2
05-25 13:05:52.010 D/RIL     ( 3524): registration state type: 3GPP
05-25 13:05:52.010 I/RIL     ( 3524): ------ VendorRIL onRequest: QUERY_NETWORK_SELECTION_MODE ------
05-25 13:05:52.010 D/AT      ( 3524): AT> AT+COPS?
05-25 13:05:52.020 D/RILJ    ( 2506): [3707]< VOICE_REGISTRATION_STATE {2, ffffffff, ffffffff, null, null, null, null, null, null, null, null, null, null, null, null}
05-25 13:05:52.030 D/AT      ( 3524): AT< +COPS: 0
05-25 13:05:52.030 D/AT      ( 3524): AT< OK
05-25 13:05:52.030 D/RIL     ( 3524): >>> QueryNetworkSelectionMode, response=0
05-25 13:05:52.030 I/RIL     ( 3524): ------ VendorRIL onRequest: SIM_IO ------
05-25 13:05:52.030 D/AT      ( 3524): AT> AT+CRSM=178,28617,1,4,12
05-25 13:05:52.030 D/RILJ    ( 2506): [3708]< QUERY_NETWORK_SELECTION_MODE {0}
05-25 13:05:52.040 D/AT      ( 3524): AT< +CRSM: 144,0,010000000000000000000000
05-25 13:05:52.040 D/AT      ( 3524): AT< OK
05-25 13:05:52.040 I/RIL     ( 3524): ------ VendorRIL onRequest: SIM_IO ------
05-25 13:05:52.040 D/AT      ( 3524): AT> AT+CRSM=176,28589,0,0,4
05-25 13:05:52.040 D/RILJ    ( 2506): [3709]< SIM_IO IccIoResponse sw1:0x90 sw2:0x0
05-25 13:05:52.050 D/AT      ( 3524): AT< +CRSM: 144,0,00000003
05-25 13:05:52.050 D/AT      ( 3524): AT< OK
05-25 13:05:52.050 I/RIL     ( 3524): ------ VendorRIL onRequest: SIM_IO ------
05-25 13:05:52.050 D/AT      ( 3524): AT> AT+CRSM=178,28618,1,4,5
05-25 13:05:52.050 D/RILJ    ( 2506): [3710]< SIM_IO IccIoResponse sw1:0x90 sw2:0x0
05-25 13:05:52.070 D/AT      ( 3524): AT< +CRSM: 144,0,0000000000
05-25 13:05:52.070 D/AT      ( 3524): AT< OK
05-25 13:05:52.070 I/RIL     ( 3524): ------ VendorRIL onRequest: SIM_IO ------
05-25 13:05:52.070 D/AT      ( 3524): AT> AT+CRSM=178,28619,1,4,16
05-25 13:05:52.070 D/RILJ    ( 2506): [3711]< SIM_IO IccIoResponse sw1:0x90 sw2:0x0
05-25 13:05:52.080 D/AT      ( 3524): AT< +CRSM: 144,0,0100FFFFFFFFFFFFFFFFFFFFFFFFFFFF
05-25 13:05:52.080 D/AT      ( 3524): AT< OK
05-25 13:05:52.080 I/RIL     ( 3524): ------ VendorRIL onRequest: SIM_IO ------
05-25 13:05:52.080 D/AT      ( 3524): AT> AT+CRSM=176,28486,0,0,17
05-25 13:05:52.080 D/RILJ    ( 2506): [3712]< SIM_IO IccIoResponse sw1:0x90 sw2:0x0
05-25 13:05:52.090 D/RuimRecords( 2506): [RuimRecords] onRecordLoaded 8 requested: true
05-25 13:05:52.090 D/RILJ    ( 2506): [3720]> iccIO: SIM_IO 0xb0 0x2fe2  path: 3F00,0,0,10 aid: null
05-25 13:05:52.090 D/AT      ( 3524): AT< +CRSM: 144,0,00FFFFFFFFFFFFFFFFFFFFFFFFFFFFFFFF
05-25 13:05:52.090 D/AT      ( 3524): AT< OK
05-25 13:05:52.090 I/RIL     ( 3524): ------ VendorRIL onRequest: SIM_IO ------
05-25 13:05:52.090 D/AT      ( 3524): AT> AT+CRSM=176,28621,0,0,19
05-25 13:05:52.090 D/RILJ    ( 2506): [3713]< SIM_IO IccIoResponse sw1:0x90 sw2:0x0
05-25 13:05:52.100 D/RILJ    ( 2506): [3721]> iccIO: SIM_IO 0xb0 0x2f05  path: 3F00,0,0,10 aid: null
05-25 13:05:52.110 D/AT      ( 3524): AT< +CRSM: 144,0,A311800FFFFFFFFFFFFFFFFFFFFFFFFFFFFFFF
05-25 13:05:52.110 D/AT      ( 3524): AT< OK
05-25 13:05:52.110 I/RIL     ( 3524): ------ VendorRIL onRequest: SIM_IO ------
05-25 13:05:52.110 D/AT      ( 3524): AT> AT+CRSM=178,28613,1,4,20
05-25 13:05:52.110 D/RILJ    ( 2506): [3714]< SIM_IO IccIoResponse sw1:0x90 sw2:0x0
05-25 13:05:52.130 D/AT      ( 3524): AT< +CRSM: 144,0,430584C634F90DFFFFFFFFFFFFFFFFFFFFFFFFFF
05-25 13:05:52.130 D/AT      ( 3524): AT< OK
05-25 13:05:52.130 I/RIL     ( 3524): ------ VendorRIL onRequest: SIM_IO ------
05-25 13:05:52.130 D/AT      ( 3524): AT> AT+CRSM=176,28472,0,0,11
05-25 13:05:52.130 D/RILJ    ( 2506): [3715]< SIM_IO IccIoResponse sw1:0x90 sw2:0x0
05-25 13:05:52.130 D/AT      ( 3524): AT< +CRSM: 144,0,9ECB17AC27F60500400240
05-25 13:05:52.130 D/AT      ( 3524): AT< OK
05-25 13:05:52.130 I/RIL     ( 3524): ------ VendorRIL onRequest: SIM_IO ------
05-25 13:05:52.130 D/AT      ( 3524): AT> AT+CRSM=176,28438,0,0,3
05-25 13:05:52.130 D/RILJ    ( 2506): [3716]< SIM_IO IccIoResponse sw1:0x90 sw2:0x0
05-25 13:05:52.130 E/GsmSST  ( 2506): [GsmSST] error parsing GprsRegistrationState: java.lang.NumberFormatException: Invalid int: "null"
05-25 13:05:52.130 D/PHONE   ( 2506): [ServiceState] setDataRegState=1
05-25 13:05:52.130 D/PHONE   ( 2506): [ServiceState] setDataRadioTechnology=0
05-25 13:05:52.130 D/GsmSST  ( 2506): [GsmSST] handlPollStateResultMessage: GsmSST setDataRegState=1 regState=2 dataRadioTechnology=0
05-25 13:05:52.130 E/GsmSST  ( 2506): [GsmSST] error parsing RegistrationState: java.lang.NumberFormatException: Invalid int: "ffffffff"
05-25 13:05:52.130 D/PHONE   ( 2506): [ServiceState] setVoiceRegState=1
05-25 13:05:52.130 E/PHONE   ( 2506): [ServiceState] setState deprecated use setVoiceRegState()
05-25 13:05:52.140 D/GsmSST  ( 2506): [GsmSST] Poll ServiceState done:  oldSS=[1 1 home CAN Rogers Wirel ROGERS 302720  none none CSS not supported -1 -1 RoamInd=-1 DefRoamInd=-1 EmergOnly=false] newSS=[1 1 home CAN Rogers Wirel ROGERS 302720  none none CSS not supported -1 -1 RoamInd=-1 DefRoamInd=-1 EmergOnly=false] oldMaxDataCalls=1 mNewMaxDataCalls=1 oldReasonDataDenied=-1 mNewReasonDataDenied=-1
05-25 13:05:52.140 D/PHONE   ( 2506): [ServiceState] setNullState=1
05-25 13:05:52.140 D/RuimRecords( 2506): [RuimRecords] EF_CSIM_LI LOADED
05-25 13:05:52.140 E/RuimRecords( 2506): [RuimRecords] Record Load Exception: com.android.internal.telephony.uicc.IccFileTypeMismatch
05-25 13:05:52.140 D/RuimRecords( 2506): [RuimRecords] onRecordLoaded 7 requested: true
05-25 13:05:52.140 D/RuimRecords( 2506): [RuimRecords] EF_CSIM_SPN LOADED
05-25 13:05:52.160 D/AT      ( 3524): AT< +CRSM: 144,0,023303
05-25 13:05:52.160 D/AT      ( 3524): AT< OK
05-25 13:05:52.160 I/RIL     ( 3524): ------ VendorRIL onRequest: SIM_IO ------
05-25 13:05:52.160 D/AT      ( 3524): AT> AT+CRSM=176,28437,0,0,26
05-25 13:05:52.160 D/RILJ    ( 2506): [3717]< SIM_IO IccIoResponse sw1:0x90 sw2:0x0
05-25 13:05:52.160 E/RuimRecords( 2506): [RuimRecords] Record Load Exception: com.android.internal.telephony.CommandException: GENERIC_FAILURE
05-25 13:05:52.160 D/RuimRecords( 2506): [RuimRecords] onRecordLoaded 6 requested: true
05-25 13:05:52.160 D/RuimRecords( 2506): [RuimRecords] EF_CSIM_MDN LOADED
05-25 13:05:52.160 E/RuimRecords( 2506): [RuimRecords] Record Load Exception: com.android.internal.telephony.uicc.IccFileTypeMismatch
05-25 13:05:52.160 D/RuimRecords( 2506): [RuimRecords] onRecordLoaded 5 requested: true
05-25 13:05:52.160 D/RuimRecords( 2506): [RuimRecords] EF_CSIM_IMSIM LOADED
05-25 13:05:52.160 E/RuimRecords( 2506): [RuimRecords] Record Load Exception: com.android.internal.telephony.CommandException: GENERIC_FAILURE
05-25 13:05:52.160 D/RuimRecords( 2506): [RuimRecords] onRecordLoaded 4 requested: true
05-25 13:05:52.160 D/RuimRecords( 2506): [RuimRecords] EF_CSIM_CDMAHOME LOADED
05-25 13:05:52.160 E/RuimRecords( 2506): [RuimRecords] Record Load Exception: com.android.internal.telephony.CommandException: GENERIC_FAILURE
05-25 13:05:52.160 D/RuimRecords( 2506): [RuimRecords] onRecordLoaded 3 requested: true
05-25 13:05:52.160 D/RuimRecords( 2506): [RuimRecords] EF_CSIM_EPRL LOADED
05-25 13:05:52.160 E/RuimRecords( 2506): [RuimRecords] Record Load Exception: com.android.internal.telephony.CommandException: GENERIC_FAILURE
05-25 13:05:52.160 D/RuimRecords( 2506): [RuimRecords] onRecordLoaded 2 requested: true
05-25 13:05:52.160 D/SIMRecords( 2506): [SIMRecords] iccid: 89302370313006382538
05-25 13:05:52.160 D/SIMRecords( 2506): [SIMRecords] onRecordLoaded 12 requested: true
05-25 13:05:52.180 D/AT      ( 3524): AT< +CRSM: 144,0,01F002C0038004C005F00600070008830984C0DDFF00FF00FF00
05-25 13:05:52.180 D/AT      ( 3524): AT< OK
05-25 13:05:52.180 I/RIL     ( 3524): ------ VendorRIL onRequest: SIM_IO ------
05-25 13:05:52.180 D/AT      ( 3524): AT> AT+CRSM=176,28478,0,0,1
05-25 13:05:52.190 D/RILJ    ( 2506): [3718]< SIM_IO IccIoResponse sw1:0x90 sw2:0x0
05-25 13:05:52.190 D/AT      ( 3524): AT< +CRSM: 144,0,DD
05-25 13:05:52.190 D/AT      ( 3524): AT< OK
05-25 13:05:52.190 I/RIL     ( 3524): ------ VendorRIL onRequest: SIM_IO ------
05-25 13:05:52.190 D/AT      ( 3524): AT> AT+CRSM=176,12258,0,0,10
05-25 13:05:52.190 D/RILJ    ( 2506): [3719]< SIM_IO IccIoResponse sw1:0x90 sw2:0x0
05-25 13:05:52.200 D/AT      ( 3524): AT< +CRSM: 144,0,98033207130360835283
05-25 13:05:52.200 D/AT      ( 3524): AT< OK
05-25 13:05:52.200 I/RIL     ( 3524): ------ VendorRIL onRequest: SIM_IO ------
05-25 13:05:52.200 D/AT      ( 3524): AT> AT+CRSM=176,12037,0,0,10
05-25 13:05:52.200 D/RILJ    ( 2506): [3720]< SIM_IO IccIoResponse sw1:0x90 sw2:0x0
05-25 13:05:52.220 D/AT      ( 3524): AT< +CRSM: 144,0,656EFFFFFFFFFFFFFFFF
05-25 13:05:52.220 D/AT      ( 3524): AT< OK
05-25 13:05:52.220 D/RILJ    ( 2506): [3721]< SIM_IO IccIoResponse sw1:0x90 sw2:0x0
05-25 13:05:52.250 D/SIMRecords( 2506): [SIMRecords] EF_MBI: 010000000000000000000000
05-25 13:05:52.250 D/SIMRecords( 2506): [SIMRecords] Got valid mailbox number for MBDN
05-25 13:05:52.250 D/RILJ    ( 2506): [3722]> iccIO: SIM_IO 0xc0 0x6fc7  path: 3F007F20,0,0,15 aid: null
05-25 13:05:52.270 I/RIL     ( 3524): ------ VendorRIL onRequest: SIM_IO ------
05-25 13:05:52.270 D/AT      ( 3524): AT> AT+CRSM=192,28615,0,0,15
05-25 13:05:52.270 D/SIMRecords( 2506): [SIMRecords] onRecordLoaded 12 requested: true
05-25 13:05:52.270 D/SIMRecords( 2506): [SIMRecords] EF_AD: 00000003
05-25 13:05:52.280 D/SIMRecords( 2506): [SIMRecords] onRecordLoaded 11 requested: true
05-25 13:05:52.280 D/SIMRecords( 2506): [SIMRecords] EF_MWIS: 0000000000
05-25 13:05:52.280 D/SIMRecords( 2506): [SIMRecords] onRecordLoaded 10 requested: true
05-25 13:05:52.280 D/SIMRecords( 2506): [SIMRecords] EF_CFIS: 0100ffffffffffffffffffffffffffff
05-25 13:05:52.280 D/SIMRecords( 2506): [SIMRecords] EF_CFIS: callForwardingEnabled=false
05-25 13:05:52.280 D/AT      ( 3524): AT< +CRSM: 144,0,000000306FC7040011F0AA04020118
05-25 13:05:52.280 D/AT      ( 3524): AT< OK
05-25 13:05:52.280 D/RILJ    ( 2506): [3722]< SIM_IO IccIoResponse sw1:0x90 sw2:0x0
05-25 13:05:52.280 D/SIMRecords( 2506): [SIMRecords] onRecordLoaded 9 requested: true
05-25 13:05:52.280 D/SIMRecords( 2506): [SIMRecords] Load EF_SPN:  spnDisplayCondition: 0
05-25 13:05:52.280 D/SIMRecords( 2506): [SIMRecords] onRecordLoaded 8 requested: true
05-25 13:05:52.280 D/SIMRecords( 2506): [SIMRecords] onRecordLoaded 7 requested: true
05-25 13:05:52.280 D/SIMRecords( 2506): [SIMRecords] onRecordLoaded 6 requested: true
05-25 13:05:52.290 D/SIMRecords( 2506): [SIMRecords] SST: UsimServiceTable[88]={ FDN, FDN_EXTENSION, SDN, SDN_EXTENSION, OUTGOING_CALL_INFO, INCOMING_CALL_INFO, SM_STORAGE, SM_SERVICE_PARAMS, CB_MESSAGE_ID, CB_MESSAGE_ID_RANGES, GROUP_ID_LEVEL_1, GROUP_ID_LEVEL_2, SPN, MSISDN, GSM_ACCESS, DATA_DL_VIA_SMS_PP, CALL_CONTROL_BY_USIM, RUN_AT_COMMAND, IGNORED_1, ENABLED_SERVICES_TABLE, APN_CONTROL_LIST, GSM_SECURITY_CONTEXT, OPERATOR_PLMN_SELECT, HPLMN_SELECT, PLMN_NETWORK_NAME, OPERATOR_PLMN_LIST, MBDN, MWI_STATUS, CFI_STATUS, SERVICE_PROVIDER_DISPLAY_INFO, EQUIVALENT_HPLMN, LAST_RPLMN_SELECTION_INDICATION, CALL_CONTROL_ON_EPS_PDN_CONNECTION_BY_USIM }
05-25 13:05:52.300 D/SIMRecords( 2506): [SIMRecords] onRecordLoaded 5 requested: true
05-25 13:05:52.300 D/SIMRecords( 2506): [SIMRecords] MSISDN: xxxxxxx
05-25 13:05:52.300 D/SIMRecords( 2506): [SIMRecords] onRecordLoaded 4 requested: true
05-25 13:05:52.310 D/RILJ    ( 2506): [3723]> iccIO: SIM_IO 0xb2 0x6fc7  path: 3F007F20,1,4,24 aid: null
05-25 13:05:52.310 D/SIMRecords( 2506): [SIMRecords] iCPHS: 023303
05-25 13:05:52.310 D/SIMRecords( 2506): [SIMRecords] onRecordLoaded 3 requested: true
05-25 13:05:52.310 D/SIMRecords( 2506): [SIMRecords] EF_CSP: 01f002c0038004c005f00600070008830984c0ddff00ff00ff00
05-25 13:05:52.310 D/SIMRecords( 2506): [SIMRecords] [CSP] found ValueAddedServicesGroup, value -35
05-25 13:05:52.320 D/SIMRecords( 2506): [SIMRecords] onRecordLoaded 2 requested: true
05-25 13:05:52.320 D/SIMRecords( 2506): [SIMRecords] GID1: dd
05-25 13:05:52.320 D/SIMRecords( 2506): [SIMRecords] onRecordLoaded 1 requested: true
05-25 13:05:52.320 D/RuimRecords( 2506): [RuimRecords] iccid: 89302370313006382538
05-25 13:05:52.320 D/RuimRecords( 2506): [RuimRecords] onRecordLoaded 1 requested: true
05-25 13:05:52.320 D/RuimRecords( 2506): [RuimRecords] EF_PL LOADED
05-25 13:05:52.320 D/RuimRecords( 2506): [RuimRecords] EF_PL=656effffffffffffffff
05-25 13:05:52.320 D/RuimRecords( 2506): [RuimRecords] onRecordLoaded 0 requested: true
05-25 13:05:52.320 D/RuimRecords( 2506): [RuimRecords] record load complete
05-25 13:05:52.320 D/RuimRecords( 2506): [RuimRecords] onAllRecordsLoaded set 'gsm.sim.operator.numeric' to operator='302370'
05-25 13:05:52.320 D/RuimRecords( 2506): [RuimRecords] onAllRecordsLoaded set mcc imsi=302370602284779
05-25 13:05:52.320 I/RIL     ( 3524): ------ VendorRIL onRequest: SIM_IO ------
05-25 13:05:52.320 D/AT      ( 3524): AT> AT+CRSM=178,28615,1,4,24
05-25 13:05:52.320 D/RuimRecords( 2506): [RuimRecords] Setting locale to en_ca
05-25 13:05:52.340 D/AT      ( 3524): AT< +CRSM: 144,0,566F6963656D61696CFF07914161286145F9FFFFFFFFFFFF
05-25 13:05:52.340 D/AT      ( 3524): AT< OK
05-25 13:05:52.340 D/RILJ    ( 2506): [3723]< SIM_IO IccIoResponse sw1:0x90 sw2:0x0
05-25 13:05:52.350 D/SIMRecords( 2506): [SIMRecords] VM: ADN Record 'Voicemail' '+14168216549 null' EF[MBDN]
05-25 13:05:52.350 D/SIMRecords( 2506): [SIMRecords] onRecordLoaded 0 requested: true
05-25 13:05:52.350 D/SIMRecords( 2506): [SIMRecords] record load complete
05-25 13:05:52.350 D/SIMRecords( 2506): [SIMRecords] onAllRecordsLoaded set 'gsm.sim.operator.numeric' to operator='302370'
05-25 13:05:52.350 D/SIMRecords( 2506): [SIMRecords] onAllRecordsLoaded set mcc imsi=302370602284779
05-25 13:05:54.300 D/GsmSST  ( 2506): [GsmSST] EVENT_SIM_RECORDS_LOADED: what=16
05-25 13:05:54.300 D/PhoneProxy( 2506): [PhoneProxy] updatePhoneObject: radioTechnology=0
05-25 13:05:54.300 D/GsmSST  ( 2506): [GsmSST] updateSpnDisplay: radio is on but out of service, set plmn='No service.'
05-25 13:05:54.310 D/DCT     ( 2506): handleMessage msg={ when=-1s964ms what=270338 obj=android.os.AsyncResult@41b4b3d8 target=com.android.internal.telephony.dataconnection.DcTracker }
05-25 13:05:54.310 D/DCT     ( 2506): onRecordsLoaded: createAllApnList
05-25 13:05:54.310 D/DCT     ( 2506): createAllApnList, r:SimRecords: mDestroyed=false mContext=com.android.phone.PhoneGlobals@419f5c20 mCi=com.android.internal.telephony.RIL@419fa058 mFh=Handler (com.android.internal.telephony.uicc.SIMFileHandler) {41aebbc8} mParentApp=com.android.internal.telephony.uicc.UiccCardApplication@41aeaad8 recordsLoadedRegistrants=android.os.RegistrantList@41aee680 mImsiReadyRegistrants=android.os.RegistrantList@41aee6a8 mRecordsEventsRegistrants=android.os.RegistrantList@41aee6d0 mNewSmsRegistrants=android.os.RegistrantList@41aee6f8 mNetworkSelectionModeAutomaticRegistrants=android.os.RegistrantList@41aee720 recordsToLoad=0 adnCache=Handler (com.android.internal.telephony.uicc.AdnRecordCache) {41aee820} recordsRequested=true iccid=89302370313006382538 msisdn=+15145695800 msisdnTag= voiceMailNum=+14168216549 voiceMailTag=Voicemail newVoiceMailNum=null newVoiceMailTag=null isVoiceMailFixed=false countVoiceMessages=0 mImsi=302370602284779 mncLength=3 mailboxIndex=1 spn= mVmConfigcom.android.internal.telephony.uicc.VoiceMailConstants@41aeefd0 mSpnOverride=mSpnOverride callForwardingEnabled=false spnState=IDLE mCphsInfo=[B@41b250d0 mCspPlmnEnabled=true efMWIS=[B@41b1ecb8 efCPHS_MWI=null mEfCff=null mEfCfis=[B@41b1f0c0 getOperatorNumeric=302370, operator:302370
05-25 13:05:54.310 D/DCT     ( 2506): createAllApnList: selection=numeric = '302370' and carrier_enabled = 1
05-25 13:05:54.320 D/DCT     ( 2506): createApnList: X result=[[ApnSettingV2] Fido (Datawind Test1), 1434, 302370, internet.fido.ca, , , , , , -1, default | supl, IP, IP, true, 0, [ApnSettingV2] Fido (Datawind Test2), 1435, 302370, internet.fido.ca, , http://mms.fido.ca, , 80, , -1, default | supl | mms, IP, IP, true, 0, [ApnSettingV2] Fido (Datawind Test3), 1436, 302370, ltemobile.apn, null, http://mms.fido.ca, 205.151.11.13, 80, null, -1, default | supl | mms, IP, IP, true, 0]
05-25 13:05:54.529 D/DCT     ( 2506): getPreferredApn: mRequestedApnType=default cursor=android.content.ContentResolver$CursorWrapperInner@41b66ae8 cursor.count=1
05-25 13:05:54.529 D/DCT     ( 2506): getPreferredApn: apnSetting=[ApnSettingV2] Fido (Datawind Test1), 1434, 302370, internet.fido.ca, , , , , , -1, default | supl, IP, IP, true, 0
05-25 13:05:54.529 D/DCT     ( 2506): getPreferredApn: X found apnSetting[ApnSettingV2] Fido (Datawind Test1), 1434, 302370, internet.fido.ca, , , , , , -1, default | supl, IP, IP, true, 0
05-25 13:05:54.549 D/DCT     ( 2506): createAllApnList: mPreferredApn=[ApnSettingV2] Fido (Datawind Test1), 1434, 302370, internet.fido.ca, , , , , , -1, default | supl, IP, IP, true, 0
05-25 13:05:54.549 D/DCT     ( 2506): createAllApnList: X mAllApnSettings=[[ApnSettingV2] Fido (Datawind Test1), 1434, 302370, internet.fido.ca, , , , , , -1, default | supl, IP, IP, true, 0, [ApnSettingV2] Fido (Datawind Test2), 1435, 302370, internet.fido.ca, , http://mms.fido.ca, , 80, , -1, default | supl | mms, IP, IP, true, 0, [ApnSettingV2] Fido (Datawind Test3), 1436, 302370, ltemobile.apn, null, http://mms.fido.ca, 205.151.11.13, 80, null, -1, default | supl | mms, IP, IP, true, 0]
05-25 13:05:54.549 D/DCT     ( 2506): setInitialApn: E mPreferredApn=[ApnSettingV2] Fido (Datawind Test1), 1434, 302370, internet.fido.ca, , , , , , -1, default | supl, IP, IP, true, 0
05-25 13:05:54.549 D/DCT     ( 2506): setInitialApn: firstApnSetting=[ApnSettingV2] Fido (Datawind Test1), 1434, 302370, internet.fido.ca, , , , , , -1, default | supl, IP, IP, true, 0
05-25 13:05:54.549 D/DCT     ( 2506): setInitialApn: defaultApnSetting=[ApnSettingV2] Fido (Datawind Test1), 1434, 302370, internet.fido.ca, , , , , , -1, default | supl, IP, IP, true, 0
05-25 13:05:54.549 D/DCT     ( 2506): setInitialAttachApn: using mPreferredApn
05-25 13:05:54.549 D/DCT     ( 2506): setInitialAttachApn: X selected Apn=[ApnSettingV2] Fido (Datawind Test1), 1434, 302370, internet.fido.ca, , , , , , -1, default | supl, IP, IP, true, 0
05-25 13:05:54.549 D/RILJ    ( 2506): Set RIL_REQUEST_SET_INITIAL_ATTACH_APN
05-25 13:05:54.549 D/RILJ    ( 2506): [3724]> RIL_REQUEST_SET_INITIAL_ATTACH_APN, apn:internet.fido.ca, protocol:IP, authType:-1, username:fido, password:fido
05-25 13:05:54.549 D/DCT     ( 2506): onRecordsLoaded: notifying data availability
05-25 13:05:54.549 D/DCT     ( 2506): isDataAllowed: not allowed due to - Attached= false
05-25 13:05:54.549 D/DCT     ( 2506): [ApnContext:fota] getApnSetting: apnSetting=null
05-25 13:05:54.580 I/RIL     ( 3524): ------ VendorRIL onRequest: RIL_REQUEST_SET_INITIAL_ATTACH_APN ------
05-25 13:05:54.580 I/RIL     ( 3524): --- VendorRIL SetAPN: apn=internet.fido.ca, protocol=IP, auth_type=-1, username=fido, password=fido ---
05-25 13:05:54.580 D/RILJ    ( 2506): [3724]< RIL_REQUEST_SET_INITIAL_ATTACH_APN 
05-25 13:05:54.610 D/DCT     ( 2506): isDataAllowed: not allowed due to - Attached= false
05-25 13:05:54.610 D/DCT     ( 2506): [ApnContext:supl] getApnSetting: apnSetting=null
05-25 13:05:54.620 D/DCT     ( 2506): isDataAllowed: not allowed due to - Attached= false
05-25 13:05:54.620 D/DCT     ( 2506): [ApnContext:hipri] getApnSetting: apnSetting=null
05-25 13:05:54.639 D/DCT     ( 2506): isDataAllowed: not allowed due to - Attached= false
05-25 13:05:54.639 D/DCT     ( 2506): [ApnContext:ims] getApnSetting: apnSetting=null
05-25 13:05:54.889 D/DCT     ( 2506): isDataAllowed: not allowed due to - Attached= false
05-25 13:05:54.889 D/DCT     ( 2506): [ApnContext:default] getApnSetting: apnSetting=null
05-25 13:05:54.910 D/DCT     ( 2506): isDataAllowed: not allowed due to - Attached= false
05-25 13:05:54.910 D/DCT     ( 2506): [ApnContext:mms] getApnSetting: apnSetting=null
05-25 13:05:54.910 D/DCT     ( 2506): isDataAllowed: not allowed due to - Attached= false
05-25 13:05:54.910 D/DCT     ( 2506): [ApnContext:cbs] getApnSetting: apnSetting=null
05-25 13:05:54.940 D/DCT     ( 2506): setupDataOnConnectableApns: simLoaded
05-25 13:05:54.940 D/DCT     ( 2506): setupDataOnConnectableApns: apnContext {mApnType=hipri mState=IDLE mWaitingApns={null} mWaitingApnsPermanentFailureCountDown=0 mApnSetting={null} mReason=radioTurnedOff mDataEnabled=false mDependencyMet=true}
05-25 13:05:54.940 D/DCT     ( 2506): setupDataOnConnectableApns: apnContext {mApnType=mms mState=IDLE mWaitingApns={null} mWaitingApnsPermanentFailureCountDown=0 mApnSetting={null} mReason=radioTurnedOff mDataEnabled=false mDependencyMet=true}
05-25 13:05:54.940 D/DCT     ( 2506): setupDataOnConnectableApns: apnContext {mApnType=supl mState=IDLE mWaitingApns={null} mWaitingApnsPermanentFailureCountDown=0 mApnSetting={null} mReason=radioTurnedOff mDataEnabled=false mDependencyMet=true}
05-25 13:05:54.940 D/DCT     ( 2506): setupDataOnConnectableApns: apnContext {mApnType=default mState=IDLE mWaitingApns={null} mWaitingApnsPermanentFailureCountDown=0 mApnSetting={null} mReason=radioTurnedOff mDataEnabled=true mDependencyMet=true}
05-25 13:05:54.940 D/DCT     ( 2506): setupDataOnConnectableApns: isConnectable() call trySetupData
05-25 13:05:54.940 D/DCT     ( 2506): trySetupData for type:default due to simLoaded apnContext={mApnType=default mState=IDLE mWaitingApns={null} mWaitingApnsPermanentFailureCountDown=0 mApnSetting={null} mReason=simLoaded mDataEnabled=true mDependencyMet=true}
05-25 13:05:54.940 D/DCT     ( 2506): trySetupData with mIsPsRestricted=false
05-25 13:05:54.940 D/DCT     ( 2506): isDataAllowed: not allowed due to - Attached= false
05-25 13:05:54.940 D/DCT     ( 2506): isDataAllowed: not allowed due to - Attached= false
05-25 13:05:54.940 D/DCT     ( 2506): [ApnContext:fota] getApnSetting: apnSetting=null
05-25 13:05:55.119 D/DCT     ( 2506): isDataAllowed: not allowed due to - Attached= false
05-25 13:05:55.119 D/DCT     ( 2506): [ApnContext:supl] getApnSetting: apnSetting=null
05-25 13:05:55.140 D/DCT     ( 2506): isDataAllowed: not allowed due to - Attached= false
05-25 13:05:55.140 D/DCT     ( 2506): [ApnContext:hipri] getApnSetting: apnSetting=null
05-25 13:05:55.140 D/DCT     ( 2506): isDataAllowed: not allowed due to - Attached= false
05-25 13:05:55.140 D/DCT     ( 2506): [ApnContext:ims] getApnSetting: apnSetting=null
05-25 13:05:55.180 D/DCT     ( 2506): isDataAllowed: not allowed due to - Attached= false
05-25 13:05:55.180 D/DCT     ( 2506): [ApnContext:default] getApnSetting: apnSetting=null
05-25 13:05:55.180 D/DCT     ( 2506): isDataAllowed: not allowed due to - Attached= false
05-25 13:05:55.180 D/DCT     ( 2506): [ApnContext:mms] getApnSetting: apnSetting=null
05-25 13:05:55.200 D/DCT     ( 2506): isDataAllowed: not allowed due to - Attached= false
05-25 13:05:55.200 D/DCT     ( 2506): [ApnContext:cbs] getApnSetting: apnSetting=null
05-25 13:05:55.250 D/DCT     ( 2506): trySetupData: X apnContext not 'ready' retValue=false
05-25 13:05:55.250 D/DCT     ( 2506): setupDataOnConnectableApns: apnContext {mApnType=fota mState=IDLE mWaitingApns={null} mWaitingApnsPermanentFailureCountDown=0 mApnSetting={null} mReason=radioTurnedOff mDataEnabled=false mDependencyMet=true}
05-25 13:05:55.260 D/DCT     ( 2506): setupDataOnConnectableApns: apnContext {mApnType=ims mState=IDLE mWaitingApns={null} mWaitingApnsPermanentFailureCountDown=0 mApnSetting={null} mReason=radioTurnedOff mDataEnabled=false mDependencyMet=true}
05-25 13:05:55.260 D/DCT     ( 2506): setupDataOnConnectableApns: apnContext {mApnType=cbs mState=IDLE mWaitingApns={null} mWaitingApnsPermanentFailureCountDown=0 mApnSetting={null} mReason=radioTurnedOff mDataEnabled=false mDependencyMet=true}
05-25 13:05:55.260 D/IccCardProxy( 2506): Broadcasting intent ACTION_SIM_STATE_CHANGED LOADED reason null
05-25 13:05:55.270 D/PhoneProxy( 2506): [PhoneProxy] phoneObjectUpdater: newVoiceRadioTech=0
05-25 13:05:55.270 D/PhoneProxy( 2506): [PhoneProxy] phoneObjectUpdater: Unknown rat ignore,  newVoiceRadioTech=Unknown. mActivePhone=GSM
05-25 13:06:06.070 D/TelephonyManager( 2506): getLteOnCdmaMode=0 curVal=-1 product_type='' lteOnCdmaProductType=''
05-25 13:06:06.090 D/RILJ    ( 2506): [3725]> REQUEST_GET_PREFERRED_NETWORK_TYPE
05-25 13:06:06.090 I/RIL     ( 3524): ------ VendorRIL onRequest: GET_PREFERRED_NETWORK_TYPE ------
05-25 13:06:06.090 D/RILJ    ( 2506): [3725]< REQUEST_GET_PREFERRED_NETWORK_TYPE {1}
05-25 13:06:10.570 D/RILJ    ( 2506): [3726]> SIGNAL_STRENGTH
05-25 13:06:10.570 I/RIL     ( 3524): ------ VendorRIL onRequest: SIGNAL_STRENGTH ------
05-25 13:06:10.570 D/AT      ( 3524): AT> AT+CSQ
05-25 13:06:10.600 D/AT      ( 3524): AT< +CSQ: 31,99
05-25 13:06:10.600 D/AT      ( 3524): AT< OK
05-25 13:06:10.600 I/RIL     ( 3524): ------ VendorRIL SignalStrength: 31, 99 ------
05-25 13:06:10.600 E/RILC    ( 3524): invalid response length
05-25 13:06:10.600 D/RilRequest( 2506): [3726]< SIGNAL_STRENGTH error: com.android.internal.telephony.CommandException: INVALID_RESPONSE ret=
05-25 13:06:10.600 D/GsmSST  ( 2506): [GsmSST] onSignalStrengthResult() Exception from RIL : com.android.internal.telephony.CommandException: INVALID_RESPONSE
05-25 13:06:21.070 D/DCT     ( 2506): handleMessage msg={ when=0 what=270366 target=com.android.internal.telephony.dataconnection.DcTracker }
05-25 13:06:21.070 D/DCT     ( 2506): CMD_SET_USER_DATA_ENABLE enabled=false
05-25 13:06:21.070 D/DCT     ( 2506): isDataAllowed: not allowed due to - Attached= false
05-25 13:06:30.610 D/RILJ    ( 2506): [3727]> SIGNAL_STRENGTH
05-25 13:06:30.620 I/RIL     ( 3524): ------ VendorRIL onRequest: SIGNAL_STRENGTH ------
05-25 13:06:30.620 D/AT      ( 3524): AT> AT+CSQ
05-25 13:06:30.640 D/AT      ( 3524): AT< +CSQ: 31,99
05-25 13:06:30.640 D/AT      ( 3524): AT< OK
05-25 13:06:30.640 I/RIL     ( 3524): ------ VendorRIL SignalStrength: 31, 99 ------
05-25 13:06:30.640 E/RILC    ( 3524): invalid response length
05-25 13:06:30.640 D/RilRequest( 2506): [3727]< SIGNAL_STRENGTH error: com.android.internal.telephony.CommandException: INVALID_RESPONSE ret=
05-25 13:06:30.680 D/GsmSST  ( 2506): [GsmSST] onSignalStrengthResult() Exception from RIL : com.android.internal.telephony.CommandException: INVALID_RESPONSE
05-25 13:06:46.560 D/DCT     ( 2506): handleMessage msg={ when=-1ms what=270366 arg1=1 target=com.android.internal.telephony.dataconnection.DcTracker }
05-25 13:06:46.560 D/DCT     ( 2506): CMD_SET_USER_DATA_ENABLE enabled=true
05-25 13:06:46.620 D/DCT     ( 2506): isDataAllowed: not allowed due to - Attached= false
05-25 13:06:50.680 D/RILJ    ( 2506): [3728]> SIGNAL_STRENGTH
05-25 13:06:50.690 I/RIL     ( 3524): ------ VendorRIL onRequest: SIGNAL_STRENGTH ------
05-25 13:06:50.690 D/AT      ( 3524): AT> AT+CSQ
05-25 13:06:50.700 D/AT      ( 3524): AT< +CSQ: 31,99
05-25 13:06:50.700 D/AT      ( 3524): AT< OK
05-25 13:06:50.700 I/RIL     ( 3524): ------ VendorRIL SignalStrength: 31, 99 ------
05-25 13:06:50.700 E/RILC    ( 3524): invalid response length
05-25 13:06:50.710 D/RilRequest( 2506): [3728]< SIGNAL_STRENGTH error: com.android.internal.telephony.CommandException: INVALID_RESPONSE ret=
05-25 13:06:50.710 D/GsmSST  ( 2506): [GsmSST] onSignalStrengthResult() Exception from RIL : com.android.internal.telephony.CommandException: INVALID_RESPONSE

