05-24 13:57:06.210 D/RILJ    ( 2623): [3781]> SIGNAL_STRENGTH
05-24 13:57:06.220 I/RIL     ( 2906): ------ VendorRIL onRequest: SIGNAL_STRENGTH ------
05-24 13:57:06.220 D/AT      ( 2906): AT> AT+CSQ
05-24 13:57:06.240 D/AT      ( 2906): AT< +CSQ: 31,99
05-24 13:57:06.240 D/AT      ( 2906): AT< OK
05-24 13:57:06.240 I/RIL     ( 2906): ------ VendorRIL SignalStrength: 31, 99 ------
05-24 13:57:06.240 E/RILC    ( 2906): invalid response length
05-24 13:57:06.260 D/RilRequest( 2623): [3781]< SIGNAL_STRENGTH error: com.android.internal.telephony.CommandException: INVALID_RESPONSE ret=
05-24 13:57:06.260 D/GsmSST  ( 2623): [GsmSST] onSignalStrengthResult() Exception from RIL : com.android.internal.telephony.CommandException: INVALID_RESPONSE
05-24 13:57:14.870 D/AT      ( 2906): AT< +CMTI: "SM",11
05-24 13:57:26.300 D/RILJ    ( 2623): [3782]> SIGNAL_STRENGTH
05-24 13:57:26.300 I/RIL     ( 2906): ------ VendorRIL onRequest: SIGNAL_STRENGTH ------
05-24 13:57:26.300 D/AT      ( 2906): AT> AT+CSQ
05-24 13:57:26.320 D/AT      ( 2906): AT< +CSQ: 31,99
05-24 13:57:26.320 D/AT      ( 2906): AT< OK
05-24 13:57:26.320 I/RIL     ( 2906): ------ VendorRIL SignalStrength: 31, 99 ------
05-24 13:57:26.320 E/RILC    ( 2906): invalid response length
05-24 13:57:26.320 D/RilRequest( 2623): [3782]< SIGNAL_STRENGTH error: com.android.internal.telephony.CommandException: INVALID_RESPONSE ret=
05-24 13:57:26.320 D/GsmSST  ( 2623): [GsmSST] onSignalStrengthResult() Exception from RIL : com.android.internal.telephony.CommandException: INVALID_RESPONSE
05-24 13:57:46.340 D/RILJ    ( 2623): [3783]> SIGNAL_STRENGTH
05-24 13:57:46.350 I/RIL     ( 2906): ------ VendorRIL onRequest: SIGNAL_STRENGTH ------
05-24 13:57:46.350 D/AT      ( 2906): AT> AT+CSQ
05-24 13:57:46.360 D/AT      ( 2906): AT< +CSQ: 31,99
05-24 13:57:46.360 D/AT      ( 2906): AT< OK
05-24 13:57:46.360 I/RIL     ( 2906): ------ VendorRIL SignalStrength: 31, 99 ------
05-24 13:57:46.360 E/RILC    ( 2906): invalid response length
05-24 13:57:46.360 D/RilRequest( 2623): [3783]< SIGNAL_STRENGTH error: com.android.internal.telephony.CommandException: INVALID_RESPONSE ret=
05-24 13:57:46.360 D/GsmSST  ( 2623): [GsmSST] onSignalStrengthResult() Exception from RIL : com.android.internal.telephony.CommandException: INVALID_RESPONSE
05-24 13:58:06.380 D/RILJ    ( 2623): [3784]> SIGNAL_STRENGTH
05-24 13:58:06.390 I/RIL     ( 2906): ------ VendorRIL onRequest: SIGNAL_STRENGTH ------
05-24 13:58:06.390 D/AT      ( 2906): AT> AT+CSQ
05-24 13:58:06.410 D/AT      ( 2906): AT< +CSQ: 31,99
05-24 13:58:06.410 D/AT      ( 2906): AT< OK
05-24 13:58:06.410 I/RIL     ( 2906): ------ VendorRIL SignalStrength: 31, 99 ------
05-24 13:58:06.410 E/RILC    ( 2906): invalid response length
05-24 13:58:06.440 D/RilRequest( 2623): [3784]< SIGNAL_STRENGTH error: com.android.internal.telephony.CommandException: INVALID_RESPONSE ret=
05-24 13:58:06.440 D/GsmSST  ( 2623): [GsmSST] onSignalStrengthResult() Exception from RIL : com.android.internal.telephony.CommandException: INVALID_RESPONSE
05-24 13:58:26.460 D/RILJ    ( 2623): [3785]> SIGNAL_STRENGTH
05-24 13:58:26.460 I/RIL     ( 2906): ------ VendorRIL onRequest: SIGNAL_STRENGTH ------
05-24 13:58:26.460 D/AT      ( 2906): AT> AT+CSQ
05-24 13:58:26.480 D/AT      ( 2906): AT< +CSQ: 31,99
05-24 13:58:26.480 D/AT      ( 2906): AT< OK
05-24 13:58:26.480 I/RIL     ( 2906): ------ VendorRIL SignalStrength: 31, 99 ------
05-24 13:58:26.480 E/RILC    ( 2906): invalid response length
05-24 13:58:26.520 D/RilRequest( 2623): [3785]< SIGNAL_STRENGTH error: com.android.internal.telephony.CommandException: INVALID_RESPONSE ret=
05-24 13:58:26.520 D/GsmSST  ( 2623): [GsmSST] onSignalStrengthResult() Exception from RIL : com.android.internal.telephony.CommandException: INVALID_RESPONSE
05-24 13:58:36.030 D/AT      ( 2906): AT< +CMTI: "SM",12
05-24 13:58:43.020 D/RILJ    ( 2623): [3786]> SCREEN_STATE: false
05-24 13:58:43.020 I/RIL     ( 2906): ------ VendorRIL onRequest: SCREEN_STATE ------
05-24 13:58:43.020 I/RIL     ( 2906): [ScreenState]: OFF
05-24 13:58:43.020 D/RilRequest( 2623): [3786]< SCREEN_STATE error: com.android.internal.telephony.CommandException: MODE_NOT_SUPPORTED ret=
05-24 13:58:43.060 D/DCT     ( 2623): onReceive: action=android.intent.action.SCREEN_OFF
05-24 13:58:43.060 D/DCT     ( 2623): stopNetStatPoll
05-24 13:58:43.070 D/DCT     ( 2623): overall state is IDLE
05-24 13:58:46.560 D/RILJ    ( 2623): [3787]> SIGNAL_STRENGTH
05-24 13:58:46.560 I/RIL     ( 2906): ------ VendorRIL onRequest: SIGNAL_STRENGTH ------
05-24 13:58:46.560 D/AT      ( 2906): AT> AT+CSQ
05-24 13:58:46.580 D/AT      ( 2906): AT< +CSQ: 31,99
05-24 13:58:46.580 D/AT      ( 2906): AT< OK
05-24 13:58:46.580 I/RIL     ( 2906): ------ VendorRIL SignalStrength: 31, 99 ------
05-24 13:58:46.580 E/RILC    ( 2906): invalid response length
05-24 13:58:46.580 D/RilRequest( 2623): [3787]< SIGNAL_STRENGTH error: com.android.internal.telephony.CommandException: INVALID_RESPONSE ret=
05-24 13:58:46.580 D/GsmSST  ( 2623): [GsmSST] onSignalStrengthResult() Exception from RIL : com.android.internal.telephony.CommandException: INVALID_RESPONSE
05-24 13:58:52.510 D/AT      ( 2906): AT< +CRING: VOICE
05-24 13:58:52.510 D/RILJ    ( 2623): [UNSL]< UNSOL_RESPONSE_CALL_STATE_CHANGED
05-24 13:58:52.510 D/RILJ    ( 2623): [3788]> GET_CURRENT_CALLS
05-24 13:58:52.520 I/RIL     ( 2906): ------ VendorRIL onRequest: GET_CURRENT_CALLS ------
05-24 13:58:52.520 D/AT      ( 2906): AT> AT+CLCC
05-24 13:58:52.520 D/AT      ( 2906): AT< +CLIP: "",128,,,""
05-24 13:58:52.530 D/AT      ( 2906): AT< +CLCC: 1,1,4,0,0
05-24 13:58:52.530 D/AT      ( 2906): AT< OK
05-24 13:58:52.530 V/RILJ    ( 2623): Incoming UUS : NOT present!
05-24 13:58:52.530 D/RILJ    ( 2623): InCall VoicePrivacy is disabled
05-24 13:58:52.530 D/RILJ    ( 2623): [3788]< GET_CURRENT_CALLS  [id=1,INCOMING,toa=0,norm,mt,0,voc,noevp,,cli=1,,0] 
05-24 13:58:52.530 D/GsmConnection( 2623): [GSMConn] acquireWakeLock
05-24 13:58:52.560 D/DCT     ( 2623): handleMessage msg={ when=-23ms what=270343 obj=android.os.AsyncResult@420094c8 target=com.android.internal.telephony.dataconnection.DcTracker }
05-24 13:58:52.560 D/DCT     ( 2623): onVoiceCallStarted
05-24 13:58:53.030 D/RILJ    ( 2623): [UNSL]< UNSOL_RESPONSE_CALL_STATE_CHANGED
05-24 13:58:53.030 D/RILJ    ( 2623): [3789]> GET_CURRENT_CALLS
05-24 13:58:53.040 I/RIL     ( 2906): ------ VendorRIL onRequest: GET_CURRENT_CALLS ------
05-24 13:58:53.040 D/AT      ( 2906): AT> AT+CLCC
05-24 13:58:53.050 D/AT      ( 2906): AT< +CLCC: 1,1,4,0,0
05-24 13:58:53.050 D/AT      ( 2906): AT< OK
05-24 13:58:53.050 V/RILJ    ( 2623): Incoming UUS : NOT present!
05-24 13:58:53.050 D/RILJ    ( 2623): InCall VoicePrivacy is disabled
05-24 13:58:53.050 D/RILJ    ( 2623): [3789]< GET_CURRENT_CALLS  [id=1,INCOMING,toa=0,norm,mt,0,voc,noevp,,cli=1,,0] 
05-24 13:58:53.050 D/GsmConnection( 2623): [GSMConn] --dssds----null
05-24 13:58:53.050 D/GsmConnection( 2623): [GSMConn] update: parent=INCOMING, hasNewParent=false, wasConnectingInOrOut=true, wasHolding=false, isConnectingInOrOut=true, changed=false
05-24 13:58:53.550 D/RILJ    ( 2623): [UNSL]< UNSOL_RESPONSE_CALL_STATE_CHANGED[  424.965914] request_suspend_state: wakeup (3->0) at 424951199802 (2017-05-24 17:58:53.583261298 UTC)
05-24 13:58:53.550 D/RILJ    ( 2623): [3790]> GET_CURRENT_CALLS
05-24 13:58:53.560 I/RIL     ( 2906): ------ VendorRIL onRequest: GET_CURRENT_CALLS ------[  425.090381] asoc_i2c: asoc_fifo_irq(): [i2c1] no ACK, fifostat 0x30013
05-24 13:58:53.560 D/AT      ( 2906): AT> AT+CLCCget chip addr:0x5d
05-24 13:58:53.570 D/AT      ( 2906): AT< +CLCC: 1,1,4,0,0
05-24 13:58:53.570 D/AT      ( 2906): AT< OK
05-24 13:58:53.570 V/RILJ    ( 2623): Incoming UUS : NOT present!
05-24 13:58:53.570 D/RILJ    ( 2623): InCall VoicePrivacy is disabled
05-24 13:58:53.570 D/RILJ    ( 2623): [3790]< GET_CURRENT_CALLS  [id=1,INCOMING,toa=0,norm,mt,0,voc,noevp,,cli=1,,0] [  425.313692] D.
05-24 13:58:53.570 D/GsmConnection( 2623): [GSMConn] --dssds----null===
05-24 13:58:53.570 D/GsmConnection( 2623): [GSMConn] update: parent=INCOMING, hasNewParent=false, wasConnectingInOrOut=true, wasHolding=false, isConnectingInOrOut=true, changed=false
05-24 13:58:53.820 D/RILJ    ( 2623): [3791]> SCREEN_STATE: true
05-24 13:58:53.820 I/RIL     ( 2906): ------ VendorRIL onRequest: SCREEN_STATE ------
05-24 13:58:53.820 I/RIL     ( 2906): [ScreenState]: OFF
05-24 13:58:53.830 D/RilRequest( 2623): [3791]< SCREEN_STATE error: com.android.internal.telephony.CommandException: MODE_NOT_SUPPORTED ret=[  425.399078] Switch LDO1: Failed to create debugfs directory
05-24 13:58:53.830 D/DCT     ( 2623): onReceive: action=android.intent.action.SCREEN_ON[  425.452153] [DEBUG_ADAPTIVE]SCREEN_SIMPLE_ADAPTIVE:RefLow = 1, RefLowGain = 3
05-24 13:58:53.830 D/DCT     ( 2623): stopNetStatPoll
05-24 13:58:53.830 D/DCT     ( 2623): overall state is IDLE
05-24 13:58:54.100 D/RILJ    ( 2623): [UNSL]< UNSOL_RESPONSE_CALL_STATE_CHANGED
05-24 13:58:54.110 D/RILJ    ( 2623): [3792]> GET_CURRENT_CALLS[  425.507348] open rgb_lcd
05-24 13:58:54.110 I/RIL     ( 2906): ------ VendorRIL onRequest: GET_CURRENT_CALLS ------
05-24 13:58:54.110 D/AT      ( 2906): AT> AT+CLCC
05-24 13:58:54.120 D/AT      ( 2906): AT< +CLCC: 1,1,4,0,0
05-24 13:58:54.120 D/AT      ( 2906): AT< OK
05-24 13:58:54.120 V/RILJ    ( 2623): Incoming UUS : NOT present!
05-24 13:58:54.120 D/RILJ    ( 2623): InCall VoicePrivacy is disabled
05-24 13:58:54.120 D/RILJ    ( 2623): [3792]< GET_CURRENT_CALLS  [id=1,INCOMING,toa=0,norm,mt,0,voc,noevp,,cli=1,,0] 
05-24 13:58:54.120 D/GsmConnection( 2623): [GSMConn] --dssds----null
05-24 13:58:54.120 D/GsmConnection( 2623): [GSMConn] update: parent=INCOMING, hasNewParent=false, wasConnectingInOrOut=true, wasHolding=false, isConnectingInOrOut=true, changed=false
05-24 13:58:54.620 D/RILJ    ( 2623): [UNSL]< UNSOL_RESPONSE_CALL_STATE_CHANGED
05-24 13:58:54.620 D/RILJ    ( 2623): [3793]> GET_CURRENT_CALLS
05-24 13:58:54.640 I/RIL     ( 2906): ------ VendorRIL onRequest: GET_CURRENT_CALLS ------
05-24 13:58:54.640 D/AT      ( 2906): AT> AT+CLCC
05-24 13:58:54.650 D/AT      ( 2906): AT< +CLCC: 1,1,4,0,0
05-24 13:58:54.650 D/AT      ( 2906): AT< OK
05-24 13:58:54.660 V/RILJ    ( 2623): Incoming UUS : NOT present!
05-24 13:58:54.660 D/RILJ    ( 2623): InCall VoicePrivacy is disabled
05-24 13:58:54.660 D/RILJ    ( 2623): [3793]< GET_CURRENT_CALLS  [id=1,INCOMING,toa=0,norm,mt,0,voc,noevp,,cli=1,,0] 
05-24 13:58:54.660 D/GsmConnection( 2623): [GSMConn] --dssds----null
05-24 13:58:54.660 D/GsmConnection( 2623): [GSMConn] update: parent=INCOMING, hasNewParent=false, wasConnectingInOrOut=true, wasHolding=false, isConnectingInOrOut=true, changed=false
05-24 13:58:55.160 D/RILJ    ( 2623): [UNSL]< UNSOL_RESPONSE_CALL_STATE_CHANGED
05-24 13:58:55.160 D/RILJ    ( 2623): [3794]> GET_CURRENT_CALLS
05-24 13:58:55.170 I/RIL     ( 2906): ------ VendorRIL onRequest: GET_CURRENT_CALLS ------
05-24 13:58:55.170 D/AT      ( 2906): AT> AT+CLCC
05-24 13:58:55.170 D/AT      ( 2906): AT< +CLCC: 1,1,4,0,0
05-24 13:58:55.170 D/AT      ( 2906): AT< OK
05-24 13:58:55.170 V/RILJ    ( 2623): Incoming UUS : NOT present!
05-24 13:58:55.170 D/RILJ    ( 2623): InCall VoicePrivacy is disabled
05-24 13:58:55.170 D/RILJ    ( 2623): [3794]< GET_CURRENT_CALLS  [id=1,INCOMING,toa=0,norm,mt,0,voc,noevp,,cli=1,,0] 
05-24 13:58:55.170 D/GsmConnection( 2623): [GSMConn] --dssds----null
05-24 13:58:55.170 D/GsmConnection( 2623): [GSMConn] update: parent=INCOMING, hasNewParent=false, wasConnectingInOrOut=true, wasHolding=false, isConnectingInOrOut=true, changed=false
05-24 13:58:55.510 D/AT      ( 2906): AT< +CRING: VOICE
05-24 13:58:55.510 D/RILJ    ( 2623): [UNSL]< UNSOL_RESPONSE_CALL_STATE_CHANGED
05-24 13:58:55.510 D/RILJ    ( 2623): [3795]> GET_CURRENT_CALLS
05-24 13:58:55.520 I/RIL     ( 2906): ------ VendorRIL onRequest: GET_CURRENT_CALLS ------
05-24 13:58:55.520 D/AT      ( 2906): AT> AT+CLCC
05-24 13:58:55.520 D/AT      ( 2906): AT< +CLIP: "",128,,,""
05-24 13:58:55.520 D/AT      ( 2906): AT< +CLCC: 1,1,4,0,0
05-24 13:58:55.520 D/AT      ( 2906): AT< OK
05-24 13:58:55.520 V/RILJ    ( 2623): Incoming UUS : NOT present!
05-24 13:58:55.520 D/RILJ    ( 2623): InCall VoicePrivacy is disabled
05-24 13:58:55.520 D/RILJ    ( 2623): [3795]< GET_CURRENT_CALLS  [id=1,INCOMING,toa=0,norm,mt,0,voc,noevp,,cli=1,,0] 
05-24 13:58:55.530 D/GsmConnection( 2623): [GSMConn] --dssds----null
05-24 13:58:55.530 D/GsmConnection( 2623): [GSMConn] update: parent=INCOMING, hasNewParent=false, wasConnectingInOrOut=true, wasHolding=false, isConnectingInOrOut=true, changed=false
05-24 13:58:55.670 D/RILJ    ( 2623): [UNSL]< UNSOL_RESPONSE_CALL_STATE_CHANGED
05-24 13:58:55.670 D/RILJ    ( 2623): [3796]> GET_CURRENT_CALLS
05-24 13:58:55.700 I/RIL     ( 2906): ------ VendorRIL onRequest: GET_CURRENT_CALLS ------
05-24 13:58:55.700 D/AT      ( 2906): AT> AT+CLCC
05-24 13:58:55.720 D/AT      ( 2906): AT< +CLCC: 1,1,4,0,0
05-24 13:58:55.720 D/AT      ( 2906): AT< OK
05-24 13:58:55.730 V/RILJ    ( 2623): Incoming UUS : NOT present!
05-24 13:58:55.730 D/RILJ    ( 2623): InCall VoicePrivacy is disabled
05-24 13:58:55.750 D/RILJ    ( 2623): [3796]< GET_CURRENT_CALLS  [id=1,INCOMING,toa=0,norm,mt,0,voc,noevp,,cli=1,,0] 
05-24 13:58:55.750 D/GsmConnection( 2623): [GSMConn] --dssds----null
05-24 13:58:55.750 D/GsmConnection( 2623): [GSMConn] update: parent=INCOMING, hasNewParent=false, wasConnectingInOrOut=true, wasHolding=false, isConnectingInOrOut=true, changed=false
05-24 13:58:56.020 D/RILJ    ( 2623): [UNSL]< UNSOL_RESPONSE_CALL_STATE_CHANGED
05-24 13:58:56.020 D/RILJ    ( 2623): [3797]> GET_CURRENT_CALLS
05-24 13:58:56.030 I/RIL     ( 2906): ------ VendorRIL onRequest: GET_CURRENT_CALLS ------
05-24 13:58:56.030 D/AT      ( 2906): AT> AT+CLCC
05-24 13:58:56.080 D/AT      ( 2906): AT< +CLCC: 1,1,4,0,0
05-24 13:58:56.080 D/AT      ( 2906): AT< OK
05-24 13:58:56.080 V/RILJ    ( 2623): Incoming UUS : NOT present!
05-24 13:58:56.080 D/RILJ    ( 2623): InCall VoicePrivacy is disabled
05-24 13:58:56.080 D/RILJ    ( 2623): [3797]< GET_CURRENT_CALLS  [id=1,INCOMING,toa=0,norm,mt,0,voc,noevp,,cli=1,,0] 
05-24 13:58:56.080 D/GsmConnection( 2623): [GSMConn] --dssds----null
05-24 13:58:56.080 D/GsmConnection( 2623): [GSMConn] update: parent=INCOMING, hasNewParent=false, wasConnectingInOrOut=true, wasHolding=false, isConnectingInOrOut=true, changed=false
05-24 13:58:56.220 D/RILJ    ( 2623): [UNSL]< UNSOL_RESPONSE_CALL_STATE_CHANGED
05-24 13:58:56.220 D/RILJ    ( 2623): [3798]> GET_CURRENT_CALLS
05-24 13:58:56.220 I/RIL     ( 2906): ------ VendorRIL onRequest: GET_CURRENT_CALLS ------
05-24 13:58:56.220 D/AT      ( 2906): AT> AT+CLCC
05-24 13:58:56.260 D/AT      ( 2906): AT< +CLCC: 1,1,4,0,0
05-24 13:58:56.260 D/AT      ( 2906): AT< OK
05-24 13:58:56.260 V/RILJ    ( 2623): Incoming UUS : NOT present!
05-24 13:58:56.260 D/RILJ    ( 2623): InCall VoicePrivacy is disabled
05-24 13:58:56.260 D/RILJ    ( 2623): [3798]< GET_CURRENT_CALLS  [id=1,INCOMING,toa=0,norm,mt,0,voc,noevp,,cli=1,,0] 
05-24 13:58:56.260 D/GsmConnection( 2623): [GSMConn] --dssds----null
05-24 13:58:56.260 D/GsmConnection( 2623): [GSMConn] update: parent=INCOMING, hasNewParent=false, wasConnectingInOrOut=true, wasHolding=false, isConnectingInOrOut=true, changed=false
05-24 13:58:56.580 D/RILJ    ( 2623): [UNSL]< UNSOL_RESPONSE_CALL_STATE_CHANGED
05-24 13:58:56.580 D/RILJ    ( 2623): [3799]> GET_CURRENT_CALLS
05-24 13:58:56.590 I/RIL     ( 2906): ------ VendorRIL onRequest: GET_CURRENT_CALLS ------
05-24 13:58:56.590 D/AT      ( 2906): AT> AT+CLCC
05-24 13:58:56.620 D/AT      ( 2906): AT< +CLCC: 1,1,4,0,0
05-24 13:58:56.620 D/AT      ( 2906): AT< OK
05-24 13:58:56.620 V/RILJ    ( 2623): Incoming UUS : NOT present!
05-24 13:58:56.620 D/RILJ    ( 2623): InCall VoicePrivacy is disabled
05-24 13:58:56.620 D/RILJ    ( 2623): [3799]< GET_CURRENT_CALLS  [id=1,INCOMING,toa=0,norm,mt,0,voc,noevp,,cli=1,,0] 
05-24 13:58:56.620 D/GsmConnection( 2623): [GSMConn] --dssds----null
05-24 13:58:56.620 D/GsmConnection( 2623): [GSMConn] update: parent=INCOMING, hasNewParent=false, wasConnectingInOrOut=true, wasHolding=false, isConnectingInOrOut=true, changed=false
05-24 13:58:56.760 D/RILJ    ( 2623): [UNSL]< UNSOL_RESPONSE_CALL_STATE_CHANGED
05-24 13:58:56.760 D/RILJ    ( 2623): [3800]> GET_CURRENT_CALLS
05-24 13:58:56.760 I/RIL     ( 2906): ------ VendorRIL onRequest: GET_CURRENT_CALLS ------
05-24 13:58:56.760 D/AT      ( 2906): AT> AT+CLCC
05-24 13:58:56.800 D/AT      ( 2906): AT< +CLCC: 1,1,4,0,0
05-24 13:58:56.800 D/AT      ( 2906): AT< OK
05-24 13:58:56.800 V/RILJ    ( 2623): Incoming UUS : NOT present!
05-24 13:58:56.800 D/RILJ    ( 2623): InCall VoicePrivacy is disabled
05-24 13:58:56.800 D/RILJ    ( 2623): [3800]< GET_CURRENT_CALLS  [id=1,INCOMING,toa=0,norm,mt,0,voc,noevp,,cli=1,,0] 
05-24 13:58:56.800 D/GsmConnection( 2623): [GSMConn] --dssds----null
05-24 13:58:56.800 D/GsmConnection( 2623): [GSMConn] update: parent=INCOMING, hasNewParent=false, wasConnectingInOrOut=true, wasHolding=false, isConnectingInOrOut=true, changed=false
05-24 13:58:57.120 D/RILJ    ( 2623): [UNSL]< UNSOL_RESPONSE_CALL_STATE_CHANGED
05-24 13:58:57.120 D/RILJ    ( 2623): [3801]> GET_CURRENT_CALLS
05-24 13:58:57.140 I/RIL     ( 2906): ------ VendorRIL onRequest: GET_CURRENT_CALLS ------
05-24 13:58:57.140 D/AT      ( 2906): AT> AT+CLCC
05-24 13:58:57.160 D/AT      ( 2906): AT< +CLCC: 1,1,4,0,0
05-24 13:58:57.160 D/AT      ( 2906): AT< OK
05-24 13:58:57.160 V/RILJ    ( 2623): Incoming UUS : NOT present!
05-24 13:58:57.160 D/RILJ    ( 2623): InCall VoicePrivacy is disabled
05-24 13:58:57.160 D/RILJ    ( 2623): [3801]< GET_CURRENT_CALLS  [id=1,INCOMING,toa=0,norm,mt,0,voc,noevp,,cli=1,,0] 
05-24 13:58:57.160 D/GsmConnection( 2623): [GSMConn] --dssds----null
05-24 13:58:57.160 D/GsmConnection( 2623): [GSMConn] update: parent=INCOMING, hasNewParent=false, wasConnectingInOrOut=true, wasHolding=false, isConnectingInOrOut=true, changed=false
05-24 13:58:57.300 D/RILJ    ( 2623): [UNSL]< UNSOL_RESPONSE_CALL_STATE_CHANGED
05-24 13:58:57.300 D/RILJ    ( 2623): [3802]> GET_CURRENT_CALLS
05-24 13:58:57.300 I/RIL     ( 2906): ------ VendorRIL onRequest: GET_CURRENT_CALLS ------
05-24 13:58:57.300 D/AT      ( 2906): AT> AT+CLCC
05-24 13:58:57.320 D/AT      ( 2906): AT< +CLCC: 1,1,4,0,0
05-24 13:58:57.320 D/AT      ( 2906): AT< OK
05-24 13:58:57.320 V/RILJ    ( 2623): Incoming UUS : NOT present!
05-24 13:58:57.320 D/RILJ    ( 2623): InCall VoicePrivacy is disabled
05-24 13:58:57.320 D/RILJ    ( 2623): [3802]< GET_CURRENT_CALLS  [id=1,INCOMING,toa=0,norm,mt,0,voc,noevp,,cli=1,,0] 
05-24 13:58:57.330 D/GsmConnection( 2623): [GSMConn] --dssds----null
05-24 13:58:57.330 D/GsmConnection( 2623): [GSMConn] update: parent=INCOMING, hasNewParent=false, wasConnectingInOrOut=true, wasHolding=false, isConnectingInOrOut=true, changed=false
05-24 13:58:57.660 D/RILJ    ( 2623): [UNSL]< UNSOL_RESPONSE_CALL_STATE_CHANGED
05-24 13:58:57.660 D/RILJ    ( 2623): [3803]> GET_CURRENT_CALLS
05-24 13:58:57.670 I/RIL     ( 2906): ------ VendorRIL onRequest: GET_CURRENT_CALLS ------
05-24 13:58:57.670 D/AT      ( 2906): AT> AT+CLCC
05-24 13:58:57.690 D/AT      ( 2906): AT< +CLCC: 1,1,4,0,0
05-24 13:58:57.690 D/AT      ( 2906): AT< OK
05-24 13:58:57.700 V/RILJ    ( 2623): Incoming UUS : NOT present!
05-24 13:58:57.700 D/RILJ    ( 2623): InCall VoicePrivacy is disabled
05-24 13:58:57.700 D/RILJ    ( 2623): [3803]< GET_CURRENT_CALLS  [id=1,INCOMING,toa=0,norm,mt,0,voc,noevp,,cli=1,,0] 
05-24 13:58:57.740 D/GsmConnection( 2623): [GSMConn] --dssds----null
05-24 13:58:57.740 D/GsmConnection( 2623): [GSMConn] update: parent=INCOMING, hasNewParent=false, wasConnectingInOrOut=true, wasHolding=false, isConnectingInOrOut=true, changed=false
05-24 13:58:57.830 D/RILJ    ( 2623): [UNSL]< UNSOL_RESPONSE_CALL_STATE_CHANGED
05-24 13:58:57.830 D/RILJ    ( 2623): [3804]> GET_CURRENT_CALLS
05-24 13:58:57.840 I/RIL     ( 2906): ------ VendorRIL onRequest: GET_CURRENT_CALLS ------
05-24 13:58:57.840 D/AT      ( 2906): AT> AT+CLCC
05-24 13:58:57.860 D/AT      ( 2906): AT< +CLCC: 1,1,4,0,0
05-24 13:58:57.860 D/AT      ( 2906): AT< OK
05-24 13:58:57.870 V/RILJ    ( 2623): Incoming UUS : NOT present!
05-24 13:58:57.870 D/RILJ    ( 2623): InCall VoicePrivacy is disabled
05-24 13:58:57.870 D/RILJ    ( 2623): [3804]< GET_CURRENT_CALLS  [id=1,INCOMING,toa=0,norm,mt,0,voc,noevp,,cli=1,,0] 
05-24 13:58:57.870 D/GsmConnection( 2623): [GSMConn] --dssds----null
05-24 13:58:57.870 D/GsmConnection( 2623): [GSMConn] update: parent=INCOMING, hasNewParent=false, wasConnectingInOrOut=true, wasHolding=false, isConnectingInOrOut=true, changed=false
05-24 13:58:58.200 D/RILJ    ( 2623): [UNSL]< UNSOL_RESPONSE_CALL_STATE_CHANGED
05-24 13:58:58.200 D/RILJ    ( 2623): [3805]> GET_CURRENT_CALLS
05-24 13:58:58.210 I/RIL     ( 2906): ------ VendorRIL onRequest: GET_CURRENT_CALLS ------
05-24 13:58:58.210 D/AT      ( 2906): AT> AT+CLCC
05-24 13:58:58.220 D/AT      ( 2906): AT< +CLCC: 1,1,4,0,0
05-24 13:58:58.220 D/AT      ( 2906): AT< OK
05-24 13:58:58.220 V/RILJ    ( 2623): Incoming UUS : NOT present!
05-24 13:58:58.220 D/RILJ    ( 2623): InCall VoicePrivacy is disabled
05-24 13:58:58.220 D/RILJ    ( 2623): [3805]< GET_CURRENT_CALLS  [id=1,INCOMING,toa=0,norm,mt,0,voc,noevp,,cli=1,,0] 
05-24 13:58:58.220 D/GsmConnection( 2623): [GSMConn] --dssds----null
05-24 13:58:58.220 D/GsmConnection( 2623): [GSMConn] update: parent=INCOMING, hasNewParent=false, wasConnectingInOrOut=true, wasHolding=false, isConnectingInOrOut=true, changed=false
05-24 13:58:58.360 D/RILJ    ( 2623): [UNSL]< UNSOL_RESPONSE_CALL_STATE_CHANGED
05-24 13:58:58.370 D/RILJ    ( 2623): [3806]> GET_CURRENT_CALLS
05-24 13:58:58.380 I/RIL     ( 2906): ------ VendorRIL onRequest: GET_CURRENT_CALLS ------
05-24 13:58:58.380 D/AT      ( 2906): AT> AT+CLCC
05-24 13:58:58.390 D/AT      ( 2906): AT< +CLCC: 1,1,4,0,0
05-24 13:58:58.390 D/AT      ( 2906): AT< OK
05-24 13:58:58.390 V/RILJ    ( 2623): Incoming UUS : NOT present!
05-24 13:58:58.390 D/RILJ    ( 2623): InCall VoicePrivacy is disabled
05-24 13:58:58.390 D/RILJ    ( 2623): [3806]< GET_CURRENT_CALLS  [id=1,INCOMING,toa=0,norm,mt,0,voc,noevp,,cli=1,,0] 
05-24 13:58:58.390 D/GsmConnection( 2623): [GSMConn] --dssds----null
05-24 13:58:58.390 D/GsmConnection( 2623): [GSMConn] update: parent=INCOMING, hasNewParent=false, wasConnectingInOrOut=true, wasHolding=false, isConnectingInOrOut=true, changed=false
05-24 13:58:58.510 D/AT      ( 2906): AT< +CRING: VOICE
05-24 13:58:58.510 D/RILJ    ( 2623): [UNSL]< UNSOL_RESPONSE_CALL_STATE_CHANGED
05-24 13:58:58.510 D/RILJ    ( 2623): [3807]> GET_CURRENT_CALLS
05-24 13:58:58.510 D/AT      ( 2906): AT< +CLIP: "",128,,,""
05-24 13:58:58.520 I/RIL     ( 2906): ------ VendorRIL onRequest: GET_CURRENT_CALLS ------
05-24 13:58:58.520 D/AT      ( 2906): AT> AT+CLCC
05-24 13:58:58.530 D/AT      ( 2906): AT< +CLCC: 1,1,4,0,0
05-24 13:58:58.530 D/AT      ( 2906): AT< OK
05-24 13:58:58.530 V/RILJ    ( 2623): Incoming UUS : NOT present!
05-24 13:58:58.540 D/RILJ    ( 2623): InCall VoicePrivacy is disabled
05-24 13:58:58.540 D/RILJ    ( 2623): [3807]< GET_CURRENT_CALLS  [id=1,INCOMING,toa=0,norm,mt,0,voc,noevp,,cli=1,,0] 
05-24 13:58:58.540 D/GsmConnection( 2623): [GSMConn] --dssds----null
05-24 13:58:58.540 D/GsmConnection( 2623): [GSMConn] update: parent=INCOMING, hasNewParent=false, wasConnectingInOrOut=true, wasHolding=false, isConnectingInOrOut=true, changed=false
05-24 13:58:58.720 D/RILJ    ( 2623): [UNSL]< UNSOL_RESPONSE_CALL_STATE_CHANGED
05-24 13:58:58.720 D/RILJ    ( 2623): [3808]> GET_CURRENT_CALLS
05-24 13:58:58.720 I/RIL     ( 2906): ------ VendorRIL onRequest: GET_CURRENT_CALLS ------
05-24 13:58:58.720 D/AT      ( 2906): AT> AT+CLCC
05-24 13:58:58.730 D/AT      ( 2906): AT< +CLCC: 1,1,4,0,0
05-24 13:58:58.730 D/AT      ( 2906): AT< OK
05-24 13:58:58.730 V/RILJ    ( 2623): Incoming UUS : NOT present!
05-24 13:58:58.730 D/RILJ    ( 2623): InCall VoicePrivacy is disabled
05-24 13:58:58.730 D/RILJ    ( 2623): [3808]< GET_CURRENT_CALLS  [id=1,INCOMING,toa=0,norm,mt,0,voc,noevp,,cli=1,,0] 
05-24 13:58:58.730 D/GsmConnection( 2623): [GSMConn] --dssds----null
05-24 13:58:58.730 D/GsmConnection( 2623): [GSMConn] update: parent=INCOMING, hasNewParent=false, wasConnectingInOrOut=true, wasHolding=false, isConnectingInOrOut=true, changed=false
05-24 13:58:58.890 D/RILJ    ( 2623): [UNSL]< UNSOL_RESPONSE_CALL_STATE_CHANGED
05-24 13:58:58.890 D/RILJ    ( 2623): [3809]> GET_CURRENT_CALLS
05-24 13:58:58.900 I/RIL     ( 2906): ------ VendorRIL onRequest: GET_CURRENT_CALLS ------
05-24 13:58:58.900 D/AT      ( 2906): AT> AT+CLCC
05-24 13:58:58.910 D/AT      ( 2906): AT< +CLCC: 1,1,4,0,0
05-24 13:58:58.910 D/AT      ( 2906): AT< OK
05-24 13:58:58.910 V/RILJ    ( 2623): Incoming UUS : NOT present!
05-24 13:58:58.910 D/RILJ    ( 2623): InCall VoicePrivacy is disabled
05-24 13:58:58.910 D/RILJ    ( 2623): [3809]< GET_CURRENT_CALLS  [id=1,INCOMING,toa=0,norm,mt,0,voc,noevp,,cli=1,,0] 
05-24 13:58:58.910 D/GsmConnection( 2623): [GSMConn] --dssds----null
05-24 13:58:58.910 D/GsmConnection( 2623): [GSMConn] update: parent=INCOMING, hasNewParent=false, wasConnectingInOrOut=true, wasHolding=false, isConnectingInOrOut=true, changed=false
05-24 13:58:59.030 D/RILJ    ( 2623): [UNSL]< UNSOL_RESPONSE_CALL_STATE_CHANGED
05-24 13:58:59.040 D/RILJ    ( 2623): [3810]> GET_CURRENT_CALLS
05-24 13:58:59.040 I/RIL     ( 2906): ------ VendorRIL onRequest: GET_CURRENT_CALLS ------
05-24 13:58:59.040 D/AT      ( 2906): AT> AT+CLCC
05-24 13:58:59.040 D/AT      ( 2906): AT< +CLCC: 1,1,4,0,0
05-24 13:58:59.040 D/AT      ( 2906): AT< OK
05-24 13:58:59.050 V/RILJ    ( 2623): Incoming UUS : NOT present!
05-24 13:58:59.050 D/RILJ    ( 2623): InCall VoicePrivacy is disabled
05-24 13:58:59.050 D/RILJ    ( 2623): [3810]< GET_CURRENT_CALLS  [id=1,INCOMING,toa=0,norm,mt,0,voc,noevp,,cli=1,,0] 
05-24 13:58:59.050 D/GsmConnection( 2623): [GSMConn] --dssds----null
05-24 13:58:59.050 D/GsmConnection( 2623): [GSMConn] update: parent=INCOMING, hasNewParent=false, wasConnectingInOrOut=true, wasHolding=false, isConnectingInOrOut=true, changed=false
05-24 13:58:59.230 D/RILJ    ( 2623): [UNSL]< UNSOL_RESPONSE_CALL_STATE_CHANGED
05-24 13:58:59.230 D/RILJ    ( 2623): [3811]> GET_CURRENT_CALLS
05-24 13:58:59.250 I/RIL     ( 2906): ------ VendorRIL onRequest: GET_CURRENT_CALLS ------
05-24 13:58:59.250 D/AT      ( 2906): AT> AT+CLCC
05-24 13:58:59.260 D/AT      ( 2906): AT< +CLCC: 1,1,4,0,0
05-24 13:58:59.260 D/AT      ( 2906): AT< OK
05-24 13:58:59.270 V/RILJ    ( 2623): Incoming UUS : NOT present!
05-24 13:58:59.270 D/RILJ    ( 2623): InCall VoicePrivacy is disabled
05-24 13:58:59.270 D/RILJ    ( 2623): [3811]< GET_CURRENT_CALLS  [id=1,INCOMING,toa=0,norm,mt,0,voc,noevp,,cli=1,,0] 
05-24 13:58:59.270 D/GsmConnection( 2623): [GSMConn] --dssds----null
05-24 13:58:59.270 D/GsmConnection( 2623): [GSMConn] update: parent=INCOMING, hasNewParent=false, wasConnectingInOrOut=true, wasHolding=false, isConnectingInOrOut=true, changed=false
05-24 13:58:59.410 D/RILJ    ( 2623): [UNSL]< UNSOL_RESPONSE_CALL_STATE_CHANGED
05-24 13:58:59.410 D/RILJ    ( 2623): [3812]> GET_CURRENT_CALLS
05-24 13:58:59.430 I/RIL     ( 2906): ------ VendorRIL onRequest: GET_CURRENT_CALLS ------
05-24 13:58:59.430 D/AT      ( 2906): AT> AT+CLCC
05-24 13:58:59.440 D/AT      ( 2906): AT< +CLCC: 1,1,4,0,0
05-24 13:58:59.440 D/AT      ( 2906): AT< OK
05-24 13:58:59.440 V/RILJ    ( 2623): Incoming UUS : NOT present!
05-24 13:58:59.440 D/RILJ    ( 2623): InCall VoicePrivacy is disabled
05-24 13:58:59.440 D/RILJ    ( 2623): [3812]< GET_CURRENT_CALLS  [id=1,INCOMING,toa=0,norm,mt,0,voc,noevp,,cli=1,,0] 
05-24 13:58:59.440 D/GsmConnection( 2623): [GSMConn] --dssds----null
05-24 13:58:59.440 D/GsmConnection( 2623): [GSMConn] update: parent=INCOMING, hasNewParent=false, wasConnectingInOrOut=true, wasHolding=false, isConnectingInOrOut=true, changed=false
05-24 13:58:59.550 D/RILJ    ( 2623): [UNSL]< UNSOL_RESPONSE_CALL_STATE_CHANGED
05-24 13:58:59.550 D/RILJ    ( 2623): [3813]> GET_CURRENT_CALLS
05-24 13:58:59.550 I/RIL     ( 2906): ------ VendorRIL onRequest: GET_CURRENT_CALLS ------
05-24 13:58:59.550 D/AT      ( 2906): AT> AT+CLCC
05-24 13:58:59.560 D/AT      ( 2906): AT< +CLCC: 1,1,4,0,0
05-24 13:58:59.560 D/AT      ( 2906): AT< OK
05-24 13:58:59.560 V/RILJ    ( 2623): Incoming UUS : NOT present!
05-24 13:58:59.560 D/RILJ    ( 2623): InCall VoicePrivacy is disabled
05-24 13:58:59.560 D/RILJ    ( 2623): [3813]< GET_CURRENT_CALLS  [id=1,INCOMING,toa=0,norm,mt,0,voc,noevp,,cli=1,,0] 
05-24 13:58:59.560 D/GsmConnection( 2623): [GSMConn] --dssds----null
05-24 13:58:59.560 D/GsmConnection( 2623): [GSMConn] update: parent=INCOMING, hasNewParent=false, wasConnectingInOrOut=true, wasHolding=false, isConnectingInOrOut=true, changed=false
05-24 13:58:59.760 D/RILJ    ( 2623): [UNSL]< UNSOL_RESPONSE_CALL_STATE_CHANGED
05-24 13:58:59.760 D/RILJ    ( 2623): [3814]> GET_CURRENT_CALLS
05-24 13:58:59.780 I/RIL     ( 2906): ------ VendorRIL onRequest: GET_CURRENT_CALLS ------
05-24 13:58:59.780 D/AT      ( 2906): AT> AT+CLCC
05-24 13:58:59.790 D/AT      ( 2906): AT< +CLCC: 1,1,4,0,0
05-24 13:58:59.790 D/AT      ( 2906): AT< OK
05-24 13:58:59.790 V/RILJ    ( 2623): Incoming UUS : NOT present!
05-24 13:58:59.790 D/RILJ    ( 2623): InCall VoicePrivacy is disabled
05-24 13:58:59.790 D/RILJ    ( 2623): [3814]< GET_CURRENT_CALLS  [id=1,INCOMING,toa=0,norm,mt,0,voc,noevp,,cli=1,,0] 
05-24 13:58:59.800 D/GsmConnection( 2623): [GSMConn] --dssds----null
05-24 13:58:59.800 D/GsmConnection( 2623): [GSMConn] update: parent=INCOMING, hasNewParent=false, wasConnectingInOrOut=true, wasHolding=false, isConnectingInOrOut=true, changed=false
05-24 13:58:59.910 I/phone   ( 2623): acceptCall: incoming...
05-24 13:58:59.910 D/RILJ    ( 2623): [3815]> SET_MUTE false
05-24 13:58:59.920 D/RILJ    ( 2623): [3816]> ANSWER
05-24 13:58:59.920 I/RIL     ( 2906): ------ VendorRIL onRequest: SET_MUTE ------
05-24 13:58:59.920 D/RIL     ( 2906): Request not supported. Tech: 1
05-24 13:58:59.920 D/RilRequest( 2623): [3815]< SET_MUTE error: com.android.internal.telephony.CommandException: REQUEST_NOT_SUPPORTED ret=
05-24 13:58:59.930 D/RILJ    ( 2623): [3817]> SET_MUTE false
05-24 13:58:59.940 D/RILJ    ( 2623): [UNSL]< UNSOL_RESPONSE_CALL_STATE_CHANGED
05-24 13:58:59.940 I/RIL     ( 2906): ------ VendorRIL onRequest: ANSWER ------
05-24 13:58:59.940 D/AT      ( 2906): AT> ATA
05-24 13:59:00.380 D/AT      ( 2906): AT< OK
05-24 13:59:00.380 I/RIL     ( 2906): ------ VendorRIL onRequest: SET_MUTE ------
05-24 13:59:00.380 D/RIL     ( 2906): Request not supported. Tech: 1
05-24 13:59:00.380 D/RILJ    ( 2623): [3816]< ANSWER 
05-24 13:59:00.380 D/RilRequest( 2623): [3817]< SET_MUTE error: com.android.internal.telephony.CommandException: REQUEST_NOT_SUPPORTED ret=
05-24 13:59:00.380 D/RILJ    ( 2623): [UNSL]< UNSOL_RESPONSE_CALL_STATE_CHANGED
05-24 13:59:00.380 D/RILJ    ( 2623): [UNSL]< UNSOL_RESPONSE_CALL_STATE_CHANGED
05-24 13:59:00.380 D/RILJ    ( 2623): [3818]> GET_CURRENT_CALLS
05-24 13:59:00.380 D/RILJ    ( 2623): [3819]> GET_CURRENT_CALLS
05-24 13:59:00.380 D/RILJ    ( 2623): [3820]> GET_CURRENT_CALLS
05-24 13:59:00.390 I/RIL     ( 2906): ------ VendorRIL onRequest: GET_CURRENT_CALLS ------
05-24 13:59:00.390 D/AT      ( 2906): AT> AT+CLCC
05-24 13:59:00.470 D/AT      ( 2906): AT< +CLCC: 1,1,0,0,0
05-24 13:59:00.470 D/AT      ( 2906): AT< OK
05-24 13:59:00.470 I/RIL     ( 2906): ------ VendorRIL onRequest: GET_CURRENT_CALLS ------
05-24 13:59:00.470 D/AT      ( 2906): AT> AT+CLCC
05-24 13:59:00.470 V/RILJ    ( 2623): Incoming UUS : NOT present!
05-24 13:59:00.470 D/RILJ    ( 2623): InCall VoicePrivacy is disabled
05-24 13:59:00.470 D/RILJ    ( 2623): [3818]< GET_CURRENT_CALLS  [id=1,ACTIVE,toa=0,norm,mt,0,voc,noevp,,cli=1,,0] 
05-24 13:59:00.520 D/AT      ( 2906): AT< +CLCC: 1,1,0,0,0
05-24 13:59:00.520 D/AT      ( 2906): AT< OK
05-24 13:59:00.520 I/RIL     ( 2906): ------ VendorRIL onRequest: GET_CURRENT_CALLS ------
05-24 13:59:00.520 D/AT      ( 2906): AT> AT+CLCC
05-24 13:59:00.530 V/RILJ    ( 2623): Incoming UUS : NOT present!
05-24 13:59:00.540 D/RILJ    ( 2623): InCall VoicePrivacy is disabled
05-24 13:59:00.540 D/RILJ    ( 2623): [3819]< GET_CURRENT_CALLS  [id=1,ACTIVE,toa=0,norm,mt,0,voc,noevp,,cli=1,,0] 
05-24 13:59:00.540 D/AT      ( 2906): AT< +CLCC: 1,1,0,0,0
05-24 13:59:00.540 D/AT      ( 2906): AT< OK
05-24 13:59:00.540 V/RILJ    ( 2623): Incoming UUS : NOT present!
05-24 13:59:00.540 D/RILJ    ( 2623): InCall VoicePrivacy is disabled
05-24 13:59:00.550 D/RILJ    ( 2623): [3820]< GET_CURRENT_CALLS  [id=1,ACTIVE,toa=0,norm,mt,0,voc,noevp,,cli=1,,0] [  432.039864] mc32x0_delay_store

05-24 13:59:00.550 D/GsmConnection( 2623): [GSMConn] --dssds----null
05-24 13:59:00.550 D/GsmConnection( 2623): [GSMConn] update: parent=ACTIVE, hasNewParent=false, wasConnectingInOrOut=true, wasHolding=false, isConnectingInOrOut=false, changed=true
05-24 13:59:00.550 D/GsmConnection( 2623): [GSMConn] onConnectedInOrOut: connectTime=1495648740552
05-24 13:59:00.550 D/GsmConnection( 2623): [GSMConn] releaseWakeLock
05-24 13:59:00.570 D/RILJ    ( 2623): [3821]> SET_MUTE false
05-24 13:59:00.580 I/RIL     ( 2906): ------ VendorRIL onRequest: SET_MUTE ------
05-24 13:59:00.580 D/RIL     ( 2906): Request not supported. Tech: 1
05-24 13:59:00.590 D/RilRequest( 2623): [3821]< SET_MUTE error: com.android.internal.telephony.CommandException: REQUEST_NOT_SUPPORTED ret=
05-24 13:59:06.600 D/RILJ    ( 2623): [3822]> SIGNAL_STRENGTH
05-24 13:59:06.600 I/RIL     ( 2906): ------ VendorRIL onRequest: SIGNAL_STRENGTH ------
05-24 13:59:06.600 D/AT      ( 2906): AT> AT+CSQ
05-24 13:59:06.620 D/AT      ( 2906): AT< +CSQ: 20,99
05-24 13:59:06.620 D/AT      ( 2906): AT< OK
05-24 13:59:06.620 I/RIL     ( 2906): ------ VendorRIL SignalStrength: 20, 99 ------
05-24 13:59:06.620 E/RILC    ( 2906): invalid response length
05-24 13:59:06.620 D/RilRequest( 2623): [3822]< SIGNAL_STRENGTH error: com.android.internal.telephony.CommandException: INVALID_RESPONSE ret=
05-24 13:59:06.620 D/GsmSST  ( 2623): [GsmSST] onSignalStrengthResult() Exception from RIL : com.android.internal.telephony.CommandException: INVALID_RESPONSE
05-24 13:59:22.040 D/AT      ( 2906): AT< NO CARRIER
05-24 13:59:22.040 D/RILJ    ( 2623): [UNSL]< UNSOL_RESPONSE_CALL_STATE_CHANGED
05-24 13:59:22.040 D/RILJ    ( 2623): [3823]> GET_CURRENT_CALLS
05-24 13:59:22.060 I/RIL     ( 2906): ------ VendorRIL onRequest: GET_CURRENT_CALLS ------
05-24 13:59:22.060 D/AT      ( 2906): AT> AT+CLCC
05-24 13:59:22.080 D/AT      ( 2906): AT< OK
05-24 13:59:22.080 D/RILJ    ( 2623): [3823]< GET_CURRENT_CALLS  
05-24 13:59:22.080 D/RILJ    ( 2623): [3824]> LAST_CALL_FAIL_CAUSE
05-24 13:59:22.090 I/RIL     ( 2906): ------ VendorRIL onRequest: LAST_CALL_FAIL_CAUSE ------
05-24 13:59:22.090 D/RIL     ( 2906): Request not supported. Tech: 1
05-24 13:59:22.100 D/RilRequest( 2623): [3824]< LAST_CALL_FAIL_CAUSE error: com.android.internal.telephony.CommandException: REQUEST_NOT_SUPPORTED ret=
05-24 13:59:22.100 I/GsmCallTracker( 2623): Exception during getLastCallFailCause, assuming normal disconnect
05-24 13:59:22.100 D/GsmConnection( 2623): onDisconnect: cause=NORMAL
05-24 13:59:22.100 D/DCT     ( 2623): handleMessage msg={ when=-3ms what=270344 obj=android.os.AsyncResult@41fd1c58 target=com.android.internal.telephony.dataconnection.DcTracker }
05-24 13:59:22.100 D/DCT     ( 2623): onVoiceCallEnded
05-24 13:59:22.100 D/DCT     ( 2623): setupDataOnConnectableApns: 2GVoiceCallEnded
05-24 13:59:22.100 D/DCT     ( 2623): setupDataOnConnectableApns: apnContext {mApnType=hipri mState=IDLE mWaitingApns={null} mWaitingApnsPermanentFailureCountDown=0 mApnSetting={null} mReason=roamingOn mDataEnabled=false mDependencyMet=true}
05-24 13:59:22.100 D/DCT     ( 2623): setupDataOnConnectableApns: apnContext {mApnType=mms mState=IDLE mWaitingApns={null} mWaitingApnsPermanentFailureCountDown=0 mApnSetting={null} mReason=roamingOn mDataEnabled=false mDependencyMet=true}
05-24 13:59:22.100 D/DCT     ( 2623): setupDataOnConnectableApns: apnContext {mApnType=supl mState=IDLE mWaitingApns={null} mWaitingApnsPermanentFailureCountDown=0 mApnSetting={null} mReason=roamingOn mDataEnabled=false mDependencyMet=true}
05-24 13:59:22.100 D/DCT     ( 2623): setupDataOnConnectableApns: apnContext {mApnType=default mState=IDLE mWaitingApns={null} mWaitingApnsPermanentFailureCountDown=0 mApnSetting={null} mReason=2GVoiceCallEnded mDataEnabled=true mDependencyMet=true}
05-24 13:59:22.100 D/DCT     ( 2623): setupDataOnConnectableApns: isConnectable() call trySetupData
05-24 13:59:22.100 D/DCT     ( 2623): trySetupData for type:default due to 2GVoiceCallEnded apnContext={mApnType=default mState=IDLE mWaitingApns={null} mWaitingApnsPermanentFailureCountDown=0 mApnSetting={null} mReason=2GVoiceCallEnded mDataEnabled=true mDependencyMet=true}
05-24 13:59:22.100 D/DCT     ( 2623): trySetupData with mIsPsRestricted=false
05-24 13:59:22.100 D/DCT     ( 2623): isDataAllowed: not allowed due to - Roaming and data roaming not enabled
05-24 13:59:22.100 D/DCT     ( 2623): isDataAllowed: not allowed due to - Roaming and data roaming not enabled
05-24 13:59:22.100 D/DCT     ( 2623): [ApnContext:fota] getApnSetting: apnSetting=null
05-24 13:59:22.100 D/DCT     ( 2623): isDataAllowed: not allowed due to - Roaming and data roaming not enabled
05-24 13:59:22.100 D/DCT     ( 2623): [ApnContext:supl] getApnSetting: apnSetting=null
05-24 13:59:22.100 D/DCT     ( 2623): isDataAllowed: not allowed due to - Roaming and data roaming not enabled
05-24 13:59:22.100 D/DCT     ( 2623): [ApnContext:hipri] getApnSetting: apnSetting=null
05-24 13:59:22.100 D/DCT     ( 2623): isDataAllowed: not allowed due to - Roaming and data roaming not enabled
05-24 13:59:22.100 D/DCT     ( 2623): [ApnContext:ims] getApnSetting: apnSetting=null
05-24 13:59:22.110 D/DCT     ( 2623): isDataAllowed: not allowed due to - Roaming and data roaming not enabled
05-24 13:59:22.110 D/DCT     ( 2623): [ApnContext:mms] getApnSetting: apnSetting=null
05-24 13:59:22.120 D/DCT     ( 2623): isDataAllowed: not allowed due to - Roaming and data roaming not enabled
05-24 13:59:22.120 D/DCT     ( 2623): [ApnContext:cbs] getApnSetting: apnSetting=null
05-24 13:59:22.120 D/DCT     ( 2623): trySetupData: X apnContext not 'ready' retValue=false
05-24 13:59:22.130 D/DCT     ( 2623): setupDataOnConnectableApns: apnContext {mApnType=fota mState=IDLE mWaitingApns={null} mWaitingApnsPermanentFailureCountDown=0 mApnSetting={null} mReason=roamingOn mDataEnabled=false mDependencyMet=true}
05-24 13:59:22.130 D/DCT     ( 2623): setupDataOnConnectableApns: apnContext {mApnType=ims mState=IDLE mWaitingApns={null} mWaitingApnsPermanentFailureCountDown=0 mApnSetting={null} mReason=roamingOn mDataEnabled=false mDependencyMet=true}
05-24 13:59:22.130 D/DCT     ( 2623): setupDataOnConnectableApns: apnContext {mApnType=cbs mState=IDLE mWaitingApns={null} mWaitingApnsPermanentFailureCountDown=0 mApnSetting={null} mReason=roamingOn mDataEnabled=false mDependencyMet=true}
05-24 13:59:22.180 D/RILJ    ( 2623): [3825]> SET_MUTE false
05-24 13:59:22.180 I/RIL     ( 2906): ------ VendorRIL onRequest: SET_MUTE ------
05-24 13:59:22.180 D/RIL     ( 2906): Request not supported. Tech: 1
05-24 13:59:22.180 D/RilRequest( 2623): [3825]< SET_MUTE error: com.android.internal.telephony.CommandException: REQUEST_NOT_SUPPORTED ret=
05-24 13:59:22.190 D/RILJ    ( 2623): [3826]> SET_MUTE false
05-24 13:59:22.190 I/RIL     ( 2906): ------ VendorRIL onRequest: SET_MUTE ------
05-24 13:59:22.190 D/RIL     ( 2906): Request not supported. Tech: 1
05-24 13:59:22.190 D/RilRequest( 2623): [3826]< SET_MUTE error: com.android.internal.telephony.CommandException: REQUEST_NOT_SUPPORTED ret=
05-24 13:59:26.630 D/RILJ    ( 2623): [3827]> SIGNAL_STRENGTH
05-24 13:59:26.630 I/RIL     ( 2906): ------ VendorRIL onRequest: SIGNAL_STRENGTH ------
05-24 13:59:26.630 D/AT      ( 2906): AT> AT+CSQ
05-24 13:59:26.650 D/AT      ( 2906): AT< +CSQ: 21,99
05-24 13:59:26.650 D/AT      ( 2906): AT< OK
05-24 13:59:26.650 I/RIL     ( 2906): ------ VendorRIL SignalStrength: 21, 99 ------
05-24 13:59:26.650 E/RILC    ( 2906): invalid response length
05-24 13:59:26.650 D/RilRequest( 2623): [3827]< SIGNAL_STRENGTH error: com.android.internal.telephony.CommandException: INVALID_RESPONSE ret=
05-24 13:59:26.650 D/GsmSST  ( 2623): [GsmSST] onSignalStrengthResult() Exception from RIL : com.android.internal.telephony.CommandException: INVALID_RESPONSE

