04-14 11:00:56.090 I/RIL     (26612): ======== VendorRIL: AT Command initialize done, Radio_State=ON, sState=10 ========
04-14 11:00:58.050 D/GsmSST  ( 3342): [GsmSST] EVENT_SIM_RECORDS_LOADED: what=16
04-14 11:00:58.050 D/PhoneProxy( 3342): [PhoneProxy] updatePhoneObject: radioTechnology=0
04-14 11:00:58.050 D/GsmSST  ( 3342): [GsmSST] updateSpnDisplay: radio is on but out of service, set plmn='No service.'
04-14 11:00:58.050 D/DCT     ( 3342): handleMessage msg={ when=-3s106ms what=270338 obj=android.os.AsyncResult@4222af98 target=com.android.internal.telephony.dataconnection.DcTracker }
04-14 11:00:58.050 D/DCT     ( 3342): onRecordsLoaded: createAllApnList
04-14 11:00:58.050 D/SIMRecords( 3342): [SIMRecords] getOperatorNumeric: IMSI == null
04-14 11:00:58.050 D/SIMRecords( 3342): [SIMRecords] getOperatorNumeric: IMSI == null
04-14 11:00:58.050 D/DCT     ( 3342): createAllApnList, r:SimRecords: mDestroyed=false mContext=com.android.phone.PhoneGlobals@420957e8 mCi=com.android.internal.telephony.RIL@42099c20 mFh=Handler (com.android.internal.telephony.uicc.SIMFileHandler) {42282c60} mParentApp=com.android.internal.telephony.uicc.UiccCardApplication@42277d20 recordsLoadedRegistrants=android.os.RegistrantList@421ca478 mImsiReadyRegistrants=android.os.RegistrantList@4227e6b0 mRecordsEventsRegistrants=android.os.RegistrantList@421cdcb0 mNewSmsRegistrants=android.os.RegistrantList@421a8bc0 mNetworkSelectionModeAutomaticRegistrants=android.os.RegistrantList@42172ae0 recordsToLoad=0 adnCache=Handler (com.android.internal.telephony.uicc.AdnRecordCache) {422aa7e8} recordsRequested=true iccid=null msisdn=null msisdnTag=null voiceMailNum=null voiceMailTag=null newVoiceMailNum=null newVoiceMailTag=null isVoiceMailFixed=false countVoiceMessages=0 mImsi=null mncLength=0 mailboxIndex=0 spn=null mVmConfigcom.android.internal.telephony.uicc.VoiceMailConstants@422acb20 mSpnOverride=mSpnOverride callForwardingEnabled=false spnState=IDLE mCphsInfo=null mCspPlmnEnabled=true efMWIS=null efCPHS_MWI=null mEfCff=null mEfCfis=null getOperatorNumeric=null, operator:null
04-14 11:00:58.050 D/DCT     ( 3342): createAllApnList: No APN found for carrier: null
04-14 11:00:58.050 D/DCT     ( 3342): createAllApnList: X mAllApnSettings=[]
04-14 11:00:58.050 D/DCT     ( 3342): setInitialApn: E mPreferredApn=null
04-14 11:00:58.050 D/DCT     ( 3342): setInitialAttachApn: X There in no available apn
04-14 11:00:58.050 D/DCT     ( 3342): setupDataOnConnectableApns: simLoaded
04-14 11:00:58.050 D/DCT     ( 3342): setupDataOnConnectableApns: apnContext {mApnType=hipri mState=IDLE mWaitingApns={null} mWaitingApnsPermanentFailureCountDown=0 mApnSetting={null} mReason=radioTurnedOff mDataEnabled=false mDependencyMet=true}
04-14 11:00:58.050 D/DCT     ( 3342): setupDataOnConnectableApns: apnContext {mApnType=mms mState=IDLE mWaitingApns={null} mWaitingApnsPermanentFailureCountDown=0 mApnSetting={null} mReason=radioTurnedOff mDataEnabled=false mDependencyMet=true}
04-14 11:00:58.050 D/DCT     ( 3342): setupDataOnConnectableApns: apnContext {mApnType=supl mState=IDLE mWaitingApns={null} mWaitingApnsPermanentFailureCountDown=0 mApnSetting={null} mReason=radioTurnedOff mDataEnabled=false mDependencyMet=true}
04-14 11:00:58.050 D/DCT     ( 3342): setupDataOnConnectableApns: apnContext {mApnType=default mState=IDLE mWaitingApns={null} mWaitingApnsPermanentFailureCountDown=0 mApnSetting={null} mReason=radioTurnedOff mDataEnabled=true mDependencyMet=true}
04-14 11:00:58.050 D/DCT     ( 3342): setupDataOnConnectableApns: isConnectable() call trySetupData
04-14 11:00:58.050 D/DCT     ( 3342): trySetupData for type:default due to simLoaded apnContext={mApnType=default mState=IDLE mWaitingApns={null} mWaitingApnsPermanentFailureCountDown=0 mApnSetting={null} mReason=simLoaded mDataEnabled=true mDependencyMet=true}
04-14 11:00:58.050 D/DCT     ( 3342): trySetupData with mIsPsRestricted=false
04-14 11:00:58.050 D/DCT     ( 3342): isDataAllowed: not allowed due to - Attached= false
04-14 11:00:58.050 D/DCT     ( 3342): isDataAllowed: not allowed due to - Attached= false
04-14 11:00:58.050 D/DCT     ( 3342): [ApnContext:fota] getApnSetting: apnSetting=null
04-14 11:00:58.060 D/DCT     ( 3342): isDataAllowed: not allowed due to - Attached= false
04-14 11:00:58.060 D/DCT     ( 3342): [ApnContext:supl] getApnSetting: apnSetting=null
04-14 11:00:58.070 D/DCT     ( 3342): isDataAllowed: not allowed due to - Attached= false
04-14 11:00:58.070 D/DCT     ( 3342): [ApnContext:hipri] getApnSetting: apnSetting=null
04-14 11:00:58.180 D/DCT     ( 3342): isDataAllowed: not allowed due to - Attached= false
04-14 11:00:58.180 D/DCT     ( 3342): [ApnContext:ims] getApnSetting: apnSetting=null
04-14 11:00:58.390 D/DCT     ( 3342): isDataAllowed: not allowed due to - Attached= false
04-14 11:00:58.440 D/DCT     ( 3342): [ApnContext:default] getApnSetting: apnSetting=null
04-14 11:00:58.500 D/DCT     ( 3342): isDataAllowed: not allowed due to - Attached= false
04-14 11:00:58.500 D/DCT     ( 3342): [ApnContext:mms] getApnSetting: apnSetting=null
04-14 11:00:58.630 D/DCT     ( 3342): isDataAllowed: not allowed due to - Attached= false
04-14 11:00:58.630 D/DCT     ( 3342): [ApnContext:cbs] getApnSetting: apnSetting=null
04-14 11:00:58.750 D/DCT     ( 3342): trySetupData: X apnContext not 'ready' retValue=false
04-14 11:00:58.750 D/DCT     ( 3342): setupDataOnConnectableApns: apnContext {mApnType=fota mState=IDLE mWaitingApns={null} mWaitingApnsPermanentFailureCountDown=0 mApnSetting={null} mReason=radioTurnedOff mDataEnabled=false mDependencyMet=true}
04-14 11:00:58.750 D/DCT     ( 3342): setupDataOnConnectableApns: apnContext {mApnType=ims mState=IDLE mWaitingApns={null} mWaitingApnsPermanentFailureCountDown=0 mApnSetting={null} mReason=radioTurnedOff mDataEnabled=false mDependencyMet=true}
04-14 11:00:58.750 D/DCT     ( 3342): setupDataOnConnectableApns: apnContext {mApnType=cbs mState=IDLE mWaitingApns={null} mWaitingApnsPermanentFailureCountDown=0 mApnSetting={null} mReason=radioTurnedOff mDataEnabled=false mDependencyMet=true}
04-14 11:00:58.750 D/IccCardProxy( 3342): Broadcasting intent ACTION_SIM_STATE_CHANGED LOADED reason null
04-14 11:00:58.760 D/PhoneProxy( 3342): [PhoneProxy] phoneObjectUpdater: newVoiceRadioTech=0
04-14 11:00:58.760 D/PhoneProxy( 3342): [PhoneProxy] phoneObjectUpdater: Unknown rat ignore,  newVoiceRadioTech=Unknown. mActivePhone=GSM
04-14 11:00:58.760 I/RILJ    ( 3342): Connected to 'rild' socket
04-14 11:00:58.760 I/RILC    (26612): libril: new connection
04-14 11:00:58.760 I/RILC    (26612): RIL Daemon version: android reference-ril 1.0
04-14 11:00:58.760 D/RILJ    ( 3342): [UNSL]< UNSOL_RIL_CONNECTED {9}
04-14 11:00:58.760 D/RILJ    ( 3342): [3181]> RADIO_POWER off
04-14 11:00:58.760 D/RILJ    ( 3342): [3182]> REQUEST_SET_PREFERRED_NETWORK_TYPE : 0
04-14 11:00:58.760 I/RIL     (26612): ------ VendorRIL onRequest: RADIO_POWER ------
04-14 11:00:58.760 D/RIL     (26612): requestRadioPower: request to set [0], current state [10]
04-14 11:00:58.760 D/AT      (26612): AT> AT+CFUN=0
04-14 11:00:58.760 D/RILJ    ( 3342): [3183]> RIL_REQUEST_CDMA_SET_SUBSCRIPTION_SOURCE : 1
04-14 11:00:58.760 D/RILJ    ( 3342): setCellInfoListRate: 2147483647
04-14 11:00:58.760 D/RILJ    ( 3342): [3184]> RIL_REQUEST_SET_CELL_INFO_LIST_RATE
04-14 11:00:58.760 D/Dcc     ( 3342): DccDefaultState: msg.what=EVENT_RIL_CONNECTED mRilVersion=9
04-14 11:00:58.770 D/RILJ    ( 3342): [UNSL]< UNSOL_RESPONSE_RADIO_STATE_CHANGED RADIO_ON
04-14 11:00:58.780 D/RILJ    ( 3342): [3186]> SCREEN_STATE: false
04-14 11:00:58.780 D/RILJ    ( 3342): [3185]> OPERATOR
04-14 11:00:58.780 D/RILJ    ( 3342): [3187]> DATA_REGISTRATION_STATE
04-14 11:00:58.780 D/RILJ    ( 3342): [3188]> VOICE_REGISTRATION_STATE
04-14 11:00:58.780 D/RILJ    ( 3342): [3189]> QUERY_NETWORK_SELECTION_MODE
04-14 11:00:58.790 D/DCT     ( 3342): handleMessage msg={ when=-21ms what=270337 obj=android.os.AsyncResult@42240638 target=com.android.internal.telephony.dataconnection.DcTracker }
04-14 11:00:58.790 D/DCT     ( 3342): onRadioAvailable
04-14 11:00:58.790 D/DCT     ( 3342): isDataAllowed: not allowed due to - Attached= false
04-14 11:00:58.790 D/DCT     ( 3342): [ApnContext:fota] getApnSetting: apnSetting=null
04-14 11:00:58.870 D/AT      (26612): AT< ERROR
04-14 11:00:59.220 E/RIL     (26612): ------ VendorRIL error while requestRadioPower ------
04-14 11:00:59.220 I/RIL     (26612): ------ VendorRIL onRequest: SET_PREFERRED_NETWORK_TYPE ------
04-14 11:00:59.220 D/RIL     (26612): requestSetPreferredNetworkType: current: 1. New: 201
04-14 11:00:59.220 I/RIL     (26612): ------ VendorRIL: PreferredNetworkType only GSM supported ------
04-14 11:00:59.220 I/RIL     (26612): ------ VendorRIL onRequest: CDMA_SET_SUBSCRIPTION_SOURCE ------
04-14 11:00:59.220 I/RIL     (26612): ------ VendorRIL onRequest: SET_UNSOL_CELL_INFO_LIST_RATE ------
04-14 11:00:59.220 I/RIL     (26612): ------ VendorRIL onRequest: SCREEN_STATE ------
04-14 11:00:59.220 I/RIL     (26612): --- VendorRIL not supported: RIL_REQUEST_SCREEN_STATE ---
04-14 11:00:59.220 I/RIL     (26612): ------ VendorRIL onRequest: OPERATOR ------
04-14 11:00:59.220 D/AT      (26612): AT> AT+COPS=3,0;+COPS?;+COPS=3,1;+COPS?;+COPS=3,2;+COPS?
04-14 11:00:59.220 D/RilRequest( 3342): [3181]< RADIO_POWER error: com.android.internal.telephony.CommandException: GENERIC_FAILURE ret=
04-14 11:00:59.220 D/RilRequest( 3342): [3182]< REQUEST_SET_PREFERRED_NETWORK_TYPE error: com.android.internal.telephony.CommandException: MODE_NOT_SUPPORTED ret=
04-14 11:00:59.220 D/RilRequest( 3342): [3183]< RIL_REQUEST_CDMA_SET_SUBSCRIPTION_SOURCE error: com.android.internal.telephony.CommandException: MODE_NOT_SUPPORTED ret=
04-14 11:00:59.220 D/RILJ    ( 3342): [3184]< RIL_REQUEST_SET_CELL_INFO_LIST_RATE 
04-14 11:00:59.470 D/AT      (26612): AT< +COPS: 2
04-14 11:00:59.470 D/AT      (26612): AT< +COPS: 2
04-14 11:00:59.470 D/DCT     ( 3342): isDataAllowed: not allowed due to - Attached= false
04-14 11:00:59.470 D/DCT     ( 3342): [ApnContext:supl] getApnSetting: apnSetting=null
04-14 11:00:59.470 D/DCT     ( 3342): isDataAllowed: not allowed due to - Attached= false
04-14 11:00:59.470 D/DCT     ( 3342): [ApnContext:hipri] getApnSetting: apnSetting=null
04-14 11:00:59.550 D/AT      (26612): AT< +COPS: 2
04-14 11:00:59.550 D/AT      (26612): AT< OK
04-14 11:00:59.550 D/RIL     (26612): [VendorRIL] requestOperator result: [0] = CAN Rogers Wirel
04-14 11:00:59.550 D/RIL     (26612): [VendorRIL] requestOperator result: [1] = ROGERS
04-14 11:00:59.550 D/RIL     (26612): [VendorRIL] requestOperator result: [2] = 302720
04-14 11:00:59.550 I/RIL     (26612): ------ VendorRIL onRequest: DATA_REGISTRATION_STATE ------
04-14 11:00:59.550 D/RIL     (26612): VendorRIL: requestRegistrationState >>>>>>>>>
04-14 11:00:59.550 D/AT      (26612): AT> AT+CGREG?
04-14 11:00:59.550 D/RILJ    ( 3342): [3185]< OPERATOR {CAN Rogers Wirel, ROGERS, 302720}
04-14 11:00:59.670 D/AT      (26612): AT< OK
04-14 11:00:59.670 D/AT      (26612): AT< +CGREG: 1,2
04-14 11:00:59.670 D/AT      (26612): AT< OK
04-14 11:00:59.670 D/RIL     (26612): [DATA_REGISTRATION] response=+CGREG: 1,2
04-14 11:00:59.670 D/RIL     (26612): parseRegistrationState. Parsing: +CGREG: 1,2
04-14 11:00:59.670 D/RIL     (26612): registration state type: 3GPP
04-14 11:00:59.670 I/RIL     (26612): ------ VendorRIL onRequest: VOICE_REGISTRATION_STATE ------
04-14 11:00:59.670 D/RIL     (26612): VendorRIL: requestRegistrationState >>>>>>>>>
04-14 11:00:59.670 D/AT      (26612): AT> AT+CREG?
04-14 11:00:59.670 D/RILJ    ( 3342): [3187]< DATA_REGISTRATION_STATE {2, ffffffff, ffffffff, null, null, null}
04-14 11:00:59.670 D/AT      (26612): AT< +CREG: 2,2
04-14 11:00:59.670 D/AT      (26612): AT< OK
04-14 11:00:59.670 D/RIL     (26612): [VOICE_REGISTRATION] response=+CREG: 2,2
04-14 11:00:59.670 D/RIL     (26612): parseRegistrationState. Parsing: +CREG: 2,2
04-14 11:00:59.670 D/RIL     (26612): registration state type: 3GPP
04-14 11:00:59.670 I/RIL     (26612): ------ VendorRIL onRequest: QUERY_NETWORK_SELECTION_MODE ------
04-14 11:00:59.670 D/AT      (26612): AT> AT+COPS?
04-14 11:00:59.670 D/RILJ    ( 3342): [3188]< VOICE_REGISTRATION_STATE {2, ffffffff, ffffffff, null, null, null, null, null, null, null, null, null, null, null, null}
04-14 11:00:59.670 D/DCT     ( 3342): isDataAllowed: not allowed due to - Attached= false
04-14 11:00:59.670 D/DCT     ( 3342): [ApnContext:ims] getApnSetting: apnSetting=null
04-14 11:00:59.890 D/DCT     ( 3342): isDataAllowed: not allowed due to - Attached= false
04-14 11:00:59.890 D/DCT     ( 3342): [ApnContext:default] getApnSetting: apnSetting=null
04-14 11:00:59.910 D/AT      (26612): AT< +COPS: 2
04-14 11:00:59.910 D/AT      (26612): AT< OK
04-14 11:00:59.910 D/RIL     (26612): >>> QueryNetworkSelectionMode, response=2
04-14 11:00:59.910 D/RILJ    ( 3342): [3189]< QUERY_NETWORK_SELECTION_MODE {2}
04-14 11:00:59.910 D/DCT     ( 3342): isDataAllowed: not allowed due to - Attached= false
04-14 11:00:59.910 D/DCT     ( 3342): [ApnContext:mms] getApnSetting: apnSetting=null
04-14 11:00:59.960 D/DCT     ( 3342): isDataAllowed: not allowed due to - Attached= false
04-14 11:00:59.960 D/DCT     ( 3342): [ApnContext:cbs] getApnSetting: apnSetting=null
04-14 11:00:59.980 D/DCT     ( 3342): overall state is IDLE
04-14 11:00:59.980 D/RILJ    ( 3342): [3190]> BASEBAND_VERSION
04-14 11:01:00.010 D/RILJ    ( 3342): [3191]> GET_IMEI
04-14 11:01:00.010 I/RIL     (26612): ------ VendorRIL onRequest: BASEBAND_VERSION ------
04-14 11:01:00.010 D/RILJ    ( 3342): [3192]> GET_IMEISV
04-14 11:01:00.010 D/RILJ    ( 3342): [3190]< BASEBAND_VERSION E1750
04-14 11:01:00.010 I/RIL     (26612): ------ VendorRIL onRequest: GET_IMEI ------
04-14 11:01:00.010 D/UiccController( 3342): Received EVENT_ICC_STATUS_CHANGED, calling getIccCardStatus
04-14 11:01:00.010 D/RILJ    ( 3342): [3193]> GET_SIM_STATUS
04-14 11:01:00.020 I/RIL     (26612): ------ VendorRIL onRequest: GET_IMEISV ------
04-14 11:01:00.020 I/RIL     (26612): --- VendorRIL not supported: RIL_REQUEST_GET_IMEISV ---
04-14 11:01:00.020 D/RILJ    ( 3342): [3194]> GET_CURRENT_CALLS
04-14 11:01:00.020 D/RILJ    ( 3342): [3191]< GET_IMEI 
04-14 11:01:00.020 I/RIL     (26612): ------ VendorRIL onRequest: GET_SIM_STATUS ------
04-14 11:01:00.020 D/RIL     (26612): getSIMStatus(). sState: 10
04-14 11:01:00.020 D/AT      (26612): AT> AT+CPIN?
04-14 11:01:00.020 D/RILJ    ( 3342): [3195]> RIL_REQUEST_IMS_REGISTRATION_STATE
04-14 11:01:00.020 D/AT      (26612): AT< +CME ERROR: 10
04-14 11:01:00.020 I/RIL     (26612): ------ VendorRIL onRequest: GET_CURRENT_CALLS ------
04-14 11:01:00.020 D/AT      (26612): AT> AT+CLCC
04-14 11:01:00.020 D/RilRequest( 3342): [3192]< GET_IMEISV error: com.android.internal.telephony.CommandException: MODE_NOT_SUPPORTED ret=
04-14 11:01:00.020 D/RILJ    ( 3342): [3193]< GET_SIM_STATUS IccCardState {CARDSTATE_ABSENT,PINSTATE_UNKNOWN,num_apps=0,gsm_id=8,cdma_id=8,ims_id=8}
04-14 11:01:00.030 D/RILJ    ( 3342): [3196]> RIL_REQUEST_VOICE_RADIO_TECH
04-14 11:01:00.030 D/RILJ    ( 3342): [3197]> RIL_REQUEST_CDMA_GET_SUBSCRIPTION_SOURCE
04-14 11:01:00.040 D/AT      (26612): AT< OK
04-14 11:01:00.040 E/GsmSST  ( 3342): [GsmSST] error parsing GprsRegistrationState: java.lang.NumberFormatException: Invalid int: "null"
04-14 11:01:00.040 D/PHONE   ( 3342): [ServiceState] setDataRegState=1
04-14 11:01:00.040 D/PHONE   ( 3342): [ServiceState] setDataRadioTechnology=0
04-14 11:01:00.040 D/GsmSST  ( 3342): [GsmSST] handlPollStateResultMessage: GsmSST setDataRegState=1 regState=2 dataRadioTechnology=0
04-14 11:01:00.040 E/GsmSST  ( 3342): [GsmSST] error parsing RegistrationState: java.lang.NumberFormatException: Invalid int: "ffffffff"
04-14 11:01:00.040 D/PHONE   ( 3342): [ServiceState] setVoiceRegState=1
04-14 11:01:00.040 E/PHONE   ( 3342): [ServiceState] setState deprecated use setVoiceRegState()
04-14 11:01:00.040 D/GsmSST  ( 3342): [GsmSST] Poll ServiceState done:  oldSS=[1 1 home null null null  none none CSS not supported -1 -1 RoamInd=-1 DefRoamInd=-1 EmergOnly=false] newSS=[1 1 home CAN Rogers Wirel ROGERS 302720  none none CSS not supported -1 -1 RoamInd=-1 DefRoamInd=-1 EmergOnly=false] oldMaxDataCalls=1 mNewMaxDataCalls=1 oldReasonDataDenied=-1 mNewReasonDataDenied=-1
04-14 11:01:00.040 D/PHONE   ( 3342): [ServiceState] setNullState=1
04-14 11:01:00.040 D/GsmSST  ( 3342): [GsmSST] updateSpnDisplay: radio is on but out of service, set plmn='No service.'
04-14 11:01:00.080 D/GsmSST  ( 3342): [GsmSST] pollStateDone: there are 6 unique offsets for iso-cc='ca testOneUniqueOffsetPath=false', do nothing
04-14 11:01:00.100 D/GsmSST  ( 3342): [GsmSST] shouldFixTimeZoneNow: retVal=false iccCardExist=false operatorNumeric=302720 mcc=302 prevOperatorNumeric= prevMcc=303 needToFixTimeZone=false ltod=04-14 11:01:00.088
04-14 11:01:00.110 D/GSMPhone( 3342): Baseband version: E1750
04-14 11:01:00.190 D/UiccController( 3342): Received EVENT_GET_ICC_STATUS_DONE
04-14 11:01:00.190 D/UiccCard( 3342): 0 applications
04-14 11:01:00.190 D/UiccCardApplication( 3342): APPTYPE_SIM being Disposed
04-14 11:01:00.190 D/SIMRecords( 3342): [SIMRecords] getOperatorNumeric: IMSI == null
04-14 11:01:00.190 D/SIMRecords( 3342): [SIMRecords] Disposing SIMRecords this=SimRecords: mDestroyed=false mContext=com.android.phone.PhoneGlobals@420957e8 mCi=com.android.internal.telephony.RIL@42099c20 mFh=Handler (com.android.internal.telephony.uicc.SIMFileHandler) {42282c60} mParentApp=com.android.internal.telephony.uicc.UiccCardApplication@42277d20 recordsLoadedRegistrants=android.os.RegistrantList@421ca478 mImsiReadyRegistrants=android.os.RegistrantList@4227e6b0 mRecordsEventsRegistrants=android.os.RegistrantList@421cdcb0 mNewSmsRegistrants=android.os.RegistrantList@421a8bc0 mNetworkSelectionModeAutomaticRegistrants=android.os.RegistrantList@42172ae0 recordsToLoad=0 adnCache=Handler (com.android.internal.telephony.uicc.AdnRecordCache) {422aa7e8} recordsRequested=true iccid=null msisdn=null msisdnTag=null voiceMailNum=null voiceMailTag=null newVoiceMailNum=null newVoiceMailTag=null isVoiceMailFixed=false countVoiceMessages=0 mImsi=null mncLength=0 mailboxIndex=0 spn=null mVmConfigcom.android.internal.telephony.uicc.VoiceMailConstants@422acb20 mSpnOverride=mSpnOverride callForwardingEnabled=false spnState=IDLE mCphsInfo=null mCspPlmnEnabled=true efMWIS=null efCPHS_MWI=null mEfCff=null mEfCfis=null getOperatorNumeric=null
04-14 11:01:00.190 D/SIMRecords( 3342): [SIMRecords] SIMRecords: onRadioOffOrNotAvailable set 'gsm.sim.operator.numeric' to operator=null
04-14 11:01:00.500 D/UiccCardApplication( 3342): APPTYPE_RUIM being Disposed
04-14 11:01:00.520 D/RuimRecords( 3342): [RuimRecords] Disposing RuimRecords RuimRecords: mDestroyed=false mContext=com.android.phone.PhoneGlobals@420957e8 mCi=com.android.internal.telephony.RIL@42099c20 mFh=Handler (com.android.internal.telephony.uicc.RuimFileHandler) {421e4db0} mParentApp=com.android.internal.telephony.uicc.UiccCardApplication@421e4cb8 recordsLoadedRegistrants=android.os.RegistrantList@422c4cd0 mImsiReadyRegistrants=android.os.RegistrantList@421385e0 mRecordsEventsRegistrants=android.os.RegistrantList@4222d0a8 mNewSmsRegistrants=android.os.RegistrantList@42132968 mNetworkSelectionModeAutomaticRegistrants=android.os.RegistrantList@42125b90 recordsToLoad=0 adnCache=Handler (com.android.internal.telephony.uicc.AdnRecordCache) {42258eb0} recordsRequested=true iccid=null msisdn=null msisdnTag=null voiceMailNum=null voiceMailTag=null newVoiceMailNum=null newVoiceMailTag=null isVoiceMailFixed=false countVoiceMessages=0 mImsi=null mncLength=-1 mailboxIndex=0 spn=null m_ota_commitedfalse mMyMobileNumber=xxxx mMin2Min1=null mPrlVersion=null mEFpl=null mEFli=null mCsimSpnDisplayCondition=false mMdn=null mMin=null mHomeSystemId=null mHomeNetworkId=null
04-14 11:01:00.520 E/UiccCard( 3342): App index 8 is invalid since there are no applications
04-14 11:01:00.520 E/UiccCard( 3342): App index 8 is invalid since there are no applications
04-14 11:01:00.520 E/UiccCard( 3342): App index 8 is invalid since there are no applications
04-14 11:01:00.520 D/UiccCard( 3342): update: radioState=RADIO_ON mLastRadioState=RADIO_ON
04-14 11:01:00.520 D/UiccCard( 3342): update: notify card removed
04-14 11:01:00.660 D/UiccController( 3342): Notifying IccChangedRegistrants
04-14 11:01:00.670 D/IccCardProxy( 3342): Broadcasting intent ACTION_SIM_STATE_CHANGED ABSENT reason null
04-14 11:01:00.710 I/RILJ    ( 3342): 'rild' socket closed
04-14 11:01:00.710 I/RILJ    ( 3342): java.io.IOException: Connection reset by peer
04-14 11:01:00.710 I/RILJ    ( 3342): 	at android.net.LocalSocketImpl.readba_native(Native Method)
04-14 11:01:00.710 I/RILJ    ( 3342): 	at android.net.LocalSocketImpl.access$400(LocalSocketImpl.java:33)
04-14 11:01:00.710 I/RILJ    ( 3342): 	at android.net.LocalSocketImpl$SocketInputStream.read(LocalSocketImpl.java:98)
04-14 11:01:00.710 I/RILJ    ( 3342): 	at com.android.internal.telephony.RIL.readRilMessage(RIL.java:421)
04-14 11:01:00.710 I/RILJ    ( 3342): 	at com.android.internal.telephony.RIL.access$400(RIL.java:215)
04-14 11:01:00.710 I/RILJ    ( 3342): 	at com.android.internal.telephony.RIL$RILReceiver.run(RIL.java:521)
04-14 11:01:00.710 I/RILJ    ( 3342): 	at java.lang.Thread.run(Thread.java:841)
04-14 11:01:00.710 I/RILJ    ( 3342): Disconnected from 'rild' socket
04-14 11:01:00.710 D/RilRequest( 3342): [3186]< SCREEN_STATE error: com.android.internal.telephony.CommandException: RADIO_NOT_AVAILABLE ret=
04-14 11:01:00.710 D/RilRequest( 3342): [3194]< GET_CURRENT_CALLS error: com.android.internal.telephony.CommandException: RADIO_NOT_AVAILABLE ret=
04-14 11:01:00.710 D/RilRequest( 3342): [3195]< RIL_REQUEST_IMS_REGISTRATION_STATE error: com.android.internal.telephony.CommandException: RADIO_NOT_AVAILABLE ret=
04-14 11:01:00.710 D/RilRequest( 3342): [3196]< RIL_REQUEST_VOICE_RADIO_TECH error: com.android.internal.telephony.CommandException: RADIO_NOT_AVAILABLE ret=
04-14 11:01:00.710 D/RilRequest( 3342): [3197]< RIL_REQUEST_CDMA_GET_SUBSCRIPTION_SOURCE error: com.android.internal.telephony.CommandException: RADIO_NOT_AVAILABLE ret=
04-14 11:01:00.730 I/RILD    (26628): ------ VendorRIL initialize: library=/system/lib/libreference-ril.so ------
04-14 11:01:00.730 I/RILD    (26628): ------ VendorRIL initialize: arguments from command ------
04-14 11:01:00.730 I/RILD    (26628): ------ VendorRIL initialize: argc=5 ------
04-14 11:01:00.730 I/RILD    (26628): ------ VendorRIL initialize: argv[0]=/system/bin/rild ------
04-14 11:01:00.730 I/RILD    (26628): ------ VendorRIL initialize: argv[1]=-u ------
04-14 11:01:00.730 I/RILD    (26628): ------ VendorRIL initialize: argv[2]=/dev/ttyUSB0 ------
04-14 11:01:00.730 I/RILD    (26628): ------ VendorRIL initialize: argv[3]=-d ------
04-14 11:01:00.730 I/RILD    (26628): ------ VendorRIL initialize: argv[4]=/dev/ttyUSB2 ------
04-14 11:01:00.730 I/RIL     (26628): Opening tty device /dev/ttyUSB0
04-14 11:01:00.730 I/RIL     (26628): Opening tty device /dev/ttyUSB2
04-14 11:01:00.730 I/RIL     (26628): ------ VendorRIL Init argus: path_d=/dev/ttyUSB2 ------
04-14 11:01:00.730 I/RIL     (26628): ------ VendorRIL Init argus: path_u=/dev/ttyUSB0 ------
04-14 11:01:00.730 I/RIL     (26628): ------ VendorRIL Init success ------
04-14 11:01:00.730 I/RILD    (26628): ------ VendorRIL initialize: return=funcs ------
04-14 11:01:00.730 E/RILC    (26628): RIL_register: RIL version 9
04-14 11:01:00.730 I/RIL     (26628): ------ VendorRIL entering mainLoop() ------
04-14 11:01:00.730 I/RIL     (26628): ------ VendorRIL mainLoop: repeatedly check if port available, open, initalize, readThread ------
04-14 11:01:00.730 I/RIL     (26628): ------ VendorRIL open port: device_u=/dev/ttyUSB0 ------
04-14 11:01:00.730 D/RIL     (26628): ******** VendorRIL: setRadioState(0), oldState=1 ********
04-14 11:01:00.730 D/AT      (26628): AT> ATE0Q0V1
04-14 11:01:00.750 I/AT      (26628): ------ VendorRIL readerLoop: repeatedly readLine, processLine, handleUnsolicited, handleFinalResponse ------
04-14 11:01:00.770 D/RuimRecords( 3342): [RuimRecords] RuimRecords finalized
04-14 11:01:00.860 D/GSMPhone( 3342): [GSMPhone] Removing stale icc objects.
04-14 11:01:00.860 D/GsmSST  ( 3342): [GsmSST] Removing stale icc objects.
04-14 11:01:00.860 D/DCT     ( 3342): handleMessage msg={ when=-204ms what=270369 obj=android.os.AsyncResult@421665d0 target=com.android.internal.telephony.dataconnection.DcTracker }
04-14 11:01:00.860 D/DCT     ( 3342): newIccRecords is in APP_FAM_3GPP2
04-14 11:01:00.860 D/DCT     ( 3342): Removing stale icc objects.
04-14 11:01:00.860 D/GsmSMSDispatcher( 3342): Removing stale icc objects.
04-14 11:01:00.860 D/IccCardProxy( 3342): Icc changed. Reregestering.
04-14 11:01:00.860 D/PHONE   ( 3342): [ServiceState] setNullState=1
04-14 11:01:00.860 D/GsmSST  ( 3342): [GsmSST] Poll ServiceState done:  oldSS=[1 1 home CAN Rogers Wirel ROGERS 302720  none none CSS not supported -1 -1 RoamInd=-1 DefRoamInd=-1 EmergOnly=false] newSS=[1 1 home null null null  none none CSS not supported -1 -1 RoamInd=-1 DefRoamInd=-1 EmergOnly=false] oldMaxDataCalls=1 mNewMaxDataCalls=1 oldReasonDataDenied=-1 mNewReasonDataDenied=-1
04-14 11:01:00.860 D/PHONE   ( 3342): [ServiceState] setNullState=1
04-14 11:01:00.860 D/GsmSST  ( 3342): [GsmSST] updateSpnDisplay: radio is on but out of service, set plmn='No service.'
04-14 11:01:00.860 D/GsmSST  ( 3342): [GsmSST] updateSpnDisplay: changed sending intent rule=0 showPlmn='true' plmn='No service.' showSpn='false' spn=''
04-14 11:01:00.990 D/AT      (26628): AT> ATE0Q0V1
04-14 11:01:01.010 D/GsmSST  ( 3342): [GsmSST] operatorNumeric is null
04-14 11:01:01.010 D/RILJ    ( 3342): [8800]> GET_CURRENT_CALLS
04-14 11:01:01.010 D/RilRequest( 3342): [8800]< GET_CURRENT_CALLS error: com.android.internal.telephony.CommandException: RADIO_NOT_AVAILABLE ret=
04-14 11:01:01.010 D/DCT     ( 3342): handleMessage msg={ when=-304ms what=270342 obj=android.os.AsyncResult@4226a9b8 target=com.android.internal.telephony.dataconnection.DcTracker }
04-14 11:01:01.010 D/DCT     ( 3342): onRadioOffOrNotAvailable: is off and clean up all connections
04-14 11:01:01.010 D/DCT     ( 3342): cleanUpAllConnections: tearDown=false reason=radioTurnedOff
04-14 11:01:01.010 D/DCT     ( 3342): cleanUpConnection: E tearDown=false reason=radioTurnedOff apnContext={mApnType=fota mState=IDLE mWaitingApns={null} mWaitingApnsPermanentFailureCountDown=0 mApnSetting={null} mReason=radioTurnedOff mDataEnabled=false mDependencyMet=true}
04-14 11:01:01.010 D/DCT     ( 3342): isDataAllowed: not allowed due to - Attached= false - SIM not loaded
04-14 11:01:01.010 D/DCT     ( 3342): [ApnContext:fota] getApnSetting: apnSetting=null
04-14 11:01:01.010 D/AT      (26628): AT< OK
04-14 11:01:01.020 D/DCT     ( 3342): cleanUpConnection: X tearDown=false reason=radioTurnedOff apnContext={mApnType=fota mState=IDLE mWaitingApns={null} mWaitingApnsPermanentFailureCountDown=0 mApnSetting={null} mReason=radioTurnedOff mDataEnabled=false mDependencyMet=true} dcac=null
04-14 11:01:01.020 D/DCT     ( 3342): cleanUpConnection: E tearDown=false reason=radioTurnedOff apnContext={mApnType=supl mState=IDLE mWaitingApns={null} mWaitingApnsPermanentFailureCountDown=0 mApnSetting={null} mReason=radioTurnedOff mDataEnabled=false mDependencyMet=true}
04-14 11:01:01.020 D/DCT     ( 3342): isDataAllowed: not allowed due to - Attached= false - SIM not loaded
04-14 11:01:01.020 D/DCT     ( 3342): [ApnContext:supl] getApnSetting: apnSetting=null
04-14 11:01:01.260 I/RIL     (26628): ------ VendorRIL: GSM AT Command for initialization ------
04-14 11:01:01.260 D/AT      (26628): AT> AT+WNAM
04-14 11:01:01.300 D/AT      (26628): AT< ERROR
04-14 11:01:01.300 I/RIL     (26628): ======== VendorRIL: found GSM Modem Device ========
04-14 11:01:01.300 D/AT      (26628): AT> ATE0Q0V1
04-14 11:01:01.330 D/AT      (26628): AT< OK
04-14 11:01:01.330 D/AT      (26628): AT> ATS0=0
04-14 11:01:01.330 D/DCT     ( 3342): cleanUpConnection: X tearDown=false reason=radioTurnedOff apnContext={mApnType=supl mState=IDLE mWaitingApns={null} mWaitingApnsPermanentFailureCountDown=0 mApnSetting={null} mReason=radioTurnedOff mDataEnabled=false mDependencyMet=true} dcac=null
04-14 11:01:01.330 D/DCT     ( 3342): cleanUpConnection: E tearDown=false reason=radioTurnedOff apnContext={mApnType=hipri mState=IDLE mWaitingApns={null} mWaitingApnsPermanentFailureCountDown=0 mApnSetting={null} mReason=radioTurnedOff mDataEnabled=false mDependencyMet=true}
04-14 11:01:01.330 D/DCT     ( 3342): isDataAllowed: not allowed due to - Attached= false - SIM not loaded
04-14 11:01:01.330 D/DCT     ( 3342): [ApnContext:hipri] getApnSetting: apnSetting=null
04-14 11:01:01.330 D/DCT     ( 3342): cleanUpConnection: X tearDown=false reason=radioTurnedOff apnContext={mApnType=hipri mState=IDLE mWaitingApns={null} mWaitingApnsPermanentFailureCountDown=0 mApnSetting={null} mReason=radioTurnedOff mDataEnabled=false mDependencyMet=true} dcac=null
04-14 11:01:01.330 D/DCT     ( 3342): cleanUpConnection: E tearDown=false reason=radioTurnedOff apnContext={mApnType=ims mState=IDLE mWaitingApns={null} mWaitingApnsPermanentFailureCountDown=0 mApnSetting={null} mReason=radioTurnedOff mDataEnabled=false mDependencyMet=true}
04-14 11:01:01.330 D/DCT     ( 3342): isDataAllowed: not allowed due to - Attached= false - SIM not loaded
04-14 11:01:01.330 D/DCT     ( 3342): [ApnContext:ims] getApnSetting: apnSetting=null
04-14 11:01:01.330 D/AT      (26628): AT< OK
04-14 11:01:01.330 D/AT      (26628): AT> AT+CMEE=1
04-14 11:01:01.330 D/DCT     ( 3342): cleanUpConnection: X tearDown=false reason=radioTurnedOff apnContext={mApnType=ims mState=IDLE mWaitingApns={null} mWaitingApnsPermanentFailureCountDown=0 mApnSetting={null} mReason=radioTurnedOff mDataEnabled=false mDependencyMet=true} dcac=null
04-14 11:01:01.330 D/DCT     ( 3342): cleanUpConnection: E tearDown=false reason=radioTurnedOff apnContext={mApnType=default mState=IDLE mWaitingApns={null} mWaitingApnsPermanentFailureCountDown=0 mApnSetting={null} mReason=radioTurnedOff mDataEnabled=true mDependencyMet=true}
04-14 11:01:01.330 D/DCT     ( 3342): isDataAllowed: not allowed due to - Attached= false - SIM not loaded
04-14 11:01:01.330 D/DCT     ( 3342): [ApnContext:default] getApnSetting: apnSetting=null
04-14 11:01:01.340 D/AT      (26628): AT< OK
04-14 11:01:01.340 D/AT      (26628): AT> AT+CREG=2
04-14 11:01:01.340 D/AT      (26628): AT< OK
04-14 11:01:01.340 D/AT      (26628): AT> AT+CGREG=1
04-14 11:01:01.340 D/DCT     ( 3342): cleanUpConnection: X tearDown=false reason=radioTurnedOff apnContext={mApnType=default mState=IDLE mWaitingApns={null} mWaitingApnsPermanentFailureCountDown=0 mApnSetting={null} mReason=radioTurnedOff mDataEnabled=true mDependencyMet=true} dcac=null
04-14 11:01:01.340 D/DCT     ( 3342): cleanUpConnection: E tearDown=false reason=radioTurnedOff apnContext={mApnType=mms mState=IDLE mWaitingApns={null} mWaitingApnsPermanentFailureCountDown=0 mApnSetting={null} mReason=radioTurnedOff mDataEnabled=false mDependencyMet=true}
04-14 11:01:01.340 D/DCT     ( 3342): isDataAllowed: not allowed due to - Attached= false - SIM not loaded
04-14 11:01:01.340 D/DCT     ( 3342): [ApnContext:mms] getApnSetting: apnSetting=null
04-14 11:01:01.480 D/AT      (26628): AT< OK
04-14 11:01:01.520 D/AT      (26628): AT> AT+CCWA=1
04-14 11:01:01.630 D/AT      (26628): AT< OK
04-14 11:01:01.630 D/AT      (26628): AT> AT+CMOD=0
04-14 11:01:01.640 D/AT      (26628): AT< OK
04-14 11:01:01.640 D/AT      (26628): AT> AT+CMUT=0
04-14 11:01:01.730 D/AT      (26628): AT< OK
04-14 11:01:01.740 D/AT      (26628): AT> AT+CSSN=0,1
04-14 11:01:01.750 D/DCT     ( 3342): cleanUpConnection: X tearDown=false reason=radioTurnedOff apnContext={mApnType=mms mState=IDLE mWaitingApns={null} mWaitingApnsPermanentFailureCountDown=0 mApnSetting={null} mReason=radioTurnedOff mDataEnabled=false mDependencyMet=true} dcac=null
04-14 11:01:01.750 D/DCT     ( 3342): cleanUpConnection: E tearDown=false reason=radioTurnedOff apnContext={mApnType=cbs mState=IDLE mWaitingApns={null} mWaitingApnsPermanentFailureCountDown=0 mApnSetting={null} mReason=radioTurnedOff mDataEnabled=false mDependencyMet=true}
04-14 11:01:01.750 D/DCT     ( 3342): isDataAllowed: not allowed due to - Attached= false - SIM not loaded
04-14 11:01:01.750 D/DCT     ( 3342): [ApnContext:cbs] getApnSetting: apnSetting=null
04-14 11:01:01.750 D/AT      (26628): AT< OK
04-14 11:01:01.750 D/AT      (26628): AT> AT+COLP=0
04-14 11:01:01.750 D/DCT     ( 3342): cleanUpConnection: X tearDown=false reason=radioTurnedOff apnContext={mApnType=cbs mState=IDLE mWaitingApns={null} mWaitingApnsPermanentFailureCountDown=0 mApnSetting={null} mReason=radioTurnedOff mDataEnabled=false mDependencyMet=true} dcac=null
04-14 11:01:01.750 D/DCT     ( 3342): stopNetStatPoll
04-14 11:01:01.750 D/DCT     ( 3342): stopDataStallAlarm: current tag=81741 mDataStallAlarmIntent=null
04-14 11:01:01.750 D/DCT     ( 3342): isDataAllowed: not allowed due to - Attached= false - SIM not loaded
04-14 11:01:01.750 D/DCT     ( 3342): [ApnContext:fota] getApnSetting: apnSetting=null
04-14 11:01:01.780 D/AT      (26628): AT< OK
04-14 11:01:01.780 D/AT      (26628): AT> AT+CSCS="HEX"
04-14 11:01:01.780 D/DCT     ( 3342): isDataAllowed: not allowed due to - Attached= false - SIM not loaded
04-14 11:01:01.780 D/DCT     ( 3342): [ApnContext:supl] getApnSetting: apnSetting=null
04-14 11:01:01.780 D/DCT     ( 3342): isDataAllowed: not allowed due to - Attached= false - SIM not loaded
04-14 11:01:01.780 D/DCT     ( 3342): [ApnContext:hipri] getApnSetting: apnSetting=null
04-14 11:01:01.810 D/DCT     ( 3342): isDataAllowed: not allowed due to - Attached= false - SIM not loaded
04-14 11:01:01.810 D/DCT     ( 3342): [ApnContext:ims] getApnSetting: apnSetting=null
04-14 11:01:01.810 D/AT      (26628): AT< OK
04-14 11:01:01.810 D/AT      (26628): AT> AT+CUSD=1
04-14 11:01:01.810 D/DCT     ( 3342): isDataAllowed: not allowed due to - Attached= false - SIM not loaded
04-14 11:01:01.810 D/DCT     ( 3342): [ApnContext:default] getApnSetting: apnSetting=null
04-14 11:01:01.810 D/DCT     ( 3342): isDataAllowed: not allowed due to - Attached= false - SIM not loaded
04-14 11:01:01.810 D/DCT     ( 3342): [ApnContext:mms] getApnSetting: apnSetting=null
04-14 11:01:01.830 D/DCT     ( 3342): isDataAllowed: not allowed due to - Attached= false - SIM not loaded
04-14 11:01:01.830 D/AT      (26628): AT< OK
04-14 11:01:01.830 D/DCT     ( 3342): [ApnContext:cbs] getApnSetting: apnSetting=null
04-14 11:01:01.830 D/AT      (26628): AT> AT+CGEREP=1,0
04-14 11:01:01.840 D/AT      (26628): AT< OK
04-14 11:01:01.840 D/AT      (26628): AT> AT+CMGF=0
04-14 11:01:01.840 E/UiccCardApplication( 3342): Received message { when=-1s127ms what=103 obj=android.os.AsyncResult@4226aa00 target=com.android.internal.telephony.uicc.UiccCardApplication$1 }[103] while being destroyed. Ignoring.
04-14 11:01:01.840 E/UiccCardApplication( 3342): Received message { when=-1s127ms what=103 obj=android.os.AsyncResult@4226aa18 target=com.android.internal.telephony.uicc.UiccCardApplication$1 }[103] while being destroyed. Ignoring.
04-14 11:01:01.840 E/RIL_ImsSms( 3342): IMS State query failed with exp com.android.internal.telephony.CommandException: RADIO_NOT_AVAILABLE
04-14 11:01:01.840 E/PhoneProxy( 3342): [PhoneProxy] EVENT_REQUEST_VOICE_RADIO_TECH_DONE: exception=com.android.internal.telephony.CommandException: RADIO_NOT_AVAILABLE
04-14 11:01:01.840 D/CdmaSSM ( 3342): CDMA_SUBSCRIPTION_SOURCE event = 2
04-14 11:01:01.840 W/CdmaSSM ( 3342): Unable to get CDMA Subscription Source, Exception: com.android.internal.telephony.CommandException: RADIO_NOT_AVAILABLE, result: null
04-14 11:01:01.840 D/AT      (26628): AT< OK
04-14 11:01:01.840 D/AT      (26628): AT> AT+CFUN?
04-14 11:01:01.840 D/AT      (26628): AT< +CFUN: 0
04-14 11:01:01.840 D/AT      (26628): AT< OK
04-14 11:01:01.840 I/RIL     (26628): ======== VendorRIL: AT Command initialize done, Radio_State=OFF, sState=0 ========
04-14 11:01:04.710 I/RILC    (26628): libril: new connection
04-14 11:01:04.710 I/RILJ    ( 3342): Connected to 'rild' socket
04-14 11:01:04.710 I/RILC    (26628): RIL Daemon version: android reference-ril 1.0
04-14 11:01:04.710 D/RILJ    ( 3342): [UNSL]< UNSOL_RIL_CONNECTED {9}
04-14 11:01:04.710 D/RILJ    ( 3342): [8801]> RADIO_POWER off
04-14 11:01:04.720 I/RIL     (26628): ------ VendorRIL onRequest: RADIO_POWER ------
04-14 11:01:04.720 D/RIL     (26628): requestRadioPower: request to set [0], current state [0]
04-14 11:01:04.720 D/RIL     (26628): requestRadioPower: error Unhandled state
04-14 11:01:04.720 D/RILJ    ( 3342): [8802]> REQUEST_SET_PREFERRED_NETWORK_TYPE : 0
04-14 11:01:04.720 I/RIL     (26628): ------ VendorRIL onRequest: SET_PREFERRED_NETWORK_TYPE ------
04-14 11:01:04.720 D/RILJ    ( 3342): [8803]> RIL_REQUEST_CDMA_SET_SUBSCRIPTION_SOURCE : 1
04-14 11:01:04.720 D/RILJ    ( 3342): setCellInfoListRate: 2147483647
04-14 11:01:04.720 D/RILJ    ( 3342): [8804]> RIL_REQUEST_SET_CELL_INFO_LIST_RATE
04-14 11:01:04.740 I/RIL     (26628): ------ VendorRIL onRequest: CDMA_SET_SUBSCRIPTION_SOURCE ------
04-14 11:01:04.740 I/RIL     (26628): ------ VendorRIL onRequest: SET_UNSOL_CELL_INFO_LIST_RATE ------
04-14 11:01:04.740 D/RILJ    ( 3342): [UNSL]< UNSOL_RESPONSE_RADIO_STATE_CHANGED RADIO_OFF
04-14 11:01:04.740 D/RILJ    ( 3342): [8805]> RADIO_POWER on
04-14 11:01:04.740 D/PHONE   ( 3342): [ServiceState] setNullState=3
04-14 11:01:04.740 D/GsmSST  ( 3342): [GsmSST] Poll ServiceState done:  oldSS=[1 1 home null null null  none none CSS not supported -1 -1 RoamInd=-1 DefRoamInd=-1 EmergOnly=false] newSS=[3 3 home null null null  none none CSS not supported -1 -1 RoamInd=-1 DefRoamInd=-1 EmergOnly=false] oldMaxDataCalls=1 mNewMaxDataCalls=1 oldReasonDataDenied=-1 mNewReasonDataDenied=-1
04-14 11:01:04.740 D/PHONE   ( 3342): [ServiceState] setNullState=1
04-14 11:01:04.740 D/GsmSST  ( 3342): [GsmSST] updateSpnDisplay: radio is off w/ showPlmn=false plmn=null
04-14 11:01:04.740 D/GsmSST  ( 3342): [GsmSST] updateSpnDisplay: changed sending intent rule=0 showPlmn='false' plmn='null' showSpn='false' spn=''
04-14 11:01:04.740 D/GsmSST  ( 3342): [GsmSST] operatorNumeric is null
04-14 11:01:04.750 D/Dcc     ( 3342): DccDefaultState: msg.what=EVENT_RIL_CONNECTED mRilVersion=9
04-14 11:01:04.750 D/GsmSST  ( 3342): [GsmSST] notifyDataRegStateRilRadioTechnologyChanged: drs=3 rat=0
04-14 11:01:04.750 I/RIL     (26628): ------ VendorRIL onRequest: RADIO_POWER ------
04-14 11:01:04.750 D/RIL     (26628): requestRadioPower: request to set [1], current state [0]
04-14 11:01:04.750 D/AT      (26628): AT> AT+CFUN=1
04-14 11:01:04.750 D/DCT     ( 3342): get all active apn types
04-14 11:01:04.750 D/DCT     ( 3342): handleMessage msg={ when=0 what=270337 obj=android.os.AsyncResult@420e3588 target=com.android.internal.telephony.dataconnection.DcTracker }
04-14 11:01:04.750 D/DCT     ( 3342): onRadioAvailable
04-14 11:01:04.750 D/DCT     ( 3342): overall state is IDLE
04-14 11:01:04.750 D/RILJ    ( 3342): [8806]> BASEBAND_VERSION
04-14 11:01:04.750 D/RILJ    ( 3342): [8807]> GET_IMEI
04-14 11:01:04.750 D/RILJ    ( 3342): [8808]> GET_IMEISV
04-14 11:01:04.750 D/RILJ    ( 3342): [8809]> SCREEN_STATE: false
04-14 11:01:04.760 D/RILJ    ( 3342): [8801]< RADIO_POWER 
04-14 11:01:04.760 D/RilRequest( 3342): [8802]< REQUEST_SET_PREFERRED_NETWORK_TYPE error: com.android.internal.telephony.CommandException: RADIO_NOT_AVAILABLE ret=
04-14 11:01:04.760 D/RilRequest( 3342): [8803]< RIL_REQUEST_CDMA_SET_SUBSCRIPTION_SOURCE error: com.android.internal.telephony.CommandException: RADIO_NOT_AVAILABLE ret=
04-14 11:01:04.760 D/RilRequest( 3342): [8804]< RIL_REQUEST_SET_CELL_INFO_LIST_RATE error: com.android.internal.telephony.CommandException: RADIO_NOT_AVAILABLE ret=
04-14 11:01:05.140 D/AT      (26628): AT< OK
04-14 11:01:05.140 D/RIL     (26628): ******** VendorRIL: setRadioState(10), oldState=0 ********
04-14 11:01:05.140 D/RIL     (26628): ******** VendorRIL: onRadioPowerOn pollSIMState, current state=10 ********
04-14 11:01:05.140 D/RIL     (26628): requestRadioPower: success set RadioState_ON
04-14 11:01:05.140 I/RIL     (26628): ------ VendorRIL onRequest: BASEBAND_VERSION ------
04-14 11:01:05.140 D/RILJ    ( 3342): [UNSL]< UNSOL_RESPONSE_RADIO_STATE_CHANGED RADIO_ON
04-14 11:01:05.140 I/RIL     (26628): ------ VendorRIL onRequest: GET_IMEI ------
04-14 11:01:05.140 I/RIL     (26628): ------ VendorRIL onRequest: GET_IMEISV ------
04-14 11:01:05.140 I/RIL     (26628): --- VendorRIL not supported: RIL_REQUEST_GET_IMEISV ---
04-14 11:01:05.140 I/RIL     (26628): ------ VendorRIL onRequest: SCREEN_STATE ------
04-14 11:01:05.140 I/RIL     (26628): --- VendorRIL not supported: RIL_REQUEST_SCREEN_STATE ---
04-14 11:01:05.140 D/RILJ    ( 3342): [8810]> OPERATOR
04-14 11:01:05.140 D/RILJ    ( 3342): [8811]> DATA_REGISTRATION_STATE
04-14 11:01:05.140 D/RILJ    ( 3342): [8812]> VOICE_REGISTRATION_STATE
04-14 11:01:05.140 D/RILJ    ( 3342): [8813]> QUERY_NETWORK_SELECTION_MODE
04-14 11:01:05.150 I/RIL     (26628): ------ VendorRIL onRequest: OPERATOR ------
04-14 11:01:05.150 D/AT      (26628): AT> AT+COPS=3,0;+COPS?;+COPS=3,1;+COPS?;+COPS=3,2;+COPS?
04-14 11:01:05.150 D/RILJ    ( 3342): [8805]< RADIO_POWER 
04-14 11:01:05.150 D/RILJ    ( 3342): [8806]< BASEBAND_VERSION E1750
04-14 11:01:05.150 D/RILJ    ( 3342): [8807]< GET_IMEI 
04-14 11:01:05.150 D/RilRequest( 3342): [8808]< GET_IMEISV error: com.android.internal.telephony.CommandException: MODE_NOT_SUPPORTED ret=
04-14 11:01:05.150 D/UiccController( 3342): Received EVENT_ICC_STATUS_CHANGED, calling getIccCardStatus
04-14 11:01:05.150 D/RILJ    ( 3342): [8814]> GET_SIM_STATUS
04-14 11:01:05.150 D/RILJ    ( 3342): [8815]> GET_CURRENT_CALLS
04-14 11:01:05.150 D/RILJ    ( 3342): [8816]> RIL_REQUEST_IMS_REGISTRATION_STATE
04-14 11:01:05.150 D/RILJ    ( 3342): [8817]> RIL_REQUEST_VOICE_RADIO_TECH
04-14 11:01:05.150 D/RILJ    ( 3342): [8818]> RIL_REQUEST_CDMA_GET_SUBSCRIPTION_SOURCE
04-14 11:01:05.160 D/GSMPhone( 3342): Baseband version: E1750
04-14 11:01:05.210 D/AT      (26628): AT< +COPS: 0
04-14 11:01:05.210 D/AT      (26628): AT< +COPS: 0
04-14 11:01:05.210 D/AT      (26628): AT< +COPS: 0
04-14 11:01:05.210 D/AT      (26628): AT< OK
04-14 11:01:05.210 D/RIL     (26628): [VendorRIL] requestOperator result: [0] = CAN Rogers Wirel
04-14 11:01:05.210 D/RIL     (26628): [VendorRIL] requestOperator result: [1] = ROGERS
04-14 11:01:05.210 D/RIL     (26628): [VendorRIL] requestOperator result: [2] = 302720
04-14 11:01:05.210 I/RIL     (26628): ------ VendorRIL onRequest: DATA_REGISTRATION_STATE ------
04-14 11:01:05.210 D/RIL     (26628): VendorRIL: requestRegistrationState >>>>>>>>>
04-14 11:01:05.210 D/AT      (26628): AT> AT+CGREG?
04-14 11:01:05.210 D/RILJ    ( 3342): [8810]< OPERATOR {CAN Rogers Wirel, ROGERS, 302720}
04-14 11:01:05.210 D/AT      (26628): AT< +CGREG: 1,2
04-14 11:01:05.210 D/AT      (26628): AT< OK
04-14 11:01:05.210 D/RIL     (26628): [DATA_REGISTRATION] response=+CGREG: 1,2
04-14 11:01:05.210 D/RIL     (26628): parseRegistrationState. Parsing: +CGREG: 1,2
04-14 11:01:05.210 D/RIL     (26628): registration state type: 3GPP
04-14 11:01:05.210 I/RIL     (26628): ------ VendorRIL onRequest: VOICE_REGISTRATION_STATE ------
04-14 11:01:05.210 D/RIL     (26628): VendorRIL: requestRegistrationState >>>>>>>>>
04-14 11:01:05.210 D/AT      (26628): AT> AT+CREG?
04-14 11:01:05.210 D/RILJ    ( 3342): [8811]< DATA_REGISTRATION_STATE {2, ffffffff, ffffffff, null, null, null}
04-14 11:01:05.220 E/GsmSST  ( 3342): [GsmSST] error parsing GprsRegistrationState: java.lang.NumberFormatException: Invalid int: "null"
04-14 11:01:05.220 D/PHONE   ( 3342): [ServiceState] setDataRegState=1
04-14 11:01:05.220 D/PHONE   ( 3342): [ServiceState] setDataRadioTechnology=0
04-14 11:01:05.220 D/GsmSST  ( 3342): [GsmSST] handlPollStateResultMessage: GsmSST setDataRegState=1 regState=2 dataRadioTechnology=0
04-14 11:01:05.220 D/AT      (26628): AT< +CREG: 2,2
04-14 11:01:05.220 D/AT      (26628): AT< OK
04-14 11:01:05.220 D/RIL     (26628): [VOICE_REGISTRATION] response=+CREG: 2,2
04-14 11:01:05.220 D/RIL     (26628): parseRegistrationState. Parsing: +CREG: 2,2
04-14 11:01:05.220 D/RIL     (26628): registration state type: 3GPP
04-14 11:01:05.220 I/RIL     (26628): ------ VendorRIL onRequest: QUERY_NETWORK_SELECTION_MODE ------
04-14 11:01:05.220 D/AT      (26628): AT> AT+COPS?
04-14 11:01:05.220 D/RILJ    ( 3342): [8812]< VOICE_REGISTRATION_STATE {2, ffffffff, ffffffff, null, null, null, null, null, null, null, null, null, null, null, null}
04-14 11:01:05.220 E/GsmSST  ( 3342): [GsmSST] error parsing RegistrationState: java.lang.NumberFormatException: Invalid int: "ffffffff"
04-14 11:01:05.220 D/PHONE   ( 3342): [ServiceState] setVoiceRegState=1
04-14 11:01:05.220 E/PHONE   ( 3342): [ServiceState] setState deprecated use setVoiceRegState()
04-14 11:01:05.240 D/AT      (26628): AT< +COPS: 0
04-14 11:01:05.240 D/AT      (26628): AT< OK
04-14 11:01:05.240 D/RIL     (26628): >>> QueryNetworkSelectionMode, response=0
04-14 11:01:05.240 I/RIL     (26628): ------ VendorRIL onRequest: GET_SIM_STATUS ------
04-14 11:01:05.240 D/RIL     (26628): getSIMStatus(). sState: 10
04-14 11:01:05.240 D/AT      (26628): AT> AT+CPIN?
04-14 11:01:05.240 D/RILJ    ( 3342): [8813]< QUERY_NETWORK_SELECTION_MODE {0}
04-14 11:01:05.240 D/GsmSST  ( 3342): [GsmSST] Poll ServiceState done:  oldSS=[3 3 home null null null  none none CSS not supported -1 -1 RoamInd=-1 DefRoamInd=-1 EmergOnly=false] newSS=[1 1 home CAN Rogers Wirel ROGERS 302720  none none CSS not supported -1 -1 RoamInd=-1 DefRoamInd=-1 EmergOnly=false] oldMaxDataCalls=1 mNewMaxDataCalls=1 oldReasonDataDenied=-1 mNewReasonDataDenied=-1
04-14 11:01:05.240 D/PHONE   ( 3342): [ServiceState] setNullState=1
04-14 11:01:05.240 D/GsmSST  ( 3342): [GsmSST] updateSpnDisplay: radio is on but out of service, set plmn='No service.'
04-14 11:01:05.240 D/GsmSST  ( 3342): [GsmSST] updateSpnDisplay: changed sending intent rule=0 showPlmn='true' plmn='No service.' showSpn='false' spn=''
04-14 11:01:05.240 D/GsmSST  ( 3342): [GsmSST] pollStateDone: there are 6 unique offsets for iso-cc='ca testOneUniqueOffsetPath=false', do nothing
04-14 11:01:05.240 D/GsmSST  ( 3342): [GsmSST] shouldFixTimeZoneNow: retVal=false iccCardExist=false operatorNumeric=302720 mcc=302 prevOperatorNumeric= prevMcc=303 needToFixTimeZone=false ltod=04-14 11:01:05.248
04-14 11:01:05.240 D/GsmSST  ( 3342): [GsmSST] notifyDataRegStateRilRadioTechnologyChanged: drs=1 rat=0
04-14 11:01:05.240 D/DCT     ( 3342): get all active apn types
04-14 11:01:05.240 D/AT      (26628): AT< +CPIN:READY
04-14 11:01:05.280 D/AT      (26628): AT< OK
04-14 11:01:05.280 D/RIL     (26628): [getSIMStatus] response=+CPIN:READY
04-14 11:01:05.300 I/RIL     (26628): ------ VendorRIL onRequest: GET_CURRENT_CALLS ------
04-14 11:01:05.300 D/AT      (26628): AT> AT+CLCC
04-14 11:01:05.300 D/RILJ    ( 3342): [8814]< GET_SIM_STATUS IccCardState {CARDSTATE_PRESENT,PINSTATE_UNKNOWN,num_apps=2,gsm_id=0{APPTYPE_SIM,APPSTATE_READY},cdma_id=1{APPTYPE_RUIM,APPSTATE_READY},ims_id=8}
04-14 11:01:05.300 D/UiccController( 3342): Received EVENT_GET_ICC_STATUS_DONE
04-14 11:01:05.300 D/UiccCard( 3342): 2 applications
04-14 11:01:05.320 D/AT      (26628): AT< OK
04-14 11:01:05.370 D/UiccCardApplication( 3342): Creating UiccApp: {APPTYPE_SIM,APPSTATE_READY}
04-14 11:01:05.450 W/VoiceMailConstants( 3342): Can't open /system/etc/voicemail-conf.xml
04-14 11:01:05.450 W/SpnOverride( 3342): Can not open /system/etc/spn-conf.xml
04-14 11:01:05.450 D/SIMRecords( 3342): [SIMRecords] SIMRecords: onRadioOffOrNotAvailable set 'gsm.sim.operator.numeric' to operator=null
04-14 11:01:05.450 D/UiccCardApplication( 3342): Notifying 1 registrant: READY
04-14 11:01:05.450 D/SIMRecords( 3342): [SIMRecords] getOperatorNumeric: IMSI == null
04-14 11:01:05.450 D/SIMRecords( 3342): [SIMRecords] SIMRecords X ctor this=SimRecords: mDestroyed=false mContext=com.android.phone.PhoneGlobals@420957e8 mCi=com.android.internal.telephony.RIL@42099c20 mFh=Handler (com.android.internal.telephony.uicc.SIMFileHandler) {420d70e8} mParentApp=com.android.internal.telephony.uicc.UiccCardApplication@42157448 recordsLoadedRegistrants=android.os.RegistrantList@42157500 mImsiReadyRegistrants=android.os.RegistrantList@42116ca0 mRecordsEventsRegistrants=android.os.RegistrantList@42111878 mNewSmsRegistrants=android.os.RegistrantList@42096b38 mNetworkSelectionModeAutomaticRegistrants=android.os.RegistrantList@420967d8 recordsToLoad=0 adnCache=Handler (com.android.internal.telephony.uicc.AdnRecordCache) {420d7280} recordsRequested=false iccid=null msisdn=null msisdnTag=null voiceMailNum=null voiceMailTag=null newVoiceMailNum=null newVoiceMailTag=null isVoiceMailFixed=false countVoiceMessages=0 mImsi=null mncLength=-1 mailboxIndex=0 spn=null mVmConfigcom.android.internal.telephony.uicc.VoiceMailConstants@4208d018 mSpnOverride=mSpnOverride callForwardingEnabled=false spnState=null mCphsInfo=null mCspPlmnEnabled=true efMWIS=null efCPHS_MWI=null mEfCff=null mEfCfis=null getOperatorNumeric=null
04-14 11:01:05.450 D/RILJ    ( 3342): [8819]> QUERY_FACILITY_LOCK [FD 7 null]
04-14 11:01:05.450 D/RILJ    ( 3342): [8820]> QUERY_FACILITY_LOCK [SC 7 null]
04-14 11:01:05.470 D/UiccCardApplication( 3342): Creating UiccApp: {APPTYPE_RUIM,APPSTATE_READY}
04-14 11:01:05.470 D/UiccCardApplication( 3342): Notifying 1 registrant: READY
