05-24 15:15:38.110 D/DCT     ( 2738): isDataAllowed: not allowed due to - SIM not loaded - Roaming and data roaming not enabled
05-24 15:15:38.110 D/DCT     ( 2738): [ApnContext:mms] getApnSetting: apnSetting=null
05-24 15:15:38.110 D/DCT     ( 2738): isDataAllowed: not allowed due to - SIM not loaded - Roaming and data roaming not enabled
05-24 15:15:38.110 D/DCT     ( 2738): [ApnContext:cbs] getApnSetting: apnSetting=null
05-24 15:15:38.110 D/DCT     ( 2738): trySetupData: X apnContext not 'ready' retValue=false
05-24 15:15:38.110 D/DCT     ( 2738): setupDataOnConnectableApns: apnContext {mApnType=fota mState=IDLE mWaitingApns={null} mWaitingApnsPermanentFailureCountDown=0 mApnSetting={null} mReason=radioTurnedOff mDataEnabled=false mDependencyMet=true}
05-24 15:15:38.110 D/DCT     ( 2738): setupDataOnConnectableApns: apnContext {mApnType=ims mState=IDLE mWaitingApns={null} mWaitingApnsPermanentFailureCountDown=0 mApnSetting={null} mReason=radioTurnedOff mDataEnabled=false mDependencyMet=true}
05-24 15:15:38.110 D/DCT     ( 2738): setupDataOnConnectableApns: apnContext {mApnType=cbs mState=IDLE mWaitingApns={null} mWaitingApnsPermanentFailureCountDown=0 mApnSetting={null} mReason=radioTurnedOff mDataEnabled=false mDependencyMet=true}
05-24 15:15:38.110 D/DCT     ( 2738): handleMessage msg={ when=-654ms what=270347 obj=android.os.AsyncResult@41911840 target=com.android.internal.telephony.dataconnection.DcTracker }
05-24 15:15:38.110 D/DCT     ( 2738): onRoamingOn: Tear down data connection on roaming.
05-24 15:15:38.110 D/DCT     ( 2738): cleanUpAllConnections: tearDown=true reason=roamingOn
05-24 15:15:38.110 D/DCT     ( 2738): cleanUpConnection: E tearDown=true reason=roamingOn apnContext={mApnType=fota mState=IDLE mWaitingApns={null} mWaitingApnsPermanentFailureCountDown=0 mApnSetting={null} mReason=roamingOn mDataEnabled=false mDependencyMet=true}
05-24 15:15:38.110 D/DCT     ( 2738): cleanUpConnection: X tearDown=true reason=roamingOn apnContext={mApnType=fota mState=IDLE mWaitingApns={null} mWaitingApnsPermanentFailureCountDown=0 mApnSetting={null} mReason=roamingOn mDataEnabled=false mDependencyMet=true} dcac=null
05-24 15:15:38.110 D/DCT     ( 2738): cleanUpConnection: E tearDown=true reason=roamingOn apnContext={mApnType=supl mState=IDLE mWaitingApns={null} mWaitingApnsPermanentFailureCountDown=0 mApnSetting={null} mReason=roamingOn mDataEnabled=false mDependencyMet=true}
05-24 15:15:38.110 D/DCT     ( 2738): cleanUpConnection: X tearDown=true reason=roamingOn apnContext={mApnType=supl mState=IDLE mWaitingApns={null} mWaitingApnsPermanentFailureCountDown=0 mApnSetting={null} mReason=roamingOn mDataEnabled=false mDependencyMet=true} dcac=null
05-24 15:15:38.110 D/DCT     ( 2738): cleanUpConnection: E tearDown=true reason=roamingOn apnContext={mApnType=hipri mState=IDLE mWaitingApns={null} mWaitingApnsPermanentFailureCountDown=0 mApnSetting={null} mReason=roamingOn mDataEnabled=false mDependencyMet=true}
05-24 15:15:38.110 D/DCT     ( 2738): cleanUpConnection: X tearDown=true reason=roamingOn apnContext={mApnType=hipri mState=IDLE mWaitingApns={null} mWaitingApnsPermanentFailureCountDown=0 mApnSetting={null} mReason=roamingOn mDataEnabled=false mDependencyMet=true} dcac=null
05-24 15:15:38.110 D/DCT     ( 2738): cleanUpConnection: E tearDown=true reason=roamingOn apnContext={mApnType=ims mState=IDLE mWaitingApns={null} mWaitingApnsPermanentFailureCountDown=0 mApnSetting={null} mReason=roamingOn mDataEnabled=false mDependencyMet=true}
05-24 15:15:38.110 D/DCT     ( 2738): cleanUpConnection: X tearDown=true reason=roamingOn apnContext={mApnType=ims mState=IDLE mWaitingApns={null} mWaitingApnsPermanentFailureCountDown=0 mApnSetting={null} mReason=roamingOn mDataEnabled=false mDependencyMet=true} dcac=null
05-24 15:15:38.110 D/DCT     ( 2738): cleanUpConnection: E tearDown=true reason=roamingOn apnContext={mApnType=default mState=IDLE mWaitingApns={null} mWaitingApnsPermanentFailureCountDown=0 mApnSetting={null} mReason=roamingOn mDataEnabled=true mDependencyMet=true}
05-24 15:15:38.110 D/DCT     ( 2738): cleanUpConnection: X tearDown=true reason=roamingOn apnContext={mApnType=default mState=IDLE mWaitingApns={null} mWaitingApnsPermanentFailureCountDown=0 mApnSetting={null} mReason=roamingOn mDataEnabled=true mDependencyMet=true} dcac=null
05-24 15:15:38.110 D/DCT     ( 2738): cleanUpConnection: E tearDown=true reason=roamingOn apnContext={mApnType=mms mState=IDLE mWaitingApns={null} mWaitingApnsPermanentFailureCountDown=0 mApnSetting={null} mReason=roamingOn mDataEnabled=false mDependencyMet=true}
05-24 15:15:38.110 D/DCT     ( 2738): cleanUpConnection: X tearDown=true reason=roamingOn apnContext={mApnType=mms mState=IDLE mWaitingApns={null} mWaitingApnsPermanentFailureCountDown=0 mApnSetting={null} mReason=roamingOn mDataEnabled=false mDependencyMet=true} dcac=null
05-24 15:15:38.110 D/DCT     ( 2738): cleanUpConnection: E tearDown=true reason=roamingOn apnContext={mApnType=cbs mState=IDLE mWaitingApns={null} mWaitingApnsPermanentFailureCountDown=0 mApnSetting={null} mReason=roamingOn mDataEnabled=false mDependencyMet=true}
05-24 15:15:38.110 D/DCT     ( 2738): cleanUpConnection: X tearDown=true reason=roamingOn apnContext={mApnType=cbs mState=IDLE mWaitingApns={null} mWaitingApnsPermanentFailureCountDown=0 mApnSetting={null} mReason=roamingOn mDataEnabled=false mDependencyMet=true} dcac=null
05-24 15:15:38.110 D/DCT     ( 2738): stopNetStatPoll
05-24 15:15:38.110 D/DCT     ( 2738): stopDataStallAlarm: current tag=37147 mDataStallAlarmIntent=null
05-24 15:15:38.110 D/DCT     ( 2738): isDataAllowed: not allowed due to - SIM not loaded - Roaming and data roaming not enabled
05-24 15:15:38.110 D/DCT     ( 2738): [ApnContext:fota] getApnSetting: apnSetting=null
05-24 15:15:38.110 D/DCT     ( 2738): isDataAllowed: not allowed due to - SIM not loaded - Roaming and data roaming not enabled
05-24 15:15:38.110 D/DCT     ( 2738): [ApnContext:supl] getApnSetting: apnSetting=null
05-24 15:15:38.110 D/DCT     ( 2738): isDataAllowed: not allowed due to - SIM not loaded - Roaming and data roaming not enabled
05-24 15:15:38.110 D/DCT     ( 2738): [ApnContext:hipri] getApnSetting: apnSetting=null
05-24 15:15:38.110 D/DCT     ( 2738): isDataAllowed: not allowed due to - SIM not loaded - Roaming and data roaming not enabled
05-24 15:15:38.110 D/DCT     ( 2738): [ApnContext:ims] getApnSetting: apnSetting=null
05-24 15:15:38.110 D/DCT     ( 2738): isDataAllowed: not allowed due to - SIM not loaded - Roaming and data roaming not enabled
05-24 15:15:38.110 D/DCT     ( 2738): [ApnContext:mms] getApnSetting: apnSetting=null
05-24 15:15:38.110 D/DCT     ( 2738): isDataAllowed: not allowed due to - SIM not loaded - Roaming and data roaming not enabled
05-24 15:15:38.110 D/DCT     ( 2738): [ApnContext:cbs] getApnSetting: apnSetting=null
05-24 15:15:38.110 D/SIMRecords( 2738): [SIMRecords] fetchSimRecords 0
05-24 15:15:38.110 D/RILJ    ( 2738): [3671]> getIMSI: GET_IMSI aid: null
05-24 15:15:38.110 I/RIL     ( 3095): ------ VendorRIL onRequest: GET_IMSI ------
05-24 15:15:38.110 D/AT      ( 3095): AT> AT+CIMI
05-24 15:15:38.110 D/RILJ    ( 2738): [3672]> iccIO: SIM_IO 0xc0 0x2fe2  path: 3F00,0,0,15 aid: null
05-24 15:15:38.110 D/RILJ    ( 2738): [3673]> iccIO: SIM_IO 0xc0 0x6f40  path: 3F007F10,0,0,15 aid: null
05-24 15:15:38.110 D/RILJ    ( 2738): [3674]> iccIO: SIM_IO 0xc0 0x6fc9  path: 3F007F20,0,0,15 aid: null
05-24 15:15:38.110 D/RILJ    ( 2738): [3675]> iccIO: SIM_IO 0xc0 0x6fad  path: 3F007F20,0,0,15 aid: null
05-24 15:15:38.110 D/RILJ    ( 2738): [3676]> iccIO: SIM_IO 0xc0 0x6fca  path: 3F007F20,0,0,15 aid: null
05-24 15:15:38.110 D/RILJ    ( 2738): [3677]> iccIO: SIM_IO 0xc0 0x6f11  path: 3F007F20,0,0,15 aid: null
05-24 15:15:38.110 D/RILJ    ( 2738): [3678]> iccIO: SIM_IO 0xc0 0x6fcb  path: 3F007F20,0,0,15 aid: null
05-24 15:15:38.110 D/RILJ    ( 2738): [3679]> iccIO: SIM_IO 0xc0 0x6f13  path: 3F007F20,0,0,15 aid: null
05-24 15:15:38.110 D/RILJ    ( 2738): [3680]> iccIO: SIM_IO 0xc0 0x6f46  path: 3F007F20,0,0,15 aid: null
05-24 15:15:38.110 D/RILJ    ( 2738): [3681]> iccIO: SIM_IO 0xc0 0x6fcd  path: 3F007F20,0,0,15 aid: null
05-24 15:15:38.110 D/RILJ    ( 2738): [3682]> iccIO: SIM_IO 0xc0 0x6fc5  path: 3F007F20,0,0,15 aid: null
05-24 15:15:38.110 D/RILJ    ( 2738): [3683]> iccIO: SIM_IO 0xc0 0x6f38  path: 3F007F20,0,0,15 aid: null
05-24 15:15:38.110 D/RILJ    ( 2738): [3684]> iccIO: SIM_IO 0xc0 0x6f16  path: 3F007F20,0,0,15 aid: null
05-24 15:15:38.110 D/RILJ    ( 2738): [3685]> iccIO: SIM_IO 0xc0 0x6f15  path: 3F007F20,0,0,15 aid: null
05-24 15:15:38.110 D/RILJ    ( 2738): [3686]> iccIO: SIM_IO 0xc0 0x6f3e  path: 3F007F20,0,0,15 aid: null
05-24 15:15:38.110 D/SIMRecords( 2738): [SIMRecords] fetchSimRecords 16 requested: true
05-24 15:15:38.110 D/RuimRecords( 2738): [RuimRecords] fetchRuimRecords 0
05-24 15:15:38.110 D/RILJ    ( 2738): [3687]> getIMSI: GET_IMSI aid: null
05-24 15:15:38.110 D/RILJ    ( 2738): [3688]> iccIO: SIM_IO 0xc0 0x2fe2  path: 3F00,0,0,15 aid: null
05-24 15:15:38.110 D/RILJ    ( 2738): [3689]> iccIO: SIM_IO 0xc0 0x2f05  path: 3F00,0,0,15 aid: null
05-24 15:15:38.110 D/RILJ    ( 2738): [3690]> iccIO: SIM_IO 0xc0 0x6f3a  path: 3F007F25,0,0,15 aid: null
05-24 15:15:38.110 D/RILJ    ( 2738): [3691]> iccIO: SIM_IO 0xc0 0x6f41  path: 3F007F25,0,0,15 aid: null
05-24 15:15:38.110 D/RILJ    ( 2738): [3692]> iccIO: SIM_IO 0xc0 0x6f44  path: 3F007F25,0,0,15 aid: null
05-24 15:15:38.110 D/RILJ    ( 2738): [3693]> iccIO: SIM_IO 0xc0 0x6f22  path: 3F007F25,0,0,15 aid: null
05-24 15:15:38.110 D/RILJ    ( 2738): [3694]> iccIO: SIM_IO 0xc0 0x6f28  path: 3F007F25,0,0,15 aid: null
05-24 15:15:38.110 D/RILJ    ( 2738): [3695]> iccIO: SIM_IO 0xb0 0x6f5a  path: 3F007F25,0,0,4 aid: null
05-24 15:15:38.110 D/RuimRecords( 2738): [RuimRecords] fetchRuimRecords 9 requested: true
05-24 15:15:38.110 D/RILJ    ( 2738): [3696]> RIL_REQUEST_CDMA_SUBSCRIPTION
05-24 15:15:38.110 D/CAT     ( 2738): CatService: SIM ready. Reporting STK service running now...
05-24 15:15:38.110 D/RILJ    ( 2738): [3697]> RIL_REQUEST_REPORT_STK_SERVICE_IS_RUNNING
05-24 15:15:38.110 D/GSMPhone( 2738): [GSMPhone] New Uicc application found
05-24 15:15:38.110 D/GsmSST  ( 2738): [GsmSST] New card found
05-24 15:15:38.110 D/UiccCardApplication( 2738): Notifying 1 registrant: READY
05-24 15:15:38.110 D/DCT     ( 2738): handleMessage msg={ when=-718ms what=270369 obj=android.os.AsyncResult@41929210 target=com.android.internal.telephony.dataconnection.DcTracker }
05-24 15:15:38.110 D/DCT     ( 2738): New records found
05-24 15:15:38.110 D/GsmSMSDispatcher( 2738): New Uicc application found
05-24 15:15:38.110 D/IccCardProxy( 2738): Icc changed. Reregestering.
05-24 15:15:38.110 D/UiccCardApplication( 2738): Notifying 1 registrant: READY
05-24 15:15:38.110 D/IccCardProxy( 2738): Broadcasting intent ACTION_SIM_STATE_CHANGED READY reason null
05-24 15:15:38.110 D/RILJ    ( 2738): setCurrentPreferredNetworkType: 1
05-24 15:15:38.110 D/RILJ    ( 2738): [3698]> REQUEST_SET_PREFERRED_NETWORK_TYPE : 1
05-24 15:15:38.110 D/RILJ    ( 2738): [3699]> SET_NETWORK_SELECTION_MANUAL 302720
05-24 15:15:38.110 D/RILJ    ( 2738): [3700]> OPERATOR
05-24 15:15:38.110 D/RILJ    ( 2738): [3701]> DATA_REGISTRATION_STATE
05-24 15:15:38.110 D/RILJ    ( 2738): [3702]> VOICE_REGISTRATION_STATE
05-24 15:15:38.110 D/RILJ    ( 2738): [3703]> QUERY_NETWORK_SELECTION_MODE
05-24 15:15:40.019 D/AT      ( 3095): AT< 302370602284779
05-24 15:15:40.019 D/AT      ( 3095): AT< OK
05-24 15:15:40.019 I/RIL     ( 3095): ------ VendorRIL onRequest: SIM_IO ------
05-24 15:15:40.019 D/AT      ( 3095): AT> AT+CRSM=192,12258,0,0,15
05-24 15:15:40.019 D/RILJ    ( 2738): [3671]< GET_IMSI 
05-24 15:15:40.019 D/SIMRecords( 2738): [SIMRecords] IMSI: xxxxxxx
05-24 15:15:40.019 D/SIMRecords( 2738): [SIMRecords] onRecordLoaded 15 requested: true
05-24 15:15:40.019 D/IccCardProxy( 2738): Broadcasting intent ACTION_SIM_STATE_CHANGED IMSI reason null
05-24 15:15:40.029 D/AT      ( 3095): AT< +CRSM: 144,0,0000000A2FE20400FFF0AA04020000
05-24 15:15:40.029 D/AT      ( 3095): AT< OK
05-24 15:15:40.029 I/RIL     ( 3095): ------ VendorRIL onRequest: SIM_IO ------
05-24 15:15:40.029 D/AT      ( 3095): AT> AT+CRSM=192,28480,0,0,15
05-24 15:15:40.029 D/RILJ    ( 2738): [3672]< SIM_IO IccIoResponse sw1:0x90 sw2:0x0
05-24 15:15:40.029 D/RILJ    ( 2738): [3704]> iccIO: SIM_IO 0xb0 0x2fe2  path: 3F00,0,0,10 aid: null
05-24 15:15:40.029 D/AT      ( 3095): AT< +CRSM: 144,0,000000806F40040011F0AA04020120
05-24 15:15:40.029 D/AT      ( 3095): AT< OK
05-24 15:15:40.029 I/RIL     ( 3095): ------ VendorRIL onRequest: SIM_IO ------
05-24 15:15:40.029 D/AT      ( 3095): AT> AT+CRSM=192,28617,0,0,15
05-24 15:15:40.039 D/RILJ    ( 2738): [3673]< SIM_IO IccIoResponse sw1:0x90 sw2:0x0
05-24 15:15:40.039 D/RILJ    ( 2738): [3705]> iccIO: SIM_IO 0xb2 0x6f40  path: 3F007F10,1,4,32 aid: null
05-24 15:15:40.049 D/AT      ( 3095): AT< +CRSM: 144,0,000000186FC9040011F0AA0402010C
05-24 15:15:40.049 D/AT      ( 3095): AT< OK
05-24 15:15:40.049 I/RIL     ( 3095): ------ VendorRIL onRequest: SIM_IO ------
05-24 15:15:40.049 D/AT      ( 3095): AT> AT+CRSM=192,28589,0,0,15
05-24 15:15:40.049 D/RILJ    ( 2738): [3674]< SIM_IO IccIoResponse sw1:0x90 sw2:0x0
05-24 15:15:40.049 D/RILJ    ( 2738): [3706]> iccIO: SIM_IO 0xb2 0x6fc9  path: 3F007F20,1,4,12 aid: null
05-24 15:15:40.059 D/AT      ( 3095): AT< +CRSM: 144,0,000000046FAD04000AF0AA04020000
05-24 15:15:40.059 D/AT      ( 3095): AT< OK
05-24 15:15:40.220 I/RIL     ( 3095): ------ VendorRIL onRequest: SIM_IO ------
05-24 15:15:40.220 D/AT      ( 3095): AT> AT+CRSM=192,28618,0,0,15
05-24 15:15:40.220 D/RILJ    ( 2738): [3675]< SIM_IO IccIoResponse sw1:0x90 sw2:0x0
05-24 15:15:40.230 D/RILJ    ( 2738): [3707]> iccIO: SIM_IO 0xb0 0x6fad  path: 3F007F20,0,0,4 aid: null
05-24 15:15:40.230 D/AT      ( 3095): AT< +CRSM: 144,0,0000000A6FCA040011F0AA04020105
05-24 15:15:40.230 D/AT      ( 3095): AT< OK
05-24 15:15:40.230 I/RIL     ( 3095): ------ VendorRIL onRequest: SIM_IO ------
05-24 15:15:40.230 D/AT      ( 3095): AT> AT+CRSM=192,28433,0,0,15
05-24 15:15:40.230 D/RILJ    ( 2738): [3676]< SIM_IO IccIoResponse sw1:0x90 sw2:0x0
05-24 15:15:40.240 D/RILJ    ( 2738): [3708]> iccIO: SIM_IO 0xb2 0x6fca  path: 3F007F20,1,4,5 aid: null
05-24 15:15:40.270 D/AT      ( 3095): AT< +CRSM: 148,4
05-24 15:15:40.270 D/AT      ( 3095): AT< ERROR
05-24 15:15:40.270 I/RIL     ( 3095): ------ VendorRIL onRequest: SIM_IO ------
05-24 15:15:40.270 D/AT      ( 3095): AT> AT+CRSM=192,28619,0,0,15
05-24 15:15:40.270 D/RilRequest( 2738): [3677]< SIM_IO error: com.android.internal.telephony.CommandException: GENERIC_FAILURE ret=
05-24 15:15:40.270 D/AT      ( 3095): AT< +CRSM: 144,0,000000206FCB040011F0AA04020110
05-24 15:15:40.270 D/AT      ( 3095): AT< OK
05-24 15:15:40.270 I/RIL     ( 3095): ------ VendorRIL onRequest: SIM_IO ------
05-24 15:15:40.270 D/AT      ( 3095): AT> AT+CRSM=192,28435,0,0,15
05-24 15:15:40.270 D/RILJ    ( 2738): [3678]< SIM_IO IccIoResponse sw1:0x90 sw2:0x0
05-24 15:15:40.270 D/RILJ    ( 2738): [3709]> iccIO: SIM_IO 0xb2 0x6fcb  path: 3F007F20,1,4,16 aid: null
05-24 15:15:40.270 D/SIMRecords( 2738): [SIMRecords] onRecordLoaded 14 requested: true
05-24 15:15:40.300 D/AT      ( 3095): AT< +CRSM: 148,4
05-24 15:15:40.300 D/AT      ( 3095): AT< ERROR
05-24 15:15:40.300 I/RIL     ( 3095): ------ VendorRIL onRequest: SIM_IO ------
05-24 15:15:40.300 D/AT      ( 3095): AT> AT+CRSM=192,28486,0,0,15
05-24 15:15:40.300 D/RilRequest( 2738): [3679]< SIM_IO error: com.android.internal.telephony.CommandException: GENERIC_FAILURE ret=
05-24 15:15:40.300 D/SIMRecords( 2738): [SIMRecords] onRecordLoaded 13 requested: true
05-24 15:15:40.310 D/AT      ( 3095): AT< +CRSM: 144,0,000000116F4604000AF0AA04020000
05-24 15:15:40.310 D/AT      ( 3095): AT< OK
05-24 15:15:40.310 I/RIL     ( 3095): ------ VendorRIL onRequest: SIM_IO ------
05-24 15:15:40.310 D/AT      ( 3095): AT> AT+CRSM=192,28621,0,0,15
05-24 15:15:40.310 D/RILJ    ( 2738): [3680]< SIM_IO IccIoResponse sw1:0x90 sw2:0x0
05-24 15:15:40.310 D/RILJ    ( 2738): [3710]> iccIO: SIM_IO 0xb0 0x6f46  path: 3F007F20,0,0,17 aid: null
05-24 15:15:40.320 D/AT      ( 3095): AT< +CRSM: 144,0,000000136FCD04001AF0AA04020000
05-24 15:15:40.320 D/AT      ( 3095): AT< OK
05-24 15:15:40.320 I/RIL     ( 3095): ------ VendorRIL onRequest: SIM_IO ------
05-24 15:15:40.320 D/AT      ( 3095): AT> AT+CRSM=192,28613,0,0,15
05-24 15:15:40.320 D/RILJ    ( 2738): [3681]< SIM_IO IccIoResponse sw1:0x90 sw2:0x0
05-24 15:15:40.320 D/RILJ    ( 2738): [3711]> iccIO: SIM_IO 0xb0 0x6fcd  path: 3F007F20,0,0,19 aid: null
05-24 15:15:40.320 D/AT      ( 3095): AT< +CRSM: 144,0,000000A06FC504000AF0AA04020114
05-24 15:15:40.320 D/AT      ( 3095): AT< OK
05-24 15:15:40.320 I/RIL     ( 3095): ------ VendorRIL onRequest: SIM_IO ------
05-24 15:15:40.320 D/AT      ( 3095): AT> AT+CRSM=192,28472,0,0,15
05-24 15:15:40.330 D/RILJ    ( 2738): [3682]< SIM_IO IccIoResponse sw1:0x90 sw2:0x0
05-24 15:15:40.330 D/RILJ    ( 2738): [3712]> iccIO: SIM_IO 0xb2 0x6fc5  path: 3F007F20,1,4,20 aid: null
05-24 15:15:40.330 D/AT      ( 3095): AT< +CRSM: 144,0,0000000B6F3804001AF0AA04020000
05-24 15:15:40.330 D/AT      ( 3095): AT< OK
05-24 15:15:40.330 I/RIL     ( 3095): ------ VendorRIL onRequest: SIM_IO ------
05-24 15:15:40.330 D/AT      ( 3095): AT> AT+CRSM=192,28438,0,0,15
05-24 15:15:40.330 D/RILJ    ( 2738): [3683]< SIM_IO IccIoResponse sw1:0x90 sw2:0x0
05-24 15:15:40.330 D/RILJ    ( 2738): [3713]> iccIO: SIM_IO 0xb0 0x6f38  path: 3F007F20,0,0,11 aid: null
05-24 15:15:40.340 D/AT      ( 3095): AT< +CRSM: 144,0,000000036F1604001AA0AA04020000
05-24 15:15:40.340 D/AT      ( 3095): AT< OK
05-24 15:15:40.340 I/RIL     ( 3095): ------ VendorRIL onRequest: SIM_IO ------
05-24 15:15:40.340 D/AT      ( 3095): AT> AT+CRSM=192,28437,0,0,15
05-24 15:15:40.340 D/RILJ    ( 2738): [3684]< SIM_IO IccIoResponse sw1:0x90 sw2:0x0
05-24 15:15:40.340 D/RILJ    ( 2738): [3714]> iccIO: SIM_IO 0xb0 0x6f16  path: 3F007F20,0,0,3 aid: null
05-24 15:15:40.349 D/AT      ( 3095): AT< +CRSM: 144,0,0000001A6F15040011A0AA04020000
05-24 15:15:40.349 D/AT      ( 3095): AT< OK
05-24 15:15:40.349 I/RIL     ( 3095): ------ VendorRIL onRequest: SIM_IO ------
05-24 15:15:40.349 D/AT      ( 3095): AT> AT+CRSM=192,28478,0,0,15
05-24 15:15:40.349 D/RILJ    ( 2738): [3685]< SIM_IO IccIoResponse sw1:0x90 sw2:0x0
05-24 15:15:40.349 D/RILJ    ( 2738): [3715]> iccIO: SIM_IO 0xb0 0x6f15  path: 3F007F20,0,0,26 aid: null
05-24 15:15:40.359 D/AT      ( 3095): AT< +CRSM: 144,0,000000016F3E04001AF0AA04020000
05-24 15:15:40.359 D/AT      ( 3095): AT< OK
05-24 15:15:40.359 I/RIL     ( 3095): ------ VendorRIL onRequest: GET_IMSI ------
05-24 15:15:40.359 D/AT      ( 3095): AT> AT+CIMI
05-24 15:15:40.359 D/RILJ    ( 2738): [3686]< SIM_IO IccIoResponse sw1:0x90 sw2:0x0
05-24 15:15:40.359 D/RILJ    ( 2738): [3716]> iccIO: SIM_IO 0xb0 0x6f3e  path: 3F007F20,0,0,1 aid: null
05-24 15:15:40.369 D/AT      ( 3095): AT< 302370602284779
05-24 15:15:40.369 D/AT      ( 3095): AT< OK
05-24 15:15:40.369 I/RIL     ( 3095): ------ VendorRIL onRequest: SIM_IO ------
05-24 15:15:40.369 D/AT      ( 3095): AT> AT+CRSM=192,12258,0,0,15
05-24 15:15:40.369 D/RILJ    ( 2738): [3687]< GET_IMSI 
05-24 15:15:40.369 D/RuimRecords( 2738): [RuimRecords] IMSI: 302370xxxxxxxxx
05-24 15:15:40.379 D/AT      ( 3095): AT< +CRSM: 144,0,0000000A2FE20400FFF0AA04020000
05-24 15:15:40.379 D/AT      ( 3095): AT< OK
05-24 15:15:40.379 I/RIL     ( 3095): ------ VendorRIL onRequest: SIM_IO ------
05-24 15:15:40.379 D/AT      ( 3095): AT> AT+CRSM=192,12037,0,0,15
05-24 15:15:40.379 D/AT      ( 3095): AT< +CRSM: 144,0,0000000A2F05040001F0AA04020000
05-24 15:15:40.379 D/AT      ( 3095): AT< OK
05-24 15:15:40.379 I/RIL     ( 3095): ------ VendorRIL onRequest: SIM_IO ------
05-24 15:15:40.379 D/AT      ( 3095): AT> AT+CRSM=192,28474,0,0,15
05-24 15:15:40.390 D/RILJ    ( 2738): [3688]< SIM_IO IccIoResponse sw1:0x90 sw2:0x0
05-24 15:15:40.390 D/RILJ    ( 2738): [3689]< SIM_IO IccIoResponse sw1:0x90 sw2:0x0
05-24 15:15:40.390 D/AT      ( 3095): AT< +CRSM: 144,0,00001F404F3A040011F0AA04020120
05-24 15:15:40.390 D/AT      ( 3095): AT< OK
05-24 15:15:40.390 I/RIL     ( 3095): ------ VendorRIL onRequest: SIM_IO ------
05-24 15:15:40.390 D/AT      ( 3095): AT> AT+CRSM=192,28481,0,0,15
05-24 15:15:40.410 D/AT      ( 3095): AT< +CRSM: 148,4
05-24 15:15:40.410 D/AT      ( 3095): AT< ERROR
05-24 15:15:40.410 I/RIL     ( 3095): ------ VendorRIL onRequest: SIM_IO ------
05-24 15:15:40.410 D/AT      ( 3095): AT> AT+CRSM=192,28484,0,0,15
05-24 15:15:40.420 D/RILJ    ( 2738): [3690]< SIM_IO IccIoResponse sw1:0x90 sw2:0x0
05-24 15:15:40.420 D/RilRequest( 2738): [3691]< SIM_IO error: com.android.internal.telephony.CommandException: GENERIC_FAILURE ret=
05-24 15:15:40.420 D/AT      ( 3095): AT< +CRSM: 144,0,000001406F44044011F0AA04020320
05-24 15:15:40.420 D/AT      ( 3095): AT< OK
05-24 15:15:40.420 I/RIL     ( 3095): ------ VendorRIL onRequest: SIM_IO ------
05-24 15:15:40.420 D/AT      ( 3095): AT> AT+CRSM=192,28450,0,0,15
05-24 15:15:40.420 D/AT      ( 3095): AT< ERROR
05-24 15:15:40.420 I/RIL     ( 3095): ------ VendorRIL onRequest: SIM_IO ------
05-24 15:15:40.420 D/AT      ( 3095): AT> AT+CRSM=192,28456,0,0,15
05-24 15:15:40.430 D/RILJ    ( 2738): [3692]< SIM_IO IccIoResponse sw1:0x90 sw2:0x0
05-24 15:15:40.430 D/RilRequest( 2738): [3693]< SIM_IO error: com.android.internal.telephony.CommandException: GENERIC_FAILURE ret=
05-24 15:15:40.430 D/AT      ( 3095): AT< ERROR
05-24 15:15:40.430 I/RIL     ( 3095): ------ VendorRIL onRequest: SIM_IO ------
05-24 15:15:40.430 D/AT      ( 3095): AT> AT+CRSM=176,28506,0,0,4
05-24 15:15:40.439 D/RilRequest( 2738): [3694]< SIM_IO error: com.android.internal.telephony.CommandException: GENERIC_FAILURE ret=
05-24 15:15:40.439 D/AT      ( 3095): AT< ERROR
05-24 15:15:40.439 I/RIL     ( 3095): ------ VendorRIL onRequest: CDMA_SUBSCRIPTION ------
05-24 15:15:40.439 I/RIL     ( 3095): ------ VendorRIL onRequest: REPORT_STK_SERVICE_IS_RUNNING ------
05-24 15:15:40.439 I/RIL     ( 3095): --- VendorRIL not supported: RIL_REQUEST_REPORT_STK_SERVICE_IS_RUNNING ---
05-24 15:15:40.439 I/RIL     ( 3095): ------ VendorRIL onRequest: SET_PREFERRED_NETWORK_TYPE ------
05-24 15:15:40.439 D/RIL     ( 3095): requestSetPreferredNetworkType: current: 1. New: 1
05-24 15:15:40.439 I/RIL     ( 3095): ------ VendorRIL onRequest: SET_NETWORK_SELECTION_MANUAL ------
05-24 15:15:40.439 D/RIL     ( 3095): >> requestSetNetworkSelectionManual 302720
05-24 15:15:40.439 I/RIL     ( 3095): ------ VendorRIL onRequest: OPERATOR ------
05-24 15:15:40.439 D/AT      ( 3095): AT> AT+COPS=3,0;+COPS?;+COPS=3,1;+COPS?;+COPS=3,2;+COPS?
05-24 15:15:40.439 D/RilRequest( 2738): [3695]< SIM_IO error: com.android.internal.telephony.CommandException: GENERIC_FAILURE ret=
05-24 15:15:40.439 D/RilRequest( 2738): [3696]< RIL_REQUEST_CDMA_SUBSCRIPTION error: com.android.internal.telephony.CommandException: MODE_NOT_SUPPORTED ret=
05-24 15:15:40.439 D/RILJ    ( 2738): [3698]< REQUEST_SET_PREFERRED_NETWORK_TYPE 
05-24 15:15:40.439 D/RILJ    ( 2738): [3699]< SET_NETWORK_SELECTION_MANUAL 
05-24 15:15:40.929 D/AT      ( 3095): AT< +COPS: 0,0,"CAN Rogers Wirel",0
05-24 15:15:40.929 D/AT      ( 3095): AT< +COPS: 0,1,"ROGERS",0
05-24 15:15:40.929 D/AT      ( 3095): AT< +COPS: 0,2,"302720",0
05-24 15:15:40.929 D/AT      ( 3095): AT< OK
05-24 15:15:40.929 D/RIL     ( 3095): [VendorRIL] requestOperator result: [0] = CAN Rogers Wirel
05-24 15:15:40.929 D/RIL     ( 3095): [VendorRIL] requestOperator result: [1] = ROGERS
05-24 15:15:40.929 D/RIL     ( 3095): [VendorRIL] requestOperator result: [2] = 302720
05-24 15:15:40.929 I/RIL     ( 3095): ------ VendorRIL onRequest: DATA_REGISTRATION_STATE ------
05-24 15:15:40.929 D/RIL     ( 3095): VendorRIL: requestRegistrationState >>>>>>>>>
05-24 15:15:40.929 D/AT      ( 3095): AT> AT+CGREG?
05-24 15:15:40.929 D/AT      ( 3095): AT< +CGREG: 1,5
05-24 15:15:40.929 D/AT      ( 3095): AT< OK
05-24 15:15:40.929 D/RIL     ( 3095): [DATA_REGISTRATION] response=+CGREG: 1,5
05-24 15:15:40.929 D/RIL     ( 3095): parseRegistrationState. Parsing: +CGREG: 1,5
05-24 15:15:40.929 D/RIL     ( 3095): registration state type: 3GPP
05-24 15:15:40.929 I/RIL     ( 3095): ------ VendorRIL onRequest: VOICE_REGISTRATION_STATE ------
05-24 15:15:40.929 D/RIL     ( 3095): VendorRIL: requestRegistrationState >>>>>>>>>
05-24 15:15:40.929 D/AT      ( 3095): AT> AT+CREG?
05-24 15:15:40.929 D/AT      ( 3095): AT< +CREG: 2,5, 700D0, 2136
05-24 15:15:40.929 D/AT      ( 3095): AT< OK
05-24 15:15:40.929 D/RIL     ( 3095): [VOICE_REGISTRATION] response=+CREG: 2,5, 700D0, 2136
05-24 15:15:40.929 D/RIL     ( 3095): parseRegistrationState. Parsing: +CREG: 2,5, 700D0, 2136
05-24 15:15:40.929 D/RIL     ( 3095): registration state type: 3GPP
05-24 15:15:40.929 I/RIL     ( 3095): ------ VendorRIL onRequest: QUERY_NETWORK_SELECTION_MODE ------
05-24 15:15:40.929 D/AT      ( 3095): AT> AT+COPS?
05-24 15:15:40.929 D/RILJ    ( 2738): [3700]< OPERATOR {CAN Rogers Wirel, ROGERS, 302720}
05-24 15:15:40.929 D/RILJ    ( 2738): [3701]< DATA_REGISTRATION_STATE {5, ffffffff, ffffffff, null, null, null}
05-24 15:15:40.939 D/AT      ( 3095): AT< +COPS: 0,2,"302720",0
05-24 15:15:40.939 D/AT      ( 3095): AT< OK
05-24 15:15:40.939 D/RIL     ( 3095): >>> QueryNetworkSelectionMode, response=0
05-24 15:15:40.939 I/RIL     ( 3095): ------ VendorRIL onRequest: SIM_IO ------
05-24 15:15:40.939 D/AT      ( 3095): AT> AT+CRSM=176,12258,0,0,10
05-24 15:15:40.939 D/RILJ    ( 2738): [3702]< VOICE_REGISTRATION_STATE {5, 700d0, 2136, 0, null, null, null, null, null, null, null, null, null, null, null}
05-24 15:15:40.939 D/RILJ    ( 2738): [3703]< QUERY_NETWORK_SELECTION_MODE {0}
05-24 15:15:40.950 D/RuimRecords( 2738): [RuimRecords] onRecordLoaded 8 requested: true
05-24 15:15:40.950 D/RILJ    ( 2738): [3717]> iccIO: SIM_IO 0xb0 0x2fe2  path: 3F00,0,0,10 aid: null
05-24 15:15:40.950 D/RILJ    ( 2738): [3718]> iccIO: SIM_IO 0xb0 0x2f05  path: 3F00,0,0,10 aid: null
05-24 15:15:40.950 D/AT      ( 3095): AT< +CRSM: 144,0,98033207130360835283
05-24 15:15:40.950 D/AT      ( 3095): AT< OK
05-24 15:15:40.950 I/RIL     ( 3095): ------ VendorRIL onRequest: SIM_IO ------
05-24 15:15:40.950 D/AT      ( 3095): AT> AT+CRSM=178,28480,1,4,32
05-24 15:15:40.950 D/RILJ    ( 2738): [3704]< SIM_IO IccIoResponse sw1:0x90 sw2:0x0
05-24 15:15:40.960 E/GsmSST  ( 2738): [GsmSST] error parsing GprsRegistrationState: java.lang.NumberFormatException: Invalid int: "null"
05-24 15:15:40.960 D/PHONE   ( 2738): [ServiceState] setDataRegState=0
05-24 15:15:40.960 D/PHONE   ( 2738): [ServiceState] setDataRadioTechnology=0
05-24 15:15:40.960 D/GsmSST  ( 2738): [GsmSST] handlPollStateResultMessage: GsmSST setDataRegState=0 regState=5 dataRadioTechnology=0
05-24 15:15:40.960 D/PHONE   ( 2738): [ServiceState] setVoiceRegState=0
05-24 15:15:40.960 E/PHONE   ( 2738): [ServiceState] setState deprecated use setVoiceRegState()
05-24 15:15:40.960 D/GsmSST  ( 2738): [GsmSST] Poll ServiceState done:  oldSS=[0 0 roaming CAN Rogers Wirel ROGERS 302720  none none CSS not supported -1 -1 RoamInd=-1 DefRoamInd=-1 EmergOnly=false] newSS=[0 0 roaming CAN Rogers Wirel ROGERS 302720  none none CSS not supported -1 -1 RoamInd=-1 DefRoamInd=-1 EmergOnly=false] oldMaxDataCalls=1 mNewMaxDataCalls=1 oldReasonDataDenied=-1 mNewReasonDataDenied=-1
05-24 15:15:40.960 D/PHONE   ( 2738): [ServiceState] setNullState=1
05-24 15:15:40.960 D/RuimRecords( 2738): [RuimRecords] EF_CSIM_LI LOADED
05-24 15:15:40.960 E/RuimRecords( 2738): [RuimRecords] Record Load Exception: com.android.internal.telephony.uicc.IccFileTypeMismatch
05-24 15:15:40.960 D/RuimRecords( 2738): [RuimRecords] onRecordLoaded 7 requested: true
05-24 15:15:40.960 D/RuimRecords( 2738): [RuimRecords] EF_CSIM_SPN LOADED
05-24 15:15:40.960 E/RuimRecords( 2738): [RuimRecords] Record Load Exception: com.android.internal.telephony.CommandException: GENERIC_FAILURE
05-24 15:15:40.960 D/RuimRecords( 2738): [RuimRecords] onRecordLoaded 6 requested: true
05-24 15:15:40.960 D/RuimRecords( 2738): [RuimRecords] EF_CSIM_MDN LOADED
05-24 15:15:40.960 E/RuimRecords( 2738): [RuimRecords] Record Load Exception: com.android.internal.telephony.uicc.IccFileTypeMismatch
05-24 15:15:40.960 D/RuimRecords( 2738): [RuimRecords] onRecordLoaded 5 requested: true
05-24 15:15:40.960 D/RuimRecords( 2738): [RuimRecords] EF_CSIM_IMSIM LOADED
05-24 15:15:40.960 E/RuimRecords( 2738): [RuimRecords] Record Load Exception: com.android.internal.telephony.CommandException: GENERIC_FAILURE
05-24 15:15:40.960 D/RuimRecords( 2738): [RuimRecords] onRecordLoaded 4 requested: true
05-24 15:15:40.960 D/RuimRecords( 2738): [RuimRecords] EF_CSIM_CDMAHOME LOADED
05-24 15:15:40.960 E/RuimRecords( 2738): [RuimRecords] Record Load Exception: com.android.internal.telephony.CommandException: GENERIC_FAILURE
05-24 15:15:40.960 D/RuimRecords( 2738): [RuimRecords] onRecordLoaded 3 requested: true
05-24 15:15:40.960 D/RuimRecords( 2738): [RuimRecords] EF_CSIM_EPRL LOADED
05-24 15:15:40.960 E/RuimRecords( 2738): [RuimRecords] Record Load Exception: com.android.internal.telephony.CommandException: GENERIC_FAILURE
05-24 15:15:41.749 D/AT      ( 3095): AT< +CRSM: 144,0,FFFFFFFFFFFFFFFFFFFFFFFFFFFFFFFFFFFF07915141655908F0FFFFFFFFFFFF
05-24 15:15:41.749 D/AT      ( 3095): AT< OK
05-24 15:15:41.749 D/RILJ    ( 2738): [3705]< SIM_IO IccIoResponse sw1:0x90 sw2:0x0
05-24 15:15:41.769 D/RuimRecords( 2738): [RuimRecords] onRecordLoaded 2 requested: true
05-24 15:15:41.790 I/RIL     ( 3095): ------ VendorRIL onRequest: SIM_IO ------
05-24 15:15:41.790 D/AT      ( 3095): AT> AT+CRSM=178,28617,1,4,12
05-24 15:15:41.810 D/SIMRecords( 2738): [SIMRecords] iccid: 89302370313006382538
05-24 15:15:41.810 D/SIMRecords( 2738): [SIMRecords] onRecordLoaded 12 requested: true
05-24 15:15:41.820 D/AT      ( 3095): AT< +CRSM: 144,0,010000000000000000000000
05-24 15:15:41.820 D/AT      ( 3095): AT< OK
05-24 15:15:41.820 I/RIL     ( 3095): ------ VendorRIL onRequest: SIM_IO ------
05-24 15:15:41.820 D/AT      ( 3095): AT> AT+CRSM=176,28589,0,0,4
05-24 15:15:41.820 D/RILJ    ( 2738): [3706]< SIM_IO IccIoResponse sw1:0x90 sw2:0x0
05-24 15:15:41.830 D/AT      ( 3095): AT< +CRSM: 144,0,00000003
05-24 15:15:41.830 D/AT      ( 3095): AT< OK
05-24 15:15:41.830 I/RIL     ( 3095): ------ VendorRIL onRequest: SIM_IO ------
05-24 15:15:41.830 D/AT      ( 3095): AT> AT+CRSM=178,28618,1,4,5
05-24 15:15:41.830 D/RILJ    ( 2738): [3707]< SIM_IO IccIoResponse sw1:0x90 sw2:0x0
05-24 15:15:41.839 D/AT      ( 3095): AT< +CRSM: 144,0,0000000000
05-24 15:15:41.839 D/AT      ( 3095): AT< OK
05-24 15:15:41.839 I/RIL     ( 3095): ------ VendorRIL onRequest: SIM_IO ------
05-24 15:15:41.839 D/AT      ( 3095): AT> AT+CRSM=178,28619,1,4,16
05-24 15:15:41.849 D/RILJ    ( 2738): [3708]< SIM_IO IccIoResponse sw1:0x90 sw2:0x0
05-24 15:15:41.859 D/SIMRecords( 2738): [SIMRecords] MSISDN: xxxxxxx
05-24 15:15:41.859 D/SIMRecords( 2738): [SIMRecords] onRecordLoaded 11 requested: true
05-24 15:15:41.859 D/SIMRecords( 2738): [SIMRecords] EF_MBI: 010000000000000000000000
05-24 15:15:41.859 D/SIMRecords( 2738): [SIMRecords] Got valid mailbox number for MBDN
05-24 15:15:41.859 D/RILJ    ( 2738): [3719]> iccIO: SIM_IO 0xc0 0x6fc7  path: 3F007F20,0,0,15 aid: null
05-24 15:15:41.859 D/SIMRecords( 2738): [SIMRecords] onRecordLoaded 11 requested: true
05-24 15:15:41.859 D/SIMRecords( 2738): [SIMRecords] EF_AD: 00000003
05-24 15:15:41.859 D/AT      ( 3095): AT< +CRSM: 144,0,0100FFFFFFFFFFFFFFFFFFFFFFFFFFFF
05-24 15:15:41.859 D/AT      ( 3095): AT< OK
05-24 15:15:41.859 I/RIL     ( 3095): ------ VendorRIL onRequest: SIM_IO ------
05-24 15:15:41.859 D/AT      ( 3095): AT> AT+CRSM=176,28486,0,0,17
05-24 15:15:41.859 D/RILJ    ( 2738): [3709]< SIM_IO IccIoResponse sw1:0x90 sw2:0x0
05-24 15:15:41.870 D/AT      ( 3095): AT< +CRSM: 144,0,00FFFFFFFFFFFFFFFFFFFFFFFFFFFFFFFF
05-24 15:15:41.870 D/AT      ( 3095): AT< OK
05-24 15:15:41.870 I/RIL     ( 3095): ------ VendorRIL onRequest: SIM_IO ------
05-24 15:15:41.870 D/AT      ( 3095): AT> AT+CRSM=176,28621,0,0,19
05-24 15:15:41.870 D/RILJ    ( 2738): [3710]< SIM_IO IccIoResponse sw1:0x90 sw2:0x0
05-24 15:15:41.880 D/SIMRecords( 2738): [SIMRecords] onRecordLoaded 10 requested: true
05-24 15:15:41.880 D/SIMRecords( 2738): [SIMRecords] EF_MWIS: 0000000000
05-24 15:15:41.880 D/SIMRecords( 2738): [SIMRecords] onRecordLoaded 9 requested: true
05-24 15:15:41.880 D/SIMRecords( 2738): [SIMRecords] EF_CFIS: 0100ffffffffffffffffffffffffffff
05-24 15:15:41.880 D/SIMRecords( 2738): [SIMRecords] EF_CFIS: callForwardingEnabled=false
05-24 15:15:41.880 D/SIMRecords( 2738): [SIMRecords] onRecordLoaded 8 requested: true
05-24 15:15:41.880 D/SIMRecords( 2738): [SIMRecords] Load EF_SPN:  spnDisplayCondition: 0
05-24 15:15:41.880 D/SIMRecords( 2738): [SIMRecords] onRecordLoaded 7 requested: true
05-24 15:15:42.140 D/AT      ( 3095): AT< +CRSM: 144,0,A311800FFFFFFFFFFFFFFFFFFFFFFFFFFFFFFF
05-24 15:15:42.140 D/AT      ( 3095): AT< OK
05-24 15:15:42.140 I/RIL     ( 3095): ------ VendorRIL onRequest: SIM_IO ------
05-24 15:15:42.140 D/AT      ( 3095): AT> AT+CRSM=178,28613,1,4,20
05-24 15:15:42.140 D/RILJ    ( 2738): [3711]< SIM_IO IccIoResponse sw1:0x90 sw2:0x0
05-24 15:15:42.150 D/SIMRecords( 2738): [SIMRecords] onRecordLoaded 6 requested: true
05-24 15:15:42.160 D/AT      ( 3095): AT< +CRSM: 144,0,430584C634F90DFFFFFFFFFFFFFFFFFFFFFFFFFF
05-24 15:15:42.160 D/AT      ( 3095): AT< OK
05-24 15:15:42.160 I/RIL     ( 3095): ------ VendorRIL onRequest: SIM_IO ------
05-24 15:15:42.160 D/AT      ( 3095): AT> AT+CRSM=176,28472,0,0,11
05-24 15:15:42.160 D/RILJ    ( 2738): [3712]< SIM_IO IccIoResponse sw1:0x90 sw2:0x0
05-24 15:15:42.160 D/SIMRecords( 2738): [SIMRecords] onRecordLoaded 5 requested: true
05-24 15:15:42.170 D/AT      ( 3095): AT< +CRSM: 144,0,9ECB17AC27F60500400240
05-24 15:15:42.170 D/AT      ( 3095): AT< OK
05-24 15:15:42.170 I/RIL     ( 3095): ------ VendorRIL onRequest: SIM_IO ------
05-24 15:15:42.170 D/AT      ( 3095): AT> AT+CRSM=176,28438,0,0,3
05-24 15:15:42.170 D/RILJ    ( 2738): [3713]< SIM_IO IccIoResponse sw1:0x90 sw2:0x0
05-24 15:15:42.180 D/SIMRecords( 2738): [SIMRecords] SST: UsimServiceTable[88]={ FDN, FDN_EXTENSION, SDN, SDN_EXTENSION, OUTGOING_CALL_INFO, INCOMING_CALL_INFO, SM_STORAGE, SM_SERVICE_PARAMS, CB_MESSAGE_ID, CB_MESSAGE_ID_RANGES, GROUP_ID_LEVEL_1, GROUP_ID_LEVEL_2, SPN, MSISDN, GSM_ACCESS, DATA_DL_VIA_SMS_PP, CALL_CONTROL_BY_USIM, RUN_AT_COMMAND, IGNORED_1, ENABLED_SERVICES_TABLE, APN_CONTROL_LIST, GSM_SECURITY_CONTEXT, OPERATOR_PLMN_SELECT, HPLMN_SELECT, PLMN_NETWORK_NAME, OPERATOR_PLMN_LIST, MBDN, MWI_STATUS, CFI_STATUS, SERVICE_PROVIDER_DISPLAY_INFO, EQUIVALENT_HPLMN, LAST_RPLMN_SELECTION_INDICATION, CALL_CONTROL_ON_EPS_PDN_CONNECTION_BY_USIM }
05-24 15:15:42.180 D/SIMRecords( 2738): [SIMRecords] onRecordLoaded 4 requested: true
05-24 15:15:42.200 D/AT      ( 3095): AT< +CRSM: 144,0,023303
05-24 15:15:42.200 D/AT      ( 3095): AT< OK
05-24 15:15:42.200 I/RIL     ( 3095): ------ VendorRIL onRequest: SIM_IO ------
05-24 15:15:42.200 D/AT      ( 3095): AT> AT+CRSM=176,28437,0,0,26
05-24 15:15:42.200 D/RILJ    ( 2738): [3714]< SIM_IO IccIoResponse sw1:0x90 sw2:0x0
05-24 15:15:42.200 D/SIMRecords( 2738): [SIMRecords] iCPHS: 023303
05-24 15:15:42.200 D/SIMRecords( 2738): [SIMRecords] onRecordLoaded 3 requested: true
05-24 15:15:42.230 D/AT      ( 3095): AT< +CRSM: 144,0,01F002C0038004C005F00600070008830984C0DDFF00FF00FF00
05-24 15:15:42.230 D/AT      ( 3095): AT< OK
05-24 15:15:42.230 I/RIL     ( 3095): ------ VendorRIL onRequest: SIM_IO ------
05-24 15:15:42.230 D/AT      ( 3095): AT> AT+CRSM=176,28478,0,0,1
05-24 15:15:42.230 D/RILJ    ( 2738): [3715]< SIM_IO IccIoResponse sw1:0x90 sw2:0x0
05-24 15:15:42.230 D/SIMRecords( 2738): [SIMRecords] EF_CSP: 01f002c0038004c005f00600070008830984c0ddff00ff00ff00
05-24 15:15:42.230 D/SIMRecords( 2738): [SIMRecords] [CSP] found ValueAddedServicesGroup, value -35
05-24 15:15:42.230 D/SIMRecords( 2738): [SIMRecords] onRecordLoaded 2 requested: true
05-24 15:15:42.240 D/AT      ( 3095): AT< +CRSM: 144,0,DD
05-24 15:15:42.240 D/AT      ( 3095): AT< OK
05-24 15:15:42.240 I/RIL     ( 3095): ------ VendorRIL onRequest: SIM_IO ------
05-24 15:15:42.240 D/AT      ( 3095): AT> AT+CRSM=176,12258,0,0,10
05-24 15:15:42.240 D/RILJ    ( 2738): [3716]< SIM_IO IccIoResponse sw1:0x90 sw2:0x0
05-24 15:15:42.240 D/SIMRecords( 2738): [SIMRecords] GID1: dd
05-24 15:15:42.240 D/SIMRecords( 2738): [SIMRecords] onRecordLoaded 1 requested: true
05-24 15:15:42.260 D/AT      ( 3095): AT< +CRSM: 144,0,98033207130360835283
05-24 15:15:42.260 D/AT      ( 3095): AT< OK
05-24 15:15:42.260 I/RIL     ( 3095): ------ VendorRIL onRequest: SIM_IO ------
05-24 15:15:42.260 D/AT      ( 3095): AT> AT+CRSM=176,12037,0,0,10
05-24 15:15:42.260 D/RILJ    ( 2738): [3717]< SIM_IO IccIoResponse sw1:0x90 sw2:0x0
05-24 15:15:42.260 D/RuimRecords( 2738): [RuimRecords] iccid: 89302370313006382538
05-24 15:15:42.260 D/RuimRecords( 2738): [RuimRecords] onRecordLoaded 1 requested: true
05-24 15:15:42.270 D/AT      ( 3095): AT< +CRSM: 144,0,656EFFFFFFFFFFFFFFFF
05-24 15:15:42.270 D/AT      ( 3095): AT< OK
05-24 15:15:42.270 I/RIL     ( 3095): ------ VendorRIL onRequest: SIM_IO ------
05-24 15:15:42.270 D/AT      ( 3095): AT> AT+CRSM=192,28615,0,0,15
05-24 15:15:42.270 D/RILJ    ( 2738): [3718]< SIM_IO IccIoResponse sw1:0x90 sw2:0x0
05-24 15:15:42.270 D/RuimRecords( 2738): [RuimRecords] EF_PL LOADED
05-24 15:15:42.270 D/RuimRecords( 2738): [RuimRecords] EF_PL=656effffffffffffffff
05-24 15:15:42.270 D/RuimRecords( 2738): [RuimRecords] onRecordLoaded 0 requested: true
05-24 15:15:42.270 D/RuimRecords( 2738): [RuimRecords] record load complete
05-24 15:15:42.270 D/RuimRecords( 2738): [RuimRecords] onAllRecordsLoaded set 'gsm.sim.operator.numeric' to operator='302370'
05-24 15:15:42.270 D/RuimRecords( 2738): [RuimRecords] onAllRecordsLoaded set mcc imsi=302370602284779
05-24 15:15:42.270 D/RuimRecords( 2738): [RuimRecords] Setting locale to en_ca
05-24 15:15:42.280 D/AT      ( 3095): AT< +CRSM: 144,0,000000306FC7040011F0AA04020118
05-24 15:15:42.280 D/AT      ( 3095): AT< OK
05-24 15:15:42.280 D/RILJ    ( 2738): [3719]< SIM_IO IccIoResponse sw1:0x90 sw2:0x0
05-24 15:15:42.290 D/RILJ    ( 2738): [3720]> iccIO: SIM_IO 0xb2 0x6fc7  path: 3F007F20,1,4,24 aid: null
05-24 15:15:42.290 I/RIL     ( 3095): ------ VendorRIL onRequest: SIM_IO ------
05-24 15:15:42.290 D/AT      ( 3095): AT> AT+CRSM=178,28615,1,4,24
05-24 15:15:42.310 D/AT      ( 3095): AT< +CRSM: 144,0,566F6963656D61696CFF07914161286145F9FFFFFFFFFFFF
05-24 15:15:42.310 D/AT      ( 3095): AT< OK
05-24 15:15:42.310 D/RILJ    ( 2738): [3720]< SIM_IO IccIoResponse sw1:0x90 sw2:0x0
05-24 15:15:42.320 D/SIMRecords( 2738): [SIMRecords] VM: ADN Record 'Voicemail' '+14168216549 null' EF[MBDN]
05-24 15:15:42.320 D/SIMRecords( 2738): [SIMRecords] onRecordLoaded 0 requested: true
05-24 15:15:42.320 D/SIMRecords( 2738): [SIMRecords] record load complete
05-24 15:15:42.320 D/SIMRecords( 2738): [SIMRecords] onAllRecordsLoaded set 'gsm.sim.operator.numeric' to operator='302370'
05-24 15:15:42.320 D/SIMRecords( 2738): [SIMRecords] onAllRecordsLoaded set mcc imsi=302370602284779
05-24 15:15:42.760 D/GsmSST  ( 2738): [GsmSST] EVENT_SIM_RECORDS_LOADED: what=16
05-24 15:15:42.760 D/PhoneProxy( 2738): [PhoneProxy] updatePhoneObject: radioTechnology=0
05-24 15:15:42.760 D/GsmSST  ( 2738): [GsmSST] updateSpnDisplay: changed sending intent rule=2 showPlmn='true' plmn='CAN Rogers Wirel' showSpn='false' spn=''
05-24 15:15:42.770 D/DCT     ( 2738): handleMessage msg={ when=-447ms what=270338 obj=android.os.AsyncResult@41991a08 target=com.android.internal.telephony.dataconnection.DcTracker }
05-24 15:15:42.770 D/DCT     ( 2738): onRecordsLoaded: createAllApnList
05-24 15:15:42.780 D/DCT     ( 2738): createAllApnList, r:SimRecords: mDestroyed=false mContext=com.android.phone.PhoneGlobals@4183aba8 mCi=com.android.internal.telephony.RIL@4183efe0 mFh=Handler (com.android.internal.telephony.uicc.SIMFileHandler) {41913690} mParentApp=com.android.internal.telephony.uicc.UiccCardApplication@419125a0 recordsLoadedRegistrants=android.os.RegistrantList@41916148 mImsiReadyRegistrants=android.os.RegistrantList@41916170 mRecordsEventsRegistrants=android.os.RegistrantList@41916198 mNewSmsRegistrants=android.os.RegistrantList@419161c0 mNetworkSelectionModeAutomaticRegistrants=android.os.RegistrantList@419161e8 recordsToLoad=0 adnCache=Handler (com.android.internal.telephony.uicc.AdnRecordCache) {419162e8} recordsRequested=true iccid=89302370313006382538 msisdn=+15145695800 msisdnTag= voiceMailNum=+14168216549 voiceMailTag=Voicemail newVoiceMailNum=null newVoiceMailTag=null isVoiceMailFixed=false countVoiceMessages=0 mImsi=302370602284779 mncLength=3 mailboxIndex=1 spn= mVmConfigcom.android.internal.telephony.uicc.VoiceMailConstants@41916a98 mSpnOverride=mSpnOverride callForwardingEnabled=false spnState=IDLE mCphsInfo=[B@41988200 mCspPlmnEnabled=true efMWIS=[B@41976068 efCPHS_MWI=null mEfCff=null mEfCfis=[B@4197f858 getOperatorNumeric=302370, operator:302370
05-24 15:15:42.780 D/DCT     ( 2738): createAllApnList: selection=numeric = '302370' and carrier_enabled = 1
05-24 15:15:42.850 D/DCT     ( 2738): createApnList: X result=[[ApnSettingV2] Fido (Datawind Test1), 1434, 302370, internet.fido.ca, , , , , , -1, default | supl, IP, IP, true, 0, [ApnSettingV2] Fido (Datawind Test2), 1435, 302370, internet.fido.ca, , http://mms.fido.ca, , 80, , -1, default | supl | mms, IP, IP, true, 0, [ApnSettingV2] Fido (Datawind Test3), 1436, 302370, ltemobile.apn, null, http://mms.fido.ca, 205.151.11.13, 80, null, -1, default | supl | mms, IP, IP, true, 0]
05-24 15:15:42.910 D/DCT     ( 2738): getPreferredApn: mRequestedApnType=default cursor=android.content.ContentResolver$CursorWrapperInner@419ad7b8 cursor.count=1
05-24 15:15:42.910 D/DCT     ( 2738): getPreferredApn: apnSetting=[ApnSettingV2] Fido (Datawind Test1), 1434, 302370, internet.fido.ca, , , , , , -1, default | supl, IP, IP, true, 0
05-24 15:15:42.910 D/DCT     ( 2738): getPreferredApn: X found apnSetting[ApnSettingV2] Fido (Datawind Test1), 1434, 302370, internet.fido.ca, , , , , , -1, default | supl, IP, IP, true, 0
05-24 15:15:42.920 D/DCT     ( 2738): createAllApnList: mPreferredApn=[ApnSettingV2] Fido (Datawind Test1), 1434, 302370, internet.fido.ca, , , , , , -1, default | supl, IP, IP, true, 0
05-24 15:15:42.920 D/DCT     ( 2738): createAllApnList: X mAllApnSettings=[[ApnSettingV2] Fido (Datawind Test1), 1434, 302370, internet.fido.ca, , , , , , -1, default | supl, IP, IP, true, 0, [ApnSettingV2] Fido (Datawind Test2), 1435, 302370, internet.fido.ca, , http://mms.fido.ca, , 80, , -1, default | supl | mms, IP, IP, true, 0, [ApnSettingV2] Fido (Datawind Test3), 1436, 302370, ltemobile.apn, null, http://mms.fido.ca, 205.151.11.13, 80, null, -1, default | supl | mms, IP, IP, true, 0]
05-24 15:15:42.920 D/DCT     ( 2738): setInitialApn: E mPreferredApn=[ApnSettingV2] Fido (Datawind Test1), 1434, 302370, internet.fido.ca, , , , , , -1, default | supl, IP, IP, true, 0
05-24 15:15:42.920 D/DCT     ( 2738): setInitialApn: firstApnSetting=[ApnSettingV2] Fido (Datawind Test1), 1434, 302370, internet.fido.ca, , , , , , -1, default | supl, IP, IP, true, 0
05-24 15:15:42.920 D/DCT     ( 2738): setInitialApn: defaultApnSetting=[ApnSettingV2] Fido (Datawind Test1), 1434, 302370, internet.fido.ca, , , , , , -1, default | supl, IP, IP, true, 0
05-24 15:15:42.920 D/DCT     ( 2738): setInitialAttachApn: using mPreferredApn
05-24 15:15:42.920 D/DCT     ( 2738): setInitialAttachApn: X selected Apn=[ApnSettingV2] Fido (Datawind Test1), 1434, 302370, internet.fido.ca, , , , , , -1, default | supl, IP, IP, true, 0
05-24 15:15:42.920 D/RILJ    ( 2738): Set RIL_REQUEST_SET_INITIAL_ATTACH_APN
05-24 15:15:42.920 D/RILJ    ( 2738): [3721]> RIL_REQUEST_SET_INITIAL_ATTACH_APN, apn:internet.fido.ca, protocol:IP, authType:-1, username:fido, password:fido
05-24 15:15:42.930 D/DCT     ( 2738): onRecordsLoaded: notifying data availability
05-24 15:15:42.930 I/RIL     ( 3095): ------ VendorRIL onRequest: RIL_REQUEST_SET_INITIAL_ATTACH_APN ------
05-24 15:15:42.930 I/RIL     ( 3095): --- VendorRIL SetAPN: apn=internet.fido.ca, protocol=IP, auth_type=-1, username=fido, password=fido ---
05-24 15:15:42.930 D/DCT     ( 2738): isDataAllowed: not allowed due to - Roaming and data roaming not enabled
05-24 15:15:42.930 D/RILJ    ( 2738): [3721]< RIL_REQUEST_SET_INITIAL_ATTACH_APN 
05-24 15:15:42.930 D/DCT     ( 2738): [ApnContext:fota] getApnSetting: apnSetting=null
05-24 15:15:42.940 D/DCT     ( 2738): isDataAllowed: not allowed due to - Roaming and data roaming not enabled
05-24 15:15:42.940 D/DCT     ( 2738): [ApnContext:supl] getApnSetting: apnSetting=null
05-24 15:15:42.940 D/DCT     ( 2738): isDataAllowed: not allowed due to - Roaming and data roaming not enabled
05-24 15:15:42.940 D/DCT     ( 2738): [ApnContext:hipri] getApnSetting: apnSetting=null
05-24 15:15:43.590 D/DCT     ( 2738): isDataAllowed: not allowed due to - Roaming and data roaming not enabled
05-24 15:15:43.590 D/DCT     ( 2738): [ApnContext:ims] getApnSetting: apnSetting=null
05-24 15:15:43.600 D/DCT     ( 2738): isDataAllowed: not allowed due to - Roaming and data roaming not enabled
05-24 15:15:43.600 D/DCT     ( 2738): [ApnContext:mms] getApnSetting: apnSetting=null
05-24 15:15:43.609 D/DCT     ( 2738): isDataAllowed: not allowed due to - Roaming and data roaming not enabled
05-24 15:15:43.609 D/DCT     ( 2738): [ApnContext:cbs] getApnSetting: apnSetting=null
05-24 15:15:43.620 D/DCT     ( 2738): setupDataOnConnectableApns: simLoaded
05-24 15:15:43.620 D/DCT     ( 2738): setupDataOnConnectableApns: apnContext {mApnType=hipri mState=IDLE mWaitingApns={null} mWaitingApnsPermanentFailureCountDown=0 mApnSetting={null} mReason=roamingOn mDataEnabled=false mDependencyMet=true}
05-24 15:15:43.620 D/DCT     ( 2738): setupDataOnConnectableApns: apnContext {mApnType=mms mState=IDLE mWaitingApns={null} mWaitingApnsPermanentFailureCountDown=0 mApnSetting={null} mReason=roamingOn mDataEnabled=false mDependencyMet=true}
05-24 15:15:43.620 D/DCT     ( 2738): setupDataOnConnectableApns: apnContext {mApnType=supl mState=IDLE mWaitingApns={null} mWaitingApnsPermanentFailureCountDown=0 mApnSetting={null} mReason=roamingOn mDataEnabled=false mDependencyMet=true}
05-24 15:15:43.620 D/DCT     ( 2738): setupDataOnConnectableApns: apnContext {mApnType=default mState=IDLE mWaitingApns={null} mWaitingApnsPermanentFailureCountDown=0 mApnSetting={null} mReason=roamingOn mDataEnabled=true mDependencyMet=true}
05-24 15:15:43.620 D/DCT     ( 2738): setupDataOnConnectableApns: isConnectable() call trySetupData
05-24 15:15:43.620 D/DCT     ( 2738): trySetupData for type:default due to simLoaded apnContext={mApnType=default mState=IDLE mWaitingApns={null} mWaitingApnsPermanentFailureCountDown=0 mApnSetting={null} mReason=simLoaded mDataEnabled=true mDependencyMet=true}
05-24 15:15:43.620 D/DCT     ( 2738): trySetupData with mIsPsRestricted=false
05-24 15:15:43.620 D/DCT     ( 2738): isDataAllowed: not allowed due to - Roaming and data roaming not enabled
05-24 15:15:43.620 D/DCT     ( 2738): isDataAllowed: not allowed due to - Roaming and data roaming not enabled
05-24 15:15:43.620 D/DCT     ( 2738): [ApnContext:fota] getApnSetting: apnSetting=null
05-24 15:15:43.620 D/DCT     ( 2738): isDataAllowed: not allowed due to - Roaming and data roaming not enabled
05-24 15:15:43.620 D/DCT     ( 2738): [ApnContext:supl] getApnSetting: apnSetting=null
05-24 15:15:43.660 D/DCT     ( 2738): isDataAllowed: not allowed due to - Roaming and data roaming not enabled
05-24 15:15:43.660 D/DCT     ( 2738): [ApnContext:hipri] getApnSetting: apnSetting=null
05-24 15:15:43.660 D/DCT     ( 2738): isDataAllowed: not allowed due to - Roaming and data roaming not enabled
05-24 15:15:43.660 D/DCT     ( 2738): [ApnContext:ims] getApnSetting: apnSetting=null
05-24 15:15:43.670 D/DCT     ( 2738): isDataAllowed: not allowed due to - Roaming and data roaming not enabled
05-24 15:15:43.670 D/DCT     ( 2738): [ApnContext:mms] getApnSetting: apnSetting=null
05-24 15:15:43.670 D/DCT     ( 2738): isDataAllowed: not allowed due to - Roaming and data roaming not enabled
05-24 15:15:43.670 D/DCT     ( 2738): [ApnContext:cbs] getApnSetting: apnSetting=null
05-24 15:15:43.680 D/DCT     ( 2738): trySetupData: X apnContext not 'ready' retValue=false
05-24 15:15:43.680 D/DCT     ( 2738): setupDataOnConnectableApns: apnContext {mApnType=fota mState=IDLE mWaitingApns={null} mWaitingApnsPermanentFailureCountDown=0 mApnSetting={null} mReason=roamingOn mDataEnabled=false mDependencyMet=true}
05-24 15:15:43.680 D/DCT     ( 2738): setupDataOnConnectableApns: apnContext {mApnType=ims mState=IDLE mWaitingApns={null} mWaitingApnsPermanentFailureCountDown=0 mApnSetting={null} mReason=roamingOn mDataEnabled=false mDependencyMet=true}
05-24 15:15:43.680 D/DCT     ( 2738): setupDataOnConnectableApns: apnContext {mApnType=cbs mState=IDLE mWaitingApns={null} mWaitingApnsPermanentFailureCountDown=0 mApnSetting={null} mReason=roamingOn mDataEnabled=false mDependencyMet=true}
05-24 15:15:43.680 D/IccCardProxy( 2738): Broadcasting intent ACTION_SIM_STATE_CHANGED LOADED reason null
05-24 15:15:43.680 D/PhoneProxy( 2738): [PhoneProxy] phoneObjectUpdater: newVoiceRadioTech=0
05-24 15:15:43.680 D/PhoneProxy( 2738): [PhoneProxy] phoneObjectUpdater: Unknown rat ignore,  newVoiceRadioTech=Unknown. mActivePhone=GSM
05-24 15:15:58.320 D/RILJ    ( 2738): [3722]> SIGNAL_STRENGTH
05-24 15:15:58.320 I/RIL     ( 3095): ------ VendorRIL onRequest: SIGNAL_STRENGTH ------
05-24 15:15:58.320 D/AT      ( 3095): AT> AT+CSQ
05-24 15:15:58.340 D/AT      ( 3095): AT< +CSQ: 31,99
05-24 15:15:58.340 D/AT      ( 3095): AT< OK
05-24 15:15:58.340 I/RIL     ( 3095): ------ VendorRIL SignalStrength: 31, 99 ------
