=~=~=~=~=~=~=~=~=~=~=~= PuTTY log 2017.04.14 10:59:07 =~=~=~=~=~=~=~=~=~=~=~=
04-14 10:59:53.730 I/RIL     (26472): ------ VendorRIL open port: device_u=/dev/ttyUSB0 ------
04-14 11:00:03.730 I/RIL     (26472): ------ VendorRIL open port: device_u=/dev/ttyUSB0 ------
04-14 11:00:13.730 I/RIL     (26472): ------ VendorRIL open port: device_u=/dev/ttyUSB0 ------
04-14 11:00:23.730 I/RIL     (26472): ------ VendorRIL open port: device_u=/dev/ttyUSB0 ------
04-14 11:00:33.730 I/RIL     (26472): ------ VendorRIL open port: device_u=/dev/ttyUSB0 ------
04-14 11:00:43.730 I/RIL     (26472): ------ VendorRIL open port: device_u=/dev/ttyUSB0 ------
[61845.424527] otg_port_no:0 OTG IRQ,	OTGSTATE: 0x03, USBIRQ:0x00
[61845.432869] aotg_hcd aotg_hcd.0: aotg_hcd.0	changed:1,inserted: 1
[61845.438975] port status change,2842
[61845.772954] usb 1-1: new full-speed USB device number 2 using aotg_hcd
[61846.017573] scsi0 : usb-storage 1-1:1.0
[61847.026190] scsi 0:0:0:0: CD-ROM            WCDMA    MMC Storage      2.31 PQ: 0 ANSI: 2
[61847.042882] aotg_hcd aotg_hcd.0: HC	IN ep 1,  num = 5 , pio=0,error [0x0F],	err_ype [0x03],	reset it...
[61847.052297] aotg_hcd_do_error:2315, dbg!
[61847.058894] sr0: scsi-1 drive
[61847.061849] cdrom: Uniform CD-ROM driver Revision: 3.20
[61847.070980] sr 0:0:0:0: Attached scsi generic sg0 type 5
[61848.070418] otg_port_no:0 OTG IRQ,	OTGSTATE: 0x02, USBIRQ:0x02
[61848.076289] aotg_hcd aotg_hcd.0: aotg_hcd.0	changed:1,inserted: 0
[61848.082361] port status change,2842
[61848.085963] usb 1-1: USB disconnect, device number 2
[61849.180482] otg_port_no:0 OTG IRQ,	OTGSTATE: 0x03, USBIRQ:0x02
[61849.186473] aotg_hcd aotg_hcd.0: aotg_hcd.0	changed:1,inserted: 1
[61849.192577] port status change,2842
[61849.532930] usb 1-1: new full-speed USB device number 3 using aotg_hcd
[61849.768625] option 1-1:1.0: GSM modem (1-port) converter detected
[61849.775469] urb->interval: 128
[61849.786855] usb 1-1: GSM modem (1-port) converter now attached to ttyUSB0
[61849.795379] option 1-1:1.1: GSM modem (1-port) converter detected
[61849.803171] usb 1-1: GSM modem (1-port) converter now attached to ttyUSB1
[61849.811362] option 1-1:1.2: GSM modem (1-port) converter detected
[61849.819175] usb 1-1: GSM modem (1-port) converter now attached to ttyUSB2
[61849.827609] scsi4 : usb-storage 1-1:1.3
[61850.825976] scsi 4:0:0:0: Direct-Access     WCDMA    MMC Storage      2.31 PQ: 0 ANSI: 2
[61850.845576] sd 4:0:0:0: Attached scsi generic sg0 type 0
[61850.858734] sd 4:0:0:0: [sda] Attached SCSI removable disk
04-14 11:00:53.730 I/RIL     (26472): ------ VendorRIL open port: device_u=/dev/ttyUSB0 ------
04-14 11:00:53.740 D/RIL     (26472): ******** VendorRIL: setRadioState(0), oldState=1 ********
04-14 11:00:53.740 D/AT      (26472): AT> ATE0Q0V1
04-14 11:00:53.750 D/RILJ    ( 3342): [UNSL]< UNSOL_RESPONSE_RADIO_STATE_CHANGED RADIO_OFF
04-14 11:00:53.750 D/RILJ    ( 3342): [3677]> RADIO_POWER on
04-14 11:00:53.750 D/PHONE   ( 3342): [ServiceState] setNullState=3
04-14 11:00:53.750 D/GsmSST  ( 3342): [GsmSST] Poll ServiceState done:  oldSS=[1 1 home null null null  none none CSS not supported -1 -1 RoamInd=-1 DefRoamInd=-1 EmergOnly=false] newSS=[3 3 home null null null  none none CSS not supported -1 -1 RoamInd=-1 DefRoamInd=-1 EmergOnly=false] oldMaxDataCalls=1 mNewMaxDataCalls=1 oldReasonDataDenied=-1 mNewReasonDataDenied=-1
04-14 11:00:53.750 D/PHONE   ( 3342): [ServiceState] setNullState=1
04-14 11:00:53.750 D/GsmSST  ( 3342): [GsmSST] updateSpnDisplay: radio is off w/ showPlmn=false plmn=null
04-14 11:00:53.760 D/RILJ    ( 3342): [3678]> SCREEN_STATE: false
04-14 11:00:53.760 D/GsmSST  ( 3342): [GsmSST] updateSpnDisplay: changed sending intent rule=0 showPlmn='false' plmn='null' showSpn='false' spn=''
04-14 11:00:53.780 D/GsmSST  ( 3342): [GsmSST] operatorNumeric is null
04-14 11:00:53.780 D/GsmSST  ( 3342): [GsmSST] notifyDataRegStateRilRadioTechnologyChanged: drs=3 rat=0
04-14 11:00:53.780 D/DCT     ( 3342): get all active apn types
04-14 11:00:53.780 D/DCT     ( 3342): handleMessage msg={ when=-37ms what=270337 obj=android.os.AsyncResult@422d00f8 target=com.android.internal.telephony.dataconnection.DcTracker }
04-14 11:00:53.780 D/DCT     ( 3342): onRadioAvailable
04-14 11:00:53.780 D/DCT     ( 3342): overall state is IDLE
04-14 11:00:53.780 D/RILJ    ( 3342): [3679]> BASEBAND_VERSION
04-14 11:00:53.790 D/RILJ    ( 3342): [3680]> GET_IMEI
04-14 11:00:53.790 D/RILJ    ( 3342): [3681]> GET_IMEISV
04-14 11:00:53.800 I/AT      (26472): ------ VendorRIL readerLoop: repeatedly readLine, processLine, handleUnsolicited, handleFinalResponse ------
04-14 11:00:53.800 D/AT      (26472): AT< OK
04-14 11:00:54.050 I/RIL     (26472): ------ VendorRIL: GSM AT Command for initialization ------
04-14 11:00:54.050 D/AT      (26472): AT> AT+WNAM
04-14 11:00:54.060 D/AT      (26472): AT< ERROR
04-14 11:00:54.060 I/RIL     (26472): ======== VendorRIL: found GSM Modem Device ========
04-14 11:00:54.060 D/AT      (26472): AT> ATE0Q0V1
04-14 11:00:54.060 D/AT      (26472): AT< OK
04-14 11:00:54.060 D/AT      (26472): AT> ATS0=0
04-14 11:00:54.070 D/AT      (26472): AT< OK
04-14 11:00:54.070 D/AT      (26472): AT> AT+CMEE=1
04-14 11:00:54.090 D/AT      (26472): AT< OK
04-14 11:00:54.090 D/AT      (26472): AT> AT+CREG=2
04-14 11:00:54.090 D/AT      (26472): AT< OK
04-14 11:00:54.090 D/AT      (26472): AT> AT+CGREG=1
04-14 11:00:54.100 D/AT      (26472): AT< OK
04-14 11:00:54.100 D/AT      (26472): AT> AT+CCWA=1
04-14 11:00:54.100 D/AT      (26472): AT< OK
04-14 11:00:54.100 D/AT      (26472): AT> AT+CMOD=0
04-14 11:00:54.100 D/AT      (26472): AT< OK
04-14 11:00:54.100 D/AT      (26472): AT> AT+CMUT=0
04-14 11:00:54.110 D/AT      (26472): AT< OK
04-14 11:00:54.110 D/AT      (26472): AT> AT+CSSN=0,1
04-14 11:00:54.120 D/AT      (26472): AT< OK
04-14 11:00:54.120 D/AT      (26472): AT> AT+COLP=0
04-14 11:00:54.120 D/AT      (26472): AT< OK
04-14 11:00:54.120 D/AT      (26472): AT> AT+CSCS="HEX"
04-14 11:00:54.130 D/AT      (26472): AT< OK
04-14 11:00:54.130 D/AT      (26472): AT> AT+CUSD=1
04-14 11:00:54.140 D/AT      (26472): AT< OK
04-14 11:00:54.140 D/AT      (26472): AT> AT+CGEREP=1,0
04-14 11:00:54.150 D/AT      (26472): AT< OK
04-14 11:00:54.150 D/AT      (26472): AT> AT+CMGF=0
04-14 11:00:54.150 D/AT      (26472): AT< OK
04-14 11:00:54.150 D/AT      (26472): AT> AT+CFUN?
04-14 11:00:54.160 D/AT      (26472): AT< +CFUN: 1
04-14 11:00:54.160 D/AT      (26472): AT< OK
04-14 11:00:54.160 D/RIL     (26472): ******** VendorRIL: setRadioState(10), oldState=0 ********
04-14 11:00:54.160 D/RIL     (26472): ******** VendorRIL: onRadioPowerOn pollSIMState, current state=10 ********
04-14 11:00:54.160 I/RIL     (26472): ======== VendorRIL: AT Command initialize done, Radio_State=ON, sState=10 ========
04-14 11:00:54.160 I/RIL     (26472): ------ VendorRIL onRequest: RADIO_POWER ------
04-14 11:00:54.160 D/RIL     (26472): requestRadioPower: request to set [1], current state [10]
04-14 11:00:54.160 D/RIL     (26472): requestRadioPower: error Unhandled state
04-14 11:00:54.160 I/RIL     (26472): ------ VendorRIL onRequest: SCREEN_STATE ------
04-14 11:00:54.160 I/RIL     (26472): --- VendorRIL not supported: RIL_REQUEST_SCREEN_STATE ---
04-14 11:00:54.160 I/RIL     (26472): ------ VendorRIL onRequest: BASEBAND_VERSION ------
04-14 11:00:54.160 I/RIL     (26472): ------ VendorRIL onRequest: GET_IMEI ------
04-14 11:00:54.160 I/RIL     (26472): ------ VendorRIL onRequest: GET_IMEISV ------
04-14 11:00:54.160 I/RIL     (26472): --- VendorRIL not supported: RIL_REQUEST_GET_IMEISV ---
04-14 11:00:54.160 D/RILJ    ( 3342): [UNSL]< UNSOL_RESPONSE_RADIO_STATE_CHANGED RADIO_ON
04-14 11:00:54.160 D/RILJ    ( 3342): [3677]< RADIO_POWER 
04-14 11:00:54.160 D/RILJ    ( 3342): [3679]< BASEBAND_VERSION E1750
04-14 11:00:54.160 D/RILJ    ( 3342): [3680]< GET_IMEI 
04-14 11:00:54.160 D/RilRequest( 3342): [3681]< GET_IMEISV error: com.android.internal.telephony.CommandException: MODE_NOT_SUPPORTED ret=
04-14 11:00:54.160 D/RILJ    ( 3342): [3682]> OPERATOR
04-14 11:00:54.160 D/RILJ    ( 3342): [3683]> DATA_REGISTRATION_STATE
04-14 11:00:54.160 I/RIL     (26472): ------ VendorRIL onRequest: OPERATOR ------
04-14 11:00:54.160 D/AT      (26472): AT> AT+COPS=3,0;+COPS?;+COPS=3,1;+COPS?;+COPS=3,2;+COPS?
04-14 11:00:54.160 D/RILJ    ( 3342): [3684]> VOICE_REGISTRATION_STATE
04-14 11:00:54.170 D/RILJ    ( 3342): [3685]> QUERY_NETWORK_SELECTION_MODE
04-14 11:00:54.170 D/UiccController( 3342): Received EVENT_ICC_STATUS_CHANGED, calling getIccCardStatus[61854.736691] cpu1 turning on start...
04-14 11:00:54.170 D/RILJ    ( 3342): [3686]> GET_SIM_STATUS
04-14 11:00:54.170 D/RILJ    ( 3342): [3687]> GET_CURRENT_CALLS
04-14 11:00:54.170 D/RILJ    ( 3342): [3688]> RIL_REQUEST_IMS_REGISTRATION_STATE
04-14 11:00:54.170 D/RILJ    ( 3342): [3689]> RIL_REQUEST_VOICE_RADIO_TECH
04-14 11:00:54.170 D/AT      (26472): AT< +COPS: 0
04-14 11:00:54.170 D/AT      (26472): AT< +COPS: 0
CPU1: Booted secondary processor
[61854.782972] end
04-14 11:00:54.170 D/AT      (26472): AT< +COPS: 0
04-14 11:00:54.170 D/AT      (26472): AT< OK
04-14 11:00:54.170 D/RIL     (26472): [VendorRIL] requestOperator result: [0] = CAN Rogers Wirel
04-14 11:00:54.170 D/RIL     (26472): [VendorRIL] requestOperator result: [1] = ROGERS
04-14 11:00:54.170 D/RIL     (26472): [VendorRIL] requestOperator result: [2] = 302720
04-14 11:00:54.170 I/RIL     (26472): ------ VendorRIL onRequest: DATA_REGISTRATION_STATE ------
04-14 11:00:54.170 D/RIL     (26472): VendorRIL: requestRegistrationState >>>>>>>>>
04-14 11:00:54.170 D/AT      (26472): AT> AT+CGREG?
04-14 11:00:54.170 D/RILJ    ( 3342): [3682]< OPERATOR {CAN Rogers Wirel, ROGERS, 302720}
04-14 11:00:54.170 D/RILJ    ( 3342): [3690]> RIL_REQUEST_CDMA_GET_SUBSCRIPTION_SOURCE
04-14 11:00:54.170 D/GSMPhone( 3342): Baseband version: E1750
04-14 11:00:54.180 D/AT      (26472): AT< +CGREG: 1,0
04-14 11:00:54.180 D/AT      (26472): AT< OK
04-14 11:00:54.180 D/RIL     (26472): [DATA_REGISTRATION] response=+CGREG: 1,0
04-14 11:00:54.180 D/RIL     (26472): parseRegistrationState. Parsing: +CGREG: 1,0
04-14 11:00:54.180 D/RIL     (26472): registration state type: 3GPP
04-14 11:00:54.180 I/RIL     (26472): ------ VendorRIL onRequest: VOICE_REGISTRATION_STATE ------
04-14 11:00:54.180 D/RIL     (26472): VendorRIL: requestRegistrationState >>>>>>>>>
04-14 11:00:54.180 D/AT      (26472): AT> AT+CREG?
04-14 11:00:54.180 D/RILJ    ( 3342): [3683]< DATA_REGISTRATION_STATE {0, ffffffff, ffffffff, null, null, null}
04-14 11:00:54.180 E/GsmSST  ( 3342): [GsmSST] error parsing GprsRegistrationState: java.lang.NumberFormatException: Invalid int: "null"
04-14 11:00:54.180 D/PHONE   ( 3342): [ServiceState] setDataRegState=1
04-14 11:00:54.180 D/PHONE   ( 3342): [ServiceState] setDataRadioTechnology=0
04-14 11:00:54.180 D/GsmSST  ( 3342): [GsmSST] handlPollStateResultMessage: GsmSST setDataRegState=1 regState=0 dataRadioTechnology=0
04-14 11:00:54.190 D/AT      (26472): AT< +CREG: 2,0
04-14 11:00:54.190 D/AT      (26472): AT< OK
04-14 11:00:54.190 D/RIL     (26472): [VOICE_REGISTRATION] response=+CREG: 2,0
04-14 11:00:54.190 D/RIL     (26472): parseRegistrationState. Parsing: +CREG: 2,0
04-14 11:00:54.190 D/RIL     (26472): registration state type: 3GPP
04-14 11:00:54.190 I/RIL     (26472): ------ VendorRIL onRequest: QUERY_NETWORK_SELECTION_MODE ------
04-14 11:00:54.190 D/AT      (26472): AT> AT+COPS?
04-14 11:00:54.190 D/RILJ    ( 3342): [3684]< VOICE_REGISTRATION_STATE {0, ffffffff, ffffffff, null, null, null, null, null, null, null, null, null, null, null, null}
04-14 11:00:54.190 E/GsmSST  ( 3342): [GsmSST] error parsing RegistrationState: java.lang.NumberFormatException: Invalid int: "ffffffff"
04-14 11:00:54.190 D/PHONE   ( 3342): [ServiceState] setVoiceRegState=1
04-14 11:00:54.190 E/PHONE   ( 3342): [ServiceState] setState deprecated use setVoiceRegState()
04-14 11:00:54.200 D/AT      (26472): AT< +COPS: 0
04-14 11:00:54.200 D/AT      (26472): AT< OK
04-14 11:00:54.200 D/RIL     (26472): >>> QueryNetworkSelectionMode, response=0
04-14 11:00:54.200 I/RIL     (26472): ------ VendorRIL onRequest: GET_SIM_STATUS ------
04-14 11:00:54.200 D/RIL     (26472): getSIMStatus(). sState: 10
04-14 11:00:54.200 D/AT      (26472): AT> AT+CPIN?
04-14 11:00:54.200 D/RILJ    ( 3342): [3685]< QUERY_NETWORK_SELECTION_MODE {0}
04-14 11:00:54.200 D/GsmSST  ( 3342): [GsmSST] Poll ServiceState done:  oldSS=[3 3 home null null null  none none CSS not supported -1 -1 RoamInd=-1 DefRoamInd=-1 EmergOnly=false] newSS=[1 1 home CAN Rogers Wirel ROGERS 302720  none none CSS not supported -1 -1 RoamInd=-1 DefRoamInd=-1 EmergOnly=false] oldMaxDataCalls=1 mNewMaxDataCalls=1 oldReasonDataDenied=-1 mNewReasonDataDenied=-1
04-14 11:00:54.200 D/PHONE   ( 3342): [ServiceState] setNullState=1
04-14 11:00:54.200 D/GsmSST  ( 3342): [GsmSST] updateSpnDisplay: radio is on but out of service, set plmn='No service.'
04-14 11:00:54.200 D/GsmSST  ( 3342): [GsmSST] updateSpnDisplay: changed sending intent rule=0 showPlmn='true' plmn='No service.' showSpn='false' spn=''
04-14 11:00:54.200 D/AT      (26472): AT< +CPIN:READY
04-14 11:00:54.200 D/AT      (26472): AT< OK
04-14 11:00:54.200 D/RIL     (26472): [getSIMStatus] response=+CPIN:READY
04-14 11:00:54.200 I/RIL     (26472): ------ VendorRIL onRequest: GET_CURRENT_CALLS ------
04-14 11:00:54.200 D/AT      (26472): AT> AT+CLCC
04-14 11:00:54.200 D/RILJ    ( 3342): [3686]< GET_SIM_STATUS IccCardState {CARDSTATE_PRESENT,PINSTATE_UNKNOWN,num_apps=2,gsm_id=0{APPTYPE_SIM,APPSTATE_READY},cdma_id=1{APPTYPE_RUIM,APPSTATE_READY},ims_id=8}
04-14 11:00:54.210 D/AT      (26472): AT< OK
04-14 11:00:54.420 D/GsmSST  ( 3342): [GsmSST] pollStateDone: there are 6 unique offsets for iso-cc='ca testOneUniqueOffsetPath=false', do nothing
04-14 11:00:54.420 D/GsmSST  ( 3342): [GsmSST] shouldFixTimeZoneNow: retVal=false iccCardExist=false operatorNumeric=302720 mcc=302 prevOperatorNumeric= prevMcc=303 needToFixTimeZone=false ltod=04-14 11:00:54.428
04-14 11:00:54.420 D/GsmSST  ( 3342): [GsmSST] notifyDataRegStateRilRadioTechnologyChanged: drs=1 rat=0
04-14 11:00:54.420 D/DCT     ( 3342): get all active apn types
04-14 11:00:54.420 D/UiccController( 3342): Received EVENT_GET_ICC_STATUS_DONE
04-14 11:00:54.430 D/UiccCard( 3342): Creating
04-14 11:00:54.430 D/UiccCard( 3342): 2 applications
04-14 11:00:54.430 D/UiccCardApplication( 3342): Creating UiccApp: {APPTYPE_SIM,APPSTATE_READY}
04-14 11:00:54.430 W/VoiceMailConstants( 3342): Can't open /system/etc/voicemail-conf.xml
04-14 11:00:54.430 W/SpnOverride( 3342): Can not open /system/etc/spn-conf.xml
04-14 11:00:54.430 D/SIMRecords( 3342): [SIMRecords] SIMRecords: onRadioOffOrNotAvailable set 'gsm.sim.operator.numeric' to operator=null
04-14 11:00:54.440 D/UiccCardApplication( 3342): Notifying 1 registrant: READY
04-14 11:00:54.440 D/SIMRecords( 3342): [SIMRecords] getOperatorNumeric: IMSI == null
04-14 11:00:54.440 D/SIMRecords( 3342): [SIMRecords] SIMRecords X ctor this=SimRecords: mDestroyed=false mContext=com.android.phone.PhoneGlobals@420957e8 mCi=com.android.internal.telephony.RIL@42099c20 mFh=Handler (com.android.internal.telephony.uicc.SIMFileHandler) {42282c60} mParentApp=com.android.internal.telephony.uicc.UiccCardApplication@42277d20 recordsLoadedRegistrants=android.os.RegistrantList@421ca478 mImsiReadyRegistrants=android.os.RegistrantList@4227e6b0 mRecordsEventsRegistrants=android.os.RegistrantList@421cdcb0 mNewSmsRegistrants=android.os.RegistrantList@421a8bc0 mNetworkSelectionModeAutomaticRegistrants=android.os.RegistrantList@42172ae0 recordsToLoad=0 adnCache=Handler (com.android.internal.telephony.uicc.AdnRecordCache) {422aa7e8} recordsRequested=false iccid=null msisdn=null msisdnTag=null voiceMailNum=null voiceMailTag=null newVoiceMailNum=null newVoiceMailTag=null isVoiceMailFixed=false countVoiceMessages=0 mImsi=null mncLength=-1 mailboxIndex=0 spn=null mVmConfigcom.android.internal.telephony.uicc.VoiceMailConstants@422acb20 mSpnOverride=mSpnOverride callForwardingEnabled=false spnState=null mCphsInfo=null mCspPlmnEnabled=true efMWIS=null efCPHS_MWI=null mEfCff=null mEfCfis=null getOperatorNumeric=null
04-14 11:00:54.440 D/RILJ    ( 3342): [3691]> QUERY_FACILITY_LOCK [FD 7 null]
04-14 11:00:54.440 D/RILJ    ( 3342): [3692]> QUERY_FACILITY_LOCK [SC 7 null]
04-14 11:00:54.440 D/UiccCardApplication( 3342): Creating UiccApp: {APPTYPE_RUIM,APPSTATE_READY}
04-14 11:00:54.440 D/UiccCardApplication( 3342): Notifying 1 registrant: READY
04-14 11:00:54.440 D/RuimRecords( 3342): [RuimRecords] RuimRecords X ctor this=RuimRecords: mDestroyed=false mContext=com.android.phone.PhoneGlobals@420957e8 mCi=com.android.internal.telephony.RIL@42099c20 mFh=Handler (com.android.internal.telephony.uicc.RuimFileHandler) {421e4db0} mParentApp=com.android.internal.telephony.uicc.UiccCardApplication@421e4cb8 recordsLoadedRegistrants=android.os.RegistrantList@422c4cd0 mImsiReadyRegistrants=android.os.RegistrantList@421385e0 mRecordsEventsRegistrants=android.os.RegistrantList@4222d0a8 mNewSmsRegistrants=android.os.RegistrantList@42132968 mNetworkSelectionModeAutomaticRegistrants=android.os.RegistrantList@42125b90 recordsToLoad=0 adnCache=Handler (com.android.internal.telephony.uicc.AdnRecordCache) {42258eb0} recordsRequested=false iccid=null msisdn=null msisdnTag=null voiceMailNum=null voiceMailTag=null newVoiceMailNum=null newVoiceMailTag=null isVoiceMailFixed=false countVoiceMessages=0 mImsi=null mncLength=-1 mailboxIndex=0 spn=null m_ota_commitedfalse mMyMobileNumber=xxxx mMin2Min1=null mPrlVersion=null mEFpl=null mEFli=null mCsimSpnDisplayCondition=false mMdn=null mMin=null mHomeSystemId=null mHomeNetworkId=null
04-14 11:00:54.440 D/RILJ    ( 3342): [3693]> QUERY_FACILITY_LOCK [FD 7 null]
04-14 11:00:54.440 D/RILJ    ( 3342): [3694]> QUERY_FACILITY_LOCK [SC 7 null]
04-14 11:00:54.480 D/UiccCardApplication( 3342): Notifying 1 registrant: READY
04-14 11:00:54.490 D/CAT     ( 3342): CatService: Running CAT service. STK app installed:false
04-14 11:00:54.490 D/CAT     ( 3342): CatService: NEW sInstance
04-14 11:00:54.490 E/UiccCard( 3342): App index 8 is invalid since there are no applications
04-14 11:00:54.490 D/UiccCard( 3342): update: radioState=RADIO_ON mLastRadioState=RADIO_UNAVAILABLE
04-14 11:00:54.490 D/UiccController( 3342): Notifying IccChangedRegistrants
04-14 11:00:54.490 D/SIMRecords( 3342): [SIMRecords] fetchSimRecords 0
04-14 11:00:54.490 D/RILJ    ( 3342): [3695]> getIMSI: GET_IMSI aid: null
04-14 11:00:54.490 D/RILJ    ( 3342): [3696]> iccIO: SIM_IO 0xc0 0x2fe2  path: 3F00,0,0,15 aid: null
04-14 11:00:54.490 D/RILJ    ( 3342): [3697]> iccIO: SIM_IO 0xc0 0x6f40  path: 3F007F10,0,0,15 aid: null
04-14 11:00:54.490 D/RILJ    ( 3342): [3698]> iccIO: SIM_IO 0xc0 0x6fc9  path: 3F007F20,0,0,15 aid: null
04-14 11:00:54.490 D/RILJ    ( 3342): [3699]> iccIO: SIM_IO 0xc0 0x6fad  path: 3F007F20,0,0,15 aid: null
04-14 11:00:54.500 D/RILJ    ( 3342): [3700]> iccIO: SIM_IO 0xc0 0x6fca  path: 3F007F20,0,0,15 aid: null
04-14 11:00:54.500 D/RILJ    ( 3342): [3701]> iccIO: SIM_IO 0xc0 0x6f11  path: 3F007F20,0,0,15 aid: null
04-14 11:00:54.500 D/RILJ    ( 3342): [3702]> iccIO: SIM_IO 0xc0 0x6fcb  path: 3F007F20,0,0,15 aid: null
04-14 11:00:54.500 D/RILJ    ( 3342): [3703]> iccIO: SIM_IO 0xc0 0x6f13  path: 3F007F20,0,0,15 aid: null
04-14 11:00:54.500 D/RILJ    ( 3342): [3704]> iccIO: SIM_IO 0xc0 0x6f46  path: 3F007F20,0,0,15 aid: null
04-14 11:00:54.500 D/RILJ    ( 3342): [3705]> iccIO: SIM_IO 0xc0 0x6fcd  path: 3F007F20,0,0,15 aid: null
04-14 11:00:54.500 D/RILJ    ( 3342): [3706]> iccIO: SIM_IO 0xc0 0x6fc5  path: 3F007F20,0,0,15 aid: null
04-14 11:00:54.510 D/RILJ    ( 3342): [3707]> iccIO: SIM_IO 0xc0 0x6f38  path: 3F007F20,0,0,15 aid: null
04-14 11:00:54.510 D/RILJ    ( 3342): [3708]> iccIO: SIM_IO 0xc0 0x6f16  path: 3F007F20,0,0,15 aid: null
04-14 11:00:54.510 D/RILJ    ( 3342): [3709]> iccIO: SIM_IO 0xc0 0x6f15  path: 3F007F20,0,0,15 aid: null
04-14 11:00:54.510 D/RILJ    ( 3342): [3710]> iccIO: SIM_IO 0xc0 0x6f3e  path: 3F007F20,0,0,15 aid: null
04-14 11:00:54.510 D/SIMRecords( 3342): [SIMRecords] fetchSimRecords 16 requested: true
04-14 11:00:54.510 D/RuimRecords( 3342): [RuimRecords] fetchRuimRecords 0
04-14 11:00:54.510 D/RILJ    ( 3342): [3711]> getIMSI: GET_IMSI aid: null
04-14 11:00:54.520 D/RILJ    ( 3342): [3712]> iccIO: SIM_IO 0xc0 0x2fe2  path: 3F00,0,0,15 aid: null
04-14 11:00:54.520 D/RILJ    ( 3342): [3713]> iccIO: SIM_IO 0xc0 0x2f05  path: 3F00,0,0,15 aid: null
04-14 11:00:54.520 D/RILJ    ( 3342): [3714]> iccIO: SIM_IO 0xc0 0x6f3a  path: 3F007F25,0,0,15 aid: null
04-14 11:00:54.520 D/RILJ    ( 3342): [3715]> iccIO: SIM_IO 0xc0 0x6f41  path: 3F007F25,0,0,15 aid: null
04-14 11:00:54.520 D/RILJ    ( 3342): [3716]> iccIO: SIM_IO 0xc0 0x6f44  path: 3F007F25,0,0,15 aid: null
04-14 11:00:54.530 D/RILJ    ( 3342): [3717]> iccIO: SIM_IO 0xc0 0x6f22  path: 3F007F25,0,0,15 aid: null
04-14 11:00:54.550 D/RILJ    ( 3342): [3718]> iccIO: SIM_IO 0xc0 0x6f28  path: 3F007F25,0,0,15 aid: null
04-14 11:00:54.550 D/RILJ    ( 3342): [3719]> iccIO: SIM_IO 0xb0 0x6f5a  path: 3F007F25,0,0,4 aid: null
04-14 11:00:54.550 D/RuimRecords( 3342): [RuimRecords] fetchRuimRecords 9 requested: true
04-14 11:00:54.550 D/RILJ    ( 3342): [3720]> RIL_REQUEST_CDMA_SUBSCRIPTION
04-14 11:00:54.550 D/CAT     ( 3342): CatService: SIM ready. Reporting STK service running now...
04-14 11:00:54.550 D/RILJ    ( 3342): [3721]> RIL_REQUEST_REPORT_STK_SERVICE_IS_RUNNING
04-14 11:00:54.560 D/GSMPhone( 3342): [GSMPhone] New Uicc application found
04-14 11:00:54.560 D/GsmSST  ( 3342): [GsmSST] New card found
04-14 11:00:54.560 D/UiccCardApplication( 3342): Notifying 1 registrant: READY
04-14 11:00:54.560 D/DCT     ( 3342): handleMessage msg={ when=-69ms what=270369 obj=android.os.AsyncResult@422d1118 target=com.android.internal.telephony.dataconnection.DcTracker }
04-14 11:00:54.560 D/DCT     ( 3342): New records found
04-14 11:00:54.560 D/GsmSMSDispatcher( 3342): New Uicc application found
04-14 11:00:54.560 D/IccCardProxy( 3342): Icc changed. Reregestering.
04-14 11:00:54.560 D/UiccCardApplication( 3342): Notifying 1 registrant: READY
04-14 11:00:54.560 D/IccCardProxy( 3342): Broadcasting intent ACTION_SIM_STATE_CHANGED READY reason null
04-14 11:00:54.580 D/RILJ    ( 3342): setCurrentPreferredNetworkType: 0
04-14 11:00:54.580 D/RILJ    ( 3342): [3722]> REQUEST_SET_PREFERRED_NETWORK_TYPE : 0
04-14 11:00:54.580 D/RILJ    ( 3342): [3723]> SET_NETWORK_SELECTION_AUTOMATIC
04-14 11:00:54.580 D/RILJ    ( 3342): [3724]> OPERATOR
04-14 11:00:54.590 D/RILJ    ( 3342): [3725]> DATA_REGISTRATION_STATE
04-14 11:00:54.590 D/RILJ    ( 3342): [3726]> VOICE_REGISTRATION_STATE
04-14 11:00:54.590 D/RILJ    ( 3342): [3727]> QUERY_NETWORK_SELECTION_MODE
04-14 11:00:54.720 I/RILJ    ( 3342): 'rild' socket closed
04-14 11:00:54.720 I/RILJ    ( 3342): java.io.IOException: Connection reset by peer
04-14 11:00:54.720 I/RILJ    ( 3342): 	at android.net.LocalSocketImpl.readba_native(Native Method)
04-14 11:00:54.720 I/RILJ    ( 3342): 	at android.net.LocalSocketImpl.access$400(LocalSocketImpl.java:33)
04-14 11:00:54.720 I/RILJ    ( 3342): 	at android.net.LocalSocketImpl$SocketInputStream.read(LocalSocketImpl.java:98)
04-14 11:00:54.720 I/RILJ    ( 3342): 	at com.android.internal.telephony.RIL.readRilMessage(RIL.java:421)
04-14 11:00:54.720 I/RILJ    ( 3342): 	at com.android.internal.telephony.RIL.access$400(RIL.java:215)
04-14 11:00:54.720 I/RILJ    ( 3342): 	at com.android.internal.telephony.RIL$RILReceiver.run(RIL.java:521)
04-14 11:00:54.720 I/RILJ    ( 3342): 	at java.lang.Thread.run(Thread.java:841)
04-14 11:00:54.720 I/RILJ    ( 3342): Disconnected from 'rild' socket
04-14 11:00:54.720 D/RilRequest( 3342): [3678]< SCREEN_STATE error: com.android.internal.telephony.CommandException: RADIO_NOT_AVAILABLE ret=
04-14 11:00:54.720 D/RilRequest( 3342): [3687]< GET_CURRENT_CALLS error: com.android.internal.telephony.CommandException: RADIO_NOT_AVAILABLE ret=
04-14 11:00:54.720 D/RilRequest( 3342): [3688]< RIL_REQUEST_IMS_REGISTRATION_STATE error: com.android.internal.telephony.CommandException: RADIO_NOT_AVAILABLE ret=
04-14 11:00:54.720 D/RilRequest( 3342): [3689]< RIL_REQUEST_VOICE_RADIO_TECH error: com.android.internal.telephony.CommandException: RADIO_NOT_AVAILABLE ret=
04-14 11:00:54.720 D/RilRequest( 3342): [3690]< RIL_REQUEST_CDMA_GET_SUBSCRIPTION_SOURCE error: com.android.internal.telephony.CommandException: RADIO_NOT_AVAILABLE ret=
04-14 11:00:54.720 D/RilRequest( 3342): [3691]< QUERY_FACILITY_LOCK error: com.android.internal.telephony.CommandException: RADIO_NOT_AVAILABLE ret=
04-14 11:00:54.720 D/RilRequest( 3342): [3692]< QUERY_FACILITY_LOCK error: com.android.internal.telephony.CommandException: RADIO_NOT_AVAILABLE ret=
04-14 11:00:54.720 D/RilRequest( 3342): [3693]< QUERY_FACILITY_LOCK error: com.android.internal.telephony.CommandException: RADIO_NOT_AVAILABLE ret=
04-14 11:00:54.720 D/RilRequest( 3342): [3694]< QUERY_FACILITY_LOCK error: com.android.internal.telephony.CommandException: RADIO_NOT_AVAILABLE ret=
04-14 11:00:54.720 D/RilRequest( 3342): [3695]< GET_IMSI error: com.android.internal.telephony.CommandException: RADIO_NOT_AVAILABLE ret=
04-14 11:00:54.720 D/RilRequest( 3342): [3696]< SIM_IO error: com.android.internal.telephony.CommandException: RADIO_NOT_AVAILABLE ret=
04-14 11:00:54.720 D/RilRequest( 3342): [3697]< SIM_IO error: com.android.internal.telephony.CommandException: RADIO_NOT_AVAILABLE ret=
04-14 11:00:54.720 D/RilRequest( 3342): [3698]< SIM_IO error: com.android.internal.telephony.CommandException: RADIO_NOT_AVAILABLE ret=
04-14 11:00:54.720 D/RilRequest( 3342): [3699]< SIM_IO error: com.android.internal.telephony.CommandException: RADIO_NOT_AVAILABLE ret=
04-14 11:00:54.720 D/RilRequest( 3342): [3700]< SIM_IO error: com.android.internal.telephony.CommandException: RADIO_NOT_AVAILABLE ret=
04-14 11:00:54.720 D/RilRequest( 3342): [3701]< SIM_IO error: com.android.internal.telephony.CommandException: RADIO_NOT_AVAILABLE ret=
04-14 11:00:54.720 D/RilRequest( 3342): [3702]< SIM_IO error: com.android.internal.telephony.CommandException: RADIO_NOT_AVAILABLE ret=
04-14 11:00:54.720 D/RilRequest( 3342): [3703]< SIM_IO error: com.android.internal.telephony.CommandException: RADIO_NOT_AVAILABLE ret=
04-14 11:00:54.720 D/RilRequest( 3342): [3704]< SIM_IO error: com.android.internal.telephony.CommandException: RADIO_NOT_AVAILABLE ret=
04-14 11:00:54.720 D/RilRequest( 3342): [3705]< SIM_IO error: com.android.internal.telephony.CommandException: RADIO_NOT_AVAILABLE ret=
04-14 11:00:54.720 D/RilRequest( 3342): [3706]< SIM_IO error: com.android.internal.telephony.CommandException: RADIO_NOT_AVAILABLE ret=
04-14 11:00:54.720 D/RilRequest( 3342): [3707]< SIM_IO error: com.android.internal.telephony.CommandException: RADIO_NOT_AVAILABLE ret=
04-14 11:00:54.720 D/RilRequest( 3342): [3708]< SIM_IO error: com.android.internal.telephony.CommandException: RADIO_NOT_AVAILABLE ret=
04-14 11:00:54.720 D/RilRequest( 3342): [3709]< SIM_IO error: com.android.internal.telephony.CommandException: RADIO_NOT_AVAILABLE ret=
04-14 11:00:54.720 D/RilRequest( 3342): [3710]< SIM_IO error: com.android.internal.telephony.CommandException: RADIO_NOT_AVAILABLE ret=
04-14 11:00:54.720 D/RilRequest( 3342): [3711]< GET_IMSI error: com.android.internal.telephony.CommandException: RADIO_NOT_AVAILABLE ret=
04-14 11:00:54.720 D/RilRequest( 3342): [3712]< SIM_IO error: com.android.internal.telephony.CommandException: RADIO_NOT_AVAILABLE ret=
04-14 11:00:54.720 D/RilRequest( 3342): [3713]< SIM_IO error: com.android.internal.telephony.CommandException: RADIO_NOT_AVAILABLE ret=
04-14 11:00:54.720 D/RilRequest( 3342): [3714]< SIM_IO error: com.android.internal.telephony.CommandException: RADIO_NOT_AVAILABLE ret=
04-14 11:00:54.720 D/RilRequest( 3342): [3715]< SIM_IO error: com.android.internal.telephony.CommandException: RADIO_NOT_AVAILABLE ret=
04-14 11:00:54.720 D/RilRequest( 3342): [3716]< SIM_IO error: com.android.internal.telephony.CommandException: RADIO_NOT_AVAILABLE ret=
04-14 11:00:54.720 D/RilRequest( 3342): [3717]< SIM_IO error: com.android.internal.telephony.CommandException: RADIO_NOT_AVAILABLE ret=
04-14 11:00:54.720 D/RilRequest( 3342): [3718]< SIM_IO error: com.android.internal.telephony.CommandException: RADIO_NOT_AVAILABLE ret=
04-14 11:00:54.720 D/RilRequest( 3342): [3719]< SIM_IO error: com.android.internal.telephony.CommandException: RADIO_NOT_AVAILABLE ret=
04-14 11:00:54.720 D/RilRequest( 3342): [3720]< RIL_REQUEST_CDMA_SUBSCRIPTION error: com.android.internal.telephony.CommandException: RADIO_NOT_AVAILABLE ret=
04-14 11:00:54.720 D/RilRequest( 3342): [3721]< RIL_REQUEST_REPORT_STK_SERVICE_IS_RUNNING error: com.android.internal.telephony.CommandException: RADIO_NOT_AVAILABLE ret=
04-14 11:00:54.720 D/RilRequest( 3342): [3722]< REQUEST_SET_PREFERRED_NETWORK_TYPE error: com.android.internal.telephony.CommandException: RADIO_NOT_AVAILABLE ret=
04-14 11:00:54.720 D/RilRequest( 3342): [3723]< SET_NETWORK_SELECTION_AUTOMATIC error: com.android.internal.telephony.CommandException: RADIO_NOT_AVAILABLE ret=
04-14 11:00:54.720 D/RilRequest( 3342): [3724]< OPERATOR error: com.android.internal.telephony.CommandException: RADIO_NOT_AVAILABLE ret=
04-14 11:00:54.720 D/RilRequest( 3342): [3725]< DATA_REGISTRATION_STATE error: com.android.internal.telephony.CommandException: RADIO_NOT_AVAILABLE ret=
04-14 11:00:54.720 D/RilRequest( 3342): [3726]< VOICE_REGISTRATION_STATE error: com.android.internal.telephony.CommandException: RADIO_NOT_AVAILABLE ret=
04-14 11:00:54.720 D/RilRequest( 3342): [3727]< QUERY_NETWORK_SELECTION_MODE error: com.android.internal.telephony.CommandException: RADIO_NOT_AVAILABLE ret=
04-14 11:00:54.720 D/PHONE   ( 3342): [ServiceState] setNullState=1
04-14 11:00:54.720 D/GsmSST  ( 3342): [GsmSST] Poll ServiceState done:  oldSS=[1 1 home CAN Rogers Wirel ROGERS 302720  none none CSS not supported -1 -1 RoamInd=-1 DefRoamInd=-1 EmergOnly=false] newSS=[1 1 home null null null  none none CSS not supported -1 -1 RoamInd=-1 DefRoamInd=-1 EmergOnly=false] oldMaxDataCalls=1 mNewMaxDataCalls=1 oldReasonDataDenied=-1 mNewReasonDataDenied=-1
04-14 11:00:54.720 D/PHONE   ( 3342): [ServiceState] setNullState=1
04-14 11:00:54.720 D/GsmSST  ( 3342): [GsmSST] updateSpnDisplay: radio is on but out of service, set plmn='No service.'
04-14 11:00:54.720 D/GsmSST  ( 3342): [GsmSST] updateSpnDisplay: changed sending intent rule=2 showPlmn='true' plmn='No service.' showSpn='false' spn='null'
04-14 11:00:54.730 D/GsmSST  ( 3342): [GsmSST] operatorNumeric is null
04-14 11:00:54.730 D/RILJ    ( 3342): [3177]> GET_CURRENT_CALLS
04-14 11:00:54.730 D/RilRequest( 3342): [3177]< GET_CURRENT_CALLS error: com.android.internal.telephony.CommandException: RADIO_NOT_AVAILABLE ret=
04-14 11:00:54.730 D/DCT     ( 3342): handleMessage msg={ when=-16ms what=270342 obj=android.os.AsyncResult@42288560 target=com.android.internal.telephony.dataconnection.DcTracker }
04-14 11:00:54.730 D/DCT     ( 3342): onRadioOffOrNotAvailable: is off and clean up all connections
04-14 11:00:54.730 D/DCT     ( 3342): cleanUpAllConnections: tearDown=false reason=radioTurnedOff
04-14 11:00:54.730 D/DCT     ( 3342): cleanUpConnection: E tearDown=false reason=radioTurnedOff apnContext={mApnType=fota mState=IDLE mWaitingApns={null} mWaitingApnsPermanentFailureCountDown=0 mApnSetting={null} mReason=radioTurnedOff mDataEnabled=false mDependencyMet=true}
04-14 11:00:54.730 D/DCT     ( 3342): isDataAllowed: not allowed due to - Attached= false - SIM not loaded
04-14 11:00:54.730 D/DCT     ( 3342): [ApnContext:fota] getApnSetting: apnSetting=null
04-14 11:00:54.740 D/DCT     ( 3342): cleanUpConnection: X tearDown=false reason=radioTurnedOff apnContext={mApnType=fota mState=IDLE mWaitingApns={null} mWaitingApnsPermanentFailureCountDown=0 mApnSetting={null} mReason=radioTurnedOff mDataEnabled=false mDependencyMet=true} dcac=null
04-14 11:00:54.740 D/DCT     ( 3342): cleanUpConnection: E tearDown=false reason=radioTurnedOff apnContext={mApnType=supl mState=IDLE mWaitingApns={null} mWaitingApnsPermanentFailureCountDown=0 mApnSetting={null} mReason=radioTurnedOff mDataEnabled=false mDependencyMet=true}
04-14 11:00:54.740 D/DCT     ( 3342): isDataAllowed: not allowed due to - Attached= false - SIM not loaded
04-14 11:00:54.740 D/DCT     ( 3342): [ApnContext:supl] getApnSetting: apnSetting=null
04-14 11:00:54.740 D/DCT     ( 3342): cleanUpConnection: X tearDown=false reason=radioTurnedOff apnContext={mApnType=supl mState=IDLE mWaitingApns={null} mWaitingApnsPermanentFailureCountDown=0 mApnSetting={null} mReason=radioTurnedOff mDataEnabled=false mDependencyMet=true} dcac=null
04-14 11:00:54.740 D/DCT     ( 3342): cleanUpConnection: E tearDown=false reason=radioTurnedOff apnContext={mApnType=hipri mState=IDLE mWaitingApns={null} mWaitingApnsPermanentFailureCountDown=0 mApnSetting={null} mReason=radioTurnedOff mDataEnabled=false mDependencyMet=true}
04-14 11:00:54.740 D/DCT     ( 3342): isDataAllowed: not allowed due to - Attached= false - SIM not loaded
04-14 11:00:54.740 D/DCT     ( 3342): [ApnContext:hipri] getApnSetting: apnSetting=null
04-14 11:00:54.750 D/DCT     ( 3342): cleanUpConnection: X tearDown=false reason=radioTurnedOff apnContext={mApnType=hipri mState=IDLE mWaitingApns={null} mWaitingApnsPermanentFailureCountDown=0 mApnSetting={null} mReason=radioTurnedOff mDataEnabled=false mDependencyMet=true} dcac=null
04-14 11:00:54.750 D/DCT     ( 3342): cleanUpConnection: E tearDown=false reason=radioTurnedOff apnContext={mApnType=ims mState=IDLE mWaitingApns={null} mWaitingApnsPermanentFailureCountDown=0 mApnSetting={null} mReason=radioTurnedOff mDataEnabled=false mDependencyMet=true}
04-14 11:00:54.750 D/DCT     ( 3342): isDataAllowed: not allowed due to - Attached= false - SIM not loaded
04-14 11:00:54.750 D/DCT     ( 3342): [ApnContext:ims] getApnSetting: apnSetting=null
04-14 11:00:54.750 D/DCT     ( 3342): cleanUpConnection: X tearDown=false reason=radioTurnedOff apnContext={mApnType=ims mState=IDLE mWaitingApns={null} mWaitingApnsPermanentFailureCountDown=0 mApnSetting={null} mReason=radioTurnedOff mDataEnabled=false mDependencyMet=true} dcac=null
04-14 11:00:54.750 D/DCT     ( 3342): cleanUpConnection: E tearDown=false reason=radioTurnedOff apnContext={mApnType=default mState=IDLE mWaitingApns={null} mWaitingApnsPermanentFailureCountDown=0 mApnSetting={null} mReason=radioTurnedOff mDataEnabled=true mDependencyMet=true}
04-14 11:00:54.750 D/DCT     ( 3342): isDataAllowed: not allowed due to - Attached= false - SIM not loaded
04-14 11:00:54.750 D/DCT     ( 3342): [ApnContext:default] getApnSetting: apnSetting=null
04-14 11:00:54.760 D/DCT     ( 3342): cleanUpConnection: X tearDown=false reason=radioTurnedOff apnContext={mApnType=default mState=IDLE mWaitingApns={null} mWaitingApnsPermanentFailureCountDown=0 mApnSetting={null} mReason=radioTurnedOff mDataEnabled=true mDependencyMet=true} dcac=null
04-14 11:00:54.760 D/DCT     ( 3342): cleanUpConnection: E tearDown=false reason=radioTurnedOff apnContext={mApnType=mms mState=IDLE mWaitingApns={null} mWaitingApnsPermanentFailureCountDown=0 mApnSetting={null} mReason=radioTurnedOff mDataEnabled=false mDependencyMet=true}
04-14 11:00:54.760 D/DCT     ( 3342): isDataAllowed: not allowed due to - Attached= false - SIM not loaded
04-14 11:00:54.760 D/DCT     ( 3342): [ApnContext:mms] getApnSetting: apnSetting=null
04-14 11:00:54.790 D/DCT     ( 3342): cleanUpConnection: X tearDown=false reason=radioTurnedOff apnContext={mApnType=mms mState=IDLE mWaitingApns={null} mWaitingApnsPermanentFailureCountDown=0 mApnSetting={null} mReason=radioTurnedOff mDataEnabled=false mDependencyMet=true} dcac=null
04-14 11:00:54.790 D/DCT     ( 3342): cleanUpConnection: E tearDown=false reason=radioTurnedOff apnContext={mApnType=cbs mState=IDLE mWaitingApns={null} mWaitingApnsPermanentFailureCountDown=0 mApnSetting={null} mReason=radioTurnedOff mDataEnabled=false mDependencyMet=true}
04-14 11:00:54.790 D/DCT     ( 3342): isDataAllowed: not allowed due to - Attached= false - SIM not loaded
04-14 11:00:54.790 D/DCT     ( 3342): [ApnContext:cbs] getApnSetting: apnSetting=null
04-14 11:00:54.800 D/DCT     ( 3342): cleanUpConnection: X tearDown=false reason=radioTurnedOff apnContext={mApnType=cbs mState=IDLE mWaitingApns={null} mWaitingApnsPermanentFailureCountDown=0 mApnSetting={null} mReason=radioTurnedOff mDataEnabled=false mDependencyMet=true} dcac=null
04-14 11:00:54.800 D/DCT     ( 3342): stopNetStatPoll
04-14 11:00:54.800 D/DCT     ( 3342): stopDataStallAlarm: current tag=81740 mDataStallAlarmIntent=null
04-14 11:00:54.800 D/DCT     ( 3342): isDataAllowed: not allowed due to - Attached= false - SIM not loaded
04-14 11:00:54.800 D/DCT     ( 3342): [ApnContext:fota] getApnSetting: apnSetting=null
04-14 11:00:54.810 D/DCT     ( 3342): isDataAllowed: not allowed due to - Attached= false - SIM not loaded
04-14 11:00:54.810 D/DCT     ( 3342): [ApnContext:supl] getApnSetting: apnSetting=null
04-14 11:00:54.820 D/DCT     ( 3342): isDataAllowed: not allowed due to - Attached= false - SIM not loaded
04-14 11:00:54.820 D/DCT     ( 3342): [ApnContext:hipri] getApnSetting: apnSetting=null
04-14 11:00:54.820 D/DCT     ( 3342): isDataAllowed: not allowed due to - Attached= false - SIM not loaded
04-14 11:00:54.820 D/DCT     ( 3342): [ApnContext:ims] getApnSetting: apnSetting=null
04-14 11:00:54.830 D/DCT     ( 3342): isDataAllowed: not allowed due to - Attached= false - SIM not loaded
04-14 11:00:54.830 D/DCT     ( 3342): [ApnContext:default] getApnSetting: apnSetting=null
04-14 11:00:54.840 D/DCT     ( 3342): isDataAllowed: not allowed due to - Attached= false - SIM not loaded
04-14 11:00:54.840 D/DCT     ( 3342): [ApnContext:mms] getApnSetting: apnSetting=null
04-14 11:00:54.840 D/DCT     ( 3342): isDataAllowed: not allowed due to - Attached= false - SIM not loaded
04-14 11:00:54.840 D/DCT     ( 3342): [ApnContext:cbs] getApnSetting: apnSetting=null
04-14 11:00:54.850 D/UiccCardApplication( 3342): handleMessage (EVENT_RADIO_OFF_OR_UNAVAILABLE)
04-14 11:00:54.850 D/UiccCardApplication( 3342): handleMessage (EVENT_RADIO_OFF_OR_UNAVAILABLE)
04-14 11:00:54.850 E/RIL_ImsSms( 3342): IMS State query failed with exp com.android.internal.telephony.CommandException: RADIO_NOT_AVAILABLE
04-14 11:00:54.850 E/PhoneProxy( 3342): [PhoneProxy] EVENT_REQUEST_VOICE_RADIO_TECH_DONE: exception=com.android.internal.telephony.CommandException: RADIO_NOT_AVAILABLE
04-14 11:00:54.850 D/CdmaSSM ( 3342): CDMA_SUBSCRIPTION_SOURCE event = 2
04-14 11:00:54.850 W/CdmaSSM ( 3342): Unable to get CDMA Subscription Source, Exception: com.android.internal.telephony.CommandException: RADIO_NOT_AVAILABLE, result: null
04-14 11:00:54.850 D/UiccCardApplication( 3342): Error in querying facility lock:com.android.internal.telephony.CommandException: RADIO_NOT_AVAILABLE
04-14 11:00:54.850 D/UiccCardApplication( 3342): Error in querying facility lock:com.android.internal.telephony.CommandException: RADIO_NOT_AVAILABLE
04-14 11:00:54.860 D/UiccCardApplication( 3342): Error in querying facility lock:com.android.internal.telephony.CommandException: RADIO_NOT_AVAILABLE
04-14 11:00:54.860 D/UiccCardApplication( 3342): Error in querying facility lock:com.android.internal.telephony.CommandException: RADIO_NOT_AVAILABLE
04-14 11:00:54.860 E/SIMRecords( 3342): [SIMRecords] Exception querying IMSI, Exception:com.android.internal.telephony.CommandException: RADIO_NOT_AVAILABLE
04-14 11:00:54.860 D/SIMRecords( 3342): [SIMRecords] onRecordLoaded 15 requested: true
04-14 11:00:54.860 E/RuimRecords( 3342): [RuimRecords] Exception querying IMSI, Exception:com.android.internal.telephony.CommandException: RADIO_NOT_AVAILABLE
04-14 11:00:54.860 D/RuimRecords( 3342): [RuimRecords] onRecordLoaded 8 requested: true
04-14 11:00:54.870 I/RILD    (26612): ------ VendorRIL initialize: library=/system/lib/libreference-ril.so ------
04-14 11:00:54.890 D/SIMRecords( 3342): [SIMRecords] onRecordLoaded 14 requested: true
04-14 11:00:54.890 D/RILJ    ( 3342): [3178]> iccIO: SIM_IO 0xc0 0x6f17  path: 3F007F20,0,0,15 aid: null
04-14 11:00:54.890 D/RilRequest( 3342): [3178]< SIM_IO error: com.android.internal.telephony.CommandException: RADIO_NOT_AVAILABLE ret=
04-14 11:00:54.890 D/SIMRecords( 3342): [SIMRecords] onRecordLoaded 14 requested: true
04-14 11:00:54.890 D/SIMRecords( 3342): [SIMRecords] MNC length not present in EF_AD
04-14 11:00:54.890 D/SIMRecords( 3342): [SIMRecords] onRecordLoaded 13 requested: true
04-14 11:00:54.890 D/SIMRecords( 3342): [SIMRecords] onRecordLoaded 12 requested: true
04-14 11:00:54.890 D/SIMRecords( 3342): [SIMRecords] onRecordLoaded 11 requested: true
04-14 11:00:54.890 I/RILD    (26612): ------ VendorRIL initialize: arguments from command ------
04-14 11:00:54.890 I/RILD    (26612): ------ VendorRIL initialize: argc=5 ------
04-14 11:00:54.890 I/RILD    (26612): ------ VendorRIL initialize: argv[0]=/system/bin/rild ------
04-14 11:00:54.890 I/RILD    (26612): ------ VendorRIL initialize: argv[1]=-u ------
04-14 11:00:54.890 I/RILD    (26612): ------ VendorRIL initialize: argv[2]=/dev/ttyUSB0 ------
04-14 11:00:54.890 I/RILD    (26612): ------ VendorRIL initialize: argv[3]=-d ------
04-14 11:00:54.890 I/RILD    (26612): ------ VendorRIL initialize: argv[4]=/dev/ttyUSB2 ------
04-14 11:00:54.890 I/RIL     (26612): Opening tty device /dev/ttyUSB0
04-14 11:00:54.890 I/RIL     (26612): Opening tty device /dev/ttyUSB2
04-14 11:00:54.890 I/RIL     (26612): ------ VendorRIL Init argus: path_d=/dev/ttyUSB2 ------
04-14 11:00:54.890 I/RIL     (26612): ------ VendorRIL Init argus: path_u=/dev/ttyUSB0 ------
04-14 11:00:54.890 I/RIL     (26612): ------ VendorRIL Init success ------
04-14 11:00:54.890 I/RILD    (26612): ------ VendorRIL initialize: return=funcs ------
04-14 11:00:54.890 E/RILC    (26612): RIL_register: RIL version 9
04-14 11:00:54.890 D/SIMRecords( 3342): [SIMRecords] onRecordLoaded 10 requested: true
04-14 11:00:54.890 D/SIMRecords( 3342): [SIMRecords] onRecordLoaded 9 requested: true
04-14 11:00:54.890 D/RILJ    ( 3342): [3179]> iccIO: SIM_IO 0xc0 0x6f14  path: 3F007F20,0,0,15 aid: null
04-14 11:00:54.890 D/RilRequest( 3342): [3179]< SIM_IO error: com.android.internal.telephony.CommandException: RADIO_NOT_AVAILABLE ret=
04-14 11:00:54.890 D/SIMRecords( 3342): [SIMRecords] onRecordLoaded 9 requested: true
04-14 11:00:54.890 D/SIMRecords( 3342): [SIMRecords] onRecordLoaded 8 requested: true
04-14 11:00:54.890 D/SIMRecords( 3342): [SIMRecords] onRecordLoaded 7 requested: true
04-14 11:00:54.890 D/SIMRecords( 3342): [SIMRecords] onRecordLoaded 6 requested: true
04-14 11:00:54.890 D/SIMRecords( 3342): [SIMRecords] onRecordLoaded 5 requested: true
04-14 11:00:54.890 E/SIMRecords( 3342): [SIMRecords] Exception in fetching EF_CSP data com.android.internal.telephony.CommandException: RADIO_NOT_AVAILABLE
04-14 11:00:54.890 D/SIMRecords( 3342): [SIMRecords] onRecordLoaded 4 requested: true
04-14 11:00:54.890 E/SIMRecords( 3342): [SIMRecords] Exception in get GID1 com.android.internal.telephony.CommandException: RADIO_NOT_AVAILABLE
04-14 11:00:54.890 D/SIMRecords( 3342): [SIMRecords] onRecordLoaded 3 requested: true
04-14 11:00:54.890 D/RuimRecords( 3342): [RuimRecords] onRecordLoaded 7 requested: true
04-14 11:00:54.890 D/RuimRecords( 3342): [RuimRecords] EF_PL LOADED
04-14 11:00:54.890 E/RuimRecords( 3342): [RuimRecords] Record Load Exception: com.android.internal.telephony.CommandException: RADIO_NOT_AVAILABLE
04-14 11:00:54.890 D/RuimRecords( 3342): [RuimRecords] onRecordLoaded 6 requested: true
04-14 11:00:54.890 D/RuimRecords( 3342): [RuimRecords] EF_CSIM_LI LOADED
04-14 11:00:54.890 E/RuimRecords( 3342): [RuimRecords] Record Load Exception: com.android.internal.telephony.CommandException: RADIO_NOT_AVAILABLE
04-14 11:00:54.890 D/RuimRecords( 3342): [RuimRecords] onRecordLoaded 5 requested: true
04-14 11:00:54.890 D/RuimRecords( 3342): [RuimRecords] EF_CSIM_SPN LOADED
04-14 11:00:54.890 E/RuimRecords( 3342): [RuimRecords] Record Load Exception: com.android.internal.telephony.CommandException: RADIO_NOT_AVAILABLE
04-14 11:00:54.890 D/RuimRecords( 3342): [RuimRecords] onRecordLoaded 4 requested: true
04-14 11:00:54.890 D/RuimRecords( 3342): [RuimRecords] EF_CSIM_MDN LOADED
04-14 11:00:54.890 E/RuimRecords( 3342): [RuimRecords] Record Load Exception: com.android.internal.telephony.CommandException: RADIO_NOT_AVAILABLE
04-14 11:00:54.890 D/RuimRecords( 3342): [RuimRecords] onRecordLoaded 3 requested: true
04-14 11:00:54.890 D/RuimRecords( 3342): [RuimRecords] EF_CSIM_IMSIM LOADED
04-14 11:00:54.890 E/RuimRecords( 3342): [RuimRecords] Record Load Exception: com.android.internal.telephony.CommandException: RADIO_NOT_AVAILABLE
04-14 11:00:54.890 D/RuimRecords( 3342): [RuimRecords] onRecordLoaded 2 requested: true
04-14 11:00:54.890 D/RuimRecords( 3342): [RuimRecords] EF_CSIM_CDMAHOME LOADED
04-14 11:00:54.890 E/RuimRecords( 3342): [RuimRecords] Record Load Exception: com.android.internal.telephony.CommandException: RADIO_NOT_AVAILABLE
04-14 11:00:54.890 D/RuimRecords( 3342): [RuimRecords] onRecordLoaded 1 requested: true
04-14 11:00:54.890 D/RuimRecords( 3342): [RuimRecords] EF_CSIM_EPRL LOADED
04-14 11:00:54.890 E/RuimRecords( 3342): [RuimRecords] Record Load Exception: com.android.internal.telephony.CommandException: RADIO_NOT_AVAILABLE
04-14 11:00:54.890 D/RuimRecords( 3342): [RuimRecords] onRecordLoaded 0 requested: true
04-14 11:00:54.890 D/RuimRecords( 3342): [RuimRecords] record load complete
04-14 11:00:54.890 D/RuimRecords( 3342): [RuimRecords] onAllRecordsLoaded empty 'gsm.sim.operator.numeric' skipping
04-14 11:00:54.890 D/RuimRecords( 3342): [RuimRecords] onAllRecordsLoaded empty imsi skipping setting mcc
04-14 11:00:54.920 I/RIL     (26612): ------ VendorRIL entering mainLoop() ------
04-14 11:00:54.920 I/RIL     (26612): ------ VendorRIL mainLoop: repeatedly check if port available, open, initalize, readThread ------
04-14 11:00:54.920 I/RIL     (26612): ------ VendorRIL open port: device_u=/dev/ttyUSB0 ------
04-14 11:00:54.920 D/RIL     (26612): ******** VendorRIL: setRadioState(0), oldState=1 ********
04-14 11:00:54.920 D/AT      (26612): AT> ATE0Q0V1
04-14 11:00:54.930 D/RuimRecords( 3342): [RuimRecords] No suitable CSIM selected locale
04-14 11:00:54.930 I/AT      (26612): ------ VendorRIL readerLoop: repeatedly readLine, processLine, handleUnsolicited, handleFinalResponse ------
04-14 11:00:54.940 D/SIMRecords( 3342): [SIMRecords] Invalid or missing EF[MSISDN]
04-14 11:00:54.940 D/SIMRecords( 3342): [SIMRecords] onRecordLoaded 2 requested: true
04-14 11:00:54.940 D/RILJ    ( 3342): [3180]> iccIO: SIM_IO 0xc0 0x6f18  path: 3F007F20,0,0,15 aid: null
04-14 11:00:54.940 D/RilRequest( 3342): [3180]< SIM_IO error: com.android.internal.telephony.CommandException: RADIO_NOT_AVAILABLE ret=
04-14 11:00:54.940 D/SIMRecords( 3342): [SIMRecords] onRecordLoaded 2 requested: true
04-14 11:00:54.940 D/SIMRecords( 3342): [SIMRecords] Invalid or missing EF[MAILBOX]
04-14 11:00:54.940 D/SIMRecords( 3342): [SIMRecords] onRecordLoaded 1 requested: true
04-14 11:00:54.940 D/SIMRecords( 3342): [SIMRecords] No SPN loaded in either CHPS or 3GPP
04-14 11:00:54.940 D/SIMRecords( 3342): [SIMRecords] onRecordLoaded 0 requested: true
04-14 11:00:54.940 D/SIMRecords( 3342): [SIMRecords] record load complete
04-14 11:00:54.940 D/SIMRecords( 3342): [SIMRecords] getOperatorNumeric: IMSI == null
04-14 11:00:54.940 D/SIMRecords( 3342): [SIMRecords] onAllRecordsLoaded empty 'gsm.sim.operator.numeric' skipping
04-14 11:00:54.940 D/SIMRecords( 3342): [SIMRecords] onAllRecordsLoaded empty imsi skipping setting mcc
04-14 11:00:54.940 D/SIMRecords( 3342): [SIMRecords] getOperatorNumeric: IMSI == null
04-14 11:00:55.200 D/AT      (26612): AT> ATE0Q0V1
04-14 11:00:55.220 D/AT      (26612): AT< OK
04-14 11:00:55.440 I/RIL     (26612): ------ VendorRIL: GSM AT Command for initialization ------
04-14 11:00:55.440 D/AT      (26612): AT> AT+WNAM
04-14 11:00:55.500 D/AT      (26612): AT< ERROR
04-14 11:00:55.500 I/RIL     (26612): ======== VendorRIL: found GSM Modem Device ========
04-14 11:00:55.500 D/AT      (26612): AT> ATE0Q0V1
04-14 11:00:55.580 D/AT      (26612): AT< OK
04-14 11:00:55.580 D/AT      (26612): AT> ATS0=0
04-14 11:00:55.820 D/AT      (26612): AT< OK
04-14 11:00:55.830 D/AT      (26612): AT> AT+CMEE=1
04-14 11:00:55.900 D/AT      (26612): AT< OK
04-14 11:00:55.900 D/AT      (26612): AT> AT+CREG=2
04-14 11:00:55.980 D/AT      (26612): AT< OK
04-14 11:00:55.980 D/AT      (26612): AT> AT+CGREG=1
04-14 11:00:55.990 D/AT      (26612): AT< OK
04-14 11:00:55.990 D/AT      (26612): AT> AT+CCWA=1
04-14 11:00:56.000 D/AT      (26612): AT< OK
04-14 11:00:56.000 D/AT      (26612): AT> AT+CMOD=0
04-14 11:00:56.010 D/AT      (26612): AT< OK
04-14 11:00:56.010 D/AT      (26612): AT> AT+CMUT=0
04-14 11:00:56.020 D/AT      (26612): AT< OK
04-14 11:00:56.020 D/AT      (26612): AT> AT+CSSN=0,1
04-14 11:00:56.040 D/AT      (26612): AT< OK
04-14 11:00:56.040 D/AT      (26612): AT> AT+COLP=0
04-14 11:00:56.050 D/AT      (26612): AT< OK
04-14 11:00:56.050 D/AT      (26612): AT> AT+CSCS="HEX"
04-14 11:00:56.050 D/AT      (26612): AT< OK
04-14 11:00:56.050 D/AT      (26612): AT> AT+CUSD=1
04-14 11:00:56.050 D/AT      (26612): AT< OK
04-14 11:00:56.060 D/AT      (26612): AT> AT+CGEREP=1,0
04-14 11:00:56.060 D/AT      (26612): AT< OK
04-14 11:00:56.060 D/AT      (26612): AT> AT+CMGF=0
04-14 11:00:56.080 D/AT      (26612): AT< OK
04-14 11:00:56.080 D/AT      (26612): AT> AT+CFUN?
04-14 11:00:56.090 D/AT      (26612): AT< +CFUN: 1
04-14 11:00:56.090 D/AT      (26612): AT< OK
04-14 11:00:56.090 D/RIL     (26612): ******** VendorRIL: setRadioState(10), oldState=0 ********
04-14 11:00:56.090 D/RIL     (26612): ******** VendorRIL: onRadioPowerOn pollSIMState, current state=10 ********
