


[   16.535699] screen_mode_changed: 1, scene_mode: 0x4
vtime -bradio[   20.001388] 
[   20.001392] [power] atc260x_charger_check_state, 1224, start charge

funcName=debug_modifyFlashChipInfo
[   20.402505] param=watch_dog 0
[   20.405556] watch_dog: 0
[   20.408841] nandLinePrintEnable     = 0
[   20.416788] nandFunctionPrintEnable = 0
[   20.421104] nandDebugPrintEnable    = 0
[   20.427962] nandTimeStubEnable      = 0
[   20.432228] nandDumpBufferEnable    = 0
[   20.436156] nandTempDebugEnable     = 0
[   20.442225] watch_dog               = 0
[   20.446236] funcName=debug_modifyFlashChipInfo
[   20.453080] param=watch_dog 0
[   20.456127] watch_dog: 0
[   20.458658] nandLinePrintEnable     = 0
[   20.462684] nandFunctionPrintEnable = 0
[   20.466595] nandDebugPrintEnable    = 0
[   20.470515] nandTimeStubEnable      = 0
[   20.474464] nandDumpBufferEnable    = 0
[   20.480432] nandTempDebugEnable     = 0
[   20.484576] watch_dog               = 0
05-23 11:39:09.610 D/TelephonyManager( 1247): No /proc/cmdline exception=java.io.FileNotFoundException: /proc/cmdline: open failed: EACCES (Permission denied)
05-23 11:39:09.610 D/TelephonyManager( 1247): /proc/cmdline=
[   31.446903] request_suspend_state: wakeup (3->0) at 31435877504 (2017-05-23 15:39:20.690298502 UTC)
[   32.306106] acc_open
[   32.308297] acc_release
[   35.747284] store_opt_mode: 0x0
05-23 11:39:27.760 D/TelephonyManager( 2830): getLteOnCdmaMode=0 curVal=-1 product_type='' lteOnCdmaProductType=''
05-23 11:39:27.760 I/PhoneFactory( 2830): Network Mode set to 1
05-23 11:39:27.900 I/PhoneFactory( 2830): Cdma Subscription set to 1
05-23 11:39:27.940 D/RILJ    ( 2830): RIL(context, preferredNetworkType=1 cdmaSubscription=1)
05-23 11:39:27.950 D/RILJ    ( 2830): Starting RILReceiver
05-23 11:39:27.960 D/UiccController( 2830): Creating UiccController
05-23 11:39:27.960 I/PhoneFactory( 2830): Creating GSMPhone
05-23 11:39:28.070 D/TelephonyTester( 2830): register for intent action=com.android.internal.telephony.gsm.action_detached
05-23 11:39:28.070 D/TelephonyTester( 2830): register for intent action=com.android.internal.telephony.gsm.action_attached
05-23 11:39:28.160 D/PhoneBase( 2830): mDoesRilSendMultipleCallRing=true
05-23 11:39:28.160 D/PhoneBase( 2830): mCallRingDelay=3000
05-23 11:39:28.230 D/RILJ    ( 2830): setPhoneType=1 old value=0
[   39.027502] misc info read type=4, size=4096
05-23 11:39:28.260 D/DCT     ( 2830): DCT.constructor
05-23 11:39:28.280 D/Dcc     ( 2830): E ctor
05-23 11:39:28.290 D/Dcc     ( 2830): X ctor
05-23 11:39:28.290 D/DcTesterDeacativeAll( 2830): register for intent action=com.android.internal.telephony.dataconnection.action_deactivate_all
05-23 11:39:28.290 D/DcTesterDeacativeAll( 2830): register for intent action=com.android.internal.telephony.gsm.action_detached
05-23 11:39:28.330 D/DcTesterFailBrinupAll( 2830): register for intent action=com.android.internal.telephony.dataconnection.action_fail_bringup
05-23 11:39:28.330 D/DcTesterFailBrinupAll( 2830): register for intent action=com.android.internal.telephony.gsm.action_detached
[   39.144707] misc info read success
05-23 11:39:28.330 D/DcTesterFailBrinupAll( 2830): register for intent action=com.android.internal.telephony.gsm.action_attached
05-23 11:39:28.350 D/DCT     ( 2830): GsmDCT.constructor
05-23 11:39:28.370 D/DCT     ( 2830): initApnContexts: E
05-23 11:39:28.370 D/DCT     ( 2830): initApnContexts: skipping unknown type=1
05-23 11:39:28.370 D/DCT     ( 2830): initApnContexts: apnContext={mApnType=default mState=IDLE mWaitingApns={null} mWaitingApnsPermanentFailureCountDown=0 mApnSetting={null} mReason=dataEnabled mDataEnabled=true mDependencyMet=true}
05-23 11:39:28.370 D/DCT     ( 2830): initApnContexts: apnContext={mApnType=mms mState=IDLE mWaitingApns={null} mWaitingApnsPermanentFailureCountDown=0 mApnSetting={null} mReason=dataEnabled mDataEnabled=false mDependencyMet=true}
05-23 11:39:28.370 D/DCT     ( 2830): initApnContexts: apnContext={mApnType=supl mState=IDLE mWaitingApns={null} mWaitingApnsPermanentFailureCountDown=0 mApnSetting={null} mReason=dataEnabled mDataEnabled=false mDependencyMet=true}
05-23 11:39:28.370 D/DCT     ( 2830): initApnContexts: apnContext={mApnType=hipri mState=IDLE mWaitingApns={null} mWaitingApnsPermanentFailureCountDown=0 mApnSetting={null} mReason=dataEnabled mDataEnabled=false mDependencyMet=true}
05-23 11:39:28.370 D/DCT     ( 2830): initApnContexts: apnContext={mApnType=fota mState=IDLE mWaitingApns={null} mWaitingApnsPermanentFailureCountDown=0 mApnSetting={null} mReason=dataEnabled mDataEnabled=false mDependencyMet=true}
05-23 11:39:28.370 D/DCT     ( 2830): initApnContexts: apnContext={mApnType=ims mState=IDLE mWaitingApns={null} mWaitingApnsPermanentFailureCountDown=0 mApnSetting={null} mReason=dataEnabled mDataEnabled=false mDependencyMet=true}
05-23 11:39:28.370 D/DCT     ( 2830): initApnContexts: apnContext={mApnType=cbs mState=IDLE mWaitingApns={null} mWaitingApnsPermanentFailureCountDown=0 mApnSetting={null} mReason=dataEnabled mDataEnabled=false mDependencyMet=true}
05-23 11:39:28.370 D/DCT     ( 2830): initApnContexts: skipping unknown type=9
05-23 11:39:28.380 D/DCT     ( 2830): initApnContexts: X mApnContexts={fota={mApnType=fota mState=IDLE mWaitingApns={null} mWaitingApnsPermanentFailureCountDown=0 mApnSetting={null} mReason=dataEnabled mDataEnabled=false mDependencyMet=true}, supl={mApnType=supl mState=IDLE mWaitingApns={null} mWaitingApnsPermanentFailureCountDown=0 mApnSetting={null} mReason=dataEnabled mDataEnabled=false mDependencyMet=true}, hipri={mApnType=hipri mState=IDLE mWaitingApns={null} mWaitingApnsPermanentFailureCountDown=0 mApnSetting={null} mReason=dataEnabled mDataEnabled=false mDependencyMet=true}, ims={mApnType=ims mState=IDLE mWaitingApns={null} mWaitingApnsPermanentFailureCountDown=0 mApnSetting={null} mReason=dataEnabled mDataEnabled=false mDependencyMet=true}, default={mApnType=default mState=IDLE mWaitingApns={null} mWaitingApnsPermanentFailureCountDown=0 mApnSetting={null} mReason=dataEnabled mDataEnabled=true mDependencyMet=true}, mms={mApnType=mms mState=IDLE mWaitingApns={null} mWaitingApnsPermanentFailureCountDown=0 mApnSetting={null} mReason=dataEnabled mDataEnabled=false mDependencyMet=true}, cbs={mApnType=cbs mState=IDLE mWaitingApns={null} mWaitingApnsPermanentFailureCountDown=0 mApnSetting={null} mReason=dataEnabled mDataEnabled=false mDependencyMet=true}}
[   39.443603] ReadExtensionType
[   39.447400] get MISC_INFO_GSENSOR chksum failed, so we return def calib data
[   39.459089] calc:3b63 rec:4553
[   39.462988] size:64 calib size:11
05-23 11:39:28.710 E/RIL_ImsSms( 2830): getFormat should never be called from here!
05-23 11:39:28.710 D/SMSDispatcher( 2830): SMSDispatcher: ctor mSmsCapable=true format=unknown mSmsSendDisabled=false
05-23 11:39:28.720 D/RIL_ImsSms( 2830): ImsSMSDispatcher created
05-23 11:39:28.720 D/SMSDispatcher( 2830): SMSDispatcher: ctor mSmsCapable=true format=3gpp2 mSmsSendDisabled=false
05-23 11:39:28.720 D/CdmaSMSDispatcher( 2830): CdmaSMSDispatcher created
05-23 11:39:28.730 E/WAP PUSH( 2830): bindService() for wappush manager failed
05-23 11:39:28.730 D/GsmInboundSmsHandler( 2830): created InboundSmsHandler
05-23 11:39:28.860 E/WAP PUSH( 2830): bindService() for wappush manager failed
05-23 11:39:28.870 D/CdmaInboundSmsHandler( 2830): created InboundSmsHandler
05-23 11:39:28.890 D/SMSDispatcher( 2830): SMSDispatcher: ctor mSmsCapable=true format=3gpp mSmsSendDisabled=false
05-23 11:39:28.900 D/GsmSMSDispatcher( 2830): GsmSMSDispatcher created
05-23 11:39:28.930 D/SmsBroadcastUndelivered( 2830): scanning raw table for undelivered messages
05-23 11:39:28.940 D/IccCardProxy( 2830): Creating
05-23 11:39:28.940 D/IccCardProxy( 2830): Broadcasting intent ACTION_SIM_STATE_CHANGED NOT_READY reason null
05-23 11:39:28.950 D/IccCardProxy( 2830): Setting radio tech UMTS
05-23 11:39:28.960 D/TelephonyManager( 2830): getLteOnCdmaMode=0 curVal=-1 product_type='' lteOnCdmaProductType=''
05-23 11:39:28.960 D/IccCardProxy( 2830): updateQuietMode: 3GPP subscription -> newQuietMode=false
05-23 11:39:28.960 D/IccCardProxy( 2830): updateQuietMode: QuietMode is false (app_type=1 isLteOnCdmaMode=false cdmaSource=-1)
05-23 11:39:29.280 D/SmsBroadcastUndelivered( 2830): finished scanning raw table in 347 ms
05-23 11:39:29.280 D/GsmInboundSmsHandler( 2830): entering Idle state
05-23 11:39:29.280 D/CdmaInboundSmsHandler( 2830): entering Idle state
05-23 11:39:29.360 I/PhoneFactory( 2830): defaultSmsApplication: com.android.mms
05-23 11:39:29.370 D/CallManager( 2830): registerPhone(GSM Handler (com.android.internal.telephony.PhoneProxy) {418bae28})
05-23 11:39:29.530 D/RILJ    ( 2830): [3648]> GET_CURRENT_CALLS
05-23 11:39:29.530 D/RilRequest( 2830): [3648]< GET_CURRENT_CALLS error: com.android.internal.telephony.CommandException: RADIO_NOT_AVAILABLE ret=
05-23 11:39:29.530 D/PHONE   ( 2830): [ServiceState] setNullState=1
05-23 11:39:29.540 D/GsmSST  ( 2830): [GsmSST] Poll ServiceState done:  oldSS=[1 1 home null null null  none none CSS not supported 0 0 RoamInd=0 DefRoamInd=0 EmergOnly=false] newSS=[1 1 home null null null  none none CSS not supported -1 -1 RoamInd=-1 DefRoamInd=-1 EmergOnly=false] oldMaxDataCalls=1 mNewMaxDataCalls=1 oldReasonDataDenied=-1 mNewReasonDataDenied=-1
05-23 11:39:29.540 D/PHONE   ( 2830): [ServiceState] setNullState=1
05-23 11:39:29.540 D/GsmSST  ( 2830): [GsmSST] updateSpnDisplay: radio is on but out of service, set plmn='No service.'
05-23 11:39:29.540 D/GsmSST  ( 2830): [GsmSST] updateSpnDisplay: changed sending intent rule=0 showPlmn='true' plmn='No service.' showSpn='false' spn=''
05-23 11:39:29.630 D/GsmSST  ( 2830): [GsmSST] operatorNumeric is null
05-23 11:39:29.650 D/DCT     ( 2830): handleMessage msg={ when=-1s387ms what=270369 obj=android.os.AsyncResult@418d2c78 target=com.android.internal.telephony.dataconnection.DcTracker }
05-23 11:39:29.650 D/DCT     ( 2830): newIccRecords is in APP_FAM_3GPP2
05-23 11:39:29.650 D/DCT     ( 2830): handleMessage msg={ when=-1s296ms what=270342 obj=android.os.AsyncResult@418d7f50 target=com.android.internal.telephony.dataconnection.DcTracker }
05-23 11:39:29.650 D/DCT     ( 2830): onRadioOffOrNotAvailable: is off and clean up all connections
05-23 11:39:29.650 D/DCT     ( 2830): cleanUpAllConnections: tearDown=false reason=radioTurnedOff
05-23 11:39:29.650 D/DCT     ( 2830): cleanUpConnection: E tearDown=false reason=radioTurnedOff apnContext={mApnType=fota mState=IDLE mWaitingApns={null} mWaitingApnsPermanentFailureCountDown=0 mApnSetting={null} mReason=radioTurnedOff mDataEnabled=false mDependencyMet=true}
05-23 11:39:29.650 D/DCT     ( 2830): isDataAllowed: not allowed due to - Attached= false - SIM not loaded
05-23 11:39:29.650 D/DCT     ( 2830): [ApnContext:fota] getApnSetting: apnSetting=null
05-23 11:39:29.650 D/DCT     ( 2830): cleanUpConnection: X tearDown=false reason=radioTurnedOff apnContext={mApnType=fota mState=IDLE mWaitingApns={null} mWaitingApnsPermanentFailureCountDown=0 mApnSetting={null} mReason=radioTurnedOff mDataEnabled=false mDependencyMet=true} dcac=null
05-23 11:39:29.650 D/DCT     ( 2830): cleanUpConnection: E tearDown=false reason=radioTurnedOff apnContext={mApnType=supl mState=IDLE mWaitingApns={null} mWaitingApnsPermanentFailureCountDown=0 mApnSetting={null} mReason=radioTurnedOff mDataEnabled=false mDependencyMet=true}
05-23 11:39:29.650 D/DCT     ( 2830): isDataAllowed: not allowed due to - Attached= false - SIM not loaded
05-23 11:39:29.650 D/DCT     ( 2830): [ApnContext:supl] getApnSetting: apnSetting=null
05-23 11:39:29.750 D/DCT     ( 2830): cleanUpConnection: X tearDown=false reason=radioTurnedOff apnContext={mApnType=supl mState=IDLE mWaitingApns={null} mWaitingApnsPermanentFailureCountDown=0 mApnSetting={null} mReason=radioTurnedOff mDataEnabled=false mDependencyMet=true} dcac=null
05-23 11:39:29.750 D/DCT     ( 2830): cleanUpConnection: E tearDown=false reason=radioTurnedOff apnContext={mApnType=hipri mState=IDLE mWaitingApns={null} mWaitingApnsPermanentFailureCountDown=0 mApnSetting={null} mReason=radioTurnedOff mDataEnabled=false mDependencyMet=true}
05-23 11:39:29.750 D/DCT     ( 2830): isDataAllowed: not allowed due to - Attached= false - SIM not loaded
05-23 11:39:29.750 D/DCT     ( 2830): [ApnContext:hipri] getApnSetting: apnSetting=null
05-23 11:39:29.750 D/DCT     ( 2830): cleanUpConnection: X tearDown=false reason=radioTurnedOff apnContext={mApnType=hipri mState=IDLE mWaitingApns={null} mWaitingApnsPermanentFailureCountDown=0 mApnSetting={null} mReason=radioTurnedOff mDataEnabled=false mDependencyMet=true} dcac=null
05-23 11:39:29.750 D/DCT     ( 2830): cleanUpConnection: E tearDown=false reason=radioTurnedOff apnContext={mApnType=ims mState=IDLE mWaitingApns={null} mWaitingApnsPermanentFailureCountDown=0 mApnSetting={null} mReason=radioTurnedOff mDataEnabled=false mDependencyMet=true}
05-23 11:39:29.750 D/DCT     ( 2830): isDataAllowed: not allowed due to - Attached= false - SIM not loaded
05-23 11:39:29.750 D/DCT     ( 2830): [ApnContext:ims] getApnSetting: apnSetting=null
05-23 11:39:29.760 D/DCT     ( 2830): cleanUpConnection: X tearDown=false reason=radioTurnedOff apnContext={mApnType=ims mState=IDLE mWaitingApns={null} mWaitingApnsPermanentFailureCountDown=0 mApnSetting={null} mReason=radioTurnedOff mDataEnabled=false mDependencyMet=true} dcac=null
05-23 11:39:29.760 D/DCT     ( 2830): cleanUpConnection: E tearDown=false reason=radioTurnedOff apnContext={mApnType=default mState=IDLE mWaitingApns={null} mWaitingApnsPermanentFailureCountDown=0 mApnSetting={null} mReason=radioTurnedOff mDataEnabled=true mDependencyMet=true}
05-23 11:39:29.760 D/DCT     ( 2830): isDataAllowed: not allowed due to - Attached= false - SIM not loaded
05-23 11:39:29.760 D/DCT     ( 2830): [ApnContext:default] getApnSetting: apnSetting=null
05-23 11:39:29.770 D/DCT     ( 2830): cleanUpConnection: X tearDown=false reason=radioTurnedOff apnContext={mApnType=default mState=IDLE mWaitingApns={null} mWaitingApnsPermanentFailureCountDown=0 mApnSetting={null} mReason=radioTurnedOff mDataEnabled=true mDependencyMet=true} dcac=null
05-23 11:39:29.770 D/DCT     ( 2830): cleanUpConnection: E tearDown=false reason=radioTurnedOff apnContext={mApnType=mms mState=IDLE mWaitingApns={null} mWaitingApnsPermanentFailureCountDown=0 mApnSetting={null} mReason=radioTurnedOff mDataEnabled=false mDependencyMet=true}
05-23 11:39:29.770 D/DCT     ( 2830): isDataAllowed: not allowed due to - Attached= false - SIM not loaded
05-23 11:39:29.770 D/DCT     ( 2830): [ApnContext:mms] getApnSetting: apnSetting=null
05-23 11:39:29.770 D/DCT     ( 2830): cleanUpConnection: X tearDown=false reason=radioTurnedOff apnContext={mApnType=mms mState=IDLE mWaitingApns={null} mWaitingApnsPermanentFailureCountDown=0 mApnSetting={null} mReason=radioTurnedOff mDataEnabled=false mDependencyMet=true} dcac=null
05-23 11:39:29.770 D/DCT     ( 2830): cleanUpConnection: E tearDown=false reason=radioTurnedOff apnContext={mApnType=cbs mState=IDLE mWaitingApns={null} mWaitingApnsPermanentFailureCountDown=0 mApnSetting={null} mReason=radioTurnedOff mDataEnabled=false mDependencyMet=true}
05-23 11:39:29.770 D/DCT     ( 2830): isDataAllowed: not allowed due to - Attached= false - SIM not loaded
05-23 11:39:29.770 D/DCT     ( 2830): [ApnContext:cbs] getApnSetting: apnSetting=null
05-23 11:39:29.780 D/DCT     ( 2830): cleanUpConnection: X tearDown=false reason=radioTurnedOff apnContext={mApnType=cbs mState=IDLE mWaitingApns={null} mWaitingApnsPermanentFailureCountDown=0 mApnSetting={null} mReason=radioTurnedOff mDataEnabled=false mDependencyMet=true} dcac=null
05-23 11:39:29.780 D/DCT     ( 2830): stopNetStatPoll
05-23 11:39:29.780 D/DCT     ( 2830): stopDataStallAlarm: current tag=39014 mDataStallAlarmIntent=null
05-23 11:39:29.780 D/DCT     ( 2830): isDataAllowed: not allowed due to - Attached= false - SIM not loaded
05-23 11:39:29.780 D/DCT     ( 2830): [ApnContext:fota] getApnSetting: apnSetting=null
05-23 11:39:29.780 D/DCT     ( 2830): isDataAllowed: not allowed due to - Attached= false - SIM not loaded
05-23 11:39:29.780 D/DCT     ( 2830): [ApnContext:supl] getApnSetting: apnSetting=null
05-23 11:39:29.790 D/DCT     ( 2830): isDataAllowed: not allowed due to - Attached= false - SIM not loaded
05-23 11:39:29.790 D/DCT     ( 2830): [ApnContext:hipri] getApnSetting: apnSetting=null
05-23 11:39:29.800 D/DCT     ( 2830): isDataAllowed: not allowed due to - Attached= false - SIM not loaded
05-23 11:39:29.800 D/DCT     ( 2830): [ApnContext:ims] getApnSetting: apnSetting=null
05-23 11:39:29.800 D/DCT     ( 2830): isDataAllowed: not allowed due to - Attached= false - SIM not loaded
05-23 11:39:29.800 D/DCT     ( 2830): [ApnContext:default] getApnSetting: apnSetting=null
05-23 11:39:29.810 D/DCT     ( 2830): isDataAllowed: not allowed due to - Attached= false - SIM not loaded
05-23 11:39:29.810 D/DCT     ( 2830): [ApnContext:mms] getApnSetting: apnSetting=null
05-23 11:39:29.810 D/DCT     ( 2830): isDataAllowed: not allowed due to - Attached= false - SIM not loaded
05-23 11:39:29.810 D/DCT     ( 2830): [ApnContext:cbs] getApnSetting: apnSetting=null
05-23 11:39:29.830 D/DCT     ( 2830): handleMessage msg={ when=-1s473ms what=270345 obj=android.os.AsyncResult@418d81e0 target=com.android.internal.telephony.dataconnection.DcTracker }
05-23 11:39:29.830 D/DCT     ( 2830): onDataConnectionDetached: stop polling and notify detached
05-23 11:39:29.830 D/DCT     ( 2830): stopNetStatPoll
05-23 11:39:29.830 D/DCT     ( 2830): stopDataStallAlarm: current tag=39015 mDataStallAlarmIntent=null
05-23 11:39:29.830 D/DCT     ( 2830): notifyDataConnection: reason=dataDetached
05-23 11:39:29.830 D/DCT     ( 2830): isDataAllowed: not allowed due to - Attached= false - SIM not loaded
05-23 11:39:29.830 D/DCT     ( 2830): [ApnContext:fota] getApnSetting: apnSetting=null
05-23 11:39:30.410 D/DCT     ( 2830): isDataAllowed: not allowed due to - Attached= false - SIM not loaded
05-23 11:39:30.410 D/DCT     ( 2830): [ApnContext:supl] getApnSetting: apnSetting=null
05-23 11:39:30.410 D/DCT     ( 2830): isDataAllowed: not allowed due to - Attached= false - SIM not loaded
05-23 11:39:30.410 D/DCT     ( 2830): [ApnContext:hipri] getApnSetting: apnSetting=null
05-23 11:39:30.430 D/DCT     ( 2830): isDataAllowed: not allowed due to - Attached= false - SIM not loaded
05-23 11:39:30.430 D/DCT     ( 2830): [ApnContext:ims] getApnSetting: apnSetting=null
05-23 11:39:30.440 D/DCT     ( 2830): isDataAllowed: not allowed due to - Attached= false - SIM not loaded
05-23 11:39:30.440 D/DCT     ( 2830): [ApnContext:default] getApnSetting: apnSetting=null
05-23 11:39:30.460 D/DCT     ( 2830): isDataAllowed: not allowed due to - Attached= false - SIM not loaded
05-23 11:39:30.460 D/DCT     ( 2830): [ApnContext:mms] getApnSetting: apnSetting=null
05-23 11:39:30.480 D/DCT     ( 2830): isDataAllowed: not allowed due to - Attached= false - SIM not loaded
05-23 11:39:30.480 D/DCT     ( 2830): [ApnContext:cbs] getApnSetting: apnSetting=null
05-23 11:39:30.490 D/DCT     ( 2830): handleMessage msg={ when=-2s137ms what=270348 obj=android.os.AsyncResult@418d8338 target=com.android.internal.telephony.dataconnection.DcTracker }
05-23 11:39:30.490 D/DCT     ( 2830): onRoamingOff
05-23 11:39:30.490 D/DCT     ( 2830): notifyDataConnection: reason=roamingOff
05-23 11:39:30.490 D/DCT     ( 2830): isDataAllowed: not allowed due to - Attached= false - SIM not loaded
05-23 11:39:30.490 D/DCT     ( 2830): [ApnContext:fota] getApnSetting: apnSetting=null
05-23 11:39:30.500 D/DCT     ( 2830): isDataAllowed: not allowed due to - Attached= false - SIM not loaded
05-23 11:39:30.500 D/DCT     ( 2830): [ApnContext:supl] getApnSetting: apnSetting=null
05-23 11:39:30.590 D/DCT     ( 2830): isDataAllowed: not allowed due to - Attached= false - SIM not loaded
05-23 11:39:30.590 D/DCT     ( 2830): [ApnContext:hipri] getApnSetting: apnSetting=null
05-23 11:39:30.600 D/DCT     ( 2830): isDataAllowed: not allowed due to - Attached= false - SIM not loaded
05-23 11:39:30.600 D/DCT     ( 2830): [ApnContext:ims] getApnSetting: apnSetting=null
05-23 11:39:30.600 D/DCT     ( 2830): isDataAllowed: not allowed due to - Attached= false - SIM not loaded
05-23 11:39:30.600 D/DCT     ( 2830): [ApnContext:default] getApnSetting: apnSetting=null
05-23 11:39:30.610 D/DCT     ( 2830): isDataAllowed: not allowed due to - Attached= false - SIM not loaded
05-23 11:39:30.610 D/DCT     ( 2830): [ApnContext:mms] getApnSetting: apnSetting=null
05-23 11:39:30.610 D/DCT     ( 2830): isDataAllowed: not allowed due to - Attached= false - SIM not loaded
05-23 11:39:30.610 D/DCT     ( 2830): [ApnContext:cbs] getApnSetting: apnSetting=null
05-23 11:39:30.620 D/DebugService( 2830): DebugService DebugService:
[   41.542370] mc32x0_enable_store
05-23 11:39:30.700 D/SipService( 2830): SipService: started!
[   41.577624] mc32x0_delay_store
[   41.590237] init: sys_prop: permission denied uid:1003  name:service.bootanim.exit
05-23 11:39:30.870 D/SipService( 2830): start:
[   41.674237] gsensor calibration file not exist!
05-23 11:39:31.740 D/GsmCellBroadcastHandler( 2830): mWakeLock released
05-23 11:39:31.860 D/CellBroadcastHandler( 2830): mWakeLock released
05-23 11:39:31.890 D/CdmaServiceCategoryProgramHandler( 2830): mWakeLock released
05-23 11:39:31.960 I/RILJ    ( 2830): Couldn't find 'rild' socket; retrying after timeout
05-23 11:39:32.290 D/GsmInboundSmsHandler( 2830): Idle state processing message type 5
05-23 11:39:32.290 D/GsmInboundSmsHandler( 2830): mWakeLock released
05-23 11:39:32.300 D/CdmaInboundSmsHandler( 2830): Idle state processing message type 5
05-23 11:39:32.300 D/CdmaInboundSmsHandler( 2830): mWakeLock released
05-23 11:39:35.960 I/RILJ    ( 2830): Couldn't find 'rild' socket; retrying after timeout
05-23 11:39:39.970 I/RILJ    ( 2830): Couldn't find 'rild' socket; retrying after timeout
05-23 11:39:43.970 I/RILJ    ( 2830): Couldn't find 'rild' socket; retrying after timeout
05-23 11:39:47.970 I/RILJ    ( 2830): Couldn't find 'rild' socket; retrying after timeout
05-23 11:39:51.970 I/RILJ    ( 2830): Couldn't find 'rild' socket; retrying after timeout
05-23 11:39:55.970 I/RILJ    ( 2830): Couldn't find 'rild' socket; retrying after timeout
05-23 11:39:59.970 E/RILJ    ( 2830): Couldn't find 'rild' socket after 8 times, continuing to retry silently
[   80.781164] <MON> idpin be pulldown when B_IN detecting
[   81.461204] /home/developer/action_compiling_21/leopard/platform/drivers/usb/monitor/umonitor_core.c--738, SYS_MSG_USB_A_IN
------start rild
05-23 11:40:10.780 I/RILD    ( 3039): ------ VendorRIL initialize: library=/system/lib/libreference-ril.so ------
05-23 11:40:10.790 I/RILD    ( 3039): ------ VendorRIL initialize: arguments from command ------
05-23 11:40:10.790 I/RILD    ( 3039): ------ VendorRIL initialize: argc=5 ------
05-23 11:40:10.800 I/RILD    ( 3039): ------ VendorRIL initialize: argv[0]=/system/bin/rild ------
05-23 11:40:10.800 I/RILD    ( 3039): ------ VendorRIL initialize: argv[1]=-u ------
05-23 11:40:10.800 I/RILD    ( 3039): ------ VendorRIL initialize: argv[2]=/dev/ttyUSB0 ------
05-23 11:40:10.800 I/RILD    ( 3039): ------ VendorRIL initialize: argv[3]=-d ------
05-23 11:40:10.800 I/RILD    ( 3039): ------ VendorRIL initialize: argv[4]=/dev/ttyUSB2 ------
05-23 11:40:10.800 I/RIL     ( 3039): Opening tty device /dev/ttyUSB0
05-23 11:40:10.800 I/RIL     ( 3039): Opening tty device /dev/ttyUSB2
05-23 11:40:10.800 I/RIL     ( 3039): ------ VendorRIL Init argus: path_d=/dev/ttyUSB2 ------
05-23 11:40:10.800 I/RIL     ( 3039): ------ VendorRIL Init argus: path_u=/dev/ttyUSB0 ------
05-23 11:40:10.800 I/RIL     ( 3039): ------ VendorRIL Init success ------
05-23 11:40:10.800 I/RILD    ( 3039): ------ VendorRIL initialize: return=funcs ------
05-23 11:40:10.800 E/RILC    ( 3039): RIL_register: RIL version 9
05-23 11:40:10.910 I/RIL     ( 3039): ------ VendorRIL entering mainLoop() ------
05-23 11:40:10.910 I/RIL     ( 3039): ------ VendorRIL mainLoop: repeatedly check if port available, open, initalize, readThread ------
05-23 11:40:10.910 I/RIL     ( 3039): ------ VendorRIL open port: device_u=/dev/ttyUSB0 ------
[   82.529081] hcd aotg0 add
[   82.539540] aotg_hcd aotg_hcd.0: AOTG USB Host Controller Driver
[   82.546120] aotg_hcd aotg_hcd.0: new USB bus registered, assigned bus number 1
[   82.554031] aotg_hcd aotg_hcd.0: irq 67, io mem 0xb0240000
[   82.559763] aotg_hcd aotg_hcd.0: <HCD> start
[   82.565851] hub 1-0:1.0: USB hub found
[   82.569621] hub 1-0:1.0: 1 port detected
[   82.574121] aotg_hcd aotg_hcd.0: hcd controller initialized. OTGIRQ: 0x01, OTGSTATE:	0x02 
[   82.684106] otg_port_no:0 OTG IRQ,	OTGSTATE: 0x03, USBIRQ:0x00
[   82.691161] aotg_hcd aotg_hcd.0: aotg_hcd.0	changed:1,inserted: 1
[   82.697268] port status change,2842
05-23 11:40:11.970 I/RILJ    ( 2830): Connected to 'rild' socket
05-23 11:40:11.980 I/RILC    ( 3039): libril: new connection
05-23 11:40:11.980 I/RILC    ( 3039): RIL Daemon version: android reference-ril 1.0
05-23 11:40:11.980 D/RILJ    ( 2830): [UNSL]< UNSOL_RIL_CONNECTED {9}
05-23 11:40:11.980 D/RILJ    ( 2830): [3649]> RADIO_POWER off
05-23 11:40:11.990 D/RILJ    ( 2830): [3650]> REQUEST_SET_PREFERRED_NETWORK_TYPE : 1
05-23 11:40:11.990 I/RIL     ( 3039): ------ VendorRIL onRequest: RADIO_POWER ------
05-23 11:40:11.990 I/RIL     ( 3039): ------ VendorRIL onRequest: SET_PREFERRED_NETWORK_TYPE ------
05-23 11:40:11.990 D/RILJ    ( 2830): [3651]> RIL_REQUEST_CDMA_SET_SUBSCRIPTION_SOURCE : 1
05-23 11:40:12.050 D/RILJ    ( 2830): setCellInfoListRate: 2147483647
05-23 11:40:12.050 D/RILJ    ( 2830): [3652]> RIL_REQUEST_SET_CELL_INFO_LIST_RATE
05-23 11:40:12.050 I/RIL     ( 3039): ------ VendorRIL onRequest: CDMA_SET_SUBSCRIPTION_SOURCE ------
05-23 11:40:12.050 D/RILJ    ( 2830): [UNSL]< UNSOL_RESPONSE_RADIO_STATE_CHANGED RADIO_UNAVAILABLE
05-23 11:40:12.050 D/RilRequest( 2830): [3649]< RADIO_POWER error: com.android.internal.telephony.CommandException: RADIO_NOT_AVAILABLE ret=
05-23 11:40:12.050 D/RilRequest( 2830): [3650]< REQUEST_SET_PREFERRED_NETWORK_TYPE error: com.android.internal.telephony.CommandException: RADIO_NOT_AVAILABLE ret=
05-23 11:40:12.050 D/RilRequest( 2830): [3651]< RIL_REQUEST_CDMA_SET_SUBSCRIPTION_SOURCE error: com.android.internal.telephony.CommandException: RADIO_NOT_AVAILABLE ret=
05-23 11:40:12.050 D/Dcc     ( 2830): DccDefaultState: msg.what=EVENT_RIL_CONNECTED mRilVersion=9
05-23 11:40:12.060 I/RIL     ( 3039): ------ VendorRIL onRequest: SET_UNSOL_CELL_INFO_LIST_RATE ------
05-23 11:40:12.060 D/RilRequest( 2830): [3652]< RIL_REQUEST_SET_CELL_INFO_LIST_RATE error: com.android.internal.telephony.CommandException: RADIO_NOT_AVAILABLE ret=
[   83.031067] usb 1-1: new full-speed USB device number 2 using aotg_hcd
[   83.265621] option 1-1:1.0: GSM modem (1-port) converter detected
[   83.272831] urb->interval: 128
[   83.279334] usb 1-1: GSM modem (1-port) converter now attached to ttyUSB0
[   83.288395] option 1-1:1.1: GSM modem (1-port) converter detected
[   83.300084] usb 1-1: GSM modem (1-port) converter now attached to ttyUSB1
[   83.308263] option 1-1:1.2: GSM modem (1-port) converter detected
[   83.318822] usb 1-1: GSM modem (1-port) converter now attached to ttyUSB2
[   83.327036] option 1-1:1.3: GSM modem (1-port) converter detected
[   83.336908] usb 1-1: GSM modem (1-port) converter now attached to ttyUSB3
[   83.345134] scsi0 : usb-storage 1-1:1.4
[   84.344852] scsi 0:0:0:0: Direct-Access     WCDMA    MMC Storage      2.31 PQ: 0 ANSI: 2
[   84.365335] sd 0:0:0:0: Attached scsi generic sg0 type 0
[   84.374545] sd 0:0:0:0: [sda] Attached SCSI removable disk
05-23 11:40:20.910 I/RIL     ( 3039): ------ VendorRIL open port: device_u=/dev/ttyUSB0 ------
05-23 11:40:20.910 I/AT      ( 3039): ------ VendorRIL readerLoop: repeatedly readLine, processLine, handleUnsolicited, handleFinalResponse ------
05-23 11:40:20.910 D/RIL     ( 3039): ******** VendorRIL: setRadioState(0), oldState=1 ********
05-23 11:40:20.910 D/AT      ( 3039): AT> ATE0Q0V1
05-23 11:40:20.920 D/RILJ    ( 2830): [UNSL]< UNSOL_RESPONSE_RADIO_STATE_CHANGED RADIO_OFF
05-23 11:40:20.920 D/RILJ    ( 2830): [3653]> RADIO_POWER on
05-23 11:40:20.920 D/RILJ    ( 2830): [3654]> SCREEN_STATE: true
05-23 11:40:20.950 D/PHONE   ( 2830): [ServiceState] setNullState=3
05-23 11:40:20.950 D/GsmSST  ( 2830): [GsmSST] Poll ServiceState done:  oldSS=[1 1 home null null null  none none CSS not supported -1 -1 RoamInd=-1 DefRoamInd=-1 EmergOnly=false] newSS=[3 3 home null null null  none none CSS not supported -1 -1 RoamInd=-1 DefRoamInd=-1 EmergOnly=false] oldMaxDataCalls=1 mNewMaxDataCalls=1 oldReasonDataDenied=-1 mNewReasonDataDenied=-1
05-23 11:40:20.950 D/PHONE   ( 2830): [ServiceState] setNullState=1
05-23 11:40:20.950 D/GsmSST  ( 2830): [GsmSST] updateSpnDisplay: radio is off w/ showPlmn=false plmn=null
05-23 11:40:20.950 D/GsmSST  ( 2830): [GsmSST] updateSpnDisplay: changed sending intent rule=0 showPlmn='false' plmn='null' showSpn='false' spn=''
05-23 11:40:20.970 D/GsmSST  ( 2830): [GsmSST] operatorNumeric is null
05-23 11:40:20.970 D/GsmSST  ( 2830): [GsmSST] notifyDataRegStateRilRadioTechnologyChanged: drs=3 rat=0
05-23 11:40:20.970 D/DCT     ( 2830): get all active apn types
05-23 11:40:20.970 D/DCT     ( 2830): handleMessage msg={ when=-57ms what=270337 obj=android.os.AsyncResult@41953ea8 target=com.android.internal.telephony.dataconnection.DcTracker }
05-23 11:40:20.970 D/DCT     ( 2830): onRadioAvailable
05-23 11:40:20.970 D/DCT     ( 2830): overall state is IDLE
05-23 11:40:20.970 D/RILJ    ( 2830): [3655]> BASEBAND_VERSION
05-23 11:40:20.980 D/RILJ    ( 2830): [3656]> GET_IMEI
05-23 11:40:20.980 D/RILJ    ( 2830): [3657]> GET_IMEISV
05-23 11:40:21.110 D/AT      ( 3039): AT< OK
05-23 11:40:21.360 I/RIL     ( 3039): ------ VendorRIL: GSM AT Command for initialization ------
05-23 11:40:21.360 D/AT      ( 3039): AT> AT+WNAM
05-23 11:40:21.370 D/AT      ( 3039): AT< ERROR
05-23 11:40:21.370 I/RIL     ( 3039): ======== VendorRIL: found GSM Modem Device ========
05-23 11:40:21.370 D/AT      ( 3039): AT> ATE0Q0V1
05-23 11:40:21.390 D/AT      ( 3039): AT< OK
05-23 11:40:21.390 D/AT      ( 3039): AT> ATS0=0
05-23 11:40:21.400 D/AT      ( 3039): AT< OK
05-23 11:40:21.400 D/AT      ( 3039): AT> AT+CMEE=1
05-23 11:40:21.420 D/AT      ( 3039): AT< OK
05-23 11:40:21.420 D/AT      ( 3039): AT> AT+CREG=2
05-23 11:40:21.430 D/AT      ( 3039): AT< OK
05-23 11:40:21.430 D/AT      ( 3039): AT> AT+CGREG=1
05-23 11:40:21.450 D/AT      ( 3039): AT< OK
05-23 11:40:21.450 D/AT      ( 3039): AT> AT+CCWA=1
05-23 11:40:21.460 D/AT      ( 3039): AT< OK
05-23 11:40:21.460 D/AT      ( 3039): AT> AT+CMOD=0
05-23 11:40:21.460 D/AT      ( 3039): AT< OK
05-23 11:40:21.460 D/AT      ( 3039): AT> AT+CMUT=0
05-23 11:40:21.480 D/AT      ( 3039): AT< OK
05-23 11:40:21.480 D/AT      ( 3039): AT> AT+CSSN=0,1
05-23 11:40:21.480 D/AT      ( 3039): AT< OK
05-23 11:40:21.480 D/AT      ( 3039): AT> AT+COLP=0
05-23 11:40:21.500 D/AT      ( 3039): AT< OK
05-23 11:40:21.500 D/AT      ( 3039): AT> AT+CSCS="HEX"
05-23 11:40:21.500 D/AT      ( 3039): AT< OK
05-23 11:40:21.500 D/AT      ( 3039): AT> AT+CUSD=1
05-23 11:40:21.520 D/AT      ( 3039): AT< OK
05-23 11:40:21.520 D/AT      ( 3039): AT> AT+CGEREP=1,0
05-23 11:40:21.530 D/AT      ( 3039): AT< OK
05-23 11:40:21.530 D/AT      ( 3039): AT> AT+CMGF=0
05-23 11:40:21.530 D/AT      ( 3039): AT< OK
05-23 11:40:21.530 D/AT      ( 3039): AT> AT+CFUN?
05-23 11:40:21.540 D/AT      ( 3039): AT< +CFUN: 0
05-23 11:40:21.540 D/AT      ( 3039): AT< OK
05-23 11:40:21.540 I/RIL     ( 3039): ======== VendorRIL: AT Command initialize done, Radio_State=OFF, sState=0 ========
05-23 11:40:21.540 I/RIL     ( 3039): ------ VendorRIL onRequest: RADIO_POWER ------
05-23 11:40:21.540 D/RIL     ( 3039): requestRadioPower: request to set [1], current state [0]
05-23 11:40:21.540 D/AT      ( 3039): AT> AT+CFUN=1
05-23 11:40:21.990 D/AT      ( 3039): AT< OK
05-23 11:40:21.990 D/RIL     ( 3039): ******** VendorRIL: setRadioState(10), oldState=0 ********
05-23 11:40:21.990 D/RIL     ( 3039): ******** VendorRIL: onRadioPowerOn pollSIMState, current state=10 ********
05-23 11:40:21.990 D/RIL     ( 3039): requestRadioPower: success set RadioState_ON
05-23 11:40:21.990 I/RIL     ( 3039): ------ VendorRIL onRequest: SCREEN_STATE ------
05-23 11:40:21.990 I/RIL     ( 3039): [ScreenState]: OFF
05-23 11:40:21.990 I/RIL     ( 3039): ------ VendorRIL onRequest: BASEBAND_VERSION ------
05-23 11:40:21.990 I/RIL     ( 3039): ------ VendorRIL onRequest: GET_IMEI ------
05-23 11:40:21.990 I/RIL     ( 3039): ------ VendorRIL onRequest: GET_IMEISV ------
05-23 11:40:21.990 I/RIL     ( 3039): --- VendorRIL not supported: RIL_REQUEST_GET_IMEISV ---
05-23 11:40:21.990 D/RILJ    ( 2830): [UNSL]< UNSOL_RESPONSE_RADIO_STATE_CHANGED RADIO_ON
05-23 11:40:21.990 D/RILJ    ( 2830): [3653]< RADIO_POWER 
05-23 11:40:21.990 D/RILJ    ( 2830): [3658]> OPERATOR
05-23 11:40:22.000 D/RILJ    ( 2830): [3659]> DATA_REGISTRATION_STATE
05-23 11:40:22.000 I/RIL     ( 3039): ------ VendorRIL onRequest: OPERATOR ------
05-23 11:40:22.000 D/AT      ( 3039): AT> AT+COPS=3,0;+COPS?;+COPS=3,1;+COPS?;+COPS=3,2;+COPS?
05-23 11:40:22.000 D/RilRequest( 2830): [3654]< SCREEN_STATE error: com.android.internal.telephony.CommandException: MODE_NOT_SUPPORTED ret=
05-23 11:40:22.000 D/RILJ    ( 2830): [3660]> VOICE_REGISTRATION_STATE
05-23 11:40:22.010 D/RILJ    ( 2830): [3655]< BASEBAND_VERSION E1750
05-23 11:40:22.010 D/RILJ    ( 2830): [3656]< GET_IMEI 
05-23 11:40:22.010 D/RILJ    ( 2830): [3661]> QUERY_NETWORK_SELECTION_MODE
05-23 11:40:22.020 D/RilRequest( 2830): [3657]< GET_IMEISV error: com.android.internal.telephony.CommandException: MODE_NOT_SUPPORTED ret=
05-23 11:40:22.020 D/UiccController( 2830): Received EVENT_ICC_STATUS_CHANGED, calling getIccCardStatus
05-23 11:40:22.020 D/RILJ    ( 2830): [3662]> GET_SIM_STATUS
05-23 11:40:22.020 D/RILJ    ( 2830): [3663]> GET_CURRENT_CALLS
05-23 11:40:22.020 D/RILJ    ( 2830): [3664]> RIL_REQUEST_IMS_REGISTRATION_STATE
05-23 11:40:22.030 D/RILJ    ( 2830): [3665]> RIL_REQUEST_VOICE_RADIO_TECH
05-23 11:40:22.030 D/RILJ    ( 2830): [3666]> RIL_REQUEST_CDMA_GET_SUBSCRIPTION_SOURCE
05-23 11:40:22.030 D/GSMPhone( 2830): Baseband version: E1750
05-23 11:40:22.050 D/AT      ( 3039): AT< +COPS: 0
05-23 11:40:22.050 D/AT      ( 3039): AT< +COPS: 0
05-23 11:40:22.050 D/AT      ( 3039): AT< +COPS: 0
05-23 11:40:22.050 D/AT      ( 3039): AT< OK
05-23 11:40:22.050 D/RIL     ( 3039): [VendorRIL] requestOperator result: [0] = CAN Rogers Wirel
05-23 11:40:22.050 D/RIL     ( 3039): [VendorRIL] requestOperator result: [1] = ROGERS
05-23 11:40:22.050 D/RIL     ( 3039): [VendorRIL] requestOperator result: [2] = 302720
05-23 11:40:22.050 I/RIL     ( 3039): ------ VendorRIL onRequest: DATA_REGISTRATION_STATE ------
05-23 11:40:22.050 D/RIL     ( 3039): VendorRIL: requestRegistrationState >>>>>>>>>
05-23 11:40:22.050 D/AT      ( 3039): AT> AT+CGREG?
05-23 11:40:22.050 D/RILJ    ( 2830): [3658]< OPERATOR {CAN Rogers Wirel, ROGERS, 302720}
05-23 11:40:22.060 D/AT      ( 3039): AT< +CGREG: 1,2
05-23 11:40:22.060 D/AT      ( 3039): AT< OK
05-23 11:40:22.060 D/RIL     ( 3039): [DATA_REGISTRATION] response=+CGREG: 1,2
05-23 11:40:22.060 D/RIL     ( 3039): parseRegistrationState. Parsing: +CGREG: 1,2
05-23 11:40:22.060 D/RIL     ( 3039): registration state type: 3GPP
05-23 11:40:22.060 I/RIL     ( 3039): ------ VendorRIL onRequest: VOICE_REGISTRATION_STATE ------
05-23 11:40:22.060 D/RIL     ( 3039): VendorRIL: requestRegistrationState >>>>>>>>>
05-23 11:40:22.060 D/AT      ( 3039): AT> AT+CREG?
05-23 11:40:22.060 D/RILJ    ( 2830): [3659]< DATA_REGISTRATION_STATE {2, ffffffff, ffffffff, null, null, null}
05-23 11:40:22.060 E/GsmSST  ( 2830): [GsmSST] error parsing GprsRegistrationState: java.lang.NumberFormatException: Invalid int: "null"
05-23 11:40:22.060 D/PHONE   ( 2830): [ServiceState] setDataRegState=1
05-23 11:40:22.060 D/PHONE   ( 2830): [ServiceState] setDataRadioTechnology=0
05-23 11:40:22.060 D/GsmSST  ( 2830): [GsmSST] handlPollStateResultMessage: GsmSST setDataRegState=1 regState=2 dataRadioTechnology=0
05-23 11:40:22.070 D/AT      ( 3039): AT< +CREG: 2,2
05-23 11:40:22.070 D/AT      ( 3039): AT< OK
05-23 11:40:22.070 D/RIL     ( 3039): [VOICE_REGISTRATION] response=+CREG: 2,2
05-23 11:40:22.070 D/RIL     ( 3039): parseRegistrationState. Parsing: +CREG: 2,2
05-23 11:40:22.070 D/RIL     ( 3039): registration state type: 3GPP
05-23 11:40:22.070 I/RIL     ( 3039): ------ VendorRIL onRequest: QUERY_NETWORK_SELECTION_MODE ------
05-23 11:40:22.070 D/AT      ( 3039): AT> AT+COPS?
05-23 11:40:22.070 D/RILJ    ( 2830): [3660]< VOICE_REGISTRATION_STATE {2, ffffffff, ffffffff, null, null, null, null, null, null, null, null, null, null, null, null}
05-23 11:40:22.070 E/GsmSST  ( 2830): [GsmSST] error parsing RegistrationState: java.lang.NumberFormatException: Invalid int: "ffffffff"
05-23 11:40:22.070 D/PHONE   ( 2830): [ServiceState] setVoiceRegState=1
05-23 11:40:22.070 E/PHONE   ( 2830): [ServiceState] setState deprecated use setVoiceRegState()
05-23 11:40:22.080 D/AT      ( 3039): AT< +COPS: 0
05-23 11:40:22.080 D/AT      ( 3039): AT< OK
05-23 11:40:22.080 D/RIL     ( 3039): >>> QueryNetworkSelectionMode, response=0
05-23 11:40:22.080 I/RIL     ( 3039): ------ VendorRIL onRequest: RIL_REQUEST_GET_SIM_STATUS ------
05-23 11:40:22.080 D/RIL     ( 3039): getSIMStatus(). sState: 10
05-23 11:40:22.080 D/AT      ( 3039): AT> AT+CPIN?
05-23 11:40:22.080 D/RILJ    ( 2830): [3661]< QUERY_NETWORK_SELECTION_MODE {0}
05-23 11:40:22.080 D/GsmSST  ( 2830): [GsmSST] Poll ServiceState done:  oldSS=[3 3 home null null null  none none CSS not supported -1 -1 RoamInd=-1 DefRoamInd=-1 EmergOnly=false] newSS=[1 1 home CAN Rogers Wirel ROGERS 302720  none none CSS not supported -1 -1 RoamInd=-1 DefRoamInd=-1 EmergOnly=false] oldMaxDataCalls=1 mNewMaxDataCalls=1 oldReasonDataDenied=-1 mNewReasonDataDenied=-1
05-23 11:40:22.080 D/PHONE   ( 2830): [ServiceState] setNullState=1
05-23 11:40:22.080 D/GsmSST  ( 2830): [GsmSST] updateSpnDisplay: radio is on but out of service, set plmn='No service.'
05-23 11:40:22.080 D/GsmSST  ( 2830): [GsmSST] updateSpnDisplay: changed sending intent rule=0 showPlmn='true' plmn='No service.' showSpn='false' spn=''
05-23 11:40:22.090 D/AT      ( 3039): AT< +CPIN:READY
05-23 11:40:22.090 D/AT      ( 3039): AT< OK
05-23 11:40:22.090 D/RIL     ( 3039): [getSIMStatus] response=+CPIN:READY
05-23 11:40:22.090 I/RIL     ( 3039): ------ VendorRIL onRequest: GET_CURRENT_CALLS ------
05-23 11:40:22.090 D/AT      ( 3039): AT> AT+CLCC
05-23 11:40:22.100 D/RILJ    ( 2830): [3662]< GET_SIM_STATUS IccCardState {CARDSTATE_PRESENT,PINSTATE_UNKNOWN,num_apps=2,gsm_id=0{APPTYPE_SIM,APPSTATE_READY},cdma_id=1{APPTYPE_RUIM,APPSTATE_READY},ims_id=8}
05-23 11:40:22.110 D/AT      ( 3039): AT< OK
05-23 11:40:22.110 I/RIL     ( 3039): ------ VendorRIL onRequest: IMS_REGISTRATION_STATE ------
05-23 11:40:22.110 D/RIL     ( 3039): IMS_REGISTRATION=0, format=1 
05-23 11:40:22.110 I/RIL     ( 3039): ------ VendorRIL onRequest: VOICE_RADIO_TECH ------
05-23 11:40:22.110 I/RIL     ( 3039): ------ VendorRIL onRequest: CDMA_GET_SUBSCRIPTION_SOURCE ------
05-23 11:40:22.110 D/RILJ    ( 2830): [3663]< GET_CURRENT_CALLS  
05-23 11:40:22.110 D/RILJ    ( 2830): [3664]< RIL_REQUEST_IMS_REGISTRATION_STATE {0, 1}
05-23 11:40:22.110 D/RILJ    ( 2830): [3665]< RIL_REQUEST_VOICE_RADIO_TECH {11}
05-23 11:40:22.110 D/RilRequest( 2830): [3666]< RIL_REQUEST_CDMA_GET_SUBSCRIPTION_SOURCE error: com.android.internal.telephony.CommandException: MODE_NOT_SUPPORTED ret=
05-23 11:40:22.740 D/GsmSST  ( 2830): [GsmSST] pollStateDone: there are 6 unique offsets for iso-cc='ca testOneUniqueOffsetPath=false', do nothing
05-23 11:40:22.740 D/GsmSST  ( 2830): [GsmSST] shouldFixTimeZoneNow: retVal=false iccCardExist=false operatorNumeric=302720 mcc=302 prevOperatorNumeric= prevMcc=303 needToFixTimeZone=false ltod=05-23 11:40:22.751
05-23 11:40:22.760 D/GsmSST  ( 2830): [GsmSST] notifyDataRegStateRilRadioTechnologyChanged: drs=1 rat=0
05-23 11:40:22.760 D/DCT     ( 2830): get all active apn types
05-23 11:40:22.760 D/UiccController( 2830): Received EVENT_GET_ICC_STATUS_DONE
05-23 11:40:22.760 D/UiccCard( 2830): Creating
05-23 11:40:22.760 D/UiccCard( 2830): 2 applications
05-23 11:40:22.760 D/UiccCardApplication( 2830): Creating UiccApp: {APPTYPE_SIM,APPSTATE_READY}
05-23 11:40:22.780 W/VoiceMailConstants( 2830): Can't open /system/etc/voicemail-conf.xml
05-23 11:40:22.780 W/SpnOverride( 2830): Can not open /system/etc/spn-conf.xml
05-23 11:40:22.780 D/SIMRecords( 2830): [SIMRecords] SIMRecords: onRadioOffOrNotAvailable set 'gsm.sim.operator.numeric' to operator=null
05-23 11:40:22.780 D/UiccCardApplication( 2830): Notifying 1 registrant: READY
05-23 11:40:22.780 D/SIMRecords( 2830): [SIMRecords] getOperatorNumeric: IMSI == null
05-23 11:40:22.780 D/SIMRecords( 2830): [SIMRecords] SIMRecords X ctor this=SimRecords: mDestroyed=false mContext=com.android.phone.PhoneGlobals@418b09c8 mCi=com.android.internal.telephony.RIL@418b4e00 mFh=Handler (com.android.internal.telephony.uicc.SIMFileHandler) {41976e78} mParentApp=com.android.internal.telephony.uicc.UiccCardApplication@41975d88 recordsLoadedRegistrants=android.os.RegistrantList@41979930 mImsiReadyRegistrants=android.os.RegistrantList@41979958 mRecordsEventsRegistrants=android.os.RegistrantList@41979980 mNewSmsRegistrants=android.os.RegistrantList@419799a8 mNetworkSelectionModeAutomaticRegistrants=android.os.RegistrantList@419799d0 recordsToLoad=0 adnCache=Handler (com.android.internal.telephony.uicc.AdnRecordCache) {41979ad0} recordsRequested=false iccid=null msisdn=null msisdnTag=null voiceMailNum=null voiceMailTag=null newVoiceMailNum=null newVoiceMailTag=null isVoiceMailFixed=false countVoiceMessages=0 mImsi=null mncLength=-1 mailboxIndex=0 spn=null mVmConfigcom.android.internal.telephony.uicc.VoiceMailConstants@4197a280 mSpnOverride=mSpnOverride callForwardingEnabled=false spnState=null mCphsInfo=null mCspPlmnEnabled=true efMWIS=null efCPHS_MWI=null mEfCff=null mEfCfis=null getOperatorNumeric=null
05-23 11:40:22.780 D/RILJ    ( 2830): [3667]> QUERY_FACILITY_LOCK [FD 7 null]
05-23 11:40:22.980 D/RILJ    ( 2830): [3668]> QUERY_FACILITY_LOCK [SC 7 null]
05-23 11:40:22.980 I/RIL     ( 3039): ------ VendorRIL onRequest: QUERY_FACILITY_LOCK ------
05-23 11:40:22.980 I/RIL     ( 3039): --- VendorRIL not supported: RIL_REQUEST_QUERY_FACILITY_LOCK ---
05-23 11:40:22.990 D/UiccCardApplication( 2830): Creating UiccApp: {APPTYPE_RUIM,APPSTATE_READY}
05-23 11:40:22.990 D/UiccCardApplication( 2830): Notifying 1 registrant: READY
05-23 11:40:22.990 D/RuimRecords( 2830): [RuimRecords] RuimRecords X ctor this=RuimRecords: mDestroyed=false mContext=com.android.phone.PhoneGlobals@418b09c8 mCi=com.android.internal.telephony.RIL@418b4e00 mFh=Handler (com.android.internal.telephony.uicc.RuimFileHandler) {41983438} mParentApp=com.android.internal.telephony.uicc.UiccCardApplication@41982fb8 recordsLoadedRegistrants=android.os.RegistrantList@41983770 mImsiReadyRegistrants=android.os.RegistrantList@41983798 mRecordsEventsRegistrants=android.os.RegistrantList@419837c0 mNewSmsRegistrants=android.os.RegistrantList@419837e8 mNetworkSelectionModeAutomaticRegistrants=android.os.RegistrantList@41983810 recordsToLoad=0 adnCache=Handler (com.android.internal.telephony.uicc.AdnRecordCache) {41983838} recordsRequested=false iccid=null msisdn=null msisdnTag=null voiceMailNum=null voiceMailTag=null newVoiceMailNum=null newVoiceMailTag=null isVoiceMailFixed=false countVoiceMessages=0 mImsi=null mncLength=-1 mailboxIndex=0 spn=null m_ota_commitedfalse mMyMobileNumber=xxxx mMin2Min1=null mPrlVersion=null mEFpl=null mEFli=null mCsimSpnDisplayCondition=false mMdn=null mMin=null mHomeSystemId=null mHomeNetworkId=null
05-23 11:40:22.990 D/RILJ    ( 2830): [3669]> QUERY_FACILITY_LOCK [FD 7 null]
05-23 11:40:22.990 I/RIL     ( 3039): ------ VendorRIL onRequest: QUERY_FACILITY_LOCK ------
05-23 11:40:22.990 I/RIL     ( 3039): --- VendorRIL not supported: RIL_REQUEST_QUERY_FACILITY_LOCK ---
05-23 11:40:22.990 D/RILJ    ( 2830): [3670]> QUERY_FACILITY_LOCK [SC 7 null]
05-23 11:40:22.990 D/UiccCardApplication( 2830): Notifying 1 registrant: READY
05-23 11:40:22.990 D/CAT     ( 2830): CatService: Running CAT service. STK app installed:false
05-23 11:40:22.990 D/CAT     ( 2830): CatService: NEW sInstance
05-23 11:40:22.990 E/UiccCard( 2830): App index 8 is invalid since there are no applications
05-23 11:40:22.990 D/UiccCard( 2830): update: radioState=RADIO_ON mLastRadioState=RADIO_UNAVAILABLE
05-23 11:40:22.990 D/UiccController( 2830): Notifying IccChangedRegistrants
05-23 11:40:22.990 D/RIL_ImsSms( 2830): IMS is NOT registered!
05-23 11:40:23.000 D/PhoneProxy( 2830): [PhoneProxy] EVENT_REQUEST_VOICE_RADIO_TECH_DONE: newVoiceTech=11
05-23 11:40:23.000 D/PhoneProxy( 2830): [PhoneProxy] phoneObjectUpdater: newVoiceRadioTech=11
05-23 11:40:23.000 D/PhoneProxy( 2830): [PhoneProxy] phoneObjectUpdater: No change ignore, newVoiceRadioTech=11 mActivePhone=GSM
05-23 11:40:23.000 D/CdmaSSM ( 2830): CDMA_SUBSCRIPTION_SOURCE event = 2
05-23 11:40:23.000 W/CdmaSSM ( 2830): Unable to get CDMA Subscription Source, Exception: com.android.internal.telephony.CommandException: MODE_NOT_SUPPORTED, result: null
05-23 11:40:23.000 D/SIMRecords( 2830): [SIMRecords] fetchSimRecords 0
05-23 11:40:23.000 D/RILJ    ( 2830): [3671]> getIMSI: GET_IMSI aid: null
05-23 11:40:23.000 I/RIL     ( 3039): ------ VendorRIL onRequest: QUERY_FACILITY_LOCK ------
05-23 11:40:23.000 I/RIL     ( 3039): --- VendorRIL not supported: RIL_REQUEST_QUERY_FACILITY_LOCK ---
05-23 11:40:23.000 I/RIL     ( 3039): ------ VendorRIL onRequest: QUERY_FACILITY_LOCK ------
05-23 11:40:23.000 I/RIL     ( 3039): --- VendorRIL not supported: RIL_REQUEST_QUERY_FACILITY_LOCK ---
05-23 11:40:23.000 D/RILJ    ( 2830): [3672]> iccIO: SIM_IO 0xc0 0x2fe2  path: 3F00,0,0,15 aid: null
05-23 11:40:23.000 D/RILJ    ( 2830): [3673]> iccIO: SIM_IO 0xc0 0x6f40  path: 3F007F10,0,0,15 aid: null
05-23 11:40:23.010 I/RIL     ( 3039): ------ VendorRIL onRequest: GET_IMSI ------
05-23 11:40:23.010 D/AT      ( 3039): AT> AT+CIMI
05-23 11:40:23.010 D/RILJ    ( 2830): [3674]> iccIO: SIM_IO 0xc0 0x6fc9  path: 3F007F20,0,0,15 aid: null
05-23 11:40:23.010 D/RILJ    ( 2830): [3675]> iccIO: SIM_IO 0xc0 0x6fad  path: 3F007F20,0,0,15 aid: null
05-23 11:40:23.010 D/RILJ    ( 2830): [3676]> iccIO: SIM_IO 0xc0 0x6fca  path: 3F007F20,0,0,15 aid: null
05-23 11:40:23.010 D/RILJ    ( 2830): [3677]> iccIO: SIM_IO 0xc0 0x6f11  path: 3F007F20,0,0,15 aid: null
05-23 11:40:23.020 D/RILJ    ( 2830): [3678]> iccIO: SIM_IO 0xc0 0x6fcb  path: 3F007F20,0,0,15 aid: null
05-23 11:40:23.020 D/RILJ    ( 2830): [3679]> iccIO: SIM_IO 0xc0 0x6f13  path: 3F007F20,0,0,15 aid: null
05-23 11:40:23.020 D/RILJ    ( 2830): [3680]> iccIO: SIM_IO 0xc0 0x6f46  path: 3F007F20,0,0,15 aid: null
05-23 11:40:23.020 D/AT      ( 3039): AT< +CME ERROR: 14
05-23 11:40:23.020 I/RIL     ( 3039): ------ VendorRIL onRequest: SIM_IO ------
05-23 11:40:23.020 D/AT      ( 3039): AT> AT+CRSM=192,12258,0,0,15
05-23 11:40:23.020 D/RilRequest( 2830): [3671]< GET_IMSI error: com.android.internal.telephony.CommandException: GENERIC_FAILURE ret=
05-23 11:40:23.020 D/RILJ    ( 2830): [3681]> iccIO: SIM_IO 0xc0 0x6fcd  path: 3F007F20,0,0,15 aid: null
05-23 11:40:23.030 D/RILJ    ( 2830): [3682]> iccIO: SIM_IO 0xc0 0x6fc5  path: 3F007F20,0,0,15 aid: null
05-23 11:40:23.030 D/RILJ    ( 2830): [3683]> iccIO: SIM_IO 0xc0 0x6f38  path: 3F007F20,0,0,15 aid: null
05-23 11:40:23.030 D/RILJ    ( 2830): [3684]> iccIO: SIM_IO 0xc0 0x6f16  path: 3F007F20,0,0,15 aid: null
05-23 11:40:23.030 D/RILJ    ( 2830): [3685]> iccIO: SIM_IO 0xc0 0x6f15  path: 3F007F20,0,0,15 aid: null
05-23 11:40:23.030 D/RILJ    ( 2830): [3686]> iccIO: SIM_IO 0xc0 0x6f3e  path: 3F007F20,0,0,15 aid: null
05-23 11:40:23.030 D/SIMRecords( 2830): [SIMRecords] fetchSimRecords 16 requested: true
05-23 11:40:23.030 D/RuimRecords( 2830): [RuimRecords] fetchRuimRecords 0
05-23 11:40:23.030 D/RILJ    ( 2830): [3687]> getIMSI: GET_IMSI aid: null
05-23 11:40:23.040 D/RILJ    ( 2830): [3688]> iccIO: SIM_IO 0xc0 0x2fe2  path: 3F00,0,0,15 aid: null
05-23 11:40:23.040 D/RILJ    ( 2830): [3689]> iccIO: SIM_IO 0xc0 0x2f05  path: 3F00,0,0,15 aid: null
05-23 11:40:23.040 D/RILJ    ( 2830): [3690]> iccIO: SIM_IO 0xc0 0x6f3a  path: 3F007F25,0,0,15 aid: null
05-23 11:40:23.040 D/RILJ    ( 2830): [3691]> iccIO: SIM_IO 0xc0 0x6f41  path: 3F007F25,0,0,15 aid: null
05-23 11:40:23.040 D/RILJ    ( 2830): [3692]> iccIO: SIM_IO 0xc0 0x6f44  path: 3F007F25,0,0,15 aid: null
05-23 11:40:23.040 D/RILJ    ( 2830): [3693]> iccIO: SIM_IO 0xc0 0x6f22  path: 3F007F25,0,0,15 aid: null
05-23 11:40:23.050 D/RILJ    ( 2830): [3694]> iccIO: SIM_IO 0xc0 0x6f28  path: 3F007F25,0,0,15 aid: null
05-23 11:40:23.050 D/RILJ    ( 2830): [3695]> iccIO: SIM_IO 0xb0 0x6f5a  path: 3F007F25,0,0,4 aid: null
05-23 11:40:23.050 D/RuimRecords( 2830): [RuimRecords] fetchRuimRecords 9 requested: true
05-23 11:40:23.050 D/RILJ    ( 2830): [3696]> RIL_REQUEST_CDMA_SUBSCRIPTION
05-23 11:40:23.050 D/CAT     ( 2830): CatService: SIM ready. Reporting STK service running now...
05-23 11:40:23.050 D/RILJ    ( 2830): [3697]> RIL_REQUEST_REPORT_STK_SERVICE_IS_RUNNING
05-23 11:40:23.050 D/GSMPhone( 2830): [GSMPhone] New Uicc application found
05-23 11:40:23.050 D/GsmSST  ( 2830): [GsmSST] New card found
05-23 11:40:23.050 D/UiccCardApplication( 2830): Notifying 1 registrant: READY
05-23 11:40:23.050 D/DCT     ( 2830): handleMessage msg={ when=-60ms what=270369 obj=android.os.AsyncResult@4198c9a0 target=com.android.internal.telephony.dataconnection.DcTracker }
05-23 11:40:23.050 D/DCT     ( 2830): New records found
05-23 11:40:23.050 D/GsmSMSDispatcher( 2830): New Uicc application found
