05-24 15:14:47.640 D/TelephonyManager( 2231): No /proc/cmdline exception=java.io.FileNotFoundException: /proc/cmdline: open failed: EACCES (Permission denied)
05-24 15:14:47.640 D/TelephonyManager( 2231): /proc/cmdline=
05-24 15:15:02.740 D/TelephonyManager( 2738): getLteOnCdmaMode=0 curVal=-1 product_type='' lteOnCdmaProductType=''
05-24 15:15:02.750 I/PhoneFactory( 2738): Network Mode set to 1
05-24 15:15:02.990 I/PhoneFactory( 2738): Cdma Subscription set to 1
05-24 15:15:03.000 D/RILJ    ( 2738): RIL(context, preferredNetworkType=1 cdmaSubscription=1)
05-24 15:15:03.120 D/RILJ    ( 2738): Starting RILReceiver
05-24 15:15:03.130 D/UiccController( 2738): Creating UiccController
05-24 15:15:03.130 I/PhoneFactory( 2738): Creating GSMPhone
05-24 15:15:03.190 D/TelephonyTester( 2738): register for intent action=com.android.internal.telephony.gsm.action_detached
05-24 15:15:03.190 D/TelephonyTester( 2738): register for intent action=com.android.internal.telephony.gsm.action_attached
05-24 15:15:03.230 D/PhoneBase( 2738): mDoesRilSendMultipleCallRing=true
05-24 15:15:03.230 D/PhoneBase( 2738): mCallRingDelay=3000
05-24 15:15:03.290 D/RILJ    ( 2738): setPhoneType=1 old value=0
05-24 15:15:03.310 D/DCT     ( 2738): DCT.constructor
05-24 15:15:03.320 D/Dcc     ( 2738): E ctor
05-24 15:15:03.320 D/Dcc     ( 2738): X ctor
05-24 15:15:03.320 D/DcTesterFailBrinupAll( 2738): register for intent action=com.android.internal.telephony.dataconnection.action_fail_bringup
05-24 15:15:03.330 D/DcTesterFailBrinupAll( 2738): register for intent action=com.android.internal.telephony.gsm.action_detached
05-24 15:15:03.330 D/DcTesterFailBrinupAll( 2738): register for intent action=com.android.internal.telephony.gsm.action_attached
05-24 15:15:03.330 D/DCT     ( 2738): GsmDCT.constructor
05-24 15:15:03.330 D/DCT     ( 2738): initApnContexts: E
05-24 15:15:03.330 D/DCT     ( 2738): initApnContexts: skipping unknown type=1
05-24 15:15:03.330 D/DCT     ( 2738): initApnContexts: apnContext={mApnType=default mState=IDLE mWaitingApns={null} mWaitingApnsPermanentFailureCountDown=0 mApnSetting={null} mReason=dataEnabled mDataEnabled=true mDependencyMet=true}
05-24 15:15:03.330 D/DCT     ( 2738): initApnContexts: apnContext={mApnType=mms mState=IDLE mWaitingApns={null} mWaitingApnsPermanentFailureCountDown=0 mApnSetting={null} mReason=dataEnabled mDataEnabled=false mDependencyMet=true}
05-24 15:15:03.330 D/DCT     ( 2738): initApnContexts: apnContext={mApnType=supl mState=IDLE mWaitingApns={null} mWaitingApnsPermanentFailureCountDown=0 mApnSetting={null} mReason=dataEnabled mDataEnabled=false mDependencyMet=true}
05-24 15:15:03.330 D/DCT     ( 2738): initApnContexts: apnContext={mApnType=hipri mState=IDLE mWaitingApns={null} mWaitingApnsPermanentFailureCountDown=0 mApnSetting={null} mReason=dataEnabled mDataEnabled=false mDependencyMet=true}
05-24 15:15:03.330 D/DCT     ( 2738): initApnContexts: apnContext={mApnType=fota mState=IDLE mWaitingApns={null} mWaitingApnsPermanentFailureCountDown=0 mApnSetting={null} mReason=dataEnabled mDataEnabled=false mDependencyMet=true}
05-24 15:15:03.330 D/DCT     ( 2738): initApnContexts: apnContext={mApnType=ims mState=IDLE mWaitingApns={null} mWaitingApnsPermanentFailureCountDown=0 mApnSetting={null} mReason=dataEnabled mDataEnabled=false mDependencyMet=true}
05-24 15:15:03.330 D/DCT     ( 2738): initApnContexts: apnContext={mApnType=cbs mState=IDLE mWaitingApns={null} mWaitingApnsPermanentFailureCountDown=0 mApnSetting={null} mReason=dataEnabled mDataEnabled=false mDependencyMet=true}
05-24 15:15:03.330 D/DCT     ( 2738): initApnContexts: skipping unknown type=9
05-24 15:15:03.330 D/DCT     ( 2738): initApnContexts: X mApnContexts={fota={mApnType=fota mState=IDLE mWaitingApns={null} mWaitingApnsPermanentFailureCountDown=0 mApnSetting={null} mReason=dataEnabled mDataEnabled=false mDependencyMet=true}, supl={mApnType=supl mState=IDLE mWaitingApns={null} mWaitingApnsPermanentFailureCountDown=0 mApnSetting={null} mReason=dataEnabled mDataEnabled=false mDependencyMet=true}, hipri={mApnType=hipri mState=IDLE mWaitingApns={null} mWaitingApnsPermanentFailureCountDown=0 mApnSetting={null} mReason=dataEnabled mDataEnabled=false mDependencyMet=true}, ims={mApnType=ims mState=IDLE mWaitingApns={null} mWaitingApnsPermanentFailureCountDown=0 mApnSetting={null} mReason=dataEnabled mDataEnabled=false mDependencyMet=true}, default={mApnType=default mState=IDLE mWaitingApns={null} mWaitingApnsPermanentFailureCountDown=0 mApnSetting={null} mReason=dataEnabled mDataEnabled=true mDependencyMet=true}, mms={mApnType=mms mState=IDLE mWaitingApns={null} mWaitingApnsPermanentFailureCountDown=0 mApnSetting={null} mReason=dataEnabled mDataEnabled=false mDependencyMet=true}, cbs={mApnType=cbs mState=IDLE mWaitingApns={null} mWaitingApnsPermanentFailureCountDown=0 mApnSetting={null} mReason=dataEnabled mDataEnabled=false mDependencyMet=true}}
05-24 15:15:03.539 E/RIL_ImsSms( 2738): getFormat should never be called from here!
05-24 15:15:03.539 D/SMSDispatcher( 2738): SMSDispatcher: ctor mSmsCapable=true format=unknown mSmsSendDisabled=false
05-24 15:15:03.539 D/RIL_ImsSms( 2738): ImsSMSDispatcher created
05-24 15:15:03.539 D/SMSDispatcher( 2738): SMSDispatcher: ctor mSmsCapable=true format=3gpp2 mSmsSendDisabled=false
05-24 15:15:03.539 D/CdmaSMSDispatcher( 2738): CdmaSMSDispatcher created
05-24 15:15:03.539 E/WAP PUSH( 2738): bindService() for wappush manager failed
05-24 15:15:03.539 D/GsmInboundSmsHandler( 2738): created InboundSmsHandler
05-24 15:15:03.650 D/DcTesterDeacativeAll( 2738): register for intent action=com.android.internal.telephony.dataconnection.action_deactivate_all
05-24 15:15:03.650 D/DcTesterDeacativeAll( 2738): register for intent action=com.android.internal.telephony.gsm.action_detached
05-24 15:15:03.760 E/WAP PUSH( 2738): bindService() for wappush manager failed
05-24 15:15:03.760 D/CdmaInboundSmsHandler( 2738): created InboundSmsHandler
05-24 15:15:03.790 D/SMSDispatcher( 2738): SMSDispatcher: ctor mSmsCapable=true format=3gpp mSmsSendDisabled=false
05-24 15:15:03.790 D/GsmSMSDispatcher( 2738): GsmSMSDispatcher created
05-24 15:15:03.810 D/IccCardProxy( 2738): Creating
05-24 15:15:03.810 D/IccCardProxy( 2738): Broadcasting intent ACTION_SIM_STATE_CHANGED NOT_READY reason null
05-24 15:15:03.810 D/IccCardProxy( 2738): Setting radio tech UMTS
05-24 15:15:03.810 D/TelephonyManager( 2738): getLteOnCdmaMode=0 curVal=-1 product_type='' lteOnCdmaProductType=''
05-24 15:15:03.810 D/IccCardProxy( 2738): updateQuietMode: 3GPP subscription -> newQuietMode=false
05-24 15:15:03.810 D/IccCardProxy( 2738): updateQuietMode: QuietMode is false (app_type=1 isLteOnCdmaMode=false cdmaSource=-1)
05-24 15:15:03.810 D/SmsBroadcastUndelivered( 2738): scanning raw table for undelivered messages
05-24 15:15:04.060 D/SmsBroadcastUndelivered( 2738): finished scanning raw table in 243 ms
05-24 15:15:04.060 D/CdmaInboundSmsHandler( 2738): entering Idle state
05-24 15:15:04.070 D/GsmInboundSmsHandler( 2738): entering Idle state
05-24 15:15:04.430 I/PhoneFactory( 2738): defaultSmsApplication: com.android.mms
05-24 15:15:04.450 D/CallManager( 2738): registerPhone(GSM Handler (com.android.internal.telephony.PhoneProxy) {41844d20})
05-24 15:15:04.950 D/RILJ    ( 2738): [3648]> GET_CURRENT_CALLS
05-24 15:15:04.950 D/RilRequest( 2738): [3648]< GET_CURRENT_CALLS error: com.android.internal.telephony.CommandException: RADIO_NOT_AVAILABLE ret=
05-24 15:15:04.980 D/PHONE   ( 2738): [ServiceState] setNullState=1
05-24 15:15:04.980 D/GsmSST  ( 2738): [GsmSST] Poll ServiceState done:  oldSS=[1 1 home null null null  none none CSS not supported 0 0 RoamInd=0 DefRoamInd=0 EmergOnly=false] newSS=[1 1 home null null null  none none CSS not supported -1 -1 RoamInd=-1 DefRoamInd=-1 EmergOnly=false] oldMaxDataCalls=1 mNewMaxDataCalls=1 oldReasonDataDenied=-1 mNewReasonDataDenied=-1
05-24 15:15:05.000 D/PHONE   ( 2738): [ServiceState] setNullState=1
05-24 15:15:05.000 D/GsmSST  ( 2738): [GsmSST] updateSpnDisplay: radio is on but out of service, set plmn='No service.'
05-24 15:15:05.000 D/GsmSST  ( 2738): [GsmSST] updateSpnDisplay: changed sending intent rule=0 showPlmn='true' plmn='No service.' showSpn='false' spn=''
05-24 15:15:05.090 D/GsmSST  ( 2738): [GsmSST] operatorNumeric is null
05-24 15:15:05.100 D/DCT     ( 2738): handleMessage msg={ when=-1s786ms what=270369 obj=android.os.AsyncResult@4185d0d8 target=com.android.internal.telephony.dataconnection.DcTracker }
05-24 15:15:05.100 D/DCT     ( 2738): newIccRecords is in APP_FAM_3GPP2
05-24 15:15:05.100 D/DCT     ( 2738): handleMessage msg={ when=-1s772ms what=270342 obj=android.os.AsyncResult@41861ac0 target=com.android.internal.telephony.dataconnection.DcTracker }
05-24 15:15:05.100 D/DCT     ( 2738): onRadioOffOrNotAvailable: is off and clean up all connections
05-24 15:15:05.100 D/DCT     ( 2738): cleanUpAllConnections: tearDown=false reason=radioTurnedOff
05-24 15:15:05.100 D/DCT     ( 2738): cleanUpConnection: E tearDown=false reason=radioTurnedOff apnContext={mApnType=fota mState=IDLE mWaitingApns={null} mWaitingApnsPermanentFailureCountDown=0 mApnSetting={null} mReason=radioTurnedOff mDataEnabled=false mDependencyMet=true}
05-24 15:15:05.100 D/DCT     ( 2738): isDataAllowed: not allowed due to - Attached= false - SIM not loaded
05-24 15:15:05.100 D/DCT     ( 2738): [ApnContext:fota] getApnSetting: apnSetting=null
05-24 15:15:05.100 D/DCT     ( 2738): cleanUpConnection: X tearDown=false reason=radioTurnedOff apnContext={mApnType=fota mState=IDLE mWaitingApns={null} mWaitingApnsPermanentFailureCountDown=0 mApnSetting={null} mReason=radioTurnedOff mDataEnabled=false mDependencyMet=true} dcac=null
05-24 15:15:05.100 D/DCT     ( 2738): cleanUpConnection: E tearDown=false reason=radioTurnedOff apnContext={mApnType=supl mState=IDLE mWaitingApns={null} mWaitingApnsPermanentFailureCountDown=0 mApnSetting={null} mReason=radioTurnedOff mDataEnabled=false mDependencyMet=true}
05-24 15:15:05.100 D/DCT     ( 2738): isDataAllowed: not allowed due to - Attached= false - SIM not loaded
05-24 15:15:05.100 D/DCT     ( 2738): [ApnContext:supl] getApnSetting: apnSetting=null
05-24 15:15:05.120 D/DCT     ( 2738): cleanUpConnection: X tearDown=false reason=radioTurnedOff apnContext={mApnType=supl mState=IDLE mWaitingApns={null} mWaitingApnsPermanentFailureCountDown=0 mApnSetting={null} mReason=radioTurnedOff mDataEnabled=false mDependencyMet=true} dcac=null
05-24 15:15:05.120 D/DCT     ( 2738): cleanUpConnection: E tearDown=false reason=radioTurnedOff apnContext={mApnType=hipri mState=IDLE mWaitingApns={null} mWaitingApnsPermanentFailureCountDown=0 mApnSetting={null} mReason=radioTurnedOff mDataEnabled=false mDependencyMet=true}
05-24 15:15:05.120 D/DCT     ( 2738): isDataAllowed: not allowed due to - Attached= false - SIM not loaded
05-24 15:15:05.120 D/DCT     ( 2738): [ApnContext:hipri] getApnSetting: apnSetting=null
05-24 15:15:05.350 D/DCT     ( 2738): cleanUpConnection: X tearDown=false reason=radioTurnedOff apnContext={mApnType=hipri mState=IDLE mWaitingApns={null} mWaitingApnsPermanentFailureCountDown=0 mApnSetting={null} mReason=radioTurnedOff mDataEnabled=false mDependencyMet=true} dcac=null
05-24 15:15:05.350 D/DCT     ( 2738): cleanUpConnection: E tearDown=false reason=radioTurnedOff apnContext={mApnType=ims mState=IDLE mWaitingApns={null} mWaitingApnsPermanentFailureCountDown=0 mApnSetting={null} mReason=radioTurnedOff mDataEnabled=false mDependencyMet=true}
05-24 15:15:05.350 D/DCT     ( 2738): isDataAllowed: not allowed due to - Attached= false - SIM not loaded
05-24 15:15:05.350 D/DCT     ( 2738): [ApnContext:ims] getApnSetting: apnSetting=null
05-24 15:15:05.420 D/DCT     ( 2738): cleanUpConnection: X tearDown=false reason=radioTurnedOff apnContext={mApnType=ims mState=IDLE mWaitingApns={null} mWaitingApnsPermanentFailureCountDown=0 mApnSetting={null} mReason=radioTurnedOff mDataEnabled=false mDependencyMet=true} dcac=null
05-24 15:15:05.420 D/DCT     ( 2738): cleanUpConnection: E tearDown=false reason=radioTurnedOff apnContext={mApnType=default mState=IDLE mWaitingApns={null} mWaitingApnsPermanentFailureCountDown=0 mApnSetting={null} mReason=radioTurnedOff mDataEnabled=true mDependencyMet=true}
05-24 15:15:05.420 D/DCT     ( 2738): isDataAllowed: not allowed due to - Attached= false - SIM not loaded
05-24 15:15:05.420 D/DCT     ( 2738): [ApnContext:default] getApnSetting: apnSetting=null
05-24 15:15:05.450 D/DCT     ( 2738): cleanUpConnection: X tearDown=false reason=radioTurnedOff apnContext={mApnType=default mState=IDLE mWaitingApns={null} mWaitingApnsPermanentFailureCountDown=0 mApnSetting={null} mReason=radioTurnedOff mDataEnabled=true mDependencyMet=true} dcac=null
05-24 15:15:05.450 D/DCT     ( 2738): cleanUpConnection: E tearDown=false reason=radioTurnedOff apnContext={mApnType=mms mState=IDLE mWaitingApns={null} mWaitingApnsPermanentFailureCountDown=0 mApnSetting={null} mReason=radioTurnedOff mDataEnabled=false mDependencyMet=true}
05-24 15:15:05.450 D/DCT     ( 2738): isDataAllowed: not allowed due to - Attached= false - SIM not loaded
05-24 15:15:05.450 D/DCT     ( 2738): [ApnContext:mms] getApnSetting: apnSetting=null
05-24 15:15:05.450 D/DCT     ( 2738): cleanUpConnection: X tearDown=false reason=radioTurnedOff apnContext={mApnType=mms mState=IDLE mWaitingApns={null} mWaitingApnsPermanentFailureCountDown=0 mApnSetting={null} mReason=radioTurnedOff mDataEnabled=false mDependencyMet=true} dcac=null
05-24 15:15:05.450 D/DCT     ( 2738): cleanUpConnection: E tearDown=false reason=radioTurnedOff apnContext={mApnType=cbs mState=IDLE mWaitingApns={null} mWaitingApnsPermanentFailureCountDown=0 mApnSetting={null} mReason=radioTurnedOff mDataEnabled=false mDependencyMet=true}
05-24 15:15:05.450 D/DCT     ( 2738): isDataAllowed: not allowed due to - Attached= false - SIM not loaded
05-24 15:15:05.450 D/DCT     ( 2738): [ApnContext:cbs] getApnSetting: apnSetting=null
05-24 15:15:05.500 D/DCT     ( 2738): cleanUpConnection: X tearDown=false reason=radioTurnedOff apnContext={mApnType=cbs mState=IDLE mWaitingApns={null} mWaitingApnsPermanentFailureCountDown=0 mApnSetting={null} mReason=radioTurnedOff mDataEnabled=false mDependencyMet=true} dcac=null
05-24 15:15:05.500 D/DCT     ( 2738): stopNetStatPoll
05-24 15:15:05.500 D/DCT     ( 2738): stopDataStallAlarm: current tag=37145 mDataStallAlarmIntent=null
05-24 15:15:05.500 D/DCT     ( 2738): isDataAllowed: not allowed due to - Attached= false - SIM not loaded
05-24 15:15:05.500 D/DCT     ( 2738): [ApnContext:fota] getApnSetting: apnSetting=null
05-24 15:15:05.510 D/DCT     ( 2738): isDataAllowed: not allowed due to - Attached= false - SIM not loaded
05-24 15:15:05.510 D/DCT     ( 2738): [ApnContext:supl] getApnSetting: apnSetting=null
05-24 15:15:05.510 D/DCT     ( 2738): isDataAllowed: not allowed due to - Attached= false - SIM not loaded
05-24 15:15:05.510 D/DCT     ( 2738): [ApnContext:hipri] getApnSetting: apnSetting=null
05-24 15:15:05.520 D/DCT     ( 2738): isDataAllowed: not allowed due to - Attached= false - SIM not loaded
05-24 15:15:05.520 D/DCT     ( 2738): [ApnContext:ims] getApnSetting: apnSetting=null
05-24 15:15:05.530 D/DCT     ( 2738): isDataAllowed: not allowed due to - Attached= false - SIM not loaded
05-24 15:15:05.530 D/DCT     ( 2738): [ApnContext:default] getApnSetting: apnSetting=null
05-24 15:15:05.530 D/DCT     ( 2738): isDataAllowed: not allowed due to - Attached= false - SIM not loaded
05-24 15:15:05.530 D/DCT     ( 2738): [ApnContext:mms] getApnSetting: apnSetting=null
05-24 15:15:05.530 D/DCT     ( 2738): isDataAllowed: not allowed due to - Attached= false - SIM not loaded
05-24 15:15:05.530 D/DCT     ( 2738): [ApnContext:cbs] getApnSetting: apnSetting=null
05-24 15:15:05.550 D/DCT     ( 2738): handleMessage msg={ when=-2s220ms what=270345 obj=android.os.AsyncResult@41861d98 target=com.android.internal.telephony.dataconnection.DcTracker }
05-24 15:15:05.550 D/DCT     ( 2738): onDataConnectionDetached: stop polling and notify detached
05-24 15:15:05.550 D/DCT     ( 2738): stopNetStatPoll
05-24 15:15:05.550 D/DCT     ( 2738): stopDataStallAlarm: current tag=37146 mDataStallAlarmIntent=null
05-24 15:15:05.550 D/DCT     ( 2738): notifyDataConnection: reason=dataDetached
05-24 15:15:05.550 D/DCT     ( 2738): isDataAllowed: not allowed due to - Attached= false - SIM not loaded
05-24 15:15:05.550 D/DCT     ( 2738): [ApnContext:fota] getApnSetting: apnSetting=null
05-24 15:15:05.560 D/DCT     ( 2738): isDataAllowed: not allowed due to - Attached= false - SIM not loaded
05-24 15:15:05.560 D/DCT     ( 2738): [ApnContext:supl] getApnSetting: apnSetting=null
05-24 15:15:05.570 D/DCT     ( 2738): isDataAllowed: not allowed due to - Attached= false - SIM not loaded
05-24 15:15:05.570 D/DCT     ( 2738): [ApnContext:hipri] getApnSetting: apnSetting=null
05-24 15:15:05.570 D/DCT     ( 2738): isDataAllowed: not allowed due to - Attached= false - SIM not loaded
05-24 15:15:05.570 D/DCT     ( 2738): [ApnContext:ims] getApnSetting: apnSetting=null
05-24 15:15:05.570 D/DCT     ( 2738): isDataAllowed: not allowed due to - Attached= false - SIM not loaded
05-24 15:15:05.570 D/DCT     ( 2738): [ApnContext:default] getApnSetting: apnSetting=null
05-24 15:15:05.570 D/DCT     ( 2738): isDataAllowed: not allowed due to - Attached= false - SIM not loaded
05-24 15:15:05.570 D/DCT     ( 2738): [ApnContext:mms] getApnSetting: apnSetting=null
05-24 15:15:05.600 D/DCT     ( 2738): isDataAllowed: not allowed due to - Attached= false - SIM not loaded
05-24 15:15:05.600 D/DCT     ( 2738): [ApnContext:cbs] getApnSetting: apnSetting=null
05-24 15:15:05.600 D/DCT     ( 2738): handleMessage msg={ when=-2s270ms what=270348 obj=android.os.AsyncResult@41861ef0 target=com.android.internal.telephony.dataconnection.DcTracker }
05-24 15:15:05.600 D/DCT     ( 2738): onRoamingOff
05-24 15:15:05.600 D/DCT     ( 2738): isDataAllowed: not allowed due to - Attached= false - SIM not loaded
05-24 15:15:05.600 D/DCT     ( 2738): [ApnContext:fota] getApnSetting: apnSetting=null
05-24 15:15:05.610 D/DCT     ( 2738): isDataAllowed: not allowed due to - Attached= false - SIM not loaded
05-24 15:15:05.610 D/DCT     ( 2738): [ApnContext:supl] getApnSetting: apnSetting=null
05-24 15:15:05.620 D/DCT     ( 2738): isDataAllowed: not allowed due to - Attached= false - SIM not loaded
05-24 15:15:05.620 D/DCT     ( 2738): [ApnContext:hipri] getApnSetting: apnSetting=null
05-24 15:15:05.620 D/DCT     ( 2738): isDataAllowed: not allowed due to - Attached= false - SIM not loaded
05-24 15:15:05.620 D/DCT     ( 2738): [ApnContext:ims] getApnSetting: apnSetting=null
05-24 15:15:05.620 D/DCT     ( 2738): isDataAllowed: not allowed due to - Attached= false - SIM not loaded
05-24 15:15:05.620 D/DCT     ( 2738): [ApnContext:default] getApnSetting: apnSetting=null
05-24 15:15:05.620 D/DCT     ( 2738): isDataAllowed: not allowed due to - Attached= false - SIM not loaded
05-24 15:15:05.620 D/DCT     ( 2738): [ApnContext:mms] getApnSetting: apnSetting=null
05-24 15:15:05.650 D/DCT     ( 2738): isDataAllowed: not allowed due to - Attached= false - SIM not loaded
05-24 15:15:05.650 D/DCT     ( 2738): [ApnContext:cbs] getApnSetting: apnSetting=null
05-24 15:15:05.680 D/DCT     ( 2738): setupDataOnConnectableApns: roamingOff
05-24 15:15:05.680 D/DCT     ( 2738): setupDataOnConnectableApns: apnContext {mApnType=hipri mState=IDLE mWaitingApns={null} mWaitingApnsPermanentFailureCountDown=0 mApnSetting={null} mReason=radioTurnedOff mDataEnabled=false mDependencyMet=true}
05-24 15:15:05.680 D/DCT     ( 2738): setupDataOnConnectableApns: apnContext {mApnType=mms mState=IDLE mWaitingApns={null} mWaitingApnsPermanentFailureCountDown=0 mApnSetting={null} mReason=radioTurnedOff mDataEnabled=false mDependencyMet=true}
05-24 15:15:05.680 D/DCT     ( 2738): setupDataOnConnectableApns: apnContext {mApnType=supl mState=IDLE mWaitingApns={null} mWaitingApnsPermanentFailureCountDown=0 mApnSetting={null} mReason=radioTurnedOff mDataEnabled=false mDependencyMet=true}
05-24 15:15:05.680 D/DCT     ( 2738): setupDataOnConnectableApns: apnContext {mApnType=default mState=IDLE mWaitingApns={null} mWaitingApnsPermanentFailureCountDown=0 mApnSetting={null} mReason=radioTurnedOff mDataEnabled=true mDependencyMet=true}
05-24 15:15:05.680 D/DCT     ( 2738): setupDataOnConnectableApns: isConnectable() call trySetupData
05-24 15:15:05.680 D/DCT     ( 2738): trySetupData for type:default due to roamingOff apnContext={mApnType=default mState=IDLE mWaitingApns={null} mWaitingApnsPermanentFailureCountDown=0 mApnSetting={null} mReason=roamingOff mDataEnabled=true mDependencyMet=true}
05-24 15:15:05.680 D/DCT     ( 2738): trySetupData with mIsPsRestricted=false
05-24 15:15:05.680 D/DCT     ( 2738): isDataAllowed: not allowed due to - Attached= false - SIM not loaded
05-24 15:15:05.680 D/DCT     ( 2738): isDataAllowed: not allowed due to - Attached= false - SIM not loaded
05-24 15:15:05.680 D/DCT     ( 2738): [ApnContext:fota] getApnSetting: apnSetting=null
05-24 15:15:05.680 D/DCT     ( 2738): isDataAllowed: not allowed due to - Attached= false - SIM not loaded
05-24 15:15:05.680 D/DCT     ( 2738): [ApnContext:supl] getApnSetting: apnSetting=null
05-24 15:15:05.690 D/DCT     ( 2738): isDataAllowed: not allowed due to - Attached= false - SIM not loaded
05-24 15:15:05.690 D/DCT     ( 2738): [ApnContext:hipri] getApnSetting: apnSetting=null
05-24 15:15:05.700 D/DCT     ( 2738): isDataAllowed: not allowed due to - Attached= false - SIM not loaded
05-24 15:15:05.700 D/DCT     ( 2738): [ApnContext:ims] getApnSetting: apnSetting=null
05-24 15:15:05.700 D/DCT     ( 2738): isDataAllowed: not allowed due to - Attached= false - SIM not loaded
05-24 15:15:05.700 D/DCT     ( 2738): [ApnContext:default] getApnSetting: apnSetting=null
05-24 15:15:05.700 D/DCT     ( 2738): isDataAllowed: not allowed due to - Attached= false - SIM not loaded
05-24 15:15:05.700 D/DCT     ( 2738): [ApnContext:mms] getApnSetting: apnSetting=null
05-24 15:15:05.700 D/DCT     ( 2738): isDataAllowed: not allowed due to - Attached= false - SIM not loaded
05-24 15:15:05.700 D/DCT     ( 2738): [ApnContext:cbs] getApnSetting: apnSetting=null
05-24 15:15:05.700 D/DCT     ( 2738): trySetupData: X apnContext not 'ready' retValue=false
05-24 15:15:05.700 D/DCT     ( 2738): setupDataOnConnectableApns: apnContext {mApnType=fota mState=IDLE mWaitingApns={null} mWaitingApnsPermanentFailureCountDown=0 mApnSetting={null} mReason=radioTurnedOff mDataEnabled=false mDependencyMet=true}
05-24 15:15:05.700 D/DCT     ( 2738): setupDataOnConnectableApns: apnContext {mApnType=ims mState=IDLE mWaitingApns={null} mWaitingApnsPermanentFailureCountDown=0 mApnSetting={null} mReason=radioTurnedOff mDataEnabled=false mDependencyMet=true}
05-24 15:15:05.700 D/DCT     ( 2738): setupDataOnConnectableApns: apnContext {mApnType=cbs mState=IDLE mWaitingApns={null} mWaitingApnsPermanentFailureCountDown=0 mApnSetting={null} mReason=radioTurnedOff mDataEnabled=false mDependencyMet=true}
05-24 15:15:05.730 D/DebugService( 2738): DebugService DebugService:
05-24 15:15:05.740 D/SipService( 2738): SipService: started!
05-24 15:15:05.750 D/SipService( 2738): start:
05-24 15:15:06.559 D/GsmCellBroadcastHandler( 2738): mWakeLock released
05-24 15:15:06.760 D/CellBroadcastHandler( 2738): mWakeLock released
05-24 15:15:06.800 D/CdmaServiceCategoryProgramHandler( 2738): mWakeLock released
05-24 15:15:07.060 D/CdmaInboundSmsHandler( 2738): Idle state processing message type 5
05-24 15:15:07.060 D/CdmaInboundSmsHandler( 2738): mWakeLock released
05-24 15:15:07.070 D/GsmInboundSmsHandler( 2738): Idle state processing message type 5
05-24 15:15:07.070 D/GsmInboundSmsHandler( 2738): mWakeLock released
05-24 15:15:07.160 I/RILJ    ( 2738): Couldn't find 'rild' socket; retrying after timeout
05-24 15:15:10.470 D/SipBroadcastReceiver( 2738): onReceive: start auto registration
05-24 15:15:11.160 I/RILJ    ( 2738): Couldn't find 'rild' socket; retrying after timeout
05-24 15:15:15.160 I/RILJ    ( 2738): Couldn't find 'rild' socket; retrying after timeout
05-24 15:15:19.160 I/RILJ    ( 2738): Couldn't find 'rild' socket; retrying after timeout
05-24 15:15:23.170 I/RILJ    ( 2738): Couldn't find 'rild' socket; retrying after timeout

------start rild
05-24 15:15:26.840 I/RILD    ( 3095): ------ VendorRIL initialize: library=/system/lib/libreference-ril.so ------
05-24 15:15:26.860 I/RILD    ( 3095): ------ VendorRIL initialize: arguments from command ------
05-24 15:15:26.860 I/RILD    ( 3095): ------ VendorRIL initialize: argc=5 ------
05-24 15:15:26.860 I/RILD    ( 3095): ------ VendorRIL initialize: argv[0]=/system/bin/rild ------
05-24 15:15:26.860 I/RILD    ( 3095): ------ VendorRIL initialize: argv[1]=-u ------
05-24 15:15:26.860 I/RILD    ( 3095): ------ VendorRIL initialize: argv[2]=/dev/ttyUSB0 ------
05-24 15:15:26.860 I/RILD    ( 3095): ------ VendorRIL initialize: argv[3]=-d ------
05-24 15:15:26.860 I/RILD    ( 3095): ------ VendorRIL initialize: argv[4]=/dev/ttyUSB2 ------
05-24 15:15:26.860 I/RIL     ( 3095): Opening tty device /dev/ttyUSB0
05-24 15:15:26.860 I/RIL     ( 3095): Opening tty device /dev/ttyUSB2
05-24 15:15:26.860 I/RIL     ( 3095): ------ VendorRIL Init argus: path_d=/dev/ttyUSB2 ------
05-24 15:15:26.860 I/RIL     ( 3095): ------ VendorRIL Init argus: path_u=/dev/ttyUSB0 ------
05-24 15:15:26.860 I/RIL     ( 3095): ------ VendorRIL Init success ------
05-24 15:15:26.860 I/RILD    ( 3095): ------ VendorRIL initialize: return=funcs ------
05-24 15:15:26.860 E/RILC    ( 3095): RIL_register: RIL version 9
05-24 15:15:26.870 I/RIL     ( 3095): ------ VendorRIL entering mainLoop() ------
05-24 15:15:26.870 I/RIL     ( 3095): ------ VendorRIL mainLoop: repeatedly check if port available, open, initalize, readThread ------
05-24 15:15:26.870 I/RIL     ( 3095): ------ VendorRIL open port: device_u=/dev/ttyUSB0 ------
05-24 15:15:27.170 I/RILJ    ( 2738): Connected to 'rild' socket
05-24 15:15:27.170 I/RILC    ( 3095): libril: new connection
05-24 15:15:27.170 I/RILC    ( 3095): RIL Daemon version: android reference-ril 1.0
05-24 15:15:27.170 D/RILJ    ( 2738): [UNSL]< UNSOL_RIL_CONNECTED {9}
05-24 15:15:27.200 D/RILJ    ( 2738): [3649]> RADIO_POWER off
05-24 15:15:27.200 I/RIL     ( 3095): ------ VendorRIL onRequest: RADIO_POWER ------
05-24 15:15:27.200 D/RILJ    ( 2738): [3650]> REQUEST_SET_PREFERRED_NETWORK_TYPE : 1
05-24 15:15:27.230 D/RILJ    ( 2738): [3651]> RIL_REQUEST_CDMA_SET_SUBSCRIPTION_SOURCE : 1
05-24 15:15:27.230 I/RIL     ( 3095): ------ VendorRIL onRequest: SET_PREFERRED_NETWORK_TYPE ------
05-24 15:15:27.230 D/RILJ    ( 2738): setCellInfoListRate: 2147483647
05-24 15:15:27.230 I/RIL     ( 3095): ------ VendorRIL onRequest: CDMA_SET_SUBSCRIPTION_SOURCE ------
05-24 15:15:27.230 D/RILJ    ( 2738): [3652]> RIL_REQUEST_SET_CELL_INFO_LIST_RATE
05-24 15:15:27.230 I/RIL     ( 3095): ------ VendorRIL onRequest: SET_UNSOL_CELL_INFO_LIST_RATE ------
05-24 15:15:27.230 D/Dcc     ( 2738): DccDefaultState: msg.what=EVENT_RIL_CONNECTED mRilVersion=9
05-24 15:15:27.230 D/RILJ    ( 2738): [UNSL]< UNSOL_RESPONSE_RADIO_STATE_CHANGED RADIO_UNAVAILABLE
05-24 15:15:27.230 D/RilRequest( 2738): [3649]< RADIO_POWER error: com.android.internal.telephony.CommandException: RADIO_NOT_AVAILABLE ret=
05-24 15:15:27.230 D/RilRequest( 2738): [3650]< REQUEST_SET_PREFERRED_NETWORK_TYPE error: com.android.internal.telephony.CommandException: RADIO_NOT_AVAILABLE ret=
05-24 15:15:27.230 D/RilRequest( 2738): [3651]< RIL_REQUEST_CDMA_SET_SUBSCRIPTION_SOURCE error: com.android.internal.telephony.CommandException: RADIO_NOT_AVAILABLE ret=
05-24 15:15:27.230 D/RilRequest( 2738): [3652]< RIL_REQUEST_SET_CELL_INFO_LIST_RATE error: com.android.internal.telephony.CommandException: RADIO_NOT_AVAILABLE ret=
05-24 15:15:36.870 I/RIL     ( 3095): ------ VendorRIL open port: device_u=/dev/ttyUSB0 ------
05-24 15:15:36.870 D/RIL     ( 3095): ******** VendorRIL: setRadioState(0), oldState=1 ********
05-24 15:15:36.870 D/AT      ( 3095): AT> ATE0Q0V1
05-24 15:15:36.870 D/RILJ    ( 2738): [UNSL]< UNSOL_RESPONSE_RADIO_STATE_CHANGED RADIO_OFF
05-24 15:15:36.880 I/AT      ( 3095): ------ VendorRIL readerLoop: repeatedly readLine, processLine, handleUnsolicited, handleFinalResponse ------
05-24 15:15:36.920 D/AT      ( 3095): AT< OK
05-24 15:15:36.920 D/RILJ    ( 2738): [3653]> RADIO_POWER on
05-24 15:15:36.920 D/RILJ    ( 2738): [3654]> SCREEN_STATE: true
05-24 15:15:36.950 D/PHONE   ( 2738): [ServiceState] setNullState=3
05-24 15:15:36.950 D/GsmSST  ( 2738): [GsmSST] Poll ServiceState done:  oldSS=[1 1 home null null null  none none CSS not supported -1 -1 RoamInd=-1 DefRoamInd=-1 EmergOnly=false] newSS=[3 3 home null null null  none none CSS not supported -1 -1 RoamInd=-1 DefRoamInd=-1 EmergOnly=false] oldMaxDataCalls=1 mNewMaxDataCalls=1 oldReasonDataDenied=-1 mNewReasonDataDenied=-1
05-24 15:15:36.950 D/PHONE   ( 2738): [ServiceState] setNullState=1
05-24 15:15:36.950 D/GsmSST  ( 2738): [GsmSST] updateSpnDisplay: radio is off w/ showPlmn=false plmn=null
05-24 15:15:36.950 D/GsmSST  ( 2738): [GsmSST] updateSpnDisplay: changed sending intent rule=0 showPlmn='false' plmn='null' showSpn='false' spn=''
05-24 15:15:36.970 D/GsmSST  ( 2738): [GsmSST] operatorNumeric is null
05-24 15:15:37.010 D/GsmSST  ( 2738): [GsmSST] notifyDataRegStateRilRadioTechnologyChanged: drs=3 rat=0
05-24 15:15:37.010 D/DCT     ( 2738): get all active apn types
05-24 15:15:37.010 D/DCT     ( 2738): handleMessage msg={ when=-88ms what=270337 obj=android.os.AsyncResult@418f0378 target=com.android.internal.telephony.dataconnection.DcTracker }
05-24 15:15:37.010 D/DCT     ( 2738): onRadioAvailable
05-24 15:15:37.010 D/DCT     ( 2738): overall state is IDLE
05-24 15:15:37.010 D/RILJ    ( 2738): [3655]> BASEBAND_VERSION
05-24 15:15:37.020 D/RILJ    ( 2738): [3656]> GET_IMEI
05-24 15:15:37.020 D/RILJ    ( 2738): [3657]> GET_IMEISV
05-24 15:15:37.170 I/RIL     ( 3095): ------ VendorRIL: GSM AT Command for initialization ------
05-24 15:15:37.170 D/AT      ( 3095): AT> AT+WNAM
05-24 15:15:37.180 D/AT      ( 3095): AT< ERROR
05-24 15:15:37.180 I/RIL     ( 3095): ======== VendorRIL: found GSM Modem Device ========
05-24 15:15:37.180 D/AT      ( 3095): AT> ATE0Q0V1
05-24 15:15:37.210 D/AT      ( 3095): AT< OK
05-24 15:15:37.210 D/AT      ( 3095): AT> ATS0=0
05-24 15:15:37.210 D/AT      ( 3095): AT< OK
05-24 15:15:37.210 D/AT      ( 3095): AT> AT+CMEE=1
05-24 15:15:37.220 D/AT      ( 3095): AT< OK
05-24 15:15:37.220 D/AT      ( 3095): AT> AT+CREG=2
05-24 15:15:37.230 D/AT      ( 3095): AT< OK
05-24 15:15:37.230 D/AT      ( 3095): AT> AT+CGREG=1
05-24 15:15:37.250 D/AT      ( 3095): AT< OK
05-24 15:15:37.250 D/AT      ( 3095): AT> AT+CCWA=1
05-24 15:15:37.250 D/AT      ( 3095): AT< OK
05-24 15:15:37.250 D/AT      ( 3095): AT> AT+CMOD=0
05-24 15:15:37.270 D/AT      ( 3095): AT< OK
05-24 15:15:37.270 D/AT      ( 3095): AT> AT+CMUT=0
05-24 15:15:37.270 D/AT      ( 3095): AT< OK
05-24 15:15:37.270 D/AT      ( 3095): AT> AT+CSSN=0,1
05-24 15:15:37.280 D/AT      ( 3095): AT< OK
05-24 15:15:37.280 D/AT      ( 3095): AT> AT+COLP=0
05-24 15:15:37.300 D/AT      ( 3095): AT< OK
05-24 15:15:37.300 D/AT      ( 3095): AT> AT+CSCS="HEX"
05-24 15:15:37.300 D/AT      ( 3095): AT< OK
05-24 15:15:37.300 D/AT      ( 3095): AT> AT+CUSD=1
05-24 15:15:37.310 D/AT      ( 3095): AT< OK
05-24 15:15:37.310 D/AT      ( 3095): AT> AT+CGEREP=1,0
05-24 15:15:37.320 D/AT      ( 3095): AT< OK
05-24 15:15:37.320 D/AT      ( 3095): AT> AT+CMGF=0
05-24 15:15:37.330 D/AT      ( 3095): AT< OK
05-24 15:15:37.330 D/AT      ( 3095): AT> AT+CFUN?
05-24 15:15:37.330 D/AT      ( 3095): AT< +CFUN: 1
05-24 15:15:37.330 D/AT      ( 3095): AT< OK
05-24 15:15:37.330 D/RIL     ( 3095): ******** VendorRIL: setRadioState(10), oldState=0 ********
05-24 15:15:37.330 D/RIL     ( 3095): ******** VendorRIL: onRadioPowerOn pollSIMState, current state=10 ********
05-24 15:15:37.330 I/RIL     ( 3095): ======== VendorRIL: AT Command initialize done, Radio_State=ON, sState=10 ========
05-24 15:15:37.330 I/RIL     ( 3095): ------ VendorRIL onRequest: RADIO_POWER ------
05-24 15:15:37.330 D/RILJ    ( 2738): [UNSL]< UNSOL_RESPONSE_RADIO_STATE_CHANGED RADIO_ON
05-24 15:15:37.330 D/RILJ    ( 2738): [3658]> OPERATOR
05-24 15:15:37.330 D/RILJ    ( 2738): [3659]> DATA_REGISTRATION_STATE
05-24 15:15:37.330 D/RIL     ( 3095): requestRadioPower: request to set [1], current state [10]
05-24 15:15:37.330 D/RIL     ( 3095): requestRadioPower: error Unhandled state
05-24 15:15:37.330 I/RIL     ( 3095): ------ VendorRIL onRequest: SCREEN_STATE ------
05-24 15:15:37.330 I/RIL     ( 3095): [ScreenState]: OFF
05-24 15:15:37.330 I/RIL     ( 3095): ------ VendorRIL onRequest: BASEBAND_VERSION ------
05-24 15:15:37.330 I/RIL     ( 3095): ------ VendorRIL onRequest: GET_IMEI ------
05-24 15:15:37.330 I/RIL     ( 3095): ------ VendorRIL onRequest: GET_IMEISV ------
05-24 15:15:37.330 I/RIL     ( 3095): --- VendorRIL not supported: RIL_REQUEST_GET_IMEISV ---
05-24 15:15:37.330 I/RIL     ( 3095): ------ VendorRIL onRequest: OPERATOR ------
05-24 15:15:37.330 D/AT      ( 3095): AT> AT+COPS=3,0;+COPS?;+COPS=3,1;+COPS?;+COPS=3,2;+COPS?
05-24 15:15:37.330 D/RILJ    ( 2738): [3653]< RADIO_POWER 
05-24 15:15:37.330 D/RILJ    ( 2738): [3660]> VOICE_REGISTRATION_STATE
05-24 15:15:37.330 D/RILJ    ( 2738): [3661]> QUERY_NETWORK_SELECTION_MODE
05-24 15:15:37.340 D/UiccController( 2738): Received EVENT_ICC_STATUS_CHANGED, calling getIccCardStatus
05-24 15:15:37.340 D/RILJ    ( 2738): [3662]> GET_SIM_STATUS
05-24 15:15:37.340 D/RILJ    ( 2738): [3663]> GET_CURRENT_CALLS
05-24 15:15:37.340 D/RILJ    ( 2738): [3664]> RIL_REQUEST_IMS_REGISTRATION_STATE
05-24 15:15:37.340 D/RilRequest( 2738): [3654]< SCREEN_STATE error: com.android.internal.telephony.CommandException: MODE_NOT_SUPPORTED ret=
05-24 15:15:37.340 D/RILJ    ( 2738): [3655]< BASEBAND_VERSION E1750
05-24 15:15:37.340 D/RILJ    ( 2738): [3656]< GET_IMEI 
05-24 15:15:37.340 D/AT      ( 3095): AT< +COPS: 0,0,"CAN Rogers Wirel",0
05-24 15:15:37.340 D/AT      ( 3095): AT< +COPS: 0,1,"ROGERS",0
05-24 15:15:37.340 D/AT      ( 3095): AT< +COPS: 0,2,"302720",0
05-24 15:15:37.340 D/AT      ( 3095): AT< OK
05-24 15:15:37.340 D/RIL     ( 3095): [VendorRIL] requestOperator result: [0] = CAN Rogers Wirel
05-24 15:15:37.340 D/RIL     ( 3095): [VendorRIL] requestOperator result: [1] = ROGERS
05-24 15:15:37.340 D/RIL     ( 3095): [VendorRIL] requestOperator result: [2] = 302720
05-24 15:15:37.340 I/RIL     ( 3095): ------ VendorRIL onRequest: DATA_REGISTRATION_STATE ------
05-24 15:15:37.340 D/RIL     ( 3095): VendorRIL: requestRegistrationState >>>>>>>>>
05-24 15:15:37.340 D/AT      ( 3095): AT> AT+CGREG?
05-24 15:15:37.340 D/RilRequest( 2738): [3657]< GET_IMEISV error: com.android.internal.telephony.CommandException: MODE_NOT_SUPPORTED ret=
05-24 15:15:37.340 D/RILJ    ( 2738): [3658]< OPERATOR {CAN Rogers Wirel, ROGERS, 302720}
05-24 15:15:37.340 D/RILJ    ( 2738): [3665]> RIL_REQUEST_VOICE_RADIO_TECH
05-24 15:15:37.340 D/RILJ    ( 2738): [3666]> RIL_REQUEST_CDMA_GET_SUBSCRIPTION_SOURCE
05-24 15:15:37.340 D/GSMPhone( 2738): Baseband version: E1750
05-24 15:15:37.350 D/AT      ( 3095): AT< +CGREG: 1,5
05-24 15:15:37.350 D/AT      ( 3095): AT< OK
05-24 15:15:37.350 D/RIL     ( 3095): [DATA_REGISTRATION] response=+CGREG: 1,5
05-24 15:15:37.350 D/RIL     ( 3095): parseRegistrationState. Parsing: +CGREG: 1,5
05-24 15:15:37.350 D/RIL     ( 3095): registration state type: 3GPP
05-24 15:15:37.350 I/RIL     ( 3095): ------ VendorRIL onRequest: VOICE_REGISTRATION_STATE ------
05-24 15:15:37.350 D/RIL     ( 3095): VendorRIL: requestRegistrationState >>>>>>>>>
05-24 15:15:37.350 D/AT      ( 3095): AT> AT+CREG?
05-24 15:15:37.350 D/RILJ    ( 2738): [3659]< DATA_REGISTRATION_STATE {5, ffffffff, ffffffff, null, null, null}
05-24 15:15:37.350 E/GsmSST  ( 2738): [GsmSST] error parsing GprsRegistrationState: java.lang.NumberFormatException: Invalid int: "null"
05-24 15:15:37.350 D/PHONE   ( 2738): [ServiceState] setDataRegState=0
05-24 15:15:37.350 D/PHONE   ( 2738): [ServiceState] setDataRadioTechnology=0
05-24 15:15:37.350 D/GsmSST  ( 2738): [GsmSST] handlPollStateResultMessage: GsmSST setDataRegState=0 regState=5 dataRadioTechnology=0
05-24 15:15:37.360 D/AT      ( 3095): AT< +CREG: 2,5, 700D0, 2136
05-24 15:15:37.360 D/AT      ( 3095): AT< OK
05-24 15:15:37.360 D/RIL     ( 3095): [VOICE_REGISTRATION] response=+CREG: 2,5, 700D0, 2136
05-24 15:15:37.360 D/RIL     ( 3095): parseRegistrationState. Parsing: +CREG: 2,5, 700D0, 2136
05-24 15:15:37.360 D/RIL     ( 3095): registration state type: 3GPP
05-24 15:15:37.360 I/RIL     ( 3095): ------ VendorRIL onRequest: QUERY_NETWORK_SELECTION_MODE ------
05-24 15:15:37.360 D/AT      ( 3095): AT> AT+COPS?
05-24 15:15:37.360 D/RILJ    ( 2738): [3660]< VOICE_REGISTRATION_STATE {5, 700d0, 2136, 0, null, null, null, null, null, null, null, null, null, null, null}
05-24 15:15:37.360 D/PHONE   ( 2738): [ServiceState] setVoiceRegState=0
05-24 15:15:37.360 E/PHONE   ( 2738): [ServiceState] setState deprecated use setVoiceRegState()
05-24 15:15:37.360 D/AT      ( 3095): AT< +COPS: 0,2,"302720",0
05-24 15:15:37.360 D/AT      ( 3095): AT< OK
05-24 15:15:37.360 D/RIL     ( 3095): >>> QueryNetworkSelectionMode, response=0
05-24 15:15:37.360 I/RIL     ( 3095): ------ VendorRIL onRequest: RIL_REQUEST_GET_SIM_STATUS ------
05-24 15:15:37.360 D/RIL     ( 3095): getSIMStatus(). sState: 10
05-24 15:15:37.360 D/AT      ( 3095): AT> AT+CPIN?
05-24 15:15:37.360 D/RILJ    ( 2738): [3661]< QUERY_NETWORK_SELECTION_MODE {0}
05-24 15:15:37.360 D/GsmSST  ( 2738): [GsmSST] Poll ServiceState done:  oldSS=[3 3 home null null null  none none CSS not supported -1 -1 RoamInd=-1 DefRoamInd=-1 EmergOnly=false] newSS=[0 0 roaming CAN Rogers Wirel ROGERS 302720  none none CSS not supported -1 -1 RoamInd=-1 DefRoamInd=-1 EmergOnly=false] oldMaxDataCalls=1 mNewMaxDataCalls=1 oldReasonDataDenied=-1 mNewReasonDataDenied=-1
05-24 15:15:37.360 D/PHONE   ( 2738): [ServiceState] setNullState=1
05-24 15:15:37.360 D/GsmSST  ( 2738): [GsmSST] pollStateDone: registering current mNitzUpdatedTime=false changing to false
05-24 15:15:37.360 D/GsmSST  ( 2738): [GsmSST] updateSpnDisplay: changed sending intent rule=0 showPlmn='false' plmn='CAN Rogers Wirel' showSpn='false' spn=''
05-24 15:15:37.380 D/AT      ( 3095): AT< +CPIN:READY
05-24 15:15:37.380 D/AT      ( 3095): AT< OK
05-24 15:15:37.380 D/RIL     ( 3095): [getSIMStatus] response=+CPIN:READY
05-24 15:15:37.380 I/RIL     ( 3095): ------ VendorRIL onRequest: GET_CURRENT_CALLS ------
05-24 15:15:37.380 D/AT      ( 3095): AT> AT+CLCC
05-24 15:15:37.380 D/RILJ    ( 2738): [3662]< GET_SIM_STATUS IccCardState {CARDSTATE_PRESENT,PINSTATE_UNKNOWN,num_apps=2,gsm_id=0{APPTYPE_SIM,APPSTATE_READY},cdma_id=1{APPTYPE_RUIM,APPSTATE_READY},ims_id=8}
05-24 15:15:37.390 D/AT      ( 3095): AT< OK
05-24 15:15:37.390 I/RIL     ( 3095): ------ VendorRIL onRequest: IMS_REGISTRATION_STATE ------
05-24 15:15:37.390 D/RIL     ( 3095): IMS_REGISTRATION=0, format=1 
05-24 15:15:37.390 I/RIL     ( 3095): ------ VendorRIL onRequest: VOICE_RADIO_TECH ------
05-24 15:15:37.390 I/RIL     ( 3095): ------ VendorRIL onRequest: CDMA_GET_SUBSCRIPTION_SOURCE ------
05-24 15:15:37.390 D/RILJ    ( 2738): [3663]< GET_CURRENT_CALLS  
05-24 15:15:37.390 D/RILJ    ( 2738): [3664]< RIL_REQUEST_IMS_REGISTRATION_STATE {0, 1}
05-24 15:15:37.390 D/RILJ    ( 2738): [3665]< RIL_REQUEST_VOICE_RADIO_TECH {11}
05-24 15:15:37.390 D/RilRequest( 2738): [3666]< RIL_REQUEST_CDMA_GET_SUBSCRIPTION_SOURCE error: com.android.internal.telephony.CommandException: MODE_NOT_SUPPORTED ret=
05-24 15:15:37.490 D/GsmSST  ( 2738): [GsmSST] pollStateDone: there are 6 unique offsets for iso-cc='ca testOneUniqueOffsetPath=false', do nothing
05-24 15:15:37.510 D/GsmSST  ( 2738): [GsmSST] shouldFixTimeZoneNow: retVal=false iccCardExist=false operatorNumeric=302720 mcc=302 prevOperatorNumeric= prevMcc=303 needToFixTimeZone=false ltod=05-24 15:15:37.510
05-24 15:15:37.510 D/GsmSST  ( 2738): [GsmSST] notifyDataRegStateRilRadioTechnologyChanged: drs=0 rat=0
05-24 15:15:37.510 D/DCT     ( 2738): get all active apn types
05-24 15:15:37.510 D/GsmSST  ( 2738): [GsmSST] getCellLocation(): X good mCellLoc=[458960,8502,-1]
05-24 15:15:37.510 D/UiccController( 2738): Received EVENT_GET_ICC_STATUS_DONE
05-24 15:15:37.510 D/UiccCard( 2738): Creating
05-24 15:15:37.510 D/UiccCard( 2738): 2 applications
05-24 15:15:37.510 D/UiccCardApplication( 2738): Creating UiccApp: {APPTYPE_SIM,APPSTATE_READY}
05-24 15:15:37.510 W/VoiceMailConstants( 2738): Can't open /system/etc/voicemail-conf.xml
05-24 15:15:37.520 W/SpnOverride( 2738): Can not open /system/etc/spn-conf.xml
05-24 15:15:37.520 D/SIMRecords( 2738): [SIMRecords] SIMRecords: onRadioOffOrNotAvailable set 'gsm.sim.operator.numeric' to operator=null
05-24 15:15:37.520 D/UiccCardApplication( 2738): Notifying 1 registrant: READY
05-24 15:15:37.530 D/SIMRecords( 2738): [SIMRecords] getOperatorNumeric: IMSI == null
05-24 15:15:37.530 D/SIMRecords( 2738): [SIMRecords] SIMRecords X ctor this=SimRecords: mDestroyed=false mContext=com.android.phone.PhoneGlobals@4183aba8 mCi=com.android.internal.telephony.RIL@4183efe0 mFh=Handler (com.android.internal.telephony.uicc.SIMFileHandler) {41913690} mParentApp=com.android.internal.telephony.uicc.UiccCardApplication@419125a0 recordsLoadedRegistrants=android.os.RegistrantList@41916148 mImsiReadyRegistrants=android.os.RegistrantList@41916170 mRecordsEventsRegistrants=android.os.RegistrantList@41916198 mNewSmsRegistrants=android.os.RegistrantList@419161c0 mNetworkSelectionModeAutomaticRegistrants=android.os.RegistrantList@419161e8 recordsToLoad=0 adnCache=Handler (com.android.internal.telephony.uicc.AdnRecordCache) {419162e8} recordsRequested=false iccid=null msisdn=null msisdnTag=null voiceMailNum=null voiceMailTag=null newVoiceMailNum=null newVoiceMailTag=null isVoiceMailFixed=false countVoiceMessages=0 mImsi=null mncLength=-1 mailboxIndex=0 spn=null mVmConfigcom.android.internal.telephony.uicc.VoiceMailConstants@41916a98 mSpnOverride=mSpnOverride callForwardingEnabled=false spnState=null mCphsInfo=null mCspPlmnEnabled=true efMWIS=null efCPHS_MWI=null mEfCff=null mEfCfis=null getOperatorNumeric=null
05-24 15:15:37.530 D/RILJ    ( 2738): [3667]> QUERY_FACILITY_LOCK [FD 7 null]
05-24 15:15:37.530 D/RILJ    ( 2738): [3668]> QUERY_FACILITY_LOCK [SC 7 null]
05-24 15:15:37.530 D/UiccCardApplication( 2738): Creating UiccApp: {APPTYPE_RUIM,APPSTATE_READY}
05-24 15:15:37.530 D/UiccCardApplication( 2738): Notifying 1 registrant: READY
05-24 15:15:37.530 D/RuimRecords( 2738): [RuimRecords] RuimRecords X ctor this=RuimRecords: mDestroyed=false mContext=com.android.phone.PhoneGlobals@4183aba8 mCi=com.android.internal.telephony.RIL@4183efe0 mFh=Handler (com.android.internal.telephony.uicc.RuimFileHandler) {4191fce8} mParentApp=com.android.internal.telephony.uicc.UiccCardApplication@4191f868 recordsLoadedRegistrants=android.os.RegistrantList@41920020 mImsiReadyRegistrants=android.os.RegistrantList@41920048 mRecordsEventsRegistrants=android.os.RegistrantList@41920070 mNewSmsRegistrants=android.os.RegistrantList@41920098 mNetworkSelectionModeAutomaticRegistrants=android.os.RegistrantList@419200c0 recordsToLoad=0 adnCache=Handler (com.android.internal.telephony.uicc.AdnRecordCache) {419200e8} recordsRequested=false iccid=null msisdn=null msisdnTag=null voiceMailNum=null voiceMailTag=null newVoiceMailNum=null newVoiceMailTag=null isVoiceMailFixed=false countVoiceMessages=0 mImsi=null mncLength=-1 mailboxIndex=0 spn=null m_ota_commitedfalse mMyMobileNumber=xxxx mMin2Min1=null mPrlVersion=null mEFpl=null mEFli=null mCsimSpnDisplayCondition=false mMdn=null mMin=null mHomeSystemId=null mHomeNetworkId=null
05-24 15:15:37.530 D/RILJ    ( 2738): [3669]> QUERY_FACILITY_LOCK [FD 7 null]
05-24 15:15:37.530 D/RILJ    ( 2738): [3670]> QUERY_FACILITY_LOCK [SC 7 null]
05-24 15:15:37.540 I/RIL     ( 3095): ------ VendorRIL onRequest: QUERY_FACILITY_LOCK ------
05-24 15:15:37.540 I/RIL     ( 3095): --- VendorRIL not supported: RIL_REQUEST_QUERY_FACILITY_LOCK ---
05-24 15:15:37.540 I/RIL     ( 3095): ------ VendorRIL onRequest: QUERY_FACILITY_LOCK ------
05-24 15:15:37.540 I/RIL     ( 3095): --- VendorRIL not supported: RIL_REQUEST_QUERY_FACILITY_LOCK ---
05-24 15:15:37.540 I/RIL     ( 3095): ------ VendorRIL onRequest: QUERY_FACILITY_LOCK ------
05-24 15:15:37.540 I/RIL     ( 3095): --- VendorRIL not supported: RIL_REQUEST_QUERY_FACILITY_LOCK ---
05-24 15:15:37.540 I/RIL     ( 3095): ------ VendorRIL onRequest: QUERY_FACILITY_LOCK ------
05-24 15:15:37.540 I/RIL     ( 3095): --- VendorRIL not supported: RIL_REQUEST_QUERY_FACILITY_LOCK ---
05-24 15:15:37.540 D/UiccCardApplication( 2738): Notifying 1 registrant: READY
05-24 15:15:37.550 D/CAT     ( 2738): CatService: Running CAT service. STK app installed:false
05-24 15:15:37.550 D/CAT     ( 2738): CatService: NEW sInstance
05-24 15:15:37.550 E/UiccCard( 2738): App index 8 is invalid since there are no applications
05-24 15:15:37.550 D/UiccCard( 2738): update: radioState=RADIO_ON mLastRadioState=RADIO_UNAVAILABLE
05-24 15:15:37.550 D/UiccController( 2738): Notifying IccChangedRegistrants
05-24 15:15:37.550 D/RIL_ImsSms( 2738): IMS is NOT registered!
05-24 15:15:37.550 D/PhoneProxy( 2738): [PhoneProxy] EVENT_REQUEST_VOICE_RADIO_TECH_DONE: newVoiceTech=11
05-24 15:15:37.550 D/PhoneProxy( 2738): [PhoneProxy] phoneObjectUpdater: newVoiceRadioTech=11
05-24 15:15:37.550 D/PhoneProxy( 2738): [PhoneProxy] phoneObjectUpdater: No change ignore, newVoiceRadioTech=11 mActivePhone=GSM
05-24 15:15:37.550 D/CdmaSSM ( 2738): CDMA_SUBSCRIPTION_SOURCE event = 2
05-24 15:15:37.550 W/CdmaSSM ( 2738): Unable to get CDMA Subscription Source, Exception: com.android.internal.telephony.CommandException: MODE_NOT_SUPPORTED, result: null
05-24 15:15:37.550 D/DCT     ( 2738): handleMessage msg={ when=-36ms what=270352 obj=android.os.AsyncResult@41911518 target=com.android.internal.telephony.dataconnection.DcTracker }
05-24 15:15:37.550 D/DCT     ( 2738): onDataConnectionAttached
05-24 15:15:37.550 D/DCT     ( 2738): overall state is IDLE
05-24 15:15:37.550 D/DCT     ( 2738): isDataAllowed: not allowed due to - SIM not loaded - Roaming and data roaming not enabled
05-24 15:15:37.550 D/DCT     ( 2738): [ApnContext:fota] getApnSetting: apnSetting=null
05-24 15:15:37.560 D/DCT     ( 2738): isDataAllowed: not allowed due to - SIM not loaded - Roaming and data roaming not enabled
05-24 15:15:37.560 D/DCT     ( 2738): [ApnContext:supl] getApnSetting: apnSetting=null
05-24 15:15:37.560 D/DCT     ( 2738): isDataAllowed: not allowed due to - SIM not loaded - Roaming and data roaming not enabled
05-24 15:15:37.560 D/DCT     ( 2738): [ApnContext:hipri] getApnSetting: apnSetting=null
05-24 15:15:37.570 D/DCT     ( 2738): isDataAllowed: not allowed due to - SIM not loaded - Roaming and data roaming not enabled
05-24 15:15:37.570 D/DCT     ( 2738): [ApnContext:ims] getApnSetting: apnSetting=null
05-24 15:15:38.110 D/DCT     ( 2738): isDataAllowed: not allowed due to - SIM not loaded - Roaming and data roaming not enabled
05-24 15:15:38.110 D/DCT     ( 2738): [ApnContext:mms] getApnSetting: apnSetting=null
05-24 15:15:38.110 D/DCT     ( 2738): isDataAllowed: not allowed due to - SIM not loaded - Roaming and data roaming not enabled
05-24 15:15:38.110 D/DCT     ( 2738): [ApnContext:cbs] getApnSetting: apnSetting=null
05-24 15:15:38.110 D/DCT     ( 2738): setupDataOnConnectableApns: dataAttached
05-24 15:15:38.110 D/DCT     ( 2738): setupDataOnConnectableApns: apnContext {mApnType=hipri mState=IDLE mWaitingApns={null} mWaitingApnsPermanentFailureCountDown=0 mApnSetting={null} mReason=radioTurnedOff mDataEnabled=false mDependencyMet=true}
05-24 15:15:38.110 D/DCT     ( 2738): setupDataOnConnectableApns: apnContext {mApnType=mms mState=IDLE mWaitingApns={null} mWaitingApnsPermanentFailureCountDown=0 mApnSetting={null} mReason=radioTurnedOff mDataEnabled=false mDependencyMet=true}
05-24 15:15:38.110 D/DCT     ( 2738): setupDataOnConnectableApns: apnContext {mApnType=supl mState=IDLE mWaitingApns={null} mWaitingApnsPermanentFailureCountDown=0 mApnSetting={null} mReason=radioTurnedOff mDataEnabled=false mDependencyMet=true}
05-24 15:15:38.110 D/DCT     ( 2738): setupDataOnConnectableApns: apnContext {mApnType=default mState=IDLE mWaitingApns={null} mWaitingApnsPermanentFailureCountDown=0 mApnSetting={null} mReason=roamingOff mDataEnabled=true mDependencyMet=true}
05-24 15:15:38.110 D/DCT     ( 2738): setupDataOnConnectableApns: isConnectable() call trySetupData
05-24 15:15:38.110 D/DCT     ( 2738): trySetupData for type:default due to dataAttached apnContext={mApnType=default mState=IDLE mWaitingApns={null} mWaitingApnsPermanentFailureCountDown=0 mApnSetting={null} mReason=dataAttached mDataEnabled=true mDependencyMet=true}
05-24 15:15:38.110 D/DCT     ( 2738): trySetupData with mIsPsRestricted=false
05-24 15:15:38.110 D/DCT     ( 2738): isDataAllowed: not allowed due to - SIM not loaded - Roaming and data roaming not enabled
05-24 15:15:38.110 D/DCT     ( 2738): isDataAllowed: not allowed due to - SIM not loaded - Roaming and data roaming not enabled
05-24 15:15:38.110 D/DCT     ( 2738): [ApnContext:fota] getApnSetting: apnSetting=null
05-24 15:15:38.110 D/DCT     ( 2738): isDataAllowed: not allowed due to - SIM not loaded - Roaming and data roaming not enabled
05-24 15:15:38.110 D/DCT     ( 2738): [ApnContext:supl] getApnSetting: apnSetting=null
05-24 15:15:38.110 D/DCT     ( 2738): isDataAllowed: not allowed due to - SIM not loaded - Roaming and data roaming not enabled
05-24 15:15:38.110 D/DCT     ( 2738): [ApnContext:hipri] getApnSetting: apnSetting=null
05-24 15:15:38.110 D/DCT     ( 2738): isDataAllowed: not allowed due to - SIM not loaded - Roaming and data roaming not enabled
05-24 15:15:38.110 D/DCT     ( 2738): [ApnContext:ims] getApnSetting: apnSetting=null
