05-24 15:15:58.340 E/RILC    ( 3095): invalid response length
05-24 15:15:58.340 D/RilRequest( 2738): [3722]< SIGNAL_STRENGTH error: com.android.internal.telephony.CommandException: INVALID_RESPONSE ret=
05-24 15:15:58.340 D/GsmSST  ( 2738): [GsmSST] onSignalStrengthResult() Exception from RIL : com.android.internal.telephony.CommandException: INVALID_RESPONSE
05-24 15:16:18.370 D/RILJ    ( 2738): [3723]> SIGNAL_STRENGTH
05-24 15:16:18.380 I/RIL     ( 3095): ------ VendorRIL onRequest: SIGNAL_STRENGTH ------
05-24 15:16:18.380 D/AT      ( 3095): AT> AT+CSQ
05-24 15:16:18.390 D/AT      ( 3095): AT< +CSQ: 31,99
05-24 15:16:18.390 D/AT      ( 3095): AT< OK
05-24 15:16:18.390 I/RIL     ( 3095): ------ VendorRIL SignalStrength: 31, 99 ------
05-24 15:16:18.390 E/RILC    ( 3095): invalid response length
05-24 15:16:18.390 D/RilRequest( 2738): [3723]< SIGNAL_STRENGTH error: com.android.internal.telephony.CommandException: INVALID_RESPONSE ret=
05-24 15:16:18.400 D/GsmSST  ( 2738): [GsmSST] onSignalStrengthResult() Exception from RIL : com.android.internal.telephony.CommandException: INVALID_RESPONSE
05-24 15:16:38.430 D/RILJ    ( 2738): [3724]> SIGNAL_STRENGTH
05-24 15:16:38.430 I/RIL     ( 3095): ------ VendorRIL onRequest: SIGNAL_STRENGTH ------
05-24 15:16:38.430 D/AT      ( 3095): AT> AT+CSQ
05-24 15:16:38.450 D/AT      ( 3095): AT< +CSQ: 31,99
05-24 15:16:38.450 D/AT      ( 3095): AT< OK
05-24 15:16:38.450 I/RIL     ( 3095): ------ VendorRIL SignalStrength: 31, 99 ------
05-24 15:16:38.450 E/RILC    ( 3095): invalid response length
05-24 15:16:38.450 D/RilRequest( 2738): [3724]< SIGNAL_STRENGTH error: com.android.internal.telephony.CommandException: INVALID_RESPONSE ret=
05-24 15:16:38.450 D/GsmSST  ( 2738): [GsmSST] onSignalStrengthResult() Exception from RIL : com.android.internal.telephony.CommandException: INVALID_RESPONSE
05-24 15:16:58.470 D/RILJ    ( 2738): [3725]> SIGNAL_STRENGTH
05-24 15:16:58.470 I/RIL     ( 3095): ------ VendorRIL onRequest: SIGNAL_STRENGTH ------
05-24 15:16:58.470 D/AT      ( 3095): AT> AT+CSQ
05-24 15:16:58.490 D/AT      ( 3095): AT< +CSQ: 31,99
05-24 15:16:58.490 D/AT      ( 3095): AT< OK
05-24 15:16:58.490 I/RIL     ( 3095): ------ VendorRIL SignalStrength: 31, 99 ------
05-24 15:16:58.490 E/RILC    ( 3095): invalid response length
05-24 15:16:58.490 D/RilRequest( 2738): [3725]< SIGNAL_STRENGTH error: com.android.internal.telephony.CommandException: INVALID_RESPONSE ret=
05-24 15:16:58.490 D/GsmSST  ( 2738): [GsmSST] onSignalStrengthResult() Exception from RIL : com.android.internal.telephony.CommandException: INVALID_RESPONSE
05-24 15:17:18.570 D/RILJ    ( 2738): [3726]> SIGNAL_STRENGTH
05-24 15:17:18.570 I/RIL     ( 3095): ------ VendorRIL onRequest: SIGNAL_STRENGTH ------
05-24 15:17:18.570 D/AT      ( 3095): AT> AT+CSQ
05-24 15:17:18.600 D/AT      ( 3095): AT< +CSQ: 31,99
05-24 15:17:18.600 D/AT      ( 3095): AT< OK
05-24 15:17:18.600 I/RIL     ( 3095): ------ VendorRIL SignalStrength: 31, 99 ------
05-24 15:17:18.600 E/RILC    ( 3095): invalid response length
05-24 15:17:18.600 D/RilRequest( 2738): [3726]< SIGNAL_STRENGTH error: com.android.internal.telephony.CommandException: INVALID_RESPONSE ret=
05-24 15:17:18.600 D/GsmSST  ( 2738): [GsmSST] onSignalStrengthResult() Exception from RIL : com.android.internal.telephony.CommandException: INVALID_RESPONSE
05-24 15:17:36.170 D/DCT     ( 2738): handleMessage msg={ when=-1ms what=270366 target=com.android.internal.telephony.dataconnection.DcTracker }
05-24 15:17:36.170 D/DCT     ( 2738): CMD_SET_USER_DATA_ENABLE enabled=false
05-24 15:17:36.170 D/DCT     ( 2738): isDataAllowed: not allowed due to - Roaming and data roaming not enabled
05-24 15:17:36.220 D/DCT     ( 2738): isDataAllowed: not allowed due to - Roaming and data roaming not enabled
05-24 15:17:36.220 D/DCT     ( 2738): [ApnContext:fota] getApnSetting: apnSetting=null
05-24 15:17:36.250 D/DCT     ( 2738): isDataAllowed: not allowed due to - Roaming and data roaming not enabled
05-24 15:17:36.250 D/DCT     ( 2738): [ApnContext:supl] getApnSetting: apnSetting=null
05-24 15:17:36.290 D/DCT     ( 2738): isDataAllowed: not allowed due to - Roaming and data roaming not enabled
05-24 15:17:36.290 D/DCT     ( 2738): [ApnContext:hipri] getApnSetting: apnSetting=null
05-24 15:17:36.300 D/DCT     ( 2738): isDataAllowed: not allowed due to - Roaming and data roaming not enabled
05-24 15:17:36.300 D/DCT     ( 2738): [ApnContext:ims] getApnSetting: apnSetting=null
05-24 15:17:36.310 D/DCT     ( 2738): isDataAllowed: not allowed due to - Roaming and data roaming not enabled
05-24 15:17:36.310 D/DCT     ( 2738): [ApnContext:mms] getApnSetting: apnSetting=null
05-24 15:17:36.320 D/DCT     ( 2738): isDataAllowed: not allowed due to - Roaming and data roaming not enabled
05-24 15:17:36.320 D/DCT     ( 2738): [ApnContext:cbs] getApnSetting: apnSetting=null
05-24 15:17:38.600 D/RILJ    ( 2738): [3727]> SIGNAL_STRENGTH
05-24 15:17:38.610 I/RIL     ( 3095): ------ VendorRIL onRequest: SIGNAL_STRENGTH ------[  192.486148] cpu1 turning on start...
05-24 15:17:38.610 D/AT      ( 3095): AT> AT+CSQ
05-24 15:17:38.610 D/AT      ( 3095): AT< +CSQ: 31,99
05-24 15:17:38.610 D/AT      ( 3095): AT< OK
05-24 15:17:38.620 I/RIL     ( 3095): ------ VendorRIL SignalStrength: 31, 99 ------
05-24 15:17:38.620 E/RILC    ( 3095): invalid response length
05-24 15:17:38.620 D/RilRequest( 2738): [3727]< SIGNAL_STRENGTH error: com.android.internal.telephony.CommandException: INVALID_RESPONSE ret=
05-24 15:17:38.620 D/GsmSST  ( 2738): [GsmSST] onSignalStrengthResult() Exception from RIL : com.android.internal.telephony.CommandException: INVALID_RESPONSE
05-24 15:17:58.650 D/RILJ    ( 2738): [3728]> SIGNAL_STRENGTH
05-24 15:17:58.660 I/RIL     ( 3095): ------ VendorRIL onRequest: SIGNAL_STRENGTH ------
05-24 15:17:58.660 D/AT      ( 3095): AT> AT+CSQ
05-24 15:17:58.670 D/AT      ( 3095): AT< +CSQ: 31,99
05-24 15:17:58.670 D/AT      ( 3095): AT< OK
05-24 15:17:58.670 I/RIL     ( 3095): ------ VendorRIL SignalStrength: 31, 99 ------
05-24 15:17:58.670 E/RILC    ( 3095): invalid response length
05-24 15:17:58.670 D/RilRequest( 2738): [3728]< SIGNAL_STRENGTH error: com.android.internal.telephony.CommandException: INVALID_RESPONSE ret=
05-24 15:17:58.670 D/GsmSST  ( 2738): [GsmSST] onSignalStrengthResult() Exception from RIL : com.android.internal.telephony.CommandException: INVALID_RESPONSE


05-24 15:17:58.970 D/DCT     ( 2738): handleMessage msg={ when=0 what=270366 arg1=1 target=com.android.internal.telephony.dataconnection.DcTracker }
05-24 15:17:58.970 D/DCT     ( 2738): CMD_SET_USER_DATA_ENABLE enabled=true
05-24 15:17:59.050 D/DCT     ( 2738): isDataAllowed: not allowed due to - Roaming and data roaming not enabled
05-24 15:17:59.050 D/DCT     ( 2738): [ApnContext:fota] getApnSetting: apnSetting=null
05-24 15:17:59.050 D/DCT     ( 2738): isDataAllowed: not allowed due to - Roaming and data roaming not enabled
05-24 15:17:59.050 D/DCT     ( 2738): [ApnContext:supl] getApnSetting: apnSetting=null
05-24 15:17:59.060 D/DCT     ( 2738): isDataAllowed: not allowed due to - Roaming and data roaming not enabled
05-24 15:17:59.060 D/DCT     ( 2738): [ApnContext:hipri] getApnSetting: apnSetting=null
05-24 15:17:59.080 D/DCT     ( 2738): isDataAllowed: not allowed due to - Roaming and data roaming not enabled
05-24 15:17:59.080 D/DCT     ( 2738): [ApnContext:ims] getApnSetting: apnSetting=null
05-24 15:17:59.080 D/DCT     ( 2738): isDataAllowed: not allowed due to - Roaming and data roaming not enabled
05-24 15:17:59.140 D/DCT     ( 2738): [ApnContext:mms] getApnSetting: apnSetting=null
05-24 15:17:59.140 D/DCT     ( 2738): isDataAllowed: not allowed due to - Roaming and data roaming not enabled
05-24 15:17:59.140 D/DCT     ( 2738): [ApnContext:cbs] getApnSetting: apnSetting=null
05-24 15:17:59.150 D/DCT     ( 2738): isDataAllowed: not allowed due to - Roaming and data roaming not enabled
05-24 15:18:18.690 D/RILJ    ( 2738): [3729]> SIGNAL_STRENGTH
05-24 15:18:18.700 I/RIL     ( 3095): ------ VendorRIL onRequest: SIGNAL_STRENGTH ------
05-24 15:18:18.700 D/AT      ( 3095): AT> AT+CSQ
05-24 15:18:18.720 D/AT      ( 3095): AT< +CSQ: 31,99
05-24 15:18:18.720 D/AT      ( 3095): AT< OK
05-24 15:18:18.720 I/RIL     ( 3095): ------ VendorRIL SignalStrength: 31, 99 ------
05-24 15:18:18.720 E/RILC    ( 3095): invalid response length
05-24 15:18:18.740 D/RilRequest( 2738): [3729]< SIGNAL_STRENGTH error: com.android.internal.telephony.CommandException: INVALID_RESPONSE ret=
05-24 15:18:18.740 D/GsmSST  ( 2738): [GsmSST] onSignalStrengthResult() Exception from RIL : com.android.internal.telephony.CommandException: INVALID_RESPONSE
