05-24 13:53:11.820 D/DCT     ( 2623): onReceive: action=android.intent.action.SCREEN_ON
05-24 13:53:11.820 D/DCT     ( 2623): stopNetStatPoll
05-24 13:53:11.820 D/DCT     ( 2623): overall state is IDLE[   83.250952] hotplug_early_suspend
05-24 13:53:11.830 D/RilRequest( 2623): [3722]< SCREEN_STATE error: com.android.internal.telephony.CommandException: MODE_NOT_SUPPORTED ret=
05-24 13:53:12.100 D/RILJ    ( 2623): [3723]> SCREEN_STATE: false
05-24 13:53:12.110 I/RIL     ( 2906): ------ VendorRIL onRequest: SCREEN_STATE ------
05-24 13:53:12.110 I/RIL     ( 2906): [ScreenState]: OFF
05-24 13:53:12.130 D/DCT     ( 2623): onReceive: action=android.intent.action.SCREEN_OFF
05-24 13:53:12.130 D/DCT     ( 2623): stopNetStatPoll
05-24 13:53:12.130 D/DCT     ( 2623): overall state is IDLE
05-24 13:53:12.140 D/RilRequest( 2623): [3723]< SCREEN_STATE error: com.android.internal.telephony.CommandException: MODE_NOT_SUPPORTED ret=
05-24 13:53:12.800 D/RILJ    ( 2623): [3724]> SCREEN_STATE: true
05-24 13:53:12.800 I/RIL     ( 2906): ------ VendorRIL onRequest: SCREEN_STATE ------
05-24 13:53:12.800 I/RIL     ( 2906): [ScreenState]: OFF
05-24 13:53:12.800 D/RilRequest( 2623): [3724]< SCREEN_STATE error: com.android.internal.telephony.CommandException: MODE_NOT_SUPPORTED ret=
05-24 13:53:12.800 D/DCT     ( 2623): onReceive: action=android.intent.action.SCREEN_ON
05-24 13:53:12.800 D/DCT     ( 2623): stopNetStatPoll
05-24 13:53:12.800 D/DCT     ( 2623): overall state is IDLE
05-24 13:53:19.830 D/TelephonyManager( 2623): getLteOnCdmaMode=0 curVal=-1 product_type='' lteOnCdmaProductType=''
05-24 13:53:19.860 D/RILJ    ( 2623): [3725]> REQUEST_GET_PREFERRED_NETWORK_TYPE
05-24 13:53:19.860 I/RIL     ( 2906): ------ VendorRIL onRequest: GET_PREFERRED_NETWORK_TYPE ------
05-24 13:53:19.860 D/RILJ    ( 2623): [3725]< REQUEST_GET_PREFERRED_NETWORK_TYPE {1}
05-24 13:53:24.950 D/RILJ    ( 2623): [3726]> REQUEST_GET_PREFERRED_NETWORK_TYPE
05-24 13:53:24.960 I/RIL     ( 2906): ------ VendorRIL onRequest: GET_PREFERRED_NETWORK_TYPE ------
05-24 13:53:24.980 D/RILJ    ( 2623): [3726]< REQUEST_GET_PREFERRED_NETWORK_TYPE {1}
05-24 13:53:25.850 D/RILJ    ( 2623): [3727]> SIGNAL_STRENGTH
05-24 13:53:25.860 I/RIL     ( 2906): ------ VendorRIL onRequest: SIGNAL_STRENGTH ------
05-24 13:53:25.860 D/AT      ( 2906): AT> AT+CSQ
05-24 13:53:25.880 D/AT      ( 2906): AT< +CSQ: 31,99
05-24 13:53:25.880 D/AT      ( 2906): AT< OK
05-24 13:53:25.880 I/RIL     ( 2906): ------ VendorRIL SignalStrength: 31, 99 ------
05-24 13:53:25.880 E/RILC    ( 2906): invalid response length
05-24 13:53:25.910 D/RilRequest( 2623): [3727]< SIGNAL_STRENGTH error: com.android.internal.telephony.CommandException: INVALID_RESPONSE ret=
05-24 13:53:25.910 D/GsmSST  ( 2623): [GsmSST] onSignalStrengthResult() Exception from RIL : com.android.internal.telephony.CommandException: INVALID_RESPONSE
05-24 13:53:28.900 D/RILJ    ( 2623): [3728]> QUERY_AVAILABLE_NETWORKS 
05-24 13:53:28.910 I/RIL     ( 2906): ------ VendorRIL onRequest: QUERY_AVAILABLE_NETWORKS  ------
05-24 13:53:28.910 D/AT      ( 2906): AT> AT+COPS=?
05-24 13:53:28.930 D/AT      ( 2906): AT< [WCDMA] Current RRC Status = 0
05-24 13:53:45.930 D/RILJ    ( 2623): [3729]> SIGNAL_STRENGTH
05-24 13:54:05.650 D/AT      ( 2906): AT< +COPS: (2,"CAN Rogers Wirel","ROGERS","302720",0),,(0,1,3,4),(0,1,2)
05-24 13:54:05.650 D/AT      ( 2906): AT< OK
05-24 13:54:05.650 D/RIL     ( 2906): >> [QueryAvailableNetworks] p_response: +COPS: (2,"CAN Rogers Wirel","ROGERS","302720",0),,(0,1,3,4),(0,1,2)
05-24 13:54:05.650 D/RIL     ( 2906): >> [QueryAvailableNetworks] operator(0): [CAN Rogers Wirel, ROGERS, 302720, current]
05-24 13:54:05.650 I/RIL     ( 2906): ------ VendorRIL onRequest: SIGNAL_STRENGTH ------
05-24 13:54:05.650 D/AT      ( 2906): AT> AT+CSQ
05-24 13:54:05.650 D/RILJ    ( 2623): [3728]< QUERY_AVAILABLE_NETWORKS  [OperatorInfo CAN Rogers Wirel/ROGERS/302720/CURRENT]
05-24 13:54:05.720 D/AT      ( 2906): AT< +CSQ: 31,99
05-24 13:54:05.720 D/AT      ( 2906): AT< OK
05-24 13:54:05.720 I/RIL     ( 2906): ------ VendorRIL SignalStrength: 31, 99 ------
05-24 13:54:05.720 E/RILC    ( 2906): invalid response length
05-24 13:54:05.720 D/RilRequest( 2623): [3729]< SIGNAL_STRENGTH error: com.android.internal.telephony.CommandException: INVALID_RESPONSE ret=
05-24 13:54:05.770 D/GsmSST  ( 2623): [GsmSST] onSignalStrengthResult() Exception from RIL : com.android.internal.telephony.CommandException: INVALID_RESPONSE
05-24 13:54:07.510 D/RILJ    ( 2623): [3730]> SET_NETWORK_SELECTION_MANUAL 302720
05-24 13:54:07.510 I/RIL     ( 2906): ------ VendorRIL onRequest: SET_NETWORK_SELECTION_MANUAL ------
05-24 13:54:07.510 D/RIL     ( 2906): >> requestSetNetworkSelectionManual 302720
05-24 13:54:07.510 D/RILJ    ( 2623): [3730]< SET_NETWORK_SELECTION_MANUAL 
05-24 13:54:07.610 D/GSMPhone( 2623): sending original message to recipient
05-24 13:54:10.730 D/RILJ    ( 2623): [3731]> REQUEST_GET_PREFERRED_NETWORK_TYPE
05-24 13:54:10.740 I/RIL     ( 2906): ------ VendorRIL onRequest: GET_PREFERRED_NETWORK_TYPE ------
05-24 13:54:10.740 D/RILJ    ( 2623): [3731]< REQUEST_GET_PREFERRED_NETWORK_TYPE {1}
05-24 13:54:25.770 D/RILJ    ( 2623): [3732]> SIGNAL_STRENGTH
05-24 13:54:25.780 I/RIL     ( 2906): ------ VendorRIL onRequest: SIGNAL_STRENGTH ------
05-24 13:54:25.780 D/AT      ( 2906): AT> AT+CSQ
05-24 13:54:25.780 D/AT      ( 2906): AT< +CSQ: 31,99
05-24 13:54:25.780 D/AT      ( 2906): AT< OK
05-24 13:54:25.780 I/RIL     ( 2906): ------ VendorRIL SignalStrength: 31, 99 ------
05-24 13:54:25.780 E/RILC    ( 2906): invalid response length
05-24 13:54:25.780 D/RilRequest( 2623): [3732]< SIGNAL_STRENGTH error: com.android.internal.telephony.CommandException: INVALID_RESPONSE ret=
05-24 13:54:25.790 D/GsmSST  ( 2623): [GsmSST] onSignalStrengthResult() Exception from RIL : com.android.internal.telephony.CommandException: INVALID_RESPONSE
05-24 13:54:45.800 D/RILJ    ( 2623): [3733]> SIGNAL_STRENGTH
05-24 13:54:45.800 I/RIL     ( 2906): ------ VendorRIL onRequest: SIGNAL_STRENGTH ------
05-24 13:54:45.800 D/AT      ( 2906): AT> AT+CSQ
05-24 13:54:45.820 D/AT      ( 2906): AT< +CSQ: 31,99
05-24 13:54:45.820 D/AT      ( 2906): AT< OK
05-24 13:54:45.820 I/RIL     ( 2906): ------ VendorRIL SignalStrength: 31, 99 ------
05-24 13:54:45.820 E/RILC    ( 2906): invalid response length
05-24 13:54:45.850 D/RilRequest( 2623): [3733]< SIGNAL_STRENGTH error: com.android.internal.telephony.CommandException: INVALID_RESPONSE ret=
05-24 13:54:45.850 D/GsmSST  ( 2623): [GsmSST] onSignalStrengthResult() Exception from RIL : com.android.internal.telephony.CommandException: INVALID_RESPONSE
05-24 13:54:52.220 D/PhoneNumberUtils( 2623): System property doesn't provide any emergency numbers. Use embedded logic for determining ones.
05-24 13:54:52.460 D/PhoneNumberUtils( 2623): System property doesn't provide any emergency numbers. Use embedded logic for determining ones.
05-24 13:54:52.790 D/PhoneNumberUtils( 2623): System property doesn't provide any emergency numbers. Use embedded logic for determining ones.
05-24 13:54:52.840 D/PhoneNumberUtils( 2623): System property doesn't provide any emergency numbers. Use embedded logic for determining ones.
05-24 13:54:52.860 D/PhoneNumberUtils( 2623): System property doesn't provide any emergency numbers. Use embedded logic for determining ones.
05-24 13:54:52.860 D/GsmMmiCode( 2623): isTwoDigitShortCode
05-24 13:54:52.890 D/PhoneNumberUtils( 2623): System property doesn't provide any emergency numbers. Use embedded logic for determining ones.
05-24 13:54:52.890 D/GSMPhone( 2623): dialing w/ mmi 'null'...
05-24 13:54:52.890 D/GsmConnection( 2623): [GSMConn] acquireWakeLock
05-24 13:54:52.890 D/RILJ    ( 2623): [3734]> SET_MUTE false
05-24 13:54:52.890 D/RILJ    ( 2623): [3735]> DIAL
05-24 13:54:52.890 I/RIL     ( 2906): ------ VendorRIL onRequest: SET_MUTE ------
05-24 13:54:52.890 D/RIL     ( 2906): Request not supported. Tech: 1
05-24 13:54:52.890 D/RilRequest( 2623): [3734]< SET_MUTE error: com.android.internal.telephony.CommandException: REQUEST_NOT_SUPPORTED ret=
05-24 13:54:52.890 I/RIL     ( 2906): ------ VendorRIL onRequest: DIAL ------
05-24 13:54:52.890 D/AT      ( 2906): AT> ATD5146795911;
05-24 13:54:52.970 D/AT      ( 2906): AT< OK
05-24 13:54:52.970 D/RILJ    ( 2623): [3735]< DIAL 
05-24 13:54:52.980 D/PhoneNumberUtils( 2623): System property doesn't provide any emergency numbers. Use embedded logic for determining ones.
05-24 13:54:53.030 D/DCT     ( 2623): handleMessage msg={ when=-141ms what=270343 obj=android.os.AsyncResult@41f3d8b0 target=com.android.internal.telephony.dataconnection.DcTracker }
05-24 13:54:53.030 D/DCT     ( 2623): onVoiceCallStarted
05-24 13:54:53.030 D/RILJ    ( 2623): [3736]> GET_CURRENT_CALLS
05-24 13:54:53.050 I/RIL     ( 2906): ------ VendorRIL onRequest: GET_CURRENT_CALLS ------
05-24 13:54:53.050 D/AT      ( 2906): AT> AT+CLCC
05-24 13:54:53.080 D/AT      ( 2906): AT< +CLCC: 1,0,2,0,0,"5146795911",129
05-24 13:54:53.080 D/AT      ( 2906): AT< OK
05-24 13:54:53.080 V/RILJ    ( 2623): Incoming UUS : NOT present!
05-24 13:54:53.080 D/RILJ    ( 2623): InCall VoicePrivacy is disabled
05-24 13:54:53.080 D/RILJ    ( 2623): [3736]< GET_CURRENT_CALLS  [id=1,DIALING,toa=129,norm,mo,0,voc,noevp,,cli=1,,0] 
05-24 13:54:53.150 D/PhoneNumberUtils( 2623): System property doesn't provide any emergency numbers. Use embedded logic for determining ones.
05-24 13:54:53.260 D/PhoneNumberUtils( 2623): System property doesn't provide any emergency numbers. Use embedded logic for determining ones.
05-24 13:54:53.270 D/RILJ    ( 2623): [3737]> SET_MUTE false
05-24 13:54:53.270 D/PhoneNumberUtils( 2623): System property doesn't provide any emergency numbers. Use embedded logic for determining ones.
05-24 13:54:53.290 D/PhoneNumberUtils( 2623): System property doesn't provide any emergency numbers. Use embedded logic for determining ones.
05-24 13:54:53.290 D/RILJ    ( 2623): [3738]> SET_MUTE false
05-24 13:54:53.290 D/GsmConnection( 2623): [GSMConn] --dssds----null
05-24 13:54:53.290 D/GsmConnection( 2623): [GSMConn] update: parent=DIALING, hasNewParent=false, wasConnectingInOrOut=true, wasHolding=false, isConnectingInOrOut=true, changed=false
05-24 13:54:53.300 I/RIL     ( 2906): ------ VendorRIL onRequest: SET_MUTE ------
05-24 13:54:53.300 D/RIL     ( 2906): Request not supported. Tech: 1
05-24 13:54:53.300 I/RIL     ( 2906): ------ VendorRIL onRequest: SET_MUTE ------
05-24 13:54:53.300 D/RIL     ( 2906): Request not supported. Tech: 1
05-24 13:54:53.300 D/RilRequest( 2623): [3737]< SET_MUTE error: com.android.internal.telephony.CommandException: REQUEST_NOT_SUPPORTED ret=
05-24 13:54:53.300 D/RilRequest( 2623): [3738]< SET_MUTE error: com.android.internal.telephony.CommandException: REQUEST_NOT_SUPPORTED ret=
05-24 13:54:53.580 D/RILJ    ( 2623): [UNSL]< UNSOL_RESPONSE_CALL_STATE_CHANGED
05-24 13:54:53.680 D/RILJ    ( 2623): [3739]> GET_CURRENT_CALLS
05-24 13:54:53.680 I/RIL     ( 2906): ------ VendorRIL onRequest: GET_CURRENT_CALLS ------
05-24 13:54:53.680 D/AT      ( 2906): AT> AT+CLCC
05-24 13:54:53.720 D/AT      ( 2906): AT< +CLCC: 1,0,2,0,0,"5146795911",129
05-24 13:54:53.720 D/AT      ( 2906): AT< OK
05-24 13:54:53.720 V/RILJ    ( 2623): Incoming UUS : NOT present!
05-24 13:54:53.720 D/RILJ    ( 2623): InCall VoicePrivacy is disabled
05-24 13:54:53.720 D/RILJ    ( 2623): [3739]< GET_CURRENT_CALLS  [id=1,DIALING,toa=129,norm,mo,0,voc,noevp,,cli=1,,0] 
05-24 13:54:53.730 D/PhoneNumberUtils( 2623): System property doesn't provide any emergency numbers. Use embedded logic for determining ones.
05-24 13:54:53.760 D/PhoneNumberUtils( 2623): System property doesn't provide any emergency numbers. Use embedded logic for determining ones.
05-24 13:54:53.760 D/RILJ    ( 2623): [3740]> SET_MUTE false
05-24 13:54:53.760 I/RIL     ( 2906): ------ VendorRIL onRequest: SET_MUTE ------
05-24 13:54:53.760 D/RIL     ( 2906): Request not supported. Tech: 1
05-24 13:54:53.760 D/RilRequest( 2623): [3740]< SET_MUTE error: com.android.internal.telephony.CommandException: REQUEST_NOT_SUPPORTED ret=
05-24 13:54:53.860 D/GsmConnection( 2623): [GSMConn] --dssds----null
05-24 13:54:53.860 D/GsmConnection( 2623): [GSMConn] update: parent=DIALING, hasNewParent=false, wasConnectingInOrOut=true, wasHolding=false, isConnectingInOrOut=true, changed=false
05-24 13:54:54.220 D/RILJ    ( 2623): [UNSL]< UNSOL_RESPONSE_CALL_STATE_CHANGED
05-24 13:54:54.220 D/RILJ    ( 2623): [3741]> GET_CURRENT_CALLS
05-24 13:54:54.230 I/RIL     ( 2906): ------ VendorRIL onRequest: GET_CURRENT_CALLS ------
05-24 13:54:54.230 D/AT      ( 2906): AT> AT+CLCC
05-24 13:54:54.250 D/AT      ( 2906): AT< +CLCC: 1,0,2,0,0,"5146795911",129
05-24 13:54:54.250 D/AT      ( 2906): AT< OK
05-24 13:54:54.250 V/RILJ    ( 2623): Incoming UUS : NOT present!
05-24 13:54:54.250 D/RILJ    ( 2623): InCall VoicePrivacy is disabled
05-24 13:54:54.250 D/RILJ    ( 2623): [3741]< GET_CURRENT_CALLS  [id=1,DIALING,toa=129,norm,mo,0,voc,noevp,,cli=1,,0] 
05-24 13:54:54.250 D/GsmConnection( 2623): [GSMConn] --dssds----null
05-24 13:54:54.250 D/GsmConnection( 2623): [GSMConn] update: parent=DIALING, hasNewParent=false, wasConnectingInOrOut=true, wasHolding=false, isConnectingInOrOut=true, changed=false
05-24 13:54:54.420 D/PhoneNumberUtils( 3618): System property doesn't provide any emergency numbers. Use embedded logic for determining ones.
05-24 13:54:54.820 D/RILJ    ( 2623): [UNSL]< UNSOL_RESPONSE_CALL_STATE_CHANGED
05-24 13:54:54.820 D/RILJ    ( 2623): [3742]> GET_CURRENT_CALLS
05-24 13:54:54.830 I/RIL     ( 2906): ------ VendorRIL onRequest: GET_CURRENT_CALLS ------
05-24 13:54:54.830 D/AT      ( 2906): AT> AT+CLCC
05-24 13:54:54.850 D/AT      ( 2906): AT< +CLCC: 1,0,2,0,0,"5146795911",129
05-24 13:54:54.850 D/AT      ( 2906): AT< OK
05-24 13:54:54.850 V/RILJ    ( 2623): Incoming UUS : NOT present!
05-24 13:54:54.850 D/RILJ    ( 2623): InCall VoicePrivacy is disabled
05-24 13:54:54.850 D/RILJ    ( 2623): [3742]< GET_CURRENT_CALLS  [id=1,DIALING,toa=129,norm,mo,0,voc,noevp,,cli=1,,0] 
05-24 13:54:54.910 D/GsmConnection( 2623): [GSMConn] --dssds----null
05-24 13:54:54.910 D/GsmConnection( 2623): [GSMConn] update: parent=DIALING, hasNewParent=false, wasConnectingInOrOut=true, wasHolding=false, isConnectingInOrOut=true, changed=false
05-24 13:54:55.350 D/RILJ    ( 2623): [UNSL]< UNSOL_RESPONSE_CALL_STATE_CHANGED
05-24 13:54:55.350 D/RILJ    ( 2623): [3743]> GET_CURRENT_CALLS
05-24 13:54:55.360 I/RIL     ( 2906): ------ VendorRIL onRequest: GET_CURRENT_CALLS ------
05-24 13:54:55.360 D/AT      ( 2906): AT> AT+CLCC
05-24 13:54:55.390 D/AT      ( 2906): AT< +CLCC: 1,0,2,0,0,"5146795911",129
05-24 13:54:55.390 D/AT      ( 2906): AT< OK
05-24 13:54:55.390 V/RILJ    ( 2623): Incoming UUS : NOT present!
05-24 13:54:55.390 D/RILJ    ( 2623): InCall VoicePrivacy is disabled
05-24 13:54:55.390 D/RILJ    ( 2623): [3743]< GET_CURRENT_CALLS  [id=1,DIALING,toa=129,norm,mo,0,voc,noevp,,cli=1,,0] 
05-24 13:54:55.430 D/GsmConnection( 2623): [GSMConn] --dssds----null
05-24 13:54:55.430 D/GsmConnection( 2623): [GSMConn] update: parent=DIALING, hasNewParent=false, wasConnectingInOrOut=true, wasHolding=false, isConnectingInOrOut=true, changed=false
05-24 13:54:55.890 D/RILJ    ( 2623): [UNSL]< UNSOL_RESPONSE_CALL_STATE_CHANGED
05-24 13:54:55.890 D/RILJ    ( 2623): [3744]> GET_CURRENT_CALLS
05-24 13:54:55.910 I/RIL     ( 2906): ------ VendorRIL onRequest: GET_CURRENT_CALLS ------
05-24 13:54:55.910 D/AT      ( 2906): AT> AT+CLCC
05-24 13:54:55.930 D/AT      ( 2906): AT< +CLCC: 1,0,2,0,0,"5146795911",129
05-24 13:54:55.930 D/AT      ( 2906): AT< OK
05-24 13:54:55.930 V/RILJ    ( 2623): Incoming UUS : NOT present!
05-24 13:54:55.930 D/RILJ    ( 2623): InCall VoicePrivacy is disabled
05-24 13:54:55.930 D/RILJ    ( 2623): [3744]< GET_CURRENT_CALLS  [id=1,DIALING,toa=129,norm,mo,0,voc,noevp,,cli=1,,0] 
05-24 13:54:55.960 D/GsmConnection( 2623): [GSMConn] --dssds----null
05-24 13:54:55.960 D/GsmConnection( 2623): [GSMConn] update: parent=DIALING, hasNewParent=false, wasConnectingInOrOut=true, wasHolding=false, isConnectingInOrOut=true, changed=false
05-24 13:54:56.430 D/RILJ    ( 2623): [UNSL]< UNSOL_RESPONSE_CALL_STATE_CHANGED
05-24 13:54:56.430 D/RILJ    ( 2623): [3745]> GET_CURRENT_CALLS
05-24 13:54:56.440 I/RIL     ( 2906): ------ VendorRIL onRequest: GET_CURRENT_CALLS ------
05-24 13:54:56.440 D/AT      ( 2906): AT> AT+CLCC
05-24 13:54:56.460 D/AT      ( 2906): AT< +CLCC: 1,0,2,0,0,"5146795911",129
05-24 13:54:56.460 D/AT      ( 2906): AT< OK
05-24 13:54:56.460 V/RILJ    ( 2623): Incoming UUS : NOT present!
05-24 13:54:56.460 D/RILJ    ( 2623): InCall VoicePrivacy is disabled
05-24 13:54:56.460 D/RILJ    ( 2623): [3745]< GET_CURRENT_CALLS  [id=1,DIALING,toa=129,norm,mo,0,voc,noevp,,cli=1,,0] 
05-24 13:54:56.460 D/GsmConnection( 2623): [GSMConn] --dssds----null
05-24 13:54:56.460 D/GsmConnection( 2623): [GSMConn] update: parent=DIALING, hasNewParent=false, wasConnectingInOrOut=true, wasHolding=false, isConnectingInOrOut=true, changed=false
05-24 13:54:56.960 D/RILJ    ( 2623): [UNSL]< UNSOL_RESPONSE_CALL_STATE_CHANGED
05-24 13:54:56.960 D/RILJ    ( 2623): [3746]> GET_CURRENT_CALLS
05-24 13:54:56.970 I/RIL     ( 2906): ------ VendorRIL onRequest: GET_CURRENT_CALLS ------
05-24 13:54:56.970 D/AT      ( 2906): AT> AT+CLCC
05-24 13:54:57.000 D/AT      ( 2906): AT< +CLCC: 1,0,2,0,0,"5146795911",129
05-24 13:54:57.000 D/AT      ( 2906): AT< OK
05-24 13:54:57.010 V/RILJ    ( 2623): Incoming UUS : NOT present!
05-24 13:54:57.010 D/RILJ    ( 2623): InCall VoicePrivacy is disabled
05-24 13:54:57.010 D/RILJ    ( 2623): [3746]< GET_CURRENT_CALLS  [id=1,DIALING,toa=129,norm,mo,0,voc,noevp,,cli=1,,0] 
05-24 13:54:57.010 D/GsmConnection( 2623): [GSMConn] --dssds----null
05-24 13:54:57.010 D/GsmConnection( 2623): [GSMConn] update: parent=DIALING, hasNewParent=false, wasConnectingInOrOut=true, wasHolding=false, isConnectingInOrOut=true, changed=false
05-24 13:54:57.510 D/RILJ    ( 2623): [UNSL]< UNSOL_RESPONSE_CALL_STATE_CHANGED
05-24 13:54:57.510 D/RILJ    ( 2623): [3747]> GET_CURRENT_CALLS
05-24 13:54:57.520 I/RIL     ( 2906): ------ VendorRIL onRequest: GET_CURRENT_CALLS ------
05-24 13:54:57.520 D/AT      ( 2906): AT> AT+CLCC
05-24 13:54:57.550 D/AT      ( 2906): AT< +CLCC: 1,0,2,0,0,"5146795911",129
05-24 13:54:57.550 D/AT      ( 2906): AT< OK
05-24 13:54:57.550 V/RILJ    ( 2623): Incoming UUS : NOT present!
05-24 13:54:57.550 D/RILJ    ( 2623): InCall VoicePrivacy is disabled
05-24 13:54:57.550 D/RILJ    ( 2623): [3747]< GET_CURRENT_CALLS  [id=1,DIALING,toa=129,norm,mo,0,voc,noevp,,cli=1,,0] 
05-24 13:54:57.570 D/GsmConnection( 2623): [GSMConn] --dssds----null
05-24 13:54:57.570 D/GsmConnection( 2623): [GSMConn] update: parent=DIALING, hasNewParent=false, wasConnectingInOrOut=true, wasHolding=false, isConnectingInOrOut=true, changed=false
05-24 13:54:58.050 D/RILJ    ( 2623): [UNSL]< UNSOL_RESPONSE_CALL_STATE_CHANGED
05-24 13:54:58.050 D/RILJ    ( 2623): [3748]> GET_CURRENT_CALLS
05-24 13:54:58.060 I/RIL     ( 2906): ------ VendorRIL onRequest: GET_CURRENT_CALLS ------
05-24 13:54:58.060 D/AT      ( 2906): AT> AT+CLCC
05-24 13:54:58.090 D/AT      ( 2906): AT< +CLCC: 1,0,2,0,0,"5146795911",129
05-24 13:54:58.090 D/AT      ( 2906): AT< OK
05-24 13:54:58.090 V/RILJ    ( 2623): Incoming UUS : NOT present!
05-24 13:54:58.090 D/RILJ    ( 2623): InCall VoicePrivacy is disabled
05-24 13:54:58.090 D/RILJ    ( 2623): [3748]< GET_CURRENT_CALLS  [id=1,DIALING,toa=129,norm,mo,0,voc,noevp,,cli=1,,0] 
05-24 13:54:58.090 D/GsmConnection( 2623): [GSMConn] --dssds----null
05-24 13:54:58.090 D/GsmConnection( 2623): [GSMConn] update: parent=DIALING, hasNewParent=false, wasConnectingInOrOut=true, wasHolding=false, isConnectingInOrOut=true, changed=false
05-24 13:54:58.590 D/RILJ    ( 2623): [UNSL]< UNSOL_RESPONSE_CALL_STATE_CHANGED
05-24 13:54:58.590 D/RILJ    ( 2623): [3749]> GET_CURRENT_CALLS
05-24 13:54:58.600 I/RIL     ( 2906): ------ VendorRIL onRequest: GET_CURRENT_CALLS ------
05-24 13:54:58.600 D/AT      ( 2906): AT> AT+CLCC
05-24 13:54:58.620 D/AT      ( 2906): AT< +CLCC: 1,0,2,0,0,"5146795911",129
05-24 13:54:58.620 D/AT      ( 2906): AT< OK
05-24 13:54:58.620 V/RILJ    ( 2623): Incoming UUS : NOT present!
05-24 13:54:58.620 D/RILJ    ( 2623): InCall VoicePrivacy is disabled
05-24 13:54:58.620 D/RILJ    ( 2623): [3749]< GET_CURRENT_CALLS  [id=1,DIALING,toa=129,norm,mo,0,voc,noevp,,cli=1,,0] 
05-24 13:54:58.620 D/GsmConnection( 2623): [GSMConn] --dssds----null
05-24 13:54:58.620 D/GsmConnection( 2623): [GSMConn] update: parent=DIALING, hasNewParent=false, wasConnectingInOrOut=true, wasHolding=false, isConnectingInOrOut=true, changed=false
05-24 13:54:59.120 D/RILJ    ( 2623): [UNSL]< UNSOL_RESPONSE_CALL_STATE_CHANGED
05-24 13:54:59.120 D/RILJ    ( 2623): [3750]> GET_CURRENT_CALLS
05-24 13:54:59.130 I/RIL     ( 2906): ------ VendorRIL onRequest: GET_CURRENT_CALLS ------
05-24 13:54:59.130 D/AT      ( 2906): AT> AT+CLCC
05-24 13:54:59.160 D/AT      ( 2906): AT< +CLCC: 1,0,2,0,0,"5146795911",129
05-24 13:54:59.160 D/AT      ( 2906): AT< OK
05-24 13:54:59.160 V/RILJ    ( 2623): Incoming UUS : NOT present!
05-24 13:54:59.160 D/RILJ    ( 2623): InCall VoicePrivacy is disabled
05-24 13:54:59.160 D/RILJ    ( 2623): [3750]< GET_CURRENT_CALLS  [id=1,DIALING,toa=129,norm,mo,0,voc,noevp,,cli=1,,0] 
05-24 13:54:59.160 D/GsmConnection( 2623): [GSMConn] --dssds----null
05-24 13:54:59.160 D/GsmConnection( 2623): [GSMConn] update: parent=DIALING, hasNewParent=false, wasConnectingInOrOut=true, wasHolding=false, isConnectingInOrOut=true, changed=false
05-24 13:54:59.660 D/RILJ    ( 2623): [UNSL]< UNSOL_RESPONSE_CALL_STATE_CHANGED
05-24 13:54:59.660 D/RILJ    ( 2623): [3751]> GET_CURRENT_CALLS
05-24 13:54:59.670 I/RIL     ( 2906): ------ VendorRIL onRequest: GET_CURRENT_CALLS ------
05-24 13:54:59.670 D/AT      ( 2906): AT> AT+CLCC
05-24 13:54:59.680 D/AT      ( 2906): AT< +CLCC: 1,0,2,0,0,"5146795911",129
05-24 13:54:59.680 D/AT      ( 2906): AT< OK
05-24 13:54:59.680 V/RILJ    ( 2623): Incoming UUS : NOT present!
05-24 13:54:59.680 D/RILJ    ( 2623): InCall VoicePrivacy is disabled
05-24 13:54:59.680 D/RILJ    ( 2623): [3751]< GET_CURRENT_CALLS  [id=1,DIALING,toa=129,norm,mo,0,voc,noevp,,cli=1,,0] 
05-24 13:54:59.690 D/GsmConnection( 2623): [GSMConn] --dssds----null
05-24 13:54:59.690 D/GsmConnection( 2623): [GSMConn] update: parent=DIALING, hasNewParent=false, wasConnectingInOrOut=true, wasHolding=false, isConnectingInOrOut=true, changed=false
05-24 13:55:00.190 D/RILJ    ( 2623): [UNSL]< UNSOL_RESPONSE_CALL_STATE_CHANGED
05-24 13:55:00.190 D/RILJ    ( 2623): [3752]> GET_CURRENT_CALLS
05-24 13:55:00.200 I/RIL     ( 2906): ------ VendorRIL onRequest: GET_CURRENT_CALLS ------
05-24 13:55:00.200 D/AT      ( 2906): AT> AT+CLCC
05-24 13:55:00.220 D/AT      ( 2906): AT< +CLCC: 1,0,3,0,0,"5146795911",129
05-24 13:55:00.220 D/AT      ( 2906): AT< OK
05-24 13:55:00.220 V/RILJ    ( 2623): Incoming UUS : NOT present!
05-24 13:55:00.220 D/RILJ    ( 2623): InCall VoicePrivacy is disabled
05-24 13:55:00.220 D/RILJ    ( 2623): [3752]< GET_CURRENT_CALLS  [id=1,ALERTING,toa=129,norm,mo,0,voc,noevp,,cli=1,,0] 
05-24 13:55:00.220 D/GsmConnection( 2623): [GSMConn] --dssds----null
05-24 13:55:00.220 D/GsmConnection( 2623): [GSMConn] update: parent=ALERTING, hasNewParent=false, wasConnectingInOrOut=true, wasHolding=false, isConnectingInOrOut=true, changed=true
05-24 13:55:00.230 D/PhoneNumberUtils( 2623): System property doesn't provide any emergency numbers. Use embedded logic for determining ones.
05-24 13:55:00.250 D/PhoneNumberUtils( 2623): System property doesn't provide any emergency numbers. Use embedded logic for determining ones.
05-24 13:55:00.250 D/RILJ    ( 2623): [3753]> SET_MUTE false
05-24 13:55:00.250 I/RIL     ( 2906): ------ VendorRIL onRequest: SET_MUTE ------
05-24 13:55:00.250 D/RIL     ( 2906): Request not supported. Tech: 1
05-24 13:55:00.250 D/RilRequest( 2623): [3753]< SET_MUTE error: com.android.internal.telephony.CommandException: REQUEST_NOT_SUPPORTED ret=
05-24 13:55:00.720 D/RILJ    ( 2623): [UNSL]< UNSOL_RESPONSE_CALL_STATE_CHANGED
05-24 13:55:00.720 D/RILJ    ( 2623): [3754]> GET_CURRENT_CALLS
05-24 13:55:00.720 I/RIL     ( 2906): ------ VendorRIL onRequest: GET_CURRENT_CALLS ------
05-24 13:55:00.720 D/AT      ( 2906): AT> AT+CLCC
05-24 13:55:00.750 D/AT      ( 2906): AT< +CLCC: 1,0,3,0,0,"5146795911",129
05-24 13:55:00.750 D/AT      ( 2906): AT< OK
05-24 13:55:00.770 V/RILJ    ( 2623): Incoming UUS : NOT present!
05-24 13:55:00.770 D/RILJ    ( 2623): InCall VoicePrivacy is disabled
05-24 13:55:00.770 D/RILJ    ( 2623): [3754]< GET_CURRENT_CALLS  [id=1,ALERTING,toa=129,norm,mo,0,voc,noevp,,cli=1,,0] 
05-24 13:55:00.790 D/GsmConnection( 2623): [GSMConn] --dssds----null
05-24 13:55:00.790 D/GsmConnection( 2623): [GSMConn] update: parent=ALERTING, hasNewParent=false, wasConnectingInOrOut=true, wasHolding=false, isConnectingInOrOut=true, changed=false
05-24 13:55:01.250 D/RILJ    ( 2623): [UNSL]< UNSOL_RESPONSE_CALL_STATE_CHANGED
05-24 13:55:01.250 D/RILJ    ( 2623): [3755]> GET_CURRENT_CALLS
05-24 13:55:01.250 I/RIL     ( 2906): ------ VendorRIL onRequest: GET_CURRENT_CALLS ------
05-24 13:55:01.250 D/AT      ( 2906): AT> AT+CLCC
05-24 13:55:01.270 D/AT      ( 2906): AT< +CLCC: 1,0,3,0,0,"5146795911",129
05-24 13:55:01.270 D/AT      ( 2906): AT< OK
05-24 13:55:01.280 V/RILJ    ( 2623): Incoming UUS : NOT present!
05-24 13:55:01.280 D/RILJ    ( 2623): InCall VoicePrivacy is disabled
05-24 13:55:01.280 D/RILJ    ( 2623): [3755]< GET_CURRENT_CALLS  [id=1,ALERTING,toa=129,norm,mo,0,voc,noevp,,cli=1,,0] 
05-24 13:55:01.280 D/GsmConnection( 2623): [GSMConn] --dssds----null
05-24 13:55:01.280 D/GsmConnection( 2623): [GSMConn] update: parent=ALERTING, hasNewParent=false, wasConnectingInOrOut=true, wasHolding=false, isConnectingInOrOut=true, changed=false
05-24 13:55:01.780 D/RILJ    ( 2623): [UNSL]< UNSOL_RESPONSE_CALL_STATE_CHANGED
05-24 13:55:01.780 D/RILJ    ( 2623): [3756]> GET_CURRENT_CALLS
05-24 13:55:01.780 I/RIL     ( 2906): ------ VendorRIL onRequest: GET_CURRENT_CALLS ------
05-24 13:55:01.780 D/AT      ( 2906): AT> AT+CLCC
05-24 13:55:01.800 D/AT      ( 2906): AT< +CLCC: 1,0,3,0,0,"5146795911",129
05-24 13:55:01.800 D/AT      ( 2906): AT< OK
05-24 13:55:01.820 V/RILJ    ( 2623): Incoming UUS : NOT present!
05-24 13:55:01.820 D/RILJ    ( 2623): InCall VoicePrivacy is disabled
05-24 13:55:01.830 D/RILJ    ( 2623): [3756]< GET_CURRENT_CALLS  [id=1,ALERTING,toa=129,norm,mo,0,voc,noevp,,cli=1,,0] 
05-24 13:55:01.830 D/GsmConnection( 2623): [GSMConn] --dssds----null
05-24 13:55:01.830 D/GsmConnection( 2623): [GSMConn] update: parent=ALERTING, hasNewParent=false, wasConnectingInOrOut=true, wasHolding=false, isConnectingInOrOut=true, changed=false
05-24 13:55:02.320 D/RILJ    ( 2623): [UNSL]< UNSOL_RESPONSE_CALL_STATE_CHANGED
05-24 13:55:02.320 D/RILJ    ( 2623): [3757]> GET_CURRENT_CALLS
05-24 13:55:02.320 I/RIL     ( 2906): ------ VendorRIL onRequest: GET_CURRENT_CALLS ------
05-24 13:55:02.320 D/AT      ( 2906): AT> AT+CLCC
05-24 13:55:02.350 D/AT      ( 2906): AT< +CLCC: 1,0,3,0,0,"5146795911",129
05-24 13:55:02.350 D/AT      ( 2906): AT< OK
05-24 13:55:02.350 V/RILJ    ( 2623): Incoming UUS : NOT present!
05-24 13:55:02.350 D/RILJ    ( 2623): InCall VoicePrivacy is disabled
05-24 13:55:02.350 D/RILJ    ( 2623): [3757]< GET_CURRENT_CALLS  [id=1,ALERTING,toa=129,norm,mo,0,voc,noevp,,cli=1,,0] 
05-24 13:55:02.350 D/GsmConnection( 2623): [GSMConn] --dssds----null
05-24 13:55:02.350 D/GsmConnection( 2623): [GSMConn] update: parent=ALERTING, hasNewParent=false, wasConnectingInOrOut=true, wasHolding=false, isConnectingInOrOut=true, changed=false
05-24 13:55:02.850 D/RILJ    ( 2623): [UNSL]< UNSOL_RESPONSE_CALL_STATE_CHANGED
05-24 13:55:02.860 D/RILJ    ( 2623): [3758]> GET_CURRENT_CALLS
05-24 13:55:02.870 I/RIL     ( 2906): ------ VendorRIL onRequest: GET_CURRENT_CALLS ------
05-24 13:55:02.870 D/AT      ( 2906): AT> AT+CLCC
05-24 13:55:02.880 D/AT      ( 2906): AT< +CLCC: 1,0,3,0,0,"5146795911",129
05-24 13:55:02.880 D/AT      ( 2906): AT< OK
05-24 13:55:02.880 V/RILJ    ( 2623): Incoming UUS : NOT present!
05-24 13:55:02.880 D/RILJ    ( 2623): InCall VoicePrivacy is disabled
05-24 13:55:02.880 D/RILJ    ( 2623): [3758]< GET_CURRENT_CALLS  [id=1,ALERTING,toa=129,norm,mo,0,voc,noevp,,cli=1,,0] 
05-24 13:55:02.890 D/GsmConnection( 2623): [GSMConn] --dssds----null
05-24 13:55:02.890 D/GsmConnection( 2623): [GSMConn] update: parent=ALERTING, hasNewParent=false, wasConnectingInOrOut=true, wasHolding=false, isConnectingInOrOut=true, changed=false
05-24 13:55:03.380 D/RILJ    ( 2623): [UNSL]< UNSOL_RESPONSE_CALL_STATE_CHANGED
05-24 13:55:03.380 D/RILJ    ( 2623): [3759]> GET_CURRENT_CALLS
05-24 13:55:03.390 I/RIL     ( 2906): ------ VendorRIL onRequest: GET_CURRENT_CALLS ------
05-24 13:55:03.390 D/AT      ( 2906): AT> AT+CLCC
05-24 13:55:03.400 D/AT      ( 2906): AT< +CLCC: 1,0,3,0,0,"5146795911",129
05-24 13:55:03.400 D/AT      ( 2906): AT< OK
05-24 13:55:03.400 V/RILJ    ( 2623): Incoming UUS : NOT present!
05-24 13:55:03.400 D/RILJ    ( 2623): InCall VoicePrivacy is disabled
05-24 13:55:03.400 D/RILJ    ( 2623): [3759]< GET_CURRENT_CALLS  [id=1,ALERTING,toa=129,norm,mo,0,voc,noevp,,cli=1,,0] 
05-24 13:55:03.400 D/GsmConnection( 2623): [GSMConn] --dssds----null
05-24 13:55:03.400 D/GsmConnection( 2623): [GSMConn] update: parent=ALERTING, hasNewParent=false, wasConnectingInOrOut=true, wasHolding=false, isConnectingInOrOut=true, changed=false
05-24 13:55:03.900 D/RILJ    ( 2623): [UNSL]< UNSOL_RESPONSE_CALL_STATE_CHANGED
05-24 13:55:03.900 D/RILJ    ( 2623): [3760]> GET_CURRENT_CALLS
05-24 13:55:03.910 I/RIL     ( 2906): ------ VendorRIL onRequest: GET_CURRENT_CALLS ------
05-24 13:55:03.910 D/AT      ( 2906): AT> AT+CLCC
05-24 13:55:03.930 D/AT      ( 2906): AT< +CLCC: 1,0,3,0,0,"5146795911",129
05-24 13:55:03.930 D/AT      ( 2906): AT< OK
05-24 13:55:03.930 V/RILJ    ( 2623): Incoming UUS : NOT present!
05-24 13:55:03.930 D/RILJ    ( 2623): InCall VoicePrivacy is disabled
05-24 13:55:03.930 D/RILJ    ( 2623): [3760]< GET_CURRENT_CALLS  [id=1,ALERTING,toa=129,norm,mo,0,voc,noevp,,cli=1,,0] 
05-24 13:55:03.930 D/GsmConnection( 2623): [GSMConn] --dssds----null
05-24 13:55:03.930 D/GsmConnection( 2623): [GSMConn] update: parent=ALERTING, hasNewParent=false, wasConnectingInOrOut=true, wasHolding=false, isConnectingInOrOut=true, changed=false
05-24 13:55:04.430 D/RILJ    ( 2623): [UNSL]< UNSOL_RESPONSE_CALL_STATE_CHANGED
05-24 13:55:04.430 D/RILJ    ( 2623): [3761]> GET_CURRENT_CALLS
05-24 13:55:04.440 I/RIL     ( 2906): ------ VendorRIL onRequest: GET_CURRENT_CALLS ------
05-24 13:55:04.440 D/AT      ( 2906): AT> AT+CLCC
05-24 13:55:04.450 D/AT      ( 2906): AT< +CLCC: 1,0,3,0,0,"5146795911",129
05-24 13:55:04.450 D/AT      ( 2906): AT< OK
05-24 13:55:04.460 V/RILJ    ( 2623): Incoming UUS : NOT present!
05-24 13:55:04.470 D/RILJ    ( 2623): InCall VoicePrivacy is disabled
05-24 13:55:04.470 D/RILJ    ( 2623): [3761]< GET_CURRENT_CALLS  [id=1,ALERTING,toa=129,norm,mo,0,voc,noevp,,cli=1,,0] 
05-24 13:55:04.470 D/GsmConnection( 2623): [GSMConn] --dssds----null
05-24 13:55:04.470 D/GsmConnection( 2623): [GSMConn] update: parent=ALERTING, hasNewParent=false, wasConnectingInOrOut=true, wasHolding=false, isConnectingInOrOut=true, changed=false
05-24 13:55:04.960 D/RILJ    ( 2623): [UNSL]< UNSOL_RESPONSE_CALL_STATE_CHANGED
05-24 13:55:04.960 D/RILJ    ( 2623): [3762]> GET_CURRENT_CALLS
05-24 13:55:04.960 I/RIL     ( 2906): ------ VendorRIL onRequest: GET_CURRENT_CALLS ------
05-24 13:55:04.960 D/AT      ( 2906): AT> AT+CLCC
05-24 13:55:04.970 D/AT      ( 2906): AT< +CLCC: 1,0,3,0,0,"5146795911",129
05-24 13:55:04.970 D/AT      ( 2906): AT< OK
05-24 13:55:04.990 V/RILJ    ( 2623): Incoming UUS : NOT present!
05-24 13:55:04.990 D/RILJ    ( 2623): InCall VoicePrivacy is disabled
05-24 13:55:04.990 D/RILJ    ( 2623): [3762]< GET_CURRENT_CALLS  [id=1,ALERTING,toa=129,norm,mo,0,voc,noevp,,cli=1,,0] 
05-24 13:55:04.990 D/GsmConnection( 2623): [GSMConn] --dssds----null
05-24 13:55:04.990 D/GsmConnection( 2623): [GSMConn] update: parent=ALERTING, hasNewParent=false, wasConnectingInOrOut=true, wasHolding=false, isConnectingInOrOut=true, changed=false
05-24 13:55:05.480 D/RILJ    ( 2623): [UNSL]< UNSOL_RESPONSE_CALL_STATE_CHANGED
05-24 13:55:05.480 D/RILJ    ( 2623): [3763]> GET_CURRENT_CALLS
05-24 13:55:05.480 I/RIL     ( 2906): ------ VendorRIL onRequest: GET_CURRENT_CALLS ------
05-24 13:55:05.480 D/AT      ( 2906): AT> AT+CLCC
05-24 13:55:05.500 D/AT      ( 2906): AT< +CLCC: 1,0,3,0,0,"5146795911",129
05-24 13:55:05.500 D/AT      ( 2906): AT< OK
05-24 13:55:05.500 V/RILJ    ( 2623): Incoming UUS : NOT present!
05-24 13:55:05.500 D/RILJ    ( 2623): InCall VoicePrivacy is disabled
05-24 13:55:05.500 D/RILJ    ( 2623): [3763]< GET_CURRENT_CALLS  [id=1,ALERTING,toa=129,norm,mo,0,voc,noevp,,cli=1,,0] 
05-24 13:55:05.500 D/GsmConnection( 2623): [GSMConn] --dssds----null
05-24 13:55:05.500 D/GsmConnection( 2623): [GSMConn] update: parent=ALERTING, hasNewParent=false, wasConnectingInOrOut=true, wasHolding=false, isConnectingInOrOut=true, changed=false
05-24 13:55:05.880 D/RILJ    ( 2623): [3764]> SIGNAL_STRENGTH
05-24 13:55:05.890 I/RIL     ( 2906): ------ VendorRIL onRequest: SIGNAL_STRENGTH ------
05-24 13:55:05.890 D/AT      ( 2906): AT> AT+CSQ
05-24 13:55:05.900 D/AT      ( 2906): AT< +CSQ: 21,99
05-24 13:55:05.900 D/AT      ( 2906): AT< OK
05-24 13:55:05.900 I/RIL     ( 2906): ------ VendorRIL SignalStrength: 21, 99 ------
05-24 13:55:05.900 E/RILC    ( 2906): invalid response length
05-24 13:55:05.910 D/RilRequest( 2623): [3764]< SIGNAL_STRENGTH error: com.android.internal.telephony.CommandException: INVALID_RESPONSE ret=
05-24 13:55:05.910 D/GsmSST  ( 2623): [GsmSST] onSignalStrengthResult() Exception from RIL : com.android.internal.telephony.CommandException: INVALID_RESPONSE
05-24 13:55:06.000 D/RILJ    ( 2623): [UNSL]< UNSOL_RESPONSE_CALL_STATE_CHANGED
05-24 13:55:06.000 D/RILJ    ( 2623): [3765]> GET_CURRENT_CALLS
05-24 13:55:06.010 I/RIL     ( 2906): ------ VendorRIL onRequest: GET_CURRENT_CALLS ------
05-24 13:55:06.010 D/AT      ( 2906): AT> AT+CLCC
05-24 13:55:06.030 D/AT      ( 2906): AT< +CLCC: 1,0,3,0,0,"5146795911",129
05-24 13:55:06.030 D/AT      ( 2906): AT< OK
05-24 13:55:06.040 V/RILJ    ( 2623): Incoming UUS : NOT present!
05-24 13:55:06.040 D/RILJ    ( 2623): InCall VoicePrivacy is disabled
05-24 13:55:06.050 D/RILJ    ( 2623): [3765]< GET_CURRENT_CALLS  [id=1,ALERTING,toa=129,norm,mo,0,voc,noevp,,cli=1,,0] 
05-24 13:55:06.050 D/GsmConnection( 2623): [GSMConn] --dssds----null
05-24 13:55:06.050 D/GsmConnection( 2623): [GSMConn] update: parent=ALERTING, hasNewParent=false, wasConnectingInOrOut=true, wasHolding=false, isConnectingInOrOut=true, changed=false
05-24 13:55:06.530 D/RILJ    ( 2623): [UNSL]< UNSOL_RESPONSE_CALL_STATE_CHANGED
05-24 13:55:06.530 D/RILJ    ( 2623): [3766]> GET_CURRENT_CALLS
05-24 13:55:06.550 I/RIL     ( 2906): ------ VendorRIL onRequest: GET_CURRENT_CALLS ------
05-24 13:55:06.550 D/AT      ( 2906): AT> AT+CLCC
05-24 13:55:06.560 D/AT      ( 2906): AT< +CLCC: 1,0,3,0,0,"5146795911",129
05-24 13:55:06.560 D/AT      ( 2906): AT< OK
05-24 13:55:06.580 V/RILJ    ( 2623): Incoming UUS : NOT present!
05-24 13:55:06.580 D/RILJ    ( 2623): InCall VoicePrivacy is disabled
05-24 13:55:06.580 D/RILJ    ( 2623): [3766]< GET_CURRENT_CALLS  [id=1,ALERTING,toa=129,norm,mo,0,voc,noevp,,cli=1,,0] 
05-24 13:55:06.590 D/GsmConnection( 2623): [GSMConn] --dssds----null
05-24 13:55:06.590 D/GsmConnection( 2623): [GSMConn] update: parent=ALERTING, hasNewParent=false, wasConnectingInOrOut=true, wasHolding=false, isConnectingInOrOut=true, changed=false
05-24 13:55:07.080 D/RILJ    ( 2623): [UNSL]< UNSOL_RESPONSE_CALL_STATE_CHANGED
05-24 13:55:07.080 D/RILJ    ( 2623): [3767]> GET_CURRENT_CALLS
05-24 13:55:07.090 I/RIL     ( 2906): ------ VendorRIL onRequest: GET_CURRENT_CALLS ------
05-24 13:55:07.090 D/AT      ( 2906): AT> AT+CLCC
05-24 13:55:07.110 D/AT      ( 2906): AT< +CLCC: 1,0,3,0,0,"5146795911",129
05-24 13:55:07.110 D/AT      ( 2906): AT< OK
05-24 13:55:07.110 V/RILJ    ( 2623): Incoming UUS : NOT present!
05-24 13:55:07.110 D/RILJ    ( 2623): InCall VoicePrivacy is disabled
05-24 13:55:07.110 D/RILJ    ( 2623): [3767]< GET_CURRENT_CALLS  [id=1,ALERTING,toa=129,norm,mo,0,voc,noevp,,cli=1,,0] 
05-24 13:55:07.120 D/GsmConnection( 2623): [GSMConn] --dssds----null
05-24 13:55:07.120 D/GsmConnection( 2623): [GSMConn] update: parent=ALERTING, hasNewParent=false, wasConnectingInOrOut=true, wasHolding=false, isConnectingInOrOut=true, changed=false
05-24 13:55:07.610 D/RILJ    ( 2623): [UNSL]< UNSOL_RESPONSE_CALL_STATE_CHANGED
05-24 13:55:07.610 D/RILJ    ( 2623): [3768]> GET_CURRENT_CALLS
05-24 13:55:07.620 I/RIL     ( 2906): ------ VendorRIL onRequest: GET_CURRENT_CALLS ------
05-24 13:55:07.620 D/AT      ( 2906): AT> AT+CLCC
05-24 13:55:07.640 D/AT      ( 2906): AT< +CLCC: 1,0,3,0,0,"5146795911",129
05-24 13:55:07.640 D/AT      ( 2906): AT< OK
05-24 13:55:07.640 V/RILJ    ( 2623): Incoming UUS : NOT present!
05-24 13:55:07.640 D/RILJ    ( 2623): InCall VoicePrivacy is disabled
05-24 13:55:07.640 D/RILJ    ( 2623): [3768]< GET_CURRENT_CALLS  [id=1,ALERTING,toa=129,norm,mo,0,voc,noevp,,cli=1,,0] 
05-24 13:55:07.650 D/GsmConnection( 2623): [GSMConn] --dssds----null
05-24 13:55:07.650 D/GsmConnection( 2623): [GSMConn] update: parent=ALERTING, hasNewParent=false, wasConnectingInOrOut=true, wasHolding=false, isConnectingInOrOut=true, changed=false
05-24 13:55:08.140 D/RILJ    ( 2623): [UNSL]< UNSOL_RESPONSE_CALL_STATE_CHANGED
05-24 13:55:08.140 D/RILJ    ( 2623): [3769]> GET_CURRENT_CALLS
05-24 13:55:08.150 I/RIL     ( 2906): ------ VendorRIL onRequest: GET_CURRENT_CALLS ------
05-24 13:55:08.150 D/AT      ( 2906): AT> AT+CLCC
05-24 13:55:08.170 D/AT      ( 2906): AT< +CLCC: 1,0,0,0,0,"5146795911",129
05-24 13:55:08.170 D/AT      ( 2906): AT< OK
05-24 13:55:08.190 V/RILJ    ( 2623): Incoming UUS : NOT present!
05-24 13:55:08.190 D/RILJ    ( 2623): InCall VoicePrivacy is disabled
05-24 13:55:08.190 D/RILJ    ( 2623): [3769]< GET_CURRENT_CALLS  [id=1,ACTIVE,toa=129,norm,mo,0,voc,noevp,,cli=1,,0] 
05-24 13:55:08.200 D/GsmConnection( 2623): [GSMConn] --dssds----null
05-24 13:55:08.200 D/GsmConnection( 2623): [GSMConn] update: parent=ACTIVE, hasNewParent=false, wasConnectingInOrOut=true, wasHolding=false, isConnectingInOrOut=false, changed=true
05-24 13:55:08.200 D/GsmConnection( 2623): [GSMConn] onConnectedInOrOut: connectTime=1495648508207
05-24 13:55:08.200 D/GsmConnection( 2623): [GSMConn] releaseWakeLock
05-24 13:55:08.250 D/PhoneNumberUtils( 2623): System property doesn't provide any emergency numbers. Use embedded logic for determining ones.
05-24 13:55:08.260 D/PhoneNumberUtils( 2623): System property doesn't provide any emergency numbers. Use embedded logic for determining ones.
05-24 13:55:08.260 D/RILJ    ( 2623): [3770]> SET_MUTE false
05-24 13:55:08.270 I/RIL     ( 2906): ------ VendorRIL onRequest: SET_MUTE ------
05-24 13:55:08.270 D/RIL     ( 2906): Request not supported. Tech: 1
05-24 13:55:08.270 D/RilRequest( 2623): [3770]< SET_MUTE error: com.android.internal.telephony.CommandException: REQUEST_NOT_SUPPORTED ret=
05-24 13:55:18.520 D/AT      ( 2906): AT< NO CARRIER
05-24 13:55:18.520 D/RILJ    ( 2623): [UNSL]< UNSOL_RESPONSE_CALL_STATE_CHANGED
05-24 13:55:18.520 D/RILJ    ( 2623): [3771]> GET_CURRENT_CALLS
05-24 13:55:18.540 I/RIL     ( 2906): ------ VendorRIL onRequest: GET_CURRENT_CALLS ------
05-24 13:55:18.540 D/AT      ( 2906): AT> AT+CLCC
05-24 13:55:18.560 D/AT      ( 2906): AT< OK
05-24 13:55:18.560 D/RILJ    ( 2623): [3771]< GET_CURRENT_CALLS  
05-24 13:55:18.570 D/RILJ    ( 2623): [3772]> LAST_CALL_FAIL_CAUSE
05-24 13:55:18.580 I/RIL     ( 2906): ------ VendorRIL onRequest: LAST_CALL_FAIL_CAUSE ------
05-24 13:55:18.580 D/RIL     ( 2906): Request not supported. Tech: 1
05-24 13:55:18.580 D/RilRequest( 2623): [3772]< LAST_CALL_FAIL_CAUSE error: com.android.internal.telephony.CommandException: REQUEST_NOT_SUPPORTED ret=
05-24 13:55:18.580 I/GsmCallTracker( 2623): Exception during getLastCallFailCause, assuming normal disconnect
05-24 13:55:18.630 D/GsmConnection( 2623): onDisconnect: cause=NORMAL
05-24 13:55:18.630 D/DCT     ( 2623): handleMessage msg={ when=-3ms what=270344 obj=android.os.AsyncResult@41f78bb8 target=com.android.internal.telephony.dataconnection.DcTracker }
05-24 13:55:18.630 D/DCT     ( 2623): onVoiceCallEnded
05-24 13:55:18.650 D/DCT     ( 2623): setupDataOnConnectableApns: 2GVoiceCallEnded
05-24 13:55:18.660 D/DCT     ( 2623): setupDataOnConnectableApns: apnContext {mApnType=hipri mState=IDLE mWaitingApns={null} mWaitingApnsPermanentFailureCountDown=0 mApnSetting={null} mReason=roamingOn mDataEnabled=false mDependencyMet=true}
05-24 13:55:18.660 D/DCT     ( 2623): setupDataOnConnectableApns: apnContext {mApnType=mms mState=IDLE mWaitingApns={null} mWaitingApnsPermanentFailureCountDown=0 mApnSetting={null} mReason=roamingOn mDataEnabled=false mDependencyMet=true}
05-24 13:55:18.720 D/DCT     ( 2623): setupDataOnConnectableApns: apnContext {mApnType=supl mState=IDLE mWaitingApns={null} mWaitingApnsPermanentFailureCountDown=0 mApnSetting={null} mReason=roamingOn mDataEnabled=false mDependencyMet=true}
05-24 13:55:18.720 D/DCT     ( 2623): setupDataOnConnectableApns: apnContext {mApnType=default mState=IDLE mWaitingApns={null} mWaitingApnsPermanentFailureCountDown=0 mApnSetting={null} mReason=simLoaded mDataEnabled=true mDependencyMet=true}
05-24 13:55:18.720 D/DCT     ( 2623): setupDataOnConnectableApns: isConnectable() call trySetupData
05-24 13:55:18.770 D/DCT     ( 2623): trySetupData for type:default due to 2GVoiceCallEnded apnContext={mApnType=default mState=IDLE mWaitingApns={null} mWaitingApnsPermanentFailureCountDown=0 mApnSetting={null} mReason=2GVoiceCallEnded mDataEnabled=true mDependencyMet=true}
05-24 13:55:18.770 D/DCT     ( 2623): trySetupData with mIsPsRestricted=false
05-24 13:55:18.800 D/DCT     ( 2623): isDataAllowed: not allowed due to - Roaming and data roaming not enabled
05-24 13:55:18.810 D/DCT     ( 2623): isDataAllowed: not allowed due to - Roaming and data roaming not enabled
05-24 13:55:18.810 D/DCT     ( 2623): [ApnContext:fota] getApnSetting: apnSetting=null
05-24 13:55:18.820 D/DCT     ( 2623): isDataAllowed: not allowed due to - Roaming and data roaming not enabled
05-24 13:55:18.820 D/DCT     ( 2623): [ApnContext:supl] getApnSetting: apnSetting=null
05-24 13:55:18.860 D/DCT     ( 2623): isDataAllowed: not allowed due to - Roaming and data roaming not enabled
05-24 13:55:18.860 D/DCT     ( 2623): [ApnContext:hipri] getApnSetting: apnSetting=null
05-24 13:55:18.860 D/DCT     ( 2623): isDataAllowed: not allowed due to - Roaming and data roaming not enabled
05-24 13:55:18.860 D/DCT     ( 2623): [ApnContext:ims] getApnSetting: apnSetting=null
05-24 13:55:18.880 D/DCT     ( 2623): isDataAllowed: not allowed due to - Roaming and data roaming not enabled
05-24 13:55:18.880 D/DCT     ( 2623): [ApnContext:mms] getApnSetting: apnSetting=null
05-24 13:55:18.880 D/DCT     ( 2623): isDataAllowed: not allowed due to - Roaming and data roaming not enabled
05-24 13:55:18.880 D/DCT     ( 2623): [ApnContext:cbs] getApnSetting: apnSetting=null
05-24 13:55:18.880 D/DCT     ( 2623): trySetupData: X apnContext not 'ready' retValue=false
05-24 13:55:18.880 D/DCT     ( 2623): setupDataOnConnectableApns: apnContext {mApnType=fota mState=IDLE mWaitingApns={null} mWaitingApnsPermanentFailureCountDown=0 mApnSetting={null} mReason=roamingOn mDataEnabled=false mDependencyMet=true}
05-24 13:55:18.880 D/DCT     ( 2623): setupDataOnConnectableApns: apnContext {mApnType=ims mState=IDLE mWaitingApns={null} mWaitingApnsPermanentFailureCountDown=0 mApnSetting={null} mReason=roamingOn mDataEnabled=false mDependencyMet=true}
05-24 13:55:18.880 D/DCT     ( 2623): setupDataOnConnectableApns: apnContext {mApnType=cbs mState=IDLE mWaitingApns={null} mWaitingApnsPermanentFailureCountDown=0 mApnSetting={null} mReason=roamingOn mDataEnabled=false mDependencyMet=true}
05-24 13:55:18.890 D/PhoneNumberUtils( 2623): System property doesn't provide any emergency numbers. Use embedded logic for determining ones.
05-24 13:55:18.980 D/PhoneNumberUtils( 2623): System property doesn't provide any emergency numbers. Use embedded logic for determining ones.
05-24 13:55:19.050 D/PhoneNumberUtils( 2623): System property doesn't provide any emergency numbers. Use embedded logic for determining ones.
05-24 13:55:19.070 D/RILJ    ( 2623): [3773]> SET_MUTE false
05-24 13:55:19.070 I/RIL     ( 2906): ------ VendorRIL onRequest: SET_MUTE ------
05-24 13:55:19.070 D/RIL     ( 2906): Request not supported. Tech: 1
05-24 13:55:19.070 D/RilRequest( 2623): [3773]< SET_MUTE error: com.android.internal.telephony.CommandException: REQUEST_NOT_SUPPORTED ret=
05-24 13:55:19.070 D/RILJ    ( 2623): [3774]> SET_MUTE false
05-24 13:55:19.080 I/RIL     ( 2906): ------ VendorRIL onRequest: SET_MUTE ------
05-24 13:55:19.080 D/RIL     ( 2906): Request not supported. Tech: 1
05-24 13:55:19.080 D/RilRequest( 2623): [3774]< SET_MUTE error: com.android.internal.telephony.CommandException: REQUEST_NOT_SUPPORTED ret=
05-24 13:55:25.920 D/RILJ    ( 2623): [3775]> SIGNAL_STRENGTH
05-24 13:55:25.930 I/RIL     ( 2906): ------ VendorRIL onRequest: SIGNAL_STRENGTH ------
05-24 13:55:25.930 D/AT      ( 2906): AT> AT+CSQ
05-24 13:55:25.950 D/AT      ( 2906): AT< +CSQ: 25,99
05-24 13:55:25.950 D/AT      ( 2906): AT< OK
05-24 13:55:25.950 I/RIL     ( 2906): ------ VendorRIL SignalStrength: 25, 99 ------
05-24 13:55:25.950 E/RILC    ( 2906): invalid response length
05-24 13:55:25.960 D/RilRequest( 2623): [3775]< SIGNAL_STRENGTH error: com.android.internal.telephony.CommandException: INVALID_RESPONSE ret=
05-24 13:55:25.960 D/GsmSST  ( 2623): [GsmSST] onSignalStrengthResult() Exception from RIL : com.android.internal.telephony.CommandException: INVALID_RESPONSE
05-24 13:55:46.010 D/RILJ    ( 2623): [3776]> SIGNAL_STRENGTH
05-24 13:55:46.010 I/RIL     ( 2906): ------ VendorRIL onRequest: SIGNAL_STRENGTH ------
05-24 13:55:46.010 D/AT      ( 2906): AT> AT+CSQ
05-24 13:55:46.010 D/AT      ( 2906): AT< +CSQ: 31,99
05-24 13:55:46.010 D/AT      ( 2906): AT< OK
05-24 13:55:46.010 I/RIL     ( 2906): ------ VendorRIL SignalStrength: 31, 99 ------
05-24 13:55:46.010 E/RILC    ( 2906): invalid response length
05-24 13:55:46.020 D/RilRequest( 2623): [3776]< SIGNAL_STRENGTH error: com.android.internal.telephony.CommandException: INVALID_RESPONSE ret=
05-24 13:55:46.020 D/GsmSST  ( 2623): [GsmSST] onSignalStrengthResult() Exception from RIL : com.android.internal.telephony.CommandException: INVALID_RESPONSE
05-24 13:56:06.050 D/RILJ    ( 2623): [3777]> SIGNAL_STRENGTH
05-24 13:56:06.060 I/RIL     ( 2906): ------ VendorRIL onRequest: SIGNAL_STRENGTH ------
05-24 13:56:06.060 D/AT      ( 2906): AT> AT+CSQ
05-24 13:56:06.080 D/AT      ( 2906): AT< +CSQ: 31,99
05-24 13:56:06.080 D/AT      ( 2906): AT< OK
05-24 13:56:06.080 I/RIL     ( 2906): ------ VendorRIL SignalStrength: 31, 99 ------
05-24 13:56:06.080 E/RILC    ( 2906): invalid response length
05-24 13:56:06.080 D/RilRequest( 2623): [3777]< SIGNAL_STRENGTH error: com.android.internal.telephony.CommandException: INVALID_RESPONSE ret=
05-24 13:56:06.080 D/GsmSST  ( 2623): [GsmSST] onSignalStrengthResult() Exception from RIL : com.android.internal.telephony.CommandException: INVALID_RESPONSE
05-24 13:56:26.110 D/RILJ    ( 2623): [3778]> SIGNAL_STRENGTH
05-24 13:56:26.120 I/RIL     ( 2906): ------ VendorRIL onRequest: SIGNAL_STRENGTH ------
05-24 13:56:26.120 D/AT      ( 2906): AT> AT+CSQ
05-24 13:56:26.140 D/AT      ( 2906): AT< +CSQ: 31,99
05-24 13:56:26.140 D/AT      ( 2906): AT< OK
05-24 13:56:26.140 I/RIL     ( 2906): ------ VendorRIL SignalStrength: 31, 99 ------
05-24 13:56:26.140 E/RILC    ( 2906): invalid response length
05-24 13:56:26.140 D/RilRequest( 2623): [3778]< SIGNAL_STRENGTH error: com.android.internal.telephony.CommandException: INVALID_RESPONSE ret=
05-24 13:56:26.150 D/GsmSST  ( 2623): [GsmSST] onSignalStrengthResult() Exception from RIL : com.android.internal.telephony.CommandException: INVALID_RESPONSE
05-24 13:56:43.180 D/RIL_ImsSms( 2623): sendText
05-24 13:56:43.190 D/PhoneNumberUtils( 2623): System property doesn't provide any emergency numbers. Use embedded logic for determining ones.
05-24 13:56:43.190 D/GsmSMSDispatcher( 2623): sendSms:  isIms()=false mRetryCount=0 mImsRetry=0 mMessageRef=0 SS=0
05-24 13:56:43.210 D/RILJ    ( 2623): [3779]> SEND_SMS
05-24 13:56:43.210 I/RIL     ( 2906): ------ VendorRIL onRequest: SEND_SMS ------
05-24 13:56:43.210 D/RIL     ( 2906): requestSendSMS datalen =8
05-24 13:56:43.210 D/AT      ( 2906): AT> AT+CMGS=16
05-24 13:56:43.250 D/AT      ( 2906): AT< > 
05-24 13:56:43.250 D/AT      ( 2906): AT> 0001000a811564979511000004f4f29c0e^Z
05-24 13:56:46.130 D/AT      ( 2906): AT< +CMGS: 100
05-24 13:56:46.130 D/AT      ( 2906): AT< OK
05-24 13:56:46.130 D/RILJ    ( 2623): [3779]< SEND_SMS { mMessageRef = 1, mErrorCode = 0, mAckPdu = null}
05-24 13:56:46.160 D/RILJ    ( 2623): [3780]> SIGNAL_STRENGTH
05-24 13:56:46.160 I/RIL     ( 2906): ------ VendorRIL onRequest: SIGNAL_STRENGTH ------
05-24 13:56:46.160 D/AT      ( 2906): AT> AT+CSQ
05-24 13:56:46.190 D/AT      ( 2906): AT< +CSQ: 31,99
05-24 13:56:46.190 D/AT      ( 2906): AT< OK
05-24 13:56:46.190 I/RIL     ( 2906): ------ VendorRIL SignalStrength: 31, 99 ------
05-24 13:56:46.190 E/RILC    ( 2906): invalid response length
05-24 13:56:46.190 D/RilRequest( 2623): [3780]< SIGNAL_STRENGTH error: com.android.internal.telephony.CommandException: INVALID_RESPONSE ret=
05-24 13:56:46.190 D/GsmSST  ( 2623): [GsmSST] onSignalStrengthResult() Exception from RIL : com.android.internal.telephony.CommandException: INVALID_RESPONSE
